03-25 09:44:36.862  7676 28839 I VRI[GrantPermissionsActivity]@d4571d: Setting up sync and frameCommitCallback
03-25 09:44:36.863  3255  3367 D SurfaceComposerClient: [SEC_SF_EFFECTS] setBackgroundBlurRadius ## Dim Layer for - Task=15116#124391 backgroundBlurRadius=0
03-25 09:44:36.864  2193  2193 I SurfaceFlinger: [LayerHierarchy{RequestedLayerState{ec3cec0 NavigationBar0#99 parentId=124408} 1 children}] reparent to LayerHierarchy{RequestedLayerState{Surface(name=ec3cec0 NavigationBar0)/@0x7cffa34 - animation-leash of insets_animation#124408 parentId=98} 1 children}
03-25 09:44:36.864  2193  2193 I SurfaceFlinger: [LayerHierarchy{RequestedLayerState{e0e4ad7 StatusBar#103 parentId=124407} 1 children}] reparent to LayerHierarchy{RequestedLayerState{Surface(name=e0e4ad7 StatusBar)/@0x47ae321 - animation-leash of insets_animation#124407 parentId=102} 1 children}
03-25 09:44:36.864  2193  2193 I SurfaceFlinger: [LayerHierarchy{RequestedLayerState{Surface(name=ec3cec0 NavigationBar0)/@0x7cffa34 - animation-leash of insets_animation#124401} no children}] reparent to OffscreenRoot
03-25 09:44:36.864  2193  2193 I SurfaceFlinger: [LayerHierarchy{RequestedLayerState{Surface(name=ec3cec0 NavigationBar0)/@0x7cffa34 - animation-leash of insets_animation#124401} no children}] RelativeParent to null
03-25 09:44:36.864  2193  2193 I SurfaceFlinger: [LayerHierarchy{RequestedLayerState{Surface(name=e0e4ad7 StatusBar)/@0x47ae321 - animation-leash of insets_animation#124400} no children}] reparent to OffscreenRoot
03-25 09:44:36.864  2193  2193 I SurfaceFlinger: [LayerHierarchy{RequestedLayerState{Surface(name=e0e4ad7 StatusBar)/@0x47ae321 - animation-leash of insets_animation#124400} no children}] RelativeParent to null
03-25 09:44:36.864  4709  4816 D SurfaceComposerClient: setCornerRadius ## Task=15117#124393 cornerRadius=9.000000
03-25 09:44:36.864  7676 28833 I BLASTBufferQueue: [VRI[GrantPermissionsActivity]@d4571d#2](f:0,a:0,s:0) onFrameAvailable the first frame is available
03-25 09:44:36.865  7676 28833 I SurfaceComposerClient: apply transaction with the first frame. layerId: 124406, bufferData(ID: 32968168964108, frameNumber: 1)
03-25 09:44:36.866  2193  2507 D SurfaceFlinger: [input] setFocusedWindow: 374cbc3 com.google.android.permissioncontroller/com.android.permissioncontroller.permission.ui.GrantPermissionsActivity
03-25 09:44:36.866  2193  2320 I SurfaceFlinger: [com.google.android.permissioncontroller/com.android.permissioncontroller.permission.ui.GrantPermissionsActivity$_7676#124406] setTransactionState with the first frame. bufferData(ID: 32968168964108, frameNumber: 1)
03-25 09:44:36.867  7676 28833 I VRI[GrantPermissionsActivity]@d4571d: Received frameCommittedCallback lastAttemptedDrawFrameNum=1 didProduceBuffer=true
03-25 09:44:36.867  3255  4878 D InputDispatcher: Once focus requested (0): 374cbc3 com.google.android.permissioncontroller/com.android.permissioncontroller.permission.ui.GrantPermissionsActivity
03-25 09:44:36.867  3255  4878 D InputDispatcher: Focus request (0): 374cbc3 com.google.android.permissioncontroller/com.android.permissioncontroller.permission.ui.GrantPermissionsActivity but waiting because NO_WINDOW
03-25 09:44:36.867  4709  4847 I VRI[app]@630ae83: onActiveControlsChanged, removed=false, mAdded=true, caller=android.view.ViewRootImpl.handleInsetsControlChanged:3002 android.view.ViewRootImpl$ViewRootHandler.handleMessageImpl:8352 android.view.ViewRootImpl$ViewRootHandler.handleMessage:8301 android.os.Handler.dispatchMessage:110 android.os.Looper.loopOnce:273
03-25 09:44:36.868  7676 28833 D HWUI    : CFMS:: SetUp Pid : 7676    Tid : 28833
03-25 09:44:36.868  2193  2320 I SurfaceFlinger: id=124400 Removed Surface(name=e0e4ad7 StatusBar)/@0x47ae321 - animation-leash of insets_animation#124400 (219)
03-25 09:44:36.868  2193  2320 I SurfaceFlinger: id=124401 Removed Surface(name=ec3cec0 NavigationBar0)/@0x7cffa34 - animation-leash of insets_animation#124401 (219)
03-25 09:44:36.868  7676  7676 D VRI[GrantPermissionsActivity]@d4571d: reportDrawFinished seqId=0
03-25 09:44:36.869  3255  3366 W PhoneWindowManager: lockNow pending, ignore updating lockscreen timeout
03-25 09:44:36.869  3255  3366 D SurfaceComposerClient: setCornerRadius ## b6d62e9 com.android.systemui/com.android.systemui.cover.CoverHomeActivity#122251 cornerRadius=0.000000
03-25 09:44:36.869  3255  3366 D SurfaceComposerClient: setCornerRadius ## 374cbc3 com.google.android.permissioncontroller/com.android.permissioncontroller.permission.ui.GrantPermissionsActivity#124405 cornerRadius=0.000000
03-25 09:44:36.869  3255  3366 D SurfaceComposerClient: setCornerRadius ## bead0fb Splash Screen com.payment.app#124395 cornerRadius=0.000000
03-25 09:44:36.869  3255  3366 W PhoneWindowManager: lockNow pending, ignore updating lockscreen timeout
03-25 09:44:36.869  3255  3366 D SurfaceComposerClient: setCornerRadius ## 374cbc3 com.google.android.permissioncontroller/com.android.permissioncontroller.permission.ui.GrantPermissionsActivity#124405 cornerRadius=0.000000
03-25 09:44:36.869  3255  3366 D SurfaceComposerClient: setCornerRadius ## bead0fb Splash Screen com.payment.app#124395 cornerRadius=0.000000
03-25 09:44:36.869  3255  3366 D SurfaceComposerClient: setCornerRadius ## 26a6de0 com.payment.app/com.payment.app.MainActivity#124404 cornerRadius=0.000000
03-25 09:44:36.870  3255  3366 I SemDvfsHyPerManager: acquire hyper - AMS_RESUME_TAIL/3255@21, type = -999
03-25 09:44:36.870  3255  3366 I SemDvfsHyPerManager: acquire hyper - AMS_ACT_LAZY/3255@22, type = -999
03-25 09:44:36.870  7676  7676 I InsetsSourceConsumer: applyRequestedVisibilityToControl: visible=true, type=statusBars, host=com.google.android.permissioncontroller/com.android.permissioncontroller.permission.ui.GrantPermissionsActivity
03-25 09:44:36.870  2112  2197 I HYPER-HAL: [RequestManager.cpp]acquire(): Acquired ID : 5367747  [3255 / 21]    HINT : AMS_RESUME_TAIL    list :
03-25 09:44:36.870  2193  2552 I SurfaceFlinger: id=124409 createSurf, flag=24000, Surface(name=3107721 jp.naver.line.android)/@0xa3055da - animation-leash of window_animation#124409
03-25 09:44:36.870  7676  7676 I InsetsSourceConsumer: applyRequestedVisibilityToControl: visible=true, type=navigationBars, host=com.google.android.permissioncontroller/com.android.permissioncontroller.permission.ui.GrantPermissionsActivity
03-25 09:44:36.872  2193  2193 I SurfaceFlinger: destroyed Surface(name=ec3cec0 NavigationBar0)/@0x7cffa34 - animation-leash of insets_animation#124401 form LifecycleManager
03-25 09:44:36.872  2193  2193 I SurfaceFlinger: destroyed Surface(name=e0e4ad7 StatusBar)/@0x47ae321 - animation-leash of insets_animation#124400 form LifecycleManager
03-25 09:44:36.872  2193  2193 I SurfaceFlinger: [Surface(name=3107721 jp.naver.line.android)/@0xa3055da - animation-leash of window_animation#124409] attach to parent LayerHierarchy{RequestedLayerState{WindowToken{42af188 type=2038 android.os.BinderProxy@868c92b}#123842 parentId=13 z=2} 2 children}
03-25 09:44:36.872  2193  2193 I SurfaceFlinger: id=124401 onLayerDestroyed from LayerHierarchyBuilder(RequestedLayerState{Surface(name=ec3cec0 NavigationBar0)/@0x7cffa34 - animation-leash of insets_animation#124401 !handle})
03-25 09:44:36.872  2193  2193 I SurfaceFlinger: id=124400 onLayerDestroyed from LayerHierarchyBuilder(RequestedLayerState{Surface(name=e0e4ad7 StatusBar)/@0x47ae321 - animation-leash of insets_animation#124400 !handle})
03-25 09:44:36.872  3255  3367 D SurfaceComposerClient: [SEC_SF_EFFECTS] setBackgroundBlurRadius ## Dim Layer for - Task=15116#124391 backgroundBlurRadius=0
03-25 09:44:36.872  4709  4816 D SurfaceComposerClient: setCornerRadius ## Task=15117#124393 cornerRadius=9.000000
03-25 09:44:36.872  2193  2193 I Layer   : id=124401 Destroyed Surface(name=ec3cec0 NavigationBar0)/@0x7cffa34 - animation-leash of insets_animation#124401
03-25 09:44:36.872  2193  2193 I Layer   : id=124400 Destroyed Surface(name=e0e4ad7 StatusBar)/@0x47ae321 - animation-leash of insets_animation#124400
03-25 09:44:36.873  2193  2320 I SurfaceFlinger: id=124410 createSurf, flag=84004, Transition Root: ActivityRecord{24686893 u0 com.google.android.permissioncontroller/com.android.permissioncontroller.permission.ui.GrantPermissionsActivity t15117}#124410
03-25 09:44:36.874  2147  2147 E ANDR-PERF-MPCTL: ANDR-PERF-MPCTL: internal_perf_lock_acq_verification() 385: Perflock Submit request limit reached.
03-25 09:44:36.875  2147  2147 E ANDR-PERF-MPCTL: ANDR-PERF-MPCTL: internal_perf_lock_acq_verification() 385: Perflock Submit request limit reached.
03-25 09:44:36.875  2147  2147 E ANDR-PERF-MPCTL: ANDR-PERF-MPCTL: internal_perf_lock_acq_verification() 385: Perflock Submit request limit reached.
03-25 09:44:36.875  2112  2197 I HYPER-HAL: [RequestManager.cpp]acquire(): Acquired ID : 5371025  [3255 / 22]    HINT : AMS_ACT_LAZY    list :
03-25 09:44:36.876  2147  2147 E ANDR-PERF-MPCTL: ANDR-PERF-MPCTL: internal_perf_lock_acq_verification() 385: Perflock Submit request limit reached.
03-25 09:44:36.876  2147  2147 E ANDR-PERF-MPCTL: ANDR-PERF-MPCTL: internal_perf_lock_acq_verification() 385: Perflock Submit request limit reached.
03-25 09:44:36.876  2147  2147 E ANDR-PERF-MPCTL: ANDR-PERF-MPCTL: internal_perf_lock_acq_verification() 385: Perflock Submit request limit reached.
03-25 09:44:36.876  2147  2147 E ANDR-PERF-MPCTL: ANDR-PERF-MPCTL: internal_perf_lock_acq_verification() 385: Perflock Submit request limit reached.
03-25 09:44:36.876  2147  2147 E ANDR-PERF-MPCTL: ANDR-PERF-MPCTL: internal_perf_lock_acq_verification() 385: Perflock Submit request limit reached.
03-25 09:44:36.876  2147  2147 E ANDR-PERF-MPCTL: ANDR-PERF-MPCTL: internal_perf_lock_acq_verification() 385: Perflock Submit request limit reached.
03-25 09:44:36.876  3255  3366 I SurfaceControlRegistry: show, t=StartTransaction_SyncId<8675> sc=ActivityRecord{24686893 u0 com.google.android.permissioncontroller/com.android.permissioncontroller.permission.ui.GrantPermissionsActivity t15117}, caller=android.view.SurfaceControl$Transaction.show:3557 com.android.server.wm.Transition.onTransactionReady:2048 com.android.server.wm.BLASTSyncEngine$SyncGroup.finishNow:240 com.android.server.wm.BLASTSyncEngine.onSurfacePlacement:263 com.android.server.wm.RootWindowContainer.performSurfacePlacementNoTrace:1083 com.android.server.wm.WindowSurfacePlacer.performSurfacePlacement:166
03-25 09:44:36.876  2112  2197 I HYPER-HAL: [RequestManager.cpp]releaseLocked(): Released ID : 5377584
03-25 09:44:36.877  3255  3366 D SurfaceComposerClient: setCornerRadius ## ActivityRecord{24686893 u0 com.google.android.permissioncontroller/com.android.permissioncontroller.permission.ui.GrantPermissionsActivity t15117}#124403 cornerRadius=0.000000
03-25 09:44:36.877  3255  3366 W PhoneWindowManager: lockNow pending, ignore updating lockscreen timeout
03-25 09:44:36.877  3255  3366 D SurfaceComposerClient: setCornerRadius ## b6d62e9 com.android.systemui/com.android.systemui.cover.CoverHomeActivity#122251 cornerRadius=0.000000
03-25 09:44:36.877  3255  3366 D SurfaceComposerClient: setCornerRadius ## 374cbc3 com.google.android.permissioncontroller/com.android.permissioncontroller.permission.ui.GrantPermissionsActivity#124405 cornerRadius=0.000000
03-25 09:44:36.878  3255  3366 D SurfaceComposerClient: setCornerRadius ## bead0fb Splash Screen com.payment.app#124395 cornerRadius=0.000000
03-25 09:44:36.878  3255  3366 W PhoneWindowManager: lockNow pending, ignore updating lockscreen timeout
03-25 09:44:36.878  3255  3366 D SurfaceComposerClient: setCornerRadius ## 374cbc3 com.google.android.permissioncontroller/com.android.permissioncontroller.permission.ui.GrantPermissionsActivity#124405 cornerRadius=0.000000
03-25 09:44:36.878  3255  3366 D SurfaceComposerClient: setCornerRadius ## bead0fb Splash Screen com.payment.app#124395 cornerRadius=0.000000
03-25 09:44:36.878  3255  3366 D SurfaceComposerClient: setCornerRadius ## 26a6de0 com.payment.app/com.payment.app.MainActivity#124404 cornerRadius=0.000000
03-25 09:44:36.878  3255  3366 D SurfaceControl: restrictHighRefreshRate, enabled=false
03-25 09:44:36.878  2193  2320 I SurfaceFlinger: HRR : 0
03-25 09:44:36.878  4709  4796 I SurfaceControlRegistry: show, t=StartTransaction_SyncId<8675> sc=ActivityRecord{24686893 u0 com.google.android.permissioncontroller/com.android.permissioncontroller.permission.ui.GrantPermissionsActivity t15117}, caller=android.view.SurfaceControl$Transaction.show:3557 com.android.wm.shell.transition.Transitions.dispatchReady:1279 com.android.wm.shell.transition.Transitions.onTransitionReady:251 com.android.wm.shell.transition.Transitions$TransitionPlayerImpl$$ExternalSyntheticLambda0.run:13 android.os.Handler.handleCallback:995 android.os.Handler.dispatchMessage:103
03-25 09:44:36.878  4709  4796 I SurfaceControlRegistry: show, t=FinishTransaction_SyncId<8675> sc=ActivityRecord{24686893 u0 com.google.android.permissioncontroller/com.android.permissioncontroller.permission.ui.GrantPermissionsActivity t15117}, caller=android.view.SurfaceControl$Transaction.show:3557 com.android.wm.shell.transition.Transitions.dispatchReady:1330 com.android.wm.shell.transition.Transitions.onTransitionReady:251 com.android.wm.shell.transition.Transitions$TransitionPlayerImpl$$ExternalSyntheticLambda0.run:13 android.os.Handler.handleCallback:995 android.os.Handler.dispatchMessage:103
03-25 09:44:36.878  4709  4816 D SurfaceComposerClient: setCornerRadius ## Task=15117#124393 cornerRadius=9.000000
03-25 09:44:36.879  2193  2552 I SurfaceFlinger: id=124411 createSurf, flag=84000, c2d5662 ActivityRecordInputSink com.google.android.permissioncontroller/com.android.permissioncontroller.permission.ui.GrantPermissionsActivity#124411
03-25 09:44:36.880  2193  2193 E SurfaceFlinger: alpha changed 0.024 -> 0.000 - Dim Layer for - Task=15116#124391
03-25 09:44:36.880  2193  2193 I SurfaceFlinger: [Transition Root: ActivityRecord{24686893 u0 com.google.android.permissioncontroller/com.android.permissioncontroller.permission.ui.GrantPermissionsActivity t15117}#124410] attach to parent LayerHierarchy{RequestedLayerState{Task=15117#124393 parentId=124399 z=9} 3 children}
03-25 09:44:36.880  2193  2193 I SurfaceFlinger: [c2d5662 ActivityRecordInputSink com.google.android.permissioncontroller/com.android.permissioncontroller.permission.ui.GrantPermissionsActivity#124411] attach to parent LayerHierarchy{RequestedLayerState{ActivityRecord{24686893 u0 com.google.android.permissioncontroller/com.android.permissioncontroller.permission.ui.GrantPermissionsActivity t15117}#124403 parentId=124393} 2 children}
03-25 09:44:36.882  3255  3255 D AODManagerService: requestReCalToTSP IsSingleTouchMode = falserequestedReCalToTSP = false / previousDisplayState = ON
03-25 09:44:36.882  2182  4504 D AudioFlinger: setParameters: filtered dev setParameters keyvalue screen_state=on
03-25 09:44:36.883  2193  2193 D SurfaceFlinger: Display 4630947093241269891 HWC layers:
03-25 09:44:36.883  2193  2193 D SurfaceFlinger:        DEVICE |           39917426049057 | 00000100 | RGBA_8888    |    0.0    0.0 1080.0 2316.0 |    0    0 1080 2316 | Wallpaper BBQ wrapper 5_system#103839 (1123)
03-25 09:44:36.883  2193  2193 D SurfaceFlinger:        DEVICE |           22325240023303 | 00002100 | RGBA_8888    |    0.0    0.0 1080.0 2316.0 |    0    0 1080 2316 | com.sec.android.app.launcher/com.sec[...]vities.LauncherActivity$_5198#124362 (78)
03-25 09:44:36.883  2193  2193 D SurfaceFlinger:        DEVICE |           84696755077213 | 00002100 | RGBA_8888    |    0.0    0.0 1080.0 2316.0 |    0    0 1080 2316 | com.domobile.applockwatcher/com.domo[...]ler.DialogHostActivity$_19720#124387 (1)
03-25 09:44:36.883  2193  2193 D SurfaceFlinger:        DEVICE |           84696755077211 | 00002100 | RGBA_8888    |   48.0    0.0 1128.0 1053.0 |    0  597 1080 1650 | com.domobile.applockwatcher/com.domo[...]ler.DialogHostActivity$_19720#124386 (2)
03-25 09:44:36.883  2193  2193 D SurfaceFlinger:        CLIENT |           20225001072834 | 00002100 | RGBA_8888    |    0.0    0.0 1080.0 2316.0 |    0    0 1080 2316 | Splash Screen com.payment.app$_4709#124398 (1)
03-25 09:44:36.883  2193  2193 D SurfaceFlinger:        DEVICE |          11740293103639
03-25 09:44:36.883  3255  3366 D SurfaceComposerClient: [SEC_SF_EFFECTS] setBackgroundBlurRadius ## Dim Layer for - Task=15116#124391 backgroundBlurRadius=0
03-25 09:44:36.883  2193  2193 D SurfaceFlinger: 3 | 00002100 | RGBA_8888    |    0.0    0.0  226.0  210.0 |  854 1066 1080 1276 | $_27335#123844 (32)
03-25 09:44:36.883  2193  2193 D SurfaceFlinger:        DEVICE |           20225001072407 | 00002100 | RGBA_8888    |    0.0    0.0 1080.0   75.0 |    0    0 1080   75 | StatusBar$_4709#110 (373541)
03-25 09:44:36.883  2193  2193 D SurfaceFlinger:        DEVICE |           22325240023306 | 00002100 | RGBA_8888    |    0.0    0.0   67.0  297.0 | 1013  517 1080  814 | com.sec.android.app.launcher/com.sam[...].app.CocktailBarService$_5198#124378 (1)
03-25 09:44:36.883  2193  2193 D SurfaceFlinger:        DEVICE |           20225001072433 | 00002100 | RGBA_8888    |    0.0    0.0 1080.0  144.0 |    0 2172 1080 2316 | NavigationBar0$_4709#106 (159061)
03-25 09:44:36.883  2193  2193 D SurfaceFlinger:
03-25 09:44:36.883  2070 17562 D AHAL: AudioDevice: SetParameters: 1799: enter
03-25 09:44:36.883  2070 17562 D AHAL: AudioVoice: VoiceSetParameters: 171: Enter
03-25 09:44:36.883  2070 17562 D AHAL: AudioVoice: VoiceSetParameters: 416: Exit ret: 0
03-25 09:44:36.883  2070 17562 D AHAL: hfp: hfp_set_parameters: 447: enter
03-25 09:44:36.883  2070 17562 D AHAL: AudioDevice: SetParameters: 1879:  - screen = on
03-25 09:44:36.883  2070 17562 I PAL: ResourceManager: setParameter: 9278: Screen State:1
03-25 09:44:36.883  2070 17562 D AHAL: AudioDevice: SetParameters: 2521: exit: screen_state=on
03-25 09:44:36.883  2070 17562 I Audio_a2dpsink_hw: adev_set_parameters: kevpairs=[screen_state=on]
03-25 09:44:36.883  3255  4502 D AS.DesktopModeHelper: onDisplayChanged: #Id=0
03-25 09:44:36.885  3255  3366 W PhoneWindowManager: lockNow pending, ignore updating lockscreen timeout
03-25 09:44:36.885  3255  3366 D SurfaceComposerClient: setCornerRadius ## b6d62e9 com.android.systemui/com.android.systemui.cover.CoverHomeActivity#122251 cornerRadius=0.000000
03-25 09:44:36.885  3255  3366 W PhoneWindowManager: lockNow pending, ignore updating lockscreen timeout
03-25 09:44:36.885  3255  3366 D SurfaceComposerClient: setCornerRadius ## 374cbc3 com.google.android.permissioncontroller/com.android.permissioncontroller.permission.ui.GrantPermissionsActivity#124405 cornerRadius=0.000000
03-25 09:44:36.885  3255  3366 D SurfaceComposerClient: setCornerRadius ## bead0fb Splash Screen com.payment.app#124395 cornerRadius=0.000000
03-25 09:44:36.885  3255  3366 D SurfaceComposerClient: setCornerRadius ## 26a6de0 com.payment.app/com.payment.app.MainActivity#124404 cornerRadius=0.000000
03-25 09:44:36.886  3255  5801 D LiftUpHandler: [LTW] Stopped already.
03-25 09:44:36.888  4709  4796 I SurfaceControlRegistry: apply, t=FinishTransaction_SyncId<8674>, caller=android.view.SurfaceControl$Transaction.apply:3459 android.view.SurfaceControl$Transaction.apply:3447 android.view.SurfaceControl$Transaction.apply:3397 com.android.wm.shell.transition.Transitions.onFinish:315 com.android.wm.shell.transition.Transitions$$ExternalSyntheticLambda7.onTransitionFinished:12 com.android.wm.shell.transition.DefaultTransitionHandler$$ExternalSyntheticLambda2.run:36
03-25 09:44:36.888  2193  2193 I SurfaceFlinger: RequestedLayer [Task=1#53] hidden!! flag  from(0) --> to(1)
03-25 09:44:36.888  2193  2193 I SurfaceFlinger: RequestedLayer [Task=15116#124380] hidden!! flag  from(0) --> to(1)
03-25 09:44:36.888  2193  2193 I SurfaceFlinger: [LayerHierarchy{RequestedLayerState{Task=1#53 parentId=10} 1 children}] reparent to LayerHierarchy{RequestedLayerState{DefaultTaskDisplayArea_d0#10 parentId=9} 12 children}
03-25 09:44:36.888  4709  4709 D SamsungLightBarControlHelper: updateStatusBar (WHITE icon) numStacks:1, StatusBarMode:MODE_TRANSPARENT, lightBarBounds:[], StatusBarState:SHADE, packageName:, isWhiteKeyguardStatusBar:false
03-25 09:44:36.888  2193  2193 I SurfaceFlinger: [LayerHierarchy{RequestedLayerState{WallpaperWindowToken{32922bb showWhenLocked=false}#103836 parentId=8 z=1} 1 children}] reparent to LayerHierarchy{RequestedLayerState{Leaf:1:1#8 parentId=7} 2 children}
03-25 09:44:36.888  2193  2193 I SurfaceFlinger: [LayerHierarchy{RequestedLayerState{3107721 jp.naver.line.android#123843 parentId=124409} 1 children}] reparent to LayerHierarchy{RequestedLayerState{Surface(name=3107721 jp.naver.line.android)/@0xa3055da - animation-leash of window_animation#124409 parentId=123842} 1 children}
03-25 09:44:36.889  2193  2193 I SurfaceFlinger: [LayerHierarchy{RequestedLayerState{Dim Layer for - Task=15116#124391 z=-1} no children}] reparent to OffscreenRoot
03-25 09:44:36.889  2193  2193 I SurfaceFlinger: [LayerHierarchy{RequestedLayerState{Dim Layer for - Task=15116#124391 z=-1} no children}] RelativeParent to null
03-25 09:44:36.889  2193  2193 I SurfaceFlinger: [LayerHierarchy{RequestedLayerState{Task=15116#124380 parentId=10 z=9} 1 children}] reparent to LayerHierarchy{RequestedLayerState{DefaultTaskDisplayArea_d0#10 parentId=9} 13 children}
03-25 09:44:36.889  2193  2193 I SurfaceFlinger: [LayerHierarchy{RequestedLayerState{Task=15117#124393 parentId=10 z=10} 3 children}] reparent to LayerHierarchy{RequestedLayerState{DefaultTaskDisplayArea_d0#10 parentId=9} 14 children}
03-25 09:44:36.889  2193  2193 I SurfaceFlinger: [LayerHierarchy{RequestedLayerState{Transition Root: Task=15117#124399 z=10} no children}] reparent to OffscreenRoot
03-25 09:44:36.889  2193  2193 I SurfaceFlinger: [LayerHierarchy{RequestedLayerState{Transition Root: Task=15117#124399 z=10} no children}] RelativeParent to null
03-25 09:44:36.889  4709  4709 D SamsungLightBarControlHelper: onStatusBarAppearanceChanged() -  sbModeChanged:false, statusBarMode:0, barState:MODE_TRANSPARENT, isKeyguardShowing:false, navbarColorManagedByIme:false, (AppearanceRegion{ bounds=[0,0][1080,2316]}, )
03-25 09:44:36.889  4709  4709 D NavigationBar: onSystemBarAttributesChanged() -  displayId:0, appearance:0, packageName: com.google.android.permissioncontroller, navbarColorManagedByIme:false
03-25 09:44:36.889  4709  4709 D SamsungLightBarControlHelper: updateNavigationBar (WHITE button) isLightOpaque:false, hasLightNavigationBarFlag:false, packageName:com.google.android.permissioncontroller, DirectReplying:false, NavBarColorMangedByIme:false, ForceDarkForScrim:false, ForceLightForScrim:false, QsCustomizing:false, QsExpanded:false
03-25 09:44:36.889  2193  2193 I SurfaceFlinger: id=124391 Removed Dim Layer for - Task=15116#124391 (220)
03-25 09:44:36.891  2193  2193 D SurfaceFlinger: Display 4630947093241269891 HWC layers:
03-25 09:44:36.891  2193  2193 D SurfaceFlinger:        DEVICE |           39917426049057 | 00000100 | RGBA_8888    |    0.0    0.0 1080.0 2316.0 |    0    0 1080 2316 | Wallpaper BBQ wrapper 5_system#103839 (1123)
03-25 09:44:36.891  2193  2193 D SurfaceFlinger:        DEVICE |           20225001072834 | 00002100 | RGBA_8888    |    0.0    0.0 1080.0 2316.0 |    0    0 1080 2316 | Splash Screen com.payment.app$_4709#124398 (1)
03-25 09:44:36.891  2193  2193 D SurfaceFlinger:        DEVICE |          117402931036393 | 00002100 | RGBA_8888    |    0.0    0.0  226.0  210.0 |  854 1066 1080 1276 | $_27335#123844 (32)
03-25 09:44:36.891  2193  2193 D SurfaceFlinger:        DEVICE |           20225001072407 | 00002100 | RGBA_8888    |    0.0    0.0 1080.0   75.0 |    0    0 1080   75 | StatusBar$_4709#110 (373541)
03-25 09:44:36.891  2193  2193 D SurfaceFlinger:        DEVICE |           22325240023306 | 00002100 | RGBA_8888    |    0.0    0.0   67.0  297.0 | 1013  517 1080  814 | com.sec.android.app.launcher/com.sam[...].app.CocktailBarService$_5198#124378 (1)
03-25 09:44:36.891  2193  2193 D SurfaceFlinger:        DEVICE |           20225001072433 | 00002100 | RGBA_8888    |    0.0    0.0 1080.0  144.0 |    0 2172 1080 2316 | NavigationBar0$_4709#106 (159061)
03-25 09:44:36.891  2193  2193 D SurfaceFlinger:
03-25 09:44:36.894  3255  3366 W PhoneWindowManager: lockNow pending, ignore updating lockscreen timeout
03-25 09:44:36.894  3255  3366 D SurfaceComposerClient: setCornerRadius ## b6d62e9 com.android.systemui/com.android.systemui.cover.CoverHomeActivity#122251 cornerRadius=0.000000
03-25 09:44:36.895  3255  3366 W PhoneWindowManager: lockNow pending, ignore updating lockscreen timeout
03-25 09:44:36.895  3255  3366 D SurfaceComposerClient: setCornerRadius ## 374cbc3 com.google.android.permissioncontroller/com.android.permissioncontroller.permission.ui.GrantPermissionsActivity#124405 cornerRadius=0.000000
03-25 09:44:36.895  3255  3366 D SurfaceComposerClient: setCornerRadius ## bead0fb Splash Screen com.payment.app#124395 cornerRadius=0.000000
03-25 09:44:36.895  3255  3366 D SurfaceComposerClient: setCornerRadius ## 26a6de0 com.payment.app/com.payment.app.MainActivity#124404 cornerRadius=0.000000
03-25 09:44:36.897  2193  2193 I SurfaceFlinger: destroyed Dim Layer for - Task=15116#124391 form LifecycleManager
03-25 09:44:36.897  2193  2193 I SurfaceFlinger: [LayerHierarchy{RequestedLayerState{Transition Root: Task=15117#124399 z=10} no children}] reparent to OffscreenRoot
03-25 09:44:36.897  2193  2193 I SurfaceFlinger: [LayerHierarchy{RequestedLayerState{Transition Root: Task=15117#124399 z=10} no children}] RelativeParent to null
03-25 09:44:36.897  2193  2193 I SurfaceFlinger: id=124391 onLayerDestroyed from LayerHierarchyBuilder(RequestedLayerState{Dim Layer for - Task=15116#124391 !handle z=-1})
03-25 09:44:36.897  2193  2193 I Layer   : id=124391 Destroyed Dim Layer for - Task=15116#124391
03-25 09:44:36.897  2193  2193 I SurfaceFlinger: id=124399 Removed Transition Root: Task=15117#124399 (219)
03-25 09:44:36.899  3255  7910 D PersonaActivityHelper: token.toString()  Token{56b905 ActivityRecord{22401143 u0 com.sec.android.app.launcher/.activities.LauncherActivity t14309}}
03-25 09:44:36.899  3255  7910 D PersonaActivityHelper: mLastResumedSFActivity getPackageName  com.google.android.permissioncontroller
03-25 09:44:36.899  3255  7910 D PersonaActivityHelper: mLastResumedSFActivity getShortClassName  com.android.permissioncontroller.permission.ui.GrantPermissionsActivity
03-25 09:44:36.899  5198  5198 I VRI[LauncherActivity]@573f08a: handleAppVisibility mAppVisible = true visible = false
03-25 09:44:36.900  3255  7910 D PersonaActivityHelper: token.toString()  Token{ba302c7 ActivityRecord{105695439 u0 com.domobile.applockwatcher/.ui.common.controller.DialogHostActivity t15116}}
03-25 09:44:36.900  3255  7910 D PersonaActivityHelper: mLastResumedSFActivity getPackageName  com.google.android.permissioncontroller
03-25 09:44:36.900  3255  7910 D PersonaActivityHelper: mLastResumedSFActivity getShortClassName  com.android.permissioncontroller.permission.ui.GrantPermissionsActivity
03-25 09:44:36.900  8884  8884 I VRI[LauncherActivity]@434ac8d: handleAppVisibility mAppVisible = true visible = false
03-25 09:44:36.900  8884  8884 D VRI[LauncherActivity]@434ac8d: visibilityChanged oldVisibility=true newVisibility=false
03-25 09:44:36.900  3255  7910 D PersonaActivityHelper: token.toString()  Token{59290e7 ActivityRecord{154722305 u0 com.payment.app/.MainActivity t15117}}
03-25 09:44:36.900  3255  7910 D PersonaActivityHelper: mLastResumedSFActivity getPackageName  com.google.android.permissioncontroller
03-25 09:44:36.900  3255  7910 D PersonaActivityHelper: mLastResumedSFActivity getShortClassName  com.android.permissioncontroller.permission.ui.GrantPermissionsActivity
03-25 09:44:36.900  2193  2553 I SurfaceFlinger: id=124396 Removed Surface(name=e0e4ad7 StatusBar)/@0x47ae321 - animation-leash of insets_animation#124396 (219)
03-25 09:44:36.900  2193  2553 I SurfaceFlinger: id=124397 Removed Surface(name=ec3cec0 NavigationBar0)/@0x7cffa34 - animation-leash of insets_animation#124397 (219)
03-25 09:44:36.901  9294 26880 I WallpaperService: dispatchAppVisibility: system, visible=false , mLidState = -1
03-25 09:44:36.901  3255  3362 I PkgPredictorService-SecIpmManagerServiceImpl: reportToNAP uid:10305 com.google.android.permissioncontroller/com.android.permissioncontroller.permission.ui.GrantPermissionsActivity thisTime:249
03-25 09:44:36.901  3255  3362 D PkgPredictorService-SecIpmManagerServiceImpl: reportToNAP: mHeavyLaunchCounter is false
03-25 09:44:36.901 19730 31773 I SAMSUNGWALLET: [Hint_ProcessStatusChange] fg Change, pid : 30705 , isNotify : true , isForeground : true , fg list : [30705, 19720, 5198]
03-25 09:44:36.901  9294  9294 I WallpaperService: reportVisibility: visibility changed. visible=false
03-25 09:44:36.901 19730 31773 I SAMSUNGWALLET: [Hint_ProcessStatusChange] fg Change, pid : 7676 , isNotify : true , isForeground : true , fg list : [30705, 19720, 7676, 5198]
03-25 09:44:36.902 19730  3145 I SAMSUNGWALLET: [Hint_ProcessStatusChange] fg Change, pid : 30705 , isNotify : false , isForeground : true , fg list : [30705, 19720, 7676, 5198]
03-25 09:44:36.902  3255  5318 D PkgPredictorService-SecIpmManagerServiceImpl: ACTION_FOREGROUND_FINISH_EVENT sCurForegroundApp :com.google.android.permissioncontroller
03-25 09:44:36.903  3255  3366 W PhoneWindowManager: lockNow pending, ignore updating lockscreen timeout
03-25 09:44:36.903  3255  3366 D SurfaceComposerClient: setCornerRadius ## b6d62e9 com.android.systemui/com.android.systemui.cover.CoverHomeActivity#122251 cornerRadius=0.000000
03-25 09:44:36.903  3255  3366 W PhoneWindowManager: lockNow pending, ignore updating lockscreen timeout
03-25 09:44:36.903  3255  3366 D SurfaceComposerClient: setCornerRadius ## 374cbc3 com.google.android.permissioncontroller/com.android.permissioncontroller.permission.ui.GrantPermissionsActivity#124405 cornerRadius=0.000000
03-25 09:44:36.903  3255  3362 I ActivityTaskManager: Displayed com.google.android.permissioncontroller/com.android.permissioncontroller.permission.ui.GrantPermissionsActivity for user 0: +249ms
03-25 09:44:36.903  3255  3366 D SurfaceComposerClient: setCornerRadius ## bead0fb Splash Screen com.payment.app#124395 cornerRadius=0.000000
03-25 09:44:36.903  3255  3366 D SurfaceComposerClient: setCornerRadius ## 26a6de0 com.payment.app/com.payment.app.MainActivity#124404 cornerRadius=0.000000
03-25 09:44:36.904  5685  5685 E pageboostd: Received HALT command code 2
03-25 09:44:36.904 19730  3145 I SAMSUNGWALLET: [Hint_ProcessStatusChange] fg Change, pid : 7676 , isNotify : false , isForeground : true , fg list : [30705, 19720, 7676, 5198]
03-25 09:44:36.905  4709  4796 I SurfaceControlRegistry: show, t=StartTransaction_SyncId<8675> sc=Transition Root: ActivityRecord{24686893 u0 com.google.android.permissioncontroller/com.android.permissioncontroller.permission.ui.GrantPermissionsActivity t15117}, caller=android.view.SurfaceControl$Transaction.show:3557 com.android.wm.shell.transition.Transitions.playTransition:79 com.android.wm.shell.transition.Transitions.processReadyQueue:239 com.android.wm.shell.transition.Transitions.onFinish:528 com.android.wm.shell.transition.Transitions$$ExternalSyntheticLambda7.onTransitionFinished:12 com.android.wm.shell.transition.DefaultTransitionHandler$$ExternalSyntheticLambda2.run:36
03-25 09:44:36.905  2193  2193 I SurfaceFlinger: RequestedLayer [com.domobile.applockwatcher/com.domo[...]ler.DialogHostActivity$_19720#124386] hidden!! flag  from(0) --> to(1)
03-25 09:44:36.905  2193  2193 I SurfaceFlinger: RequestedLayer [com.domobile.applockwatcher/com.domo[...]ler.DialogHostActivity$_19720#124387] hidden!! flag  from(0) --> to(1)
03-25 09:44:36.905  2193  2193 I SurfaceFlinger: RequestedLayer [com.sec.android.app.launcher/com.sec[...]vities.LauncherActivity$_8884#124365] hidden!! flag  from(0) --> to(1)
03-25 09:44:36.905  2193  2193 I SurfaceFlinger: RequestedLayer [com.sec.android.app.launcher/com.sec[...]vities.LauncherActivity$_5198#124362] hidden!! flag  from(0) --> to(1)
03-25 09:44:36.905  2193  2193 I SurfaceFlinger: RequestedLayer [com.lstapps.musiclivewallpaper.service2.MyWallpaperService2$_9294#103838] hidden!! flag  from(0) --> to(1)
03-25 09:44:36.905  2193  2193 I SurfaceFlinger: RequestedLayer [WallpaperWindowToken{32922bb showWhenLocked=false}#103836] hidden!! flag  from(0) --> to(1)
03-25 09:44:36.905  2193  2193 I SurfaceFlinger: RequestedLayer [ActivityRecord{22401143 u0 com.sec.a[...]ivities.LauncherActivity t14309}#173] hidden!! flag  from(0) --> to(1)
03-25 09:44:36.905  2193  2193 I SurfaceFlinger: RequestedLayer [Task=14309#172] hidden!! flag  from(0) --> to(1)
03-25 09:44:36.905  2193  2193 I SurfaceFlinger: RequestedLayer [ActivityRecord{105695439 u0 com.domo[...]er.DialogHostActivity t15116}#124381] hidden!! flag  from(0) --> to(1)
03-25 09:44:36.905  2193  2193 I SurfaceFlinger: destroyed Surface(name=e0e4ad7 StatusBar)/@0x47ae321 - animation-leash of insets_animation#124396 form LifecycleManager
03-25 09:44:36.905  2193  2193 I SurfaceFlinger: destroyed Surface(name=ec3cec0 NavigationBar0)/@0x7cffa34 - animation-leash of insets_animation#124397 form LifecycleManager
03-25 09:44:36.905  2193  2193 I SurfaceFlinger: destroyed Transition Root: Task=15117#124399 form LifecycleManager
03-25 09:44:36.905  2193  2193 I SurfaceFlinger: id=124396 onLayerDestroyed from LayerHierarchyBuilder(RequestedLayerState{Surface(name=e0e4ad7 StatusBar)/@0x47ae321 - animation-leash of insets_animation#124396 !handle})
03-25 09:44:36.905  2193  2193 I SurfaceFlinger: id=124397 onLayerDestroyed from LayerHierarchyBuilder(RequestedLayerState{Surface(name=ec3cec0 NavigationBar0)/@0x7cffa34 - animation-leash of insets_animation#124397 !handle})
03-25 09:44:36.905  2193  2193 I SurfaceFlinger: id=124399 onLayerDestroyed from LayerHierarchyBuilder(RequestedLayerState{Transition Root: Task=15117#124399 !handle z=10})
03-25 09:44:36.905  4709  4796 I SurfaceControlRegistry: apply, t=StartTransaction_SyncId<8675>, caller=android.view.SurfaceControl$Transaction.apply:3459 android.view.SurfaceControl$Transaction.apply:3447 android.view.SurfaceControl$Transaction.apply:3397 com.android.wm.shell.transition.DefaultTransitionHandler.startAnimation:3387 com.android.wm.shell.transition.Transitions.dispatchTransition:90 com.android.wm.shell.transition.Transitions.playTransition:774
03-25 09:44:36.906  2193  2193 I Layer   : id=124396 Destroyed Surface(name=e0e4ad7 StatusBar)/@0x47ae321 - animation-leash of insets_animation#124396
03-25 09:44:36.906  2193  2193 I Layer   : id=124397 Destroyed Surface(name=ec3cec0 NavigationBar0)/@0x7cffa34 - animation-leash of insets_animation#124397
03-25 09:44:36.906  2193  2193 I Layer   : id=124399 Destroyed Transition Root: Task=15117#124399
03-25 09:44:36.907  2193  2193 D SurfaceFlinger: Display 4630947093241269891 HWC layers:
03-25 09:44:36.907  2193  2193 D SurfaceFlinger:        DEVICE |           20225001072834 | 00002100 | RGBA_8888    |    0.0    0.0 1080.0 2316.0 |    0    0 1080 2316 | Splash Screen com.payment.app$_4709#124398 (1)
03-25 09:44:36.907  2193  2193 D SurfaceFlinger:        DEVICE |          117402931036393 | 00002100 | RGBA_8888    |    0.0    0.0  226.0  210.0 |  854 1066 1080 1276 | $_27335#123844 (32)
03-25 09:44:36.907  2193  2193 D SurfaceFlinger:        DEVICE |           20225001072408 | 00002100 | RGBA_8888    |    0.0    0.0 1080.0   75.0 |    0    0 1080   75 | StatusBar$_4709#110 (373543)
03-25 09:44:36.907  2193  2193 D SurfaceFlinger:        DEVICE |           22325240023306 | 00002100 | RGBA_8888    |    0.0    0.0   67.0  297.0 | 1013  517 1080  814 | com.sec.android.app.launcher/com.sam[...].app.CocktailBarService$_5198#124378 (1)
03-25 09:44:36.907  2193  2193 D SurfaceFlinger:        DEVICE |           20225001072413 | 00002100 | RGBA_8888    |    0.0    0.0 1080.0  144.0 |    0 2172 1080 2316 | NavigationBar0$_4709#106 (159063)
03-25 09:44:36.907  2193  2193 D SurfaceFlinger:
03-25 09:44:36.908  4709  4796 I SurfaceControlRegistry: apply, t=FinishTransaction_SyncId<8675>, caller=android.view.SurfaceControl$Transaction.apply:3459 android.view.SurfaceControl$Transaction.apply:3447 android.view.SurfaceControl$Transaction.apply:3397 com.android.wm.shell.transition.Transitions.onFinish:315 com.android.wm.shell.transition.Transitions$$ExternalSyntheticLambda7.onTransitionFinished:12 com.android.wm.shell.transition.DefaultTransitionHandler$$ExternalSyntheticLambda2.run:36
03-25 09:44:36.909  3255  5270 D PersonaActivityHelper: token.toString()  Token{66f78b0 ActivityRecord{24686893 u0 com.google.android.permissioncontroller/com.android.permissioncontroller.permission.ui.GrantPermissionsActivity t15117}}
03-25 09:44:36.909 19730 20306 I SAMSUNGWALLET: [Hint_SimpleHintProcessMonitor] isHomePackageRunning topPkgName = com.google.android.permissioncontroller, topClsName = com.android.permissioncontroller.permission.ui.GrantPermissionsActivity, return false , se : false
03-25 09:44:36.909  3255  5270 D PersonaActivityHelper: mLastResumedSFActivity getPackageName  com.google.android.permissioncontroller
03-25 09:44:36.909  3255  5270 D PersonaActivityHelper: mLastResumedSFActivity getShortClassName  com.android.permissioncontroller.permission.ui.GrantPermissionsActivity
03-25 09:44:36.910  8884  8957 D HWUI    : CacheManager::trimMemory(20)
03-25 09:44:36.912  7850  8615 I [AirCmd]_ActivitySwitchDetector: onTaskStackChanged : componentName - ComponentInfo{com.google.android.permissioncontroller/com.android.permissioncontroller.permission.ui.GrantPermissionsActivity}
03-25 09:44:36.913  3255  6889 I WindowManager: Relayout Window{4ab0b93 u0 com.sec.android.app.launcher/com.sec.android.app.launcher.activities.LauncherActivity}: viewVisibility=8 req=1080x2316 ty=4 d0
03-25 09:44:36.913  3255  6889 W PhoneWindowManager: lockNow pending, ignore updating lockscreen timeout
03-25 09:44:36.913  3255  6889 D SurfaceComposerClient: setCornerRadius ## b6d62e9 com.android.systemui/com.android.systemui.cover.CoverHomeActivity#122251 cornerRadius=0.000000
03-25 09:44:36.913  5198 26372 I HoneySpace.RecentTasks: onRecentTasksChanged
03-25 09:44:36.913  3255  6889 D SurfaceComposerClient: setCornerRadius ## 374cbc3 com.google.android.permissioncontroller/com.android.permissioncontroller.permission.ui.GrantPermissionsActivity#124405 cornerRadius=0.000000
03-25 09:44:36.913  3255  6889 D SurfaceComposerClient: setCornerRadius ## bead0fb Splash Screen com.payment.app#124395 cornerRadius=0.000000
03-25 09:44:36.914  2193  2193 I SurfaceFlinger: RequestedLayer [374cbc3 com.google.android.permissio[...]n.ui.GrantPermissionsActivity#124405] hidden!! flag  from(1) --> to(0)
03-25 09:44:36.914  2193  2193 I SurfaceFlinger: RequestedLayer [com.google.android.permissioncontrol[...]rantPermissionsActivity$_7676#124406] hidden!! flag  from(1) --> to(0)
03-25 09:44:36.914  2193  2193 I SurfaceFlinger: RequestedLayer [ActivityRecord{24686893 u0 com.googl[...]ntPermissionsActivity t15117}#124403] hidden!! flag  from(1) --> to(0)
03-25 09:44:36.914  2193  2193 E SurfaceFlinger: alpha changed 1.000 -> 0.000 - ActivityRecord{24686893 u0 com.google.android.permissioncontroller/com.android.permissioncontroller.permission.ui.GrantPermissionsActivity t15117}#124403
03-25 09:44:36.914  2193  2193 I SurfaceFlinger: RequestedLayer [Transition Root: ActivityRecord{2468[...]ntPermissionsActivity t15117}#124410] hidden!! flag  from(1) --> to(0)
03-25 09:44:36.914  2193  2193 E SurfaceFlinger: alpha changed 0.000 -> 1.000 - ActivityRecord{24686893 u0 com.google.android.permissioncontroller/com.android.permissioncontroller.permission.ui.GrantPermissionsActivity t15117}#124403
03-25 09:44:36.914  2193  2193 I SurfaceFlinger: [LayerHierarchy{RequestedLayerState{Transition Root: ActivityRecord{24686893 u0 com.google.android.permissioncontroller/com.android.permissioncontroller.permission.ui.GrantPermissionsActivity t15117}#124410 z=1} no children}] reparent to OffscreenRoot
03-25 09:44:36.914  2193  2193 I SurfaceFlinger: [LayerHierarchy{RequestedLayerState{Transition Root: ActivityRecord{24686893 u0 com.google.android.permissioncontroller/com.android.permissioncontroller.permission.ui.GrantPermissionsActivity t15117}#124410 z=1} no children}] RelativeParent to null
03-25 09:44:36.914  2193  2193 I SurfaceFlinger: [LayerHierarchy{RequestedLayerState{ActivityRecord{24686893 u0 com.google.android.permissioncontroller/com.android.permissioncontroller.permission.ui.GrantPermissionsActivity t15117}#124403 parentId=124393 z=1} 2 children}] reparent to LayerHierarchy{RequestedLayerState{Task=15117#124393 parentId=10 z=10} 2 children}
03-25 09:44:36.914 19730 19730 I SAMSUNGWALLET: [Hint_PayHintService] Hint Status - already invisible, skip hide : Home Package Not Running
03-25 09:44:36.916  2193  2193 D SurfaceFlinger: Display 4630947093241269891 HWC layers:
03-25 09:44:36.916  2193  2193 D SurfaceFlinger:        DEVICE |           20225001072834 | 00002100 | RGBA_8888    |    0.0    0.0 1080.0 2316.0 |    0    0 1080 2316 | Splash Screen com.payment.app$_4709#124398 (1)
03-25 09:44:36.916  2193  2193 D SurfaceFlinger:        DEVICE |           32968168964108 | 00002100 | RGBA_8888    |    6.0    0.0 1086.0  108.0 |    0 2070 1080 2178 | com.google.android.permissioncontrol[...]rantPermissionsActivity$_7676#124406 (1)
03-25 09:44:36.916  2193  2193 D SurfaceFlinger:        DEVICE |          117402931036393 | 00002100 | RGBA_8888    |    0.0    0.0  226.0  210.0 |  854 1066 1080 1276 | $_27335#123844 (32)
03-25 09:44:36.916  2193  2193 D SurfaceFlinger:        DEVICE |           20225001072405 | 00002100 | RGBA_8888    |    0.0    0.0 1080.0   75.0 |    0    0 1080   75 | StatusBar$_4709#110 (373544)
03-25 09:44:36.916  2193  2193 D SurfaceFlinger:        DEVICE |           22325240023306 | 00002100 | RGBA_8888    |    0.0    0.0   67.0  297.0 | 1013  517 1080  814 | com.sec.android.app.launcher/com.sam[...].app.CocktailBarService$_5198#124378 (1)
03-25 09:44:36.916  2193  2193 D SurfaceFlinger:        DEVICE |           20225001072414 | 00002100 | RGBA_8888    |    0.0    0.0 1080.0  144.0 |    0 2172 1080 2316
03-25 09:44:36.916  2193  2193 D SurfaceFlinger:  | NavigationBar0$_4709#106 (159064)
03-25 09:44:36.916  2193  2193 D SurfaceFlinger:
03-25 09:44:36.916 19720 19720 I VRI[DialogHostActivity]@f2914ce: handleAppVisibility mAppVisible = true visible = false
03-25 09:44:36.916  3255  6889 W PhoneWindowManager: lockNow pending, ignore updating lockscreen timeout
03-25 09:44:36.916 19720 19720 D VRI[DialogHostActivity]@f2914ce: visibilityChanged oldVisibility=true newVisibility=false
03-25 09:44:36.916  3255  6889 D SurfaceComposerClient: setCornerRadius ## 374cbc3 com.google.android.permissioncontroller/com.android.permissioncontroller.permission.ui.GrantPermissionsActivity#124405 cornerRadius=0.000000
03-25 09:44:36.917  3255  6889 D SurfaceComposerClient: setCornerRadius ## bead0fb Splash Screen com.payment.app#124395 cornerRadius=0.000000
03-25 09:44:36.917  3255  6889 D SurfaceComposerClient: setCornerRadius ## 26a6de0 com.payment.app/com.payment.app.MainActivity#124404 cornerRadius=0.000000
03-25 09:44:36.917 19720 19720 I VRI[DialogHostActivity]@a6a4d7e: handleAppVisibility mAppVisible = true visible = false
03-25 09:44:36.917 19720 19720 D VRI[DialogHostActivity]@a6a4d7e: visibilityChanged oldVisibility=true newVisibility=false
03-25 09:44:36.917 19720 19720 D ConnectivityManager: StackLog: [android.net.ConnectivityManager.unregisterNetworkCallback(ConnectivityManager.java:5579)] [v0.j$d.unregister(r8-map-id-f4f7bdc0b224a295a17e9494867203586fcc785a2d60c6ff02aecf74c2557d9c:11)] [v0.j.c(r8-map-id-f4f7bdc0b224a295a17e9494867203586fcc785a2d60c6ff02aecf74c2557d9c:16)] [v0.j.e(r8-map-id-f4f7bdc0b224a295a17e9494867203586fcc785a2d60c6ff02aecf74c2557d9c:7)] [v0.c.f(r8-map-id-f4f7bdc0b224a295a17e9494867203586fcc785a2d60c6ff02aecf74c2557d9c:9)] [v0.c.onStop(r8-map-id-f4f7bdc0b224a295a17e9494867203586fcc785a2d60c6ff02aecf74c2557d9c:1)] [com.bumptech.glide.manager.f.onStop(r8-map-id-f4f7bdc0b224a295a17e9494867203586fcc785a2d60c6ff02aecf74c2557d9c:23)] [java.lang.reflect.Method.invoke(Native Method)] [androidx.lifecycle.ClassesInfoCache$MethodReference.invokeCallback(r8-map-id-f4f7bdc0b224a295a17e9494867203586fcc785a2d60c6ff02aecf74c2557d9c:35)] [androidx.lifecycle.ClassesInfoCache$CallbackInfo.invokeMethodsForEvent(r8-map-id-f4f7bdc0b224a295a17e9494867203586fcc785a2d60c6ff02aecf74c2557d9c:17)] [androidx.lifecycle.ClassesInfoCache$CallbackInfo.invokeCallbacks(r8-map-id-f4f7bdc0b224a295a17e9494867203586fcc785a2d60c6ff02aecf74c2557d9c:9)] [androidx.lifecycle.ReflectiveGenericLifecycleObserver.onStateChanged(r8-map-id-f4f7bdc0b224a295a17e9494867203586fcc785a2d60c6ff02aecf74c2557d9c:5)] [androidx.lifecycle.LifecycleRegistry$ObserverWithState.dispatchEvent(r8-map-id-f4f7bdc0b224a295a17e9494867203586fcc785a2d60c6ff02aecf74c2557d9c:25)] [androidx.lifecycle.LifecycleRegistry.backwardPass(r8-map-id-f4f7bdc0b224a295a17e9494867203586fcc785a2d60c6ff02aecf74c2557d9c:86)] [androidx.lifecycle.LifecycleRegistry.sync(r8-map-id-f4f7bdc0b224a295a17e9494867203586fcc785a2d60c6ff02aecf74c2557d9c:47)] [androidx.lifecycle.LifecycleRegistry.moveToState(r8-map-id-f4f7bdc0b224a295a17e9494867203586fcc785a2d60c6ff02aecf74c2557d9c:33)] [androidx.lifecycle.LifecycleRegistry.handleLifecycleEvent(r8-map-id-f4f7bdc0b224a295a17e9494867203586fcc785a2d60c6ff02aecf74c2557d9c:15)] [androidx.lifecycle.ReportFragment$Companion.dispatch$lifecycle_runtime(r8-map-id-f4f7bdc0b224a295a17e9494867203586fcc785a2d60c6ff02aecf74c2557d9c:41)] [androidx.lifecycle.ReportFragment$LifecycleCallbacks.onActivityPreStopped(r8-map-id-f4f7bdc0b224a295a17e9494867203586fcc785a2d60c6ff02aecf74c2557d9c:10)] [android.app.Activity.dispatchActivityPreStopped(Activity.java:1740)] [android.app.Activity.performStop(Activity.java:9789)] [android.app.ActivityThread.callActivityOnStop(ActivityThread.java:6744)] [android.app.ActivityThread.performStopActivityInner(ActivityThread.java:6718)] [android.app.ActivityThread.handleStopActivity(ActivityThread.java:6788)] [android.app.servertransaction.StopActivityItem.execute(StopActivityItem.java:43)] [android.app.servertransaction.ActivityTransactionItem.execute(ActivityTransactionItem.java:63)] [android.app.servertransaction.TransactionExecutor.executeLifecycleItem(TransactionExecutor.java:169)] [android.app.servertransaction.TransactionExecutor.executeTransactionItems(TransactionExecutor.java:101)] [android.app.servertransaction.TransactionExecutor.execute(TransactionExecutor.java:80)] [android.app.ActivityThread$H.handleMessage(ActivityThread.java:3150)]
03-25 09:44:36.917  2182  4504 V APM_AudioPolicyManager: setAppState(portId:8180, state:1)
03-25 09:44:36.917  3255  6889 I WindowManager: Relayout hash=4ab0b93, pid=8884, syncId=-1: mAttrs={(0,0)(fillxfill) gr=LEFT CENTER_HORIZONTAL sim={adjust=resize} layoutInDisplayCutoutMode=always ty=DRAWN_APPLICATION fmt=TRANSPARENT wanim=0x1030306 alpha=0.0
03-25 09:44:36.917  3255  6889 I WindowManager:   fl=81850118
03-25 09:44:36.917  3255  6889 I WindowManager:   pfl=10008840
03-25 09:44:36.917  3255  6889 I WindowManager:   bhv=1
03-25 09:44:36.917  3255  6889 I WindowManager:   fitSides=0
03-25 09:44:36.917  3255  6889 I WindowManager:   frameRateBoostOnTouch=true
03-25 09:44:36.917  3255  6889 I WindowManager:   dvrrWindowFrameRateHint=true
03-25 09:44:36.917  3255  6889 I WindowManager:  dimAmount=0.0 screenDimDuration=200000 naviIconColor=0}
03-25 09:44:36.917  2182  4504 V APM_AudioPolicyManager: setAppState(portId:8180, state:1)
03-25 09:44:36.917  6543  6570 V OsAgent : broadcastSystemEvent - 7
03-25 09:44:36.918  6543  6570 V OsAgent : broadcastSystemEvent - 7
03-25 09:44:36.921 19720 19720 I VRI[DialogHostActivity]@a6a4d7e: stopped(true) old = false
03-25 09:44:36.921 19720 19720 D VRI[DialogHostActivity]@a6a4d7e: WindowStopped on com.domobile.applockwatcher/com.domobile.applockwatcher.ui.common.controller.DialogHostActivity set to true
03-25 09:44:36.921 19720 19720 I VRI[DialogHostActivity]@f2914ce: stopped(true) old = false
03-25 09:44:36.921 19720 19720 D VRI[DialogHostActivity]@f2914ce: WindowStopped on com.domobile.applockwatcher/com.domobile.applockwatcher.ui.common.controller.DialogHostActivity set to true
03-25 09:44:36.921 19720 20031 D HWUI    : CacheManager::trimMemory(20)
03-25 09:44:36.921  2583  2583 I CameraService: onUidStateChanged: uid=10354, procState is changed. (2 -> 5)
03-25 09:44:36.922  2583  2583 I CameraService: onUidStateChanged: uid=10260, procState is changed. (3 -> 5)
03-25 09:44:36.922  2583  2583 I CameraService: onUidStateChanged: uid=10259, procState is changed. (3 -> 4)
03-25 09:44:36.923  2182 18348 V APM_AudioPolicyManager: setAppState(portId:8180, state:1)
03-25 09:44:36.923  2182 18348 V APM_AudioPolicyManager: setAppState(portId:8180, state:1)
03-25 09:44:36.923 19730 20306 I SAMSUNGWALLET: [Hint_SimpleHintProcessMonitor] isHomePackageRunning topPkgName = com.google.android.permissioncontroller, topClsName = com.android.permissioncontroller.permission.ui.GrantPermissionsActivity, return false , se : false
