03-25 10:20:03.472  3255  3366 D SurfaceComposerClient: setCornerRadius ## b6d62e9 com.android.systemui/com.android.systemui.cover.CoverHomeActivity#122251 cornerRadius=0.000000
03-25 10:20:03.472  3255  3366 D SurfaceComposerClient: setCornerRadius ## 70a5050 com.google.android.permissioncontroller/com.android.permissioncontroller.permission.ui.GrantPermissionsActivity#124962 cornerRadius=0.000000
03-25 10:20:03.472 11270 15757 I Routine@Core[4.9.04.13]: MetaUpdater: updateMeta: newMeta=appfunction://com.samsung.android.app.calendar.crossapp#CrossAppEvent_findEvents(id=-1)
03-25 10:20:03.472  3255  3366 D SurfaceComposerClient: setCornerRadius ## a175a10 Splash Screen com.payment.app#124952 cornerRadius=0.000000
03-25 10:20:03.472  3255  3366 D SurfaceComposerClient: setCornerRadius ## 3d64f66 com.payment.app/com.payment.app.MainActivity#124961 cornerRadius=0.000000
03-25 10:20:03.472  3255  3366 W PhoneWindowManager: lockNow pending, ignore updating lockscreen timeout
03-25 10:20:03.472  3255  3366 D SurfaceComposerClient: setCornerRadius ## 70a5050 com.google.android.permissioncontroller/com.android.permissioncontroller.permission.ui.GrantPermissionsActivity#124962 cornerRadius=0.000000
03-25 10:20:03.472  3255  3366 D SurfaceComposerClient: setCornerRadius ## a175a10 Splash Screen com.payment.app#124952 cornerRadius=0.000000
03-25 10:20:03.472  3255  3366 D SurfaceComposerClient: setCornerRadius ## 3d64f66 com.payment.app/com.payment.app.MainActivity#124961 cornerRadius=0.000000
03-25 10:20:03.475 11270 15757 I Routine@Core[4.9.04.13]: MetaUpdater: updateMeta: newMeta=appfunction://com.samsung.android.app.calendar.crossapp#CrossAppEvent_createEvent(id=-1)
03-25 10:20:03.477 11270 15757 I Routine@Core[4.9.04.13]: MetaUpdater: updateMeta: newMeta=appfunction://com.samsung.android.app.calendar.crossapp#CrossAppEvent_updateEvent(id=-1)
03-25 10:20:03.478  2193  2193 I SurfaceFlinger: [Display 0 name="内蔵スクリーン"#49] setFrameRateCategory: High
03-25 10:20:03.478  2193  2193 I SurfaceFlinger: RequestedLayer [com.payment.app/com.payment.app.MainActivity$_15732#124972] hidden!! flag  from(1) --> to(0)
03-25 10:20:03.478  2193  2193 I SurfaceFlinger: [LayerHierarchy{RequestedLayerState{3d64f66 com.payment.app/com.payment.app.MainActivity#124961 parentId=124973} 1 children}] reparent to LayerHierarchy{RequestedLayerState{Surface(name=3d64f66 com.payment.app/com.payment.app.MainActivity)/@0xfc16563 - animation-leash of starting_reveal#124973 parentId=124951} 1 children}
03-25 10:20:03.478  2193  2193 I SurfaceFlinger: [Surface(name=3d64f66 com.payment.app/com.payment.app.MainActivity)/@0xfc16563 - animation-leash of starting_reveal#124973] attach to parent LayerHierarchy{RequestedLayerState{ActivityRecord{35911904 u0 com.payment.app/.MainActivity t15128}#124951 parentId=124950} 3 children}
03-25 10:20:03.479 11270 15757 I Routine@Core[4.9.04.13]: MetaUpdater: updateMeta: newMeta=appfunction://com.samsung.android.app.calendar.crossapp#CrossAppEvent_showEvent(id=-1)
03-25 10:20:03.480  3255  5801 D LiftUpHandler: [LTW] Stopped already.
03-25 10:20:03.481  2193  2193 D SurfaceFlinger: Display 4630947093241269891 HWC layers:
03-25 10:20:03.481  2193  2193 D SurfaceFlinger:        DEVICE |           67568425500675 | 00002102 | RGBA_8888    |    0.0    0.0 1080.0 2316.0 |    0    0 1080 2316 | com.payment.app/com.payment.app.MainActivity$_15732#124972 (1)
03-25 10:20:03.481  2193  2193 D SurfaceFlinger:        DEVICE |           20225001073110 | 00002100 | RGBA_8888    |    0.0    0.0 1080.0 2316.0 |    0    0 1080 2316 | Splash Screen com.payment.app$_4709#124955 (1)
03-25 10:20:03.481  2193  2193 D SurfaceFlinger:   SOLID_COLOR |                        0 | 00000000 | N/A          |    0.0    0.0    0.0    0.0 |    0    0 1080 2316 | Dim Layer for - Task=15128#124970 (0)
03-25 10:20:03.481  2193  2193 D SurfaceFlinger:        DEVICE |           32968168964127 | 00002100 | RGBA_8888    |    6.0    0.0 1086.0  752.0 |    0 1426 1080 2178 | com.google.android.permissioncontrol[...]rantPermissionsActivity$_7676#124963 (4)
03-25 10:20:03.481  2193  2193 D SurfaceFlinger:        DEVICE |           20225001072405 | 00002100 | RGBA_8888    |    0.0    0.0 1080.0   75.0 |    0    0 1080   75 | StatusBar$_4709#110 (376524)
03-25 10:20:03.481  2193  2193 D SurfaceFlinger:        DEVICE |           22325240023386 | 00002100 | RGBA_8888    |    0.0    0.0   67.0  297.0 | 1013  517 1080  814
03-25 10:20:03.481  4709  4709 D DisplayLifecycle: updateDisplay id = 0
03-25 10:20:03.481  2193  2193 D SurfaceFlinger: | com.sec.android.app.launcher/com.sam[...].app.CocktailBarService$_5198#124868 (1)
03-25 10:20:03.481  2193  2193 D SurfaceFlinger:        DEVICE |           20225001072433 | 00002100 | RGBA_8888    |    0.0    0.0 1080.0  144.0 |    0 2172 1080 2316 | NavigationBar0$_4709#106 (160425)
03-25 10:20:03.481  2193  2193 D SurfaceFlinger:
03-25 10:20:03.481  3255  3366 W PhoneWindowManager: lockNow pending, ignore updating lockscreen timeout
03-25 10:20:03.481  3255  3366 D SurfaceComposerClient: setCornerRadius ## b6d62e9 com.android.systemui/com.android.systemui.cover.CoverHomeActivity#122251 cornerRadius=0.000000
03-25 10:20:03.481  3255  3366 W PhoneWindowManager: lockNow pending, ignore updating lockscreen timeout
03-25 10:20:03.481  3255  3366 D SurfaceComposerClient: setCornerRadius ## 70a5050 com.google.android.permissioncontroller/com.android.permissioncontroller.permission.ui.GrantPermissionsActivity#124962 cornerRadius=0.000000
03-25 10:20:03.481  3255  3366 D SurfaceComposerClient: setCornerRadius ## a175a10 Splash Screen com.payment.app#124952 cornerRadius=0.000000
03-25 10:20:03.481  3255  3366 D SurfaceComposerClient: setCornerRadius ## 3d64f66 com.payment.app/com.payment.app.MainActivity#124961 cornerRadius=0.000000
03-25 10:20:03.482 11270 15757 I Routine@Core[4.9.04.13]: SupportStateUpdater: update
03-25 10:20:03.482  4709  4887 I VRI[app]@cad1902: mWNT: t=0xb400007673ea3c80 mBlastBufferQueue=0xb4000076d7184000 fn= 2 HdrRenderState mRenderHdrSdrRatio=1.0 caller= android.view.SyncRtSurfaceTransactionApplier.applyTransaction:100 android.view.SyncRtSurfaceTransactionApplier.lambda$scheduleApply$0:73 android.view.SyncRtSurfaceTransactionApplier.$r8$lambda$afI4fXg3U3-nBZQEDQMiNy-B06s:0
03-25 10:20:03.482  4709  4887 I VRI[app]@cad1902: mWNT: t=0xb400007673ea3e00 mBlastBufferQueue=0xb4000076d7184000 fn= 2 HdrRenderState mRenderHdrSdrRatio=1.0 caller= android.view.SyncRtSurfaceTransactionApplier.applyTransaction:100 android.view.SyncRtSurfaceTransactionApplier.lambda$scheduleApply$0:73 android.view.SyncRtSurfaceTransactionApplier.$r8$lambda$afI4fXg3U3-nBZQEDQMiNy-B06s:0
03-25 10:20:03.482  4709  4864 D StackScroller: onDisplayChanged for predraw skip to 2
03-25 10:20:03.482  2182  2313 D AudioFlinger: setParameters: filtered dev setParameters keyvalue screen_state=on
03-25 10:20:03.483  2070  2138 D AHAL: AudioDevice: SetParameters: 1799: enter
03-25 10:20:03.483  2070  2138 D AHAL: AudioVoice: VoiceSetParameters: 171: Enter
03-25 10:20:03.483  2070  2138 D AHAL: AudioVoice: VoiceSetParameters: 416: Exit ret: 0
03-25 10:20:03.483  2070  2138 D AHAL: hfp: hfp_set_parameters: 447: enter
03-25 10:20:03.483  2070  2138 D AHAL: AudioDevice: SetParameters: 1879:  - screen = on
03-25 10:20:03.483  2070  2138 I PAL: ResourceManager: setParameter: 9278: Screen State:1
03-25 10:20:03.483  2070  2138 D AHAL: AudioDevice: SetParameters: 2521: exit: screen_state=on
03-25 10:20:03.483  2070  2138 I Audio_a2dpsink_hw: adev_set_parameters: kevpairs=[screen_state=on]
03-25 10:20:03.483  3255  4502 D AS.DesktopModeHelper: onDisplayChanged: #Id=0
03-25 10:20:03.486  5198  7460 I HoneySpace.Memory-Monitor: current state = 2, didTrim = false
03-25 10:20:03.487 11270 15757 I Routine@Core[4.9.04.13]: TASKD/ActionTaskAdapterFactoryImpl: getAdapter - metaId=appfunction://com.samsung.android.app.reminder.data.crossappactions#TaskFunctions_showTask(id=401)
03-25 10:20:03.488  4709  4886 I VRI[app]@cad1902: mWNT: t=0xb400007673ea4100 mBlastBufferQueue=0xb4000076d7184000 fn= 3 HdrRenderState mRenderHdrSdrRatio=1.0 caller= android.view.SyncRtSurfaceTransactionApplier.applyTransaction:100 android.view.SyncRtSurfaceTransactionApplier.lambda$scheduleApply$0:73 android.view.SyncRtSurfaceTransactionApplier.$r8$lambda$afI4fXg3U3-nBZQEDQMiNy-B06s:0
03-25 10:20:03.490  3255  3255 D AODManagerService: requestReCalToTSP IsSingleTouchMode = falserequestedReCalToTSP = false / previousDisplayState = ON
03-25 10:20:03.498 24268 28345 I SemanticLocation: (REDACTED) [Inferrer] %s%s
03-25 10:20:03.498  4709  4887 I VRI[app]@cad1902: mWNT: t=0xb400007673ea4280 mBlastBufferQueue=0xb4000076d7184000 fn= 4 HdrRenderState mRenderHdrSdrRatio=1.0 caller= android.view.SyncRtSurfaceTransactionApplier.applyTransaction:100 android.view.SyncRtSurfaceTransactionApplier.lambda$scheduleApply$0:73 android.view.SyncRtSurfaceTransactionApplier.$r8$lambda$afI4fXg3U3-nBZQEDQMiNy-B06s:0
03-25 10:20:03.504  4709  4886 I VRI[app]@cad1902: mWNT: t=0xb4000076b4c6f400 mBlastBufferQueue=0xb4000076d7184000 fn= 5 HdrRenderState mRenderHdrSdrRatio=1.0 caller= android.view.SyncRtSurfaceTransactionApplier.applyTransaction:100 android.view.SyncRtSurfaceTransactionApplier.lambda$scheduleApply$0:73 android.view.SyncRtSurfaceTransactionApplier.$r8$lambda$afI4fXg3U3-nBZQEDQMiNy-B06s:0
03-25 10:20:03.512 16394 16434 I LocationHistory: (REDACTED) [SqliteTransientDB] I/O operation %s succeeded.
03-25 10:20:03.513  4709  4887 I VRI[app]@cad1902: mWNT: t=0xb400007673ea4880 mBlastBufferQueue=0xb4000076d7184000 fn= 6 HdrRenderState mRenderHdrSdrRatio=1.0 caller= android.view.SyncRtSurfaceTransactionApplier.applyTransaction:100 android.view.SyncRtSurfaceTransactionApplier.lambda$scheduleApply$0:73 android.view.SyncRtSurfaceTransactionApplier.$r8$lambda$afI4fXg3U3-nBZQEDQMiNy-B06s:0
03-25 10:20:03.513  2583 12693 I CameraService: onUidStateChanged: uid=10259, procState is changed. (4 -> 3)
03-25 10:20:03.513  2182  2313 V APM_AudioPolicyManager: setAppState(portId:8180, state:1)
03-25 10:20:03.513  2182  2313 V APM_AudioPolicyManager: setAppState(portId:8180, state:1)
03-25 10:20:03.513  2182  2313 V APM_AudioPolicyManager: setAppState(portId:8180, state:1)
03-25 10:20:03.519 26316 26361 I FontLog : (REDACTED) Received query %s, URI %s
03-25 10:20:03.519 26316 26361 I FontLog : (REDACTED) Query [%s] resolved to %s
03-25 10:20:03.519  3255  3290 I system_server: Background young concurrent mark compact GC freed 41MB AllocSpace bytes, 158(5384KB) LOS objects, 19% free, 194MB/242MB, paused 2.530ms,15.327ms total 211.176ms
03-25 10:20:03.520 26316 26361 I FontLog : (REDACTED) Fetch %s end status %s
03-25 10:20:03.520  4709  4886 I VRI[app]@cad1902: mWNT: t=0xb400007673f8cc80 mBlastBufferQueue=0xb4000076d7184000 fn= 7 HdrRenderState mRenderHdrSdrRatio=1.0 caller= android.view.SyncRtSurfaceTransactionApplier.applyTransaction:100 android.view.SyncRtSurfaceTransactionApplier.lambda$scheduleApply$0:73 android.view.SyncRtSurfaceTransactionApplier.$r8$lambda$afI4fXg3U3-nBZQEDQMiNy-B06s:0
03-25 10:20:03.524 26316 26357 I FontLog : (REDACTED) Pulling font file for id = %d, cache size = %d
03-25 10:20:03.527  3255  3292 W System  : A resource failed to call release.
03-25 10:20:03.528 26316 26357 I FontLog : (REDACTED) Pulling font file for id = %d, cache size = %d
03-25 10:20:03.531  3255  6935 I WindowManager: Relayout Window{a175a10 u0 Splash Screen com.payment.app}: viewVisibility=8 req=1080x2316 ty=3 d0
03-25 10:20:03.531  3255  6935 W PhoneWindowManager: lockNow pending, ignore updating lockscreen timeout
03-25 10:20:03.531  3255  6935 D SurfaceComposerClient: setCornerRadius ## b6d62e9 com.android.systemui/com.android.systemui.cover.CoverHomeActivity#122251 cornerRadius=0.000000
03-25 10:20:03.531  3255  6935 D SurfaceComposerClient: setCornerRadius ## 70a5050 com.google.android.permissioncontroller/com.android.permissioncontroller.permission.ui.GrantPermissionsActivity#124962 cornerRadius=0.000000
03-25 10:20:03.531  3255  6935 D SurfaceComposerClient: setCornerRadius ## 3d64f66 com.payment.app/com.payment.app.MainActivity#124961 cornerRadius=0.000000
03-25 10:20:03.531  3255  6935 W PhoneWindowManager: lockNow pending, ignore updating lockscreen timeout
03-25 10:20:03.531  3255  6935 D SurfaceComposerClient: setCornerRadius ## 70a5050 com.google.android.permissioncontroller/com.android.permissioncontroller.permission.ui.GrantPermissionsActivity#124962 cornerRadius=0.000000
03-25 10:20:03.531  3255  6935 D SurfaceComposerClient: setCornerRadius ## a175a10 Splash Screen com.payment.app#124952 cornerRadius=0.000000
03-25 10:20:03.531  3255  6935 D SurfaceComposerClient: setCornerRadius ## 3d64f66 com.payment.app/com.payment.app.MainActivity#124961 cornerRadius=0.000000
03-25 10:20:03.532  3255  6935 I WindowManager: Relayout hash=a175a10, pid=4709, syncId=-1: mAttrs={(0,0)(fillxfill) sim={adjust=pan} ty=APPLICATION_STARTING fmt=TRANSLUCENT wanim=0x1030317
03-25 10:20:03.532  3255  6935 I WindowManager:   fl=81030118
03-25 10:20:03.532  3255  6935 I WindowManager:   pfl=10000010
03-25 10:20:03.532  3255  6935 I WindowManager:   apr=18
03-25 10:20:03.532  3255  6935 I WindowManager:   bhv=1
03-25 10:20:03.532  3255  6935 I WindowManager:   fitSides=0
03-25 10:20:03.532  3255  6935 I WindowManager:   frameRateBoostOnTouch=true
03-25 10:20:03.532  3255  6935 I WindowManager:   dvrrWindowFrameRateHint=true naviIconColor=0}
03-25 10:20:03.532  4709  4847 I VRI[app]@cad1902: onActiveControlsChanged, removed=false, mAdded=true, caller=android.view.ViewRootImpl.handleInsetsControlChanged:3002 android.view.ViewRootImpl.relayoutWindow:11629 android.view.ViewRootImpl.performTraversals:4804 android.view.ViewRootImpl.doTraversal:3924 android.view.ViewRootImpl$TraversalRunnable.run:12903
03-25 10:20:03.533  4709  4847 I VRI[app]@cad1902: Relayout returned: old=(0,0,1080,2316) new=(0,0,1080,2316) relayoutAsync=false req=(1080,2316)8 dur=1 res=0x2 s={false 0x0} ch=true seqId=0
03-25 10:20:03.533  4709  4847 D VRI[app]@cad1902: Not drawing due to not visible. Reason=View.GONE
03-25 10:20:03.533  4709  4847 W WindowOnBackDispatcher: sendCancelIfRunning: isInProgress=false callback=android.view.ViewRootImpl$$ExternalSyntheticLambda16@cf0c65a
03-25 10:20:03.534  4709  4847 I VRI[app]@cad1902: dispatchDetachedFromWindow
03-25 10:20:03.534  3255  8381 D InputTransport: Input channel destroyed: 'a175a10', fd=1566
03-25 10:20:03.534  3255  8381 W PhoneWindowManager: lockNow pending, ignore updating lockscreen timeout
03-25 10:20:03.534  3255  8381 D SurfaceComposerClient: setCornerRadius ## b6d62e9 com.android.systemui/com.android.systemui.cover.CoverHomeActivity#122251 cornerRadius=0.000000
03-25 10:20:03.534  3255  8381 D SurfaceComposerClient: setCornerRadius ## 70a5050 com.google.android.permissioncontroller/com.android.permissioncontroller.permission.ui.GrantPermissionsActivity#124962 cornerRadius=0.000000
03-25 10:20:03.534  3255  8381 D SurfaceComposerClient: setCornerRadius ## 3d64f66 com.payment.app/com.payment.app.MainActivity#124961 cornerRadius=0.000000
03-25 10:20:03.535  3255  8381 W PhoneWindowManager: lockNow pending, ignore updating lockscreen timeout
03-25 10:20:03.535  3255  8381 D SurfaceComposerClient: setCornerRadius ## 70a5050 com.google.android.permissioncontroller/com.android.permissioncontroller.permission.ui.GrantPermissionsActivity#124962 cornerRadius=0.000000
03-25 10:20:03.535  3255  8381 D SurfaceComposerClient: setCornerRadius ## 3d64f66 com.payment.app/com.payment.app.MainActivity#124961 cornerRadius=0.000000
03-25 10:20:03.535  4709  4847 D InputTransport: Input channel destroyed: 'a175a10', fd=906
03-25 10:20:03.535  3255  3366 W PhoneWindowManager: lockNow pending, ignore updating lockscreen timeout
03-25 10:20:03.535  3255  3366 D SurfaceComposerClient: setCornerRadius ## b6d62e9 com.android.systemui/com.android.systemui.cover.CoverHomeActivity#122251 cornerRadius=0.000000
03-25 10:20:03.535  3255  3366 W PhoneWindowManager: lockNow pending, ignore updating lockscreen timeout
03-25 10:20:03.536  3255  3366 D SurfaceComposerClient: setCornerRadius ## 70a5050 com.google.android.permissioncontroller/com.android.permissioncontroller.permission.ui.GrantPermissionsActivity#124962 cornerRadius=0.000000
03-25 10:20:03.536  3255  3366 D SurfaceComposerClient: setCornerRadius ## 3d64f66 com.payment.app/com.payment.app.MainActivity#124961 cornerRadius=0.000000
03-25 10:20:03.538  3255  3445 I RefreshRateModeManager: Schedule to change HFRmode=REFRESH_RATE_MODE_SEAMLESS, mDisplayToken=android.os.BinderProxy@3e3d584
03-25 10:20:03.538  3255  3445 I RefreshRateModeManager:     -1:
03-25 10:20:03.538  3255  3445 I RefreshRateModeManager:       PRIORITY_REFRESH_RATE_MODE -> CombinedVote{ mVotes=[PhysicalVote{ RefreshRateVote{  mMinRefreshRate=10.0, mMaxRefreshRate=120.0 } }, DisableRefreshRateSwitchingVote{ mDisableRefreshRateSwitching=false }] }
03-25 10:20:03.538  3255  3445 I RefreshRateModeManager:     0:
03-25 10:20:03.538  3255  3445 I RefreshRateModeManager:       PRIORITY_USER_SETTING_PEAK_RENDER_FRAME_RATE -> RenderVote{ RefreshRateVote{  mMinRefreshRate=0.0, mMaxRefreshRate=120.0 } }
03-25 10:20:03.538  3255  3445 I RefreshRateModeManager:       PRIORITY_RESOLUTION -> SizeVote{ mWidth=1080, mHeight=2316, mMinWidth=1080, mMinHeight=2316 }
03-25 10:20:03.538  3255  3445 I RefreshRateModeManager:       PRIORITY_USER_SETTING_PEAK_REFRESH_RATE -> CombinedVote{ mVotes=[PhysicalVote{ RefreshRateVote{  mMinRefreshRate=0.0, mMaxRefreshRate=120.0 } }, DisableRefreshRateSwitchingVote{ mDisableRefreshRateSwitching=false }] }
03-25 10:20:03.538  3255  3445 I RefreshRateModeManager:       PRIORITY_USER_SETTING_DISPLAY_PREFERRED_SIZE -> SizeVote{ mWidth=1080, mHeight=2316, mMinWidth=1080, mMinHeight=2316 }
03-25 10:20:03.538  3255  3445 I RefreshRateModeManager:       PRIORITY_USER_SETTING_MIN_RENDER_FRAME_RATE -> RenderVote{ RefreshRateVote{  mMinRefreshRate=0.0, mMaxRefreshRate=Infinity } }
03-25 10:20:03.538  3255  3445 I RefreshRateModeManager:     4:
03-25 10:20:03.538  3255  3445 I RefreshRateModeManager:       PRIORITY_USER_SETTING_PEAK_RENDER_FRAME_RATE -> RenderVote{ RefreshRateVote{  mMinRefreshRate=0.0, mMaxRefreshRate=120.0 } }
03-25 10:20:03.538  3255  3445 I RefreshRateModeManager:       PRIORITY_USER_SETTING_PEAK_REFRESH_RATE -> CombinedVote{ mVotes=[PhysicalVote{ RefreshRateVote{  mMinRefreshRate=0.0, mMaxRefreshRate=120.0 } }, DisableRefreshRateSwitchingVote{ mDisableRefreshRateSwitching=false }] }
03-25 10:20:03.538  3255  3445 I RefreshRateModeManager:       PRIORITY_USER_SETTING_MIN_RENDER_FRAME_RATE -> RenderVote{ RefreshRateVote{  mMinRefreshRate=0.0, mMaxRefreshRate=Infinity } }
03-25 10:20:03.538  3255  3445 I RefreshRateModeManager:
03-25 10:20:03.538  3255  3445 I RefreshRateModeManager:  mModeSwitchingType: SWITCHING_TYPE_WITHIN_GROUPS mAlwaysRespectAppRequest: false
03-25 10:20:03.538  3255  3445 I RefreshRateModeManager:  Current Mode mReportedRefreshRateMode(toSurfaceFlinger)=REFRESH_RATE_MODE_SEAMLESS, mRefreshRateMode(fromSettings)=REFRESH_RATE_MODE_SEAMLESS
03-25 10:20:03.538  3255  3445 I RefreshRateModeManager:  BrightnessState mPassive=false, PassiveModeToken=false, mLfd=0, mBrightness=69, mAmbientLux=23.0, mIsWirelessCharing=false
03-25 10:20:03.538  3255  3445 I RefreshRateTokenController: Removing refreshRateToken={ RefreshRateToken[->PassiveModeToken:BrightnessAnim, acquire at 630052924 (296 ms ago)}, caller=com.android.server.display.mode.RefreshRateToken.release:5 com.android.server.display.DisplayManagerService$$ExternalSyntheticLambda1.accept:405 com.android.server.display.DisplayPowerController$3.run:24 android.os.Handler.handleCallback:995 android.os.Handler.dispatchMessage:103
03-25 10:20:03.538  2541  2560 I shsusrd : shsusr_check_cpu_usage(): Output of /proc/2541/stat/ : 2541 (shsusrd0) S 1 2541 0 0 -1 1077936384 233302 0 25040 0 4384 16973 0 0 20 0 11 0 2144 2515148800 661 18446744073709551615 427038687232 427038945688 549171569360 0 0 0 0 0 1073794810 0 0 0 17 5 0 0 0 0 0 427038968768 427038969704 427396845568 549171570765 549171570808 549171570808 549171576797 0
03-25 10:20:03.538  2541  2560 I shsusrd :
03-25 10:20:03.538  2541  2560 I shsusrd : shsusr_check_cpu_usage(): utime 4384 stime 16973 cpu_time_last 21357
03-25 10:20:03.538  2541  2560 I shsusrd : shsusr_check_cpu_usage(): user time = 4384 | system time = 16973 | total = 21357 | cpu_time_delta = 0, clk_tck 100
03-25 10:20:03.538  2541  2560 I shsusrd : shsusr_check_cpu_usage(): time_cur 1774401603 time_last 1774401593
03-25 10:20:03.538  2541  2560 I shsusrd : shsusr_check_cpu_usage(): shsusrd is using 0 pct of CPU - time_delta 10
03-25 10:20:03.538  2541  2560 I shsusrd : shsusr_check_cpu_usage(): shsusrd usage 0
03-25 10:20:03.538  2541  2560 I shsusrd : shsusr_check_cpu_usage_combined(): time_delta for combined : 10 time_cur 1774401603 time_last_combined 1774401593
03-25 10:20:03.538  2541  2560 I shsusrd : shsusr_check_cpu_usage_combined(): Output of /proc/2541/task/2541/stat: 2541 (shsusrd0) S 1 2541 0 0 -1 1077936384 1196 0 10 0 1 1 0 0 20 0 11 0 2144 2515148800 661 18446744073709551615 427038687232 427038945688 549171569360 0 0 0 0 0 1073794810 1 0 0 17 5 0 0 0 0 0 427038968768 427038969704 427396845568 549171570765 549171570808 549171570808 549171576797 0
03-25 10:20:03.538  2541  2560 I shsusrd :
03-25 10:20:03.538  2541  2560 I shsusrd : shsusr_check_cpu_usage_combined(): tid 2541 utime 1 stime 1 time_delta 10 clk_tck 100, usage 0
03-25 10:20:03.538  2541  2560 I shsusrd : shsusr_check_cpu_usage_combined(): Output of /proc/2541/task/2557/stat: 2557 (shsusrd12) S 1 2541 0 0 -1 4194368 203960 0 15987 0 453 2138 0 0 20 0 11 0 2148 2515148800 661 18446744073709551615 427038687232 427038945688 549171569360 0 0 0 0 0 1073794810 1 0 0 -1 1 0 0 0 0 0 427038968768 427038969704 427396845568 549171570765 549171570808 549171570808 549171576797 0
03-25 10:20:03.538  2541  2560 I shsusrd :
03-25 10:20:03.538  2541  2560 I shsusrd : shsusr_check_cpu_usage_combined(): tid 2557 utime 453 stime 2138 time_delta 10 clk_tck 100, usage 200
03-25 10:20:03.538  2541  2560 I shsusrd : shsusr_check_cpu_usage_combined(): Output of /proc/2541/task/2558/stat: 2558 (shsusrd2) S 1 2541 0 0 -1 4194368 650 0 1562 0 5 134 0 0 20 0 11 0 2148 2515148800 661 18446744073709551615 427038687232 427038945688 549171569360 0 0 0 0 0 1073794810 1 0 0 -1 4 0 0 0 0 0 427038968768 427038969704 427396845568 549171570765 549171570808 549171570808 549171576797 0
03-25 10:20:03.538  2541  2560 I shsusrd :
03-25 10:20:03.539  2541  2560 I shsusrd : shsusr_check_cpu_usage_combined(): tid 2558 utime 5 stime 134 time_delta 10 clk_tck 100, usage 0
03-25 10:20:03.539  2541  2560 I shsusrd : shsusr_check_cpu_usage_combined(): Output of /proc/2541/task/2559/stat: 2559 (shsusrd13) S 1 2541 0 0 -1 1077936192 307 0 1448 0 13 65 0 0 20 0 11 0 2148 2515148800 661 18446744073709551615 427038687232 427038945688 549171569360 0 0 0 0 0 1073794810 1 0 0 -1 1 0 0 0 0 0 427038968768 427038969704 427396845568 549171570765 549171570808 549171570808 549171576797 0
03-25 10:20:03.539  2541  2560 I shsusrd :
03-25 10:20:03.539  2541  2560 I shsusrd : shsusr_check_cpu_usage_combined(): tid 2559 utime 13 stime 65 time_delta 10 clk_tck 100, usage 0
03-25 10:20:03.539  3255  3365 D SurfaceControl: notifyHFRmode, displayToken=android.os.BinderProxy@3e3d584, hfrMode=REFRESH_RATE_MODE_SEAMLESS
03-25 10:20:03.539  2541  2560 I shsusrd : shsusr_check_cpu_usage_combined(): Output of /proc/2541/task/2560/stat: 2560 (shsusrd42) R 1 2541 0 0 -1 4194368 59 0 121 0 3773 13779 0 0 20 0 11 0 2148 2515148800 661 18446744073709551615 427038687232 427038945688 549171569360 0 0 0 0 0 1073794810 0 0 0 -1 1 0 0 0 0 0 427038968768 427038969704 427396845568 549171570765 549171570808 549171570808 549171576797 0
03-25 10:20:03.539  2541  2560 I shsusrd :
03-25 10:20:03.539  2541  2560 I shsusrd : shsusr_check_cpu_usage_combined(): tid 2560 utime 3773 stime 13779 time_delta 10 clk_tck 100, usage 1700
03-25 10:20:03.539  2193  2320 I SurfaceFlinger: [4630947093241269891] HFR mode : 1
03-25 10:20:03.539  2541  2560 I shsusrd : shsusr_check_cpu_usage_combined(): Output of /proc/2541/task/2561/stat: 2561 (shsusrd4) S 1 2541 0 0 -1 4194368 0 0 0 0 3 107 0 0 20 0 11 0 2148 2515148800 661 18446744073709551615 427038687232 427038945688 549171569360 0 0 0 0 0 1073794810 1 0 0 -1 0 0 0 0 0 0 427038968768 427038969704 427396845568 549171570765 549171570808 549171570808 549171576797 0
03-25 10:20:03.539  2541  2560 I shsusrd :
03-25 10:20:03.539  2541  2560 I shsusrd : shsusr_check_cpu_usage_combined(): tid 2561 utime 3 stime 107 time_delta 10 clk_tck 100, usage 0
03-25 10:20:03.539  2541  2560 I shsusrd : shsusr_check_cpu_usage_combined(): Output of /proc/2541/task/2562/stat: 2562 (shsusrd14) S 1 2541 0 0 -1 4194368 362 0 678 0 3 138 0 0 20 0 11 0 2148 2515148800 661 18446744073709551615 427038687232 427038945688 549171569360 0 0 0 0 0 1073794810 1 0 0 -1 5 0 0 0 0 0 427038968768 427038969704 427396845568 549171570765 549171570808 549171570808 549171576797 0
03-25 10:20:03.539  2541  2560 I shsusrd :
03-25 10:20:03.539  2541  2560 I shsusrd : shsusr_check_cpu_usage_combined(): tid 2562 utime 3 stime 138 time_delta 10 clk_tck 100, usage 0
03-25 10:20:03.539  2541  2560 I shsusrd : shsusr_check_cpu_usage_combined(): Output of /proc/2541/task/7594/stat: 7594 (shsusrd14) S 1 2541 0 0 -1 4194368 0 0 83 0 1 119 0 0 20 0 11 0 6882 2515148800 661 18446744073709551615 427038687232 427038945688 549171569360 0 0 0 0 0 1073794810 1 0 0 -1 0 0 0 0 0 0 427038968768 427038969704 427396845568 549171570765 549171570808 549171570808 549171576797 0
03-25 10:20:03.539  2541  2560 I shsusrd :
03-25 10:20:03.539  2541  2560 I shsusrd : shsusr_check_cpu_usage_combined(): tid 7594 utime 1 stime 119 time_delta 10 clk_tck 100, usage 0
03-25 10:20:03.539  2541  2560 I shsusrd : shsusr_check_cpu_usage_combined(): Output of /proc/2541/task/7596/stat: 7596 (shsusrd7) S 1 2541 0 0 -1 4194368 5 0 122 0 3 117 0 0 20 0 11 0 6883 2515148800 661 18446744073709551615 427038687232 427038945688 549171569360 0 0 0 0 0 1073794810 1 0 0 -1 2 0 0 0 0 0 427038968768 427038969704 427396845568 549171570765 549171570808 549171570808 549171576797 0
03-25 10:20:03.539  2541  2560 I shsusrd :
03-25 10:20:03.539  2541  2560 I shsusrd : shsusr_check_cpu_usage_combined(): tid 7596 utime 3 stime 117 time_delta 10 clk_tck 100, usage 0
03-25 10:20:03.539  2541  2560 I shsusrd : shsusr_check_cpu_usage_combined(): Output of /proc/2541/task/7598/stat: 7598 (shsusrd5) S 1 2541 0 0 -1 4194368 21 0 248 0 1 120 0 0 20 0 11 0 6883 2515148800 661 18446744073709551615 427038687232 427038945688 549171569360 0 0 0 0 0 1073794810 1 0 0 -1 0 0 0 0 0 0 427038968768 427038969704 427396845568 549171570765 549171570808 549171570808 549171576797 0
03-25 10:20:03.539  2541  2560 I shsusrd :
03-25 10:20:03.539  2541  2560 I shsusrd : shsusr_check_cpu_usage_combined(): tid 7598 utime 1 stime 120 time_delta 10 clk_tck 100, usage 0
03-25 10:20:03.539  2541  2560 I shsusrd : shsusr_check_cpu_usage_combined(): Output of /proc/2541/task/7626/stat: 7626 (HwBinder:2541_1) S 1 2541 0 0 -1 1077936192 5 0 0 0 0 0 0 0 20 0 11 0 6978 2515148800 661 18446744073709551615 427038687232 427038945688 549171569360 0 0 0 0 0 1073794810 1 0 0 -1 0 0 0 0 0 0 427038968768 427038969704 427396845568 549171570765 549171570808 549171570808 549171576797 0
03-25 10:20:03.539  2541  2560 I shsusrd :
03-25 10:20:03.539  2541  2560 I shsusrd : shsusr_check_cpu_usage_combined(): tid 7626 utime 0 stime 0 time_delta 10 clk_tck 100, usage 0
03-25 10:20:03.539  2541  2560 I shsusrd : shsusr_check_cpu_usage_combined(): Combined CPU usage: total_utime 4256 total_stime 16718 total_cpu_time_seconds 0.00, clk_tck 100
03-25 10:20:03.539  2541  2560 I shsusrd : shsusr_check_cpu_usage_combined(): Combined shsusrd usage 0
03-25 10:20:03.539  2541  2560 I shsusrd : shsusr_check_cpu_usage_combined(): Combined shsusrd usage FINAL 0
03-25 10:20:03.541  3255  3366 W PhoneWindowManager: lockNow pending, ignore updating lockscreen timeout
03-25 10:20:03.541  3255  3366 D SurfaceComposerClient: setCornerRadius ## b6d62e9 com.android.systemui/com.android.systemui.cover.CoverHomeActivity#122251 cornerRadius=0.000000
03-25 10:20:03.541  3255  3366 W PhoneWindowManager: lockNow pending, ignore updating lockscreen timeout
03-25 10:20:03.541  3255  3366 D SurfaceComposerClient: setCornerRadius ## 70a5050 com.google.android.permissioncontroller/com.android.permissioncontroller.permission.ui.GrantPermissionsActivity#124962 cornerRadius=0.000000
03-25 10:20:03.541  3255  3366 D SurfaceComposerClient: setCornerRadius ## 3d64f66 com.payment.app/com.payment.app.MainActivity#124961 cornerRadius=0.000000
03-25 10:20:03.545  2193  2193 I SurfaceFlinger: [Display 0 name="内蔵スクリーン"#49] setFrameRateCategory: Default
03-25 10:20:03.545  2193  2193 I SurfaceFlinger: [LayerHierarchy{RequestedLayerState{a175a10 Splash Screen com.payment.app#124952 z=2147483647} 1 children}] reparent to OffscreenRoot
03-25 10:20:03.545  2193  2193 I SurfaceFlinger: [LayerHierarchy{RequestedLayerState{a175a10 Splash Screen com.payment.app#124952 z=2147483647} 1 children}] RelativeParent to null
03-25 10:20:03.545  2193  2193 I SurfaceFlinger: [LayerHierarchy{RequestedLayerState{Splash Screen com.payment.app$_4709#124955} no children}] reparent to OffscreenRoot
03-25 10:20:03.545  2193  2193 I SurfaceFlinger: [LayerHierarchy{RequestedLayerState{Splash Screen com.payment.app$_4709#124955} no children}] RelativeParent to null
03-25 10:20:03.545  2193  2193 I SurfaceFlinger: [LayerHierarchy{RequestedLayerState{3d64f66 com.payment.app/com.payment.app.MainActivity#124961 parentId=124951} 1 children}] reparent to LayerHierarchy{RequestedLayerState{ActivityRecord{35911904 u0 com.payment.app/.MainActivity t15128}#124951 parentId=124950} 3 children}
03-25 10:20:03.545  2193  2193 I SurfaceFlinger: [LayerHierarchy{RequestedLayerState{Surface(name=3d64f66 com.payment.app/com.payment.app.MainActivity)/@0xfc16563 - animation-leash of starting_reveal#124973} no children}] reparent to OffscreenRoot
03-25 10:20:03.545  2193  2193 I SurfaceFlinger: [LayerHierarchy{RequestedLayerState{Surface(name=3d64f66 com.payment.app/com.payment.app.MainActivity)/@0xfc16563 - animation-leash of starting_reveal#124973} no children}] RelativeParent to null
03-25 10:20:03.546  2193  2193 I SurfaceFlinger: id=124955 Removed Splash Screen com.payment.app$_4709#124955 (217)
03-25 10:20:03.546  2193  2193 I SurfaceFlinger: id=124952 Removed a175a10 Splash Screen com.payment.app#124952 (217)
03-25 10:20:03.547  2193  2193 D SurfaceFlinger: Display 4630947093241269891 HWC layers:
03-25 10:20:03.547  2193  2193 D SurfaceFlinger:        DEVICE |           67568425500675 | 00002102 | RGBA_8888    |    0.0    0.0 1080.0 2316.0 |    0    0 1080 2316 | com.payment.app/com.payment.app.MainActivity$_15732#124972 (1)
03-25 10:20:03.547  2193  2193 D SurfaceFlinger:   SOLID_COLOR |                        0 | 00000000 | N/A          |    0.0    0.0    0.0    0.0 |    0    0 1080 2316 | Dim Layer for - Task=15128#124970 (0)
03-25 10:20:03.547  2193  2193 D SurfaceFlinger:        DEVICE |           32968168964127 | 00002100 | RGBA_8888    |    6.0    0.0 1086.0  752.0 |    0 1426 1080 2178 | com.google.android.permissioncontrol[...]rantPermissionsActivity$_7676#124963 (4)
03-25 10:20:03.547  2193  2193 D SurfaceFlinger:        DEVICE |           20225001072405 | 00002100 | RGBA_8888    |    0.0    0.0 1080.0   75.0 |    0    0 1080   75 | StatusBar$_4709#110 (376524)
03-25 10:20:03.547  2193  2193 D SurfaceFlinger:        DEVICE |           22325240023386 | 00002100 | RGBA_8888    |    0.0    0.0   67.0  297.0 | 1013  517 1080  814 | com.sec.android.app.launcher/com.sam[...].app.CocktailBarService$_5198#124868 (1)
03-25 10:20:03.547  2193  2193 D SurfaceFlinger:        DEVICE |           20225001072433 | 00002100 | RGBA_8888    |    0.0    0.0 1
03-25 10:20:03.547  2193  2193 D SurfaceFlinger: 080.0  144.0 |    0 2172 1080 2316 | NavigationBar0$_4709#106 (160425)
03-25 10:20:03.547  2193  2193 D SurfaceFlinger:
03-25 10:20:03.549 11270 15757 I Routine@Core[4.9.04.13]: AppFunctionsActionHandler: isSupported: supportStatus = SUPPORTED, tag = appfunction://com.samsung.android.app.reminder.data.crossappactions#TaskFunctions_showTask
03-25 10:20:03.552 11270 15757 I Routine@Core[4.9.04.13]: TASKD/ActionTaskAdapterFactoryImpl: getAdapter - metaId=appfunction://com.sec.android.app.clockpackage.crossappactions#StopwatchCrossAppFunctions_stopStopwatch(id=402)
03-25 10:20:03.553  2193  2193 I SurfaceFlinger: destroyed a175a10 Splash Screen com.payment.app#124952 form LifecycleManager
03-25 10:20:03.553  2193  2193 I SurfaceFlinger: destroyed Splash Screen com.payment.app$_4709#124955 form LifecycleManager
03-25 10:20:03.553  2193  2193 I SurfaceFlinger: id=124952 onLayerDestroyed from LayerHierarchyBuilder(RequestedLayerState{a175a10 Splash Screen com.payment.app#124952 !handle z=2147483647})
03-25 10:20:03.553  2193  2193 I SurfaceFlinger: id=124955 onLayerDestroyed from LayerHierarchyBuilder(RequestedLayerState{Splash Screen com.payment.app$_4709#124955 !handle})
03-25 10:20:03.554  2193  2193 I Layer   : id=124952 Destroyed a175a10 Splash Screen com.payment.app#124952
03-25 10:20:03.554  2193  2193 I Layer   : id=124955 Destroyed Splash Screen com.payment.app$_4709#124955
03-25 10:20:03.555  2193  2193 I HWComposer: [4630947093241269891] ActiveConfigToHWC, ID : 7
03-25 10:20:03.563  2182  6166 D AudioFlinger: setParameters: filtered dev setParameters keyvalue screen_state=on
03-25 10:20:03.563  2070  2138 D AHAL: AudioDevice: SetParameters: 1799: enter
03-25 10:20:03.563  2070  2138 D AHAL: AudioVoice: VoiceSetParameters: 171: Enter
03-25 10:20:03.563  2070  2138 D AHAL: AudioVoice: VoiceSetParameters: 416: Exit ret: 0
03-25 10:20:03.563  2070  2138 D AHAL: hfp: hfp_set_parameters: 447: enter
03-25 10:20:03.564  2070  2138 D AHAL: AudioDevice: SetParameters: 1879:  - screen = on
03-25 10:20:03.564  2070  2138 I PAL: ResourceManager: setParameter: 9278: Screen State:1
03-25 10:20:03.564  2070  2138 D AHAL: AudioDevice: SetParameters: 2521: exit: screen_state=on
03-25 10:20:03.564  3255  3255 D AODManagerService: requestReCalToTSP IsSingleTouchMode = falserequestedReCalToTSP = false / previousDisplayState = ON
03-25 10:20:03.564  3255  5801 D LiftUpHandler: [LTW] Stopped already.
03-25 10:20:03.564  2070  2138 I Audio_a2dpsink_hw: adev_set_parameters: kevpairs=[screen_state=on]
03-25 10:20:03.565  3255  4502 D AS.DesktopModeHelper: onDisplayChanged: #Id=0
03-25 10:20:03.566  4709  4709 D DisplayLifecycle: updateDisplay id = 0
03-25 10:20:03.566  4709  4864 D StackScroller: onDisplayChanged for predraw skip to 2
03-25 10:20:03.566  3255  3366 W PhoneWindowManager: lockNow pending, ignore updating lockscreen timeout
03-25 10:20:03.566  3255  3366 D SurfaceComposerClient: setCornerRadius ## b6d62e9 com.android.systemui/com.android.systemui.cover.CoverHomeActivity#122251 cornerRadius=0.000000
03-25 10:20:03.566  3255  3366 W PhoneWindowManager: lockNow pending, ignore updating lockscreen timeout
03-25 10:20:03.566  3255  3366 D SurfaceComposerClient: setCornerRadius ## 70a5050 com.google.android.permissioncontroller/com.android.permissioncontroller.permission.ui.GrantPermissionsActivity#124962 cornerRadius=0.000000
03-25 10:20:03.566  3255  3366 D SurfaceComposerClient: setCornerRadius ## 3d64f66 com.payment.app/com.payment.app.MainActivity#124961 cornerRadius=0.000000
03-25 10:20:03.568  5198  7460 I HoneySpace.Memory-Monitor: current state = 2, didTrim = false
03-25 10:20:03.570  2145  2448 I SDM     : HWDeviceDRM::SetDisplaySwitchMode: [DispConfigs] check hs_mode 1
03-25 10:20:03.571  2145  2448 W SDM     : HWDeviceDRM::GetSupportedBitClkRate: Requested rate not supported: 1362080000
03-25 10:20:03.571  2145  2448 I SDM     : HWDeviceDRM::SetDisplaySwitchMode: [DispConfigs] Mode 7 1080x2316x120xcmdHS already set
03-25 10:20:03.571  2145  2448 I SDM     : HWDeviceDRM::UpdateMixerAttributes: Mixer WxH 1080x2316-1 for Peripheral
03-25 10:20:03.571  2145  2448 I SDM     : HWCDisplay::SubmitDisplayConfig: Active configuration changed from config 7 to 7
03-25 10:20:03.582  5198 15778 I SearchableManager: invalidate: com.payment.app.test
03-25 10:20:03.583 10718 11941 I cn_CronetUrlRequestContext: destroyNativeStreamLocked org.chromium.net.impl.CronetBidirectionalStream@28ec040
03-25 10:20:03.591 11270 15757 I Routine@Core[4.9.04.13]: AppFunctionsActionHandler: isSupported: supportStatus = SUPPORTED, tag = appfunction://com.sec.android.app.clockpackage.crossappactions#StopwatchCrossAppFunctions_stopStopwatch
03-25 10:20:03.595 19720 19720 E .applockwatcher: hiddenapi: Accessing hidden field Landroid/view/inputmethod/InputMethodManager;->mCurRootView:Landroid/view/ViewRootImpl; (runtime_flags=0, domain=platform, api=blocked) from Lcom/blankj/utilcode/util/KeyboardUtils; (domain=app, TargetSdkVersion=35) using reflection: denied
03-25 10:20:03.595 19720 19720 E .applockwatcher: hiddenapi: Accessing hidden field Landroid/view/inputmethod/InputMethodManager;->mServedView:Landroid/view/View; (runtime_flags=0, domain=platform, api=blocked) from Lcom/blankj/utilcode/util/KeyboardUtils; (domain=app, TargetSdkVersion=35) using reflection: denied
03-25 10:20:03.595 19720 19720 E .applockwatcher: hiddenapi: Accessing hidden field Landroid/view/inputmethod/InputMethodManager;->mNextServedView:Landroid/view/View; (runtime_flags=0, domain=platform, api=blocked) from Lcom/blankj/utilcode/util/KeyboardUtils; (domain=app, TargetSdkVersion=35) using reflection: denied
03-25 10:20:03.596 19720 19720 I WindowManager: WindowManagerGlobal#removeView, ty=2, view=com.android.internal.policy.DecorView{de84b26 G.E...... R.....ID 0,0-984,861 aid=1073741824}[DialogHostActivity], caller=android.view.WindowManagerGlobal.removeView:654 android.view.WindowManagerImpl.removeViewImmediate:216 android.app.Dialog.dismissDialog:850
03-25 10:20:03.596 19720 19720 W WindowOnBackDispatcher: sendCancelIfRunning: isInProgress=false callback=android.view.ViewRootImpl$$ExternalSyntheticLambda16@e163dae
03-25 10:20:03.597 19720 20031 D HWUI    : CacheManager::trimMemory(20)
03-25 10:20:03.597 19720 19720 D ViewRootImpl: Skipping stats log for color mode
03-25 10:20:03.597 19720 19720 I VRI[DialogHostActivity]@831c367: dispatchDetachedFromWindow
03-25 10:20:03.597  3255  8369 D InputTransport: Input channel destroyed: '9ad111b', fd=1401
03-25 10:20:03.597  3255  8369 W PhoneWindowManager: lockNow pending, ignore updating lockscreen timeout
03-25 10:20:03.598  3255  8369 D SurfaceComposerClient: setCornerRadius ## b6d62e9 com.android.systemui/com.android.systemui.cover.CoverHomeActivity#122251 cornerRadius=0.000000
03-25 10:20:03.598  3255  8369 D SurfaceComposerClient: setCornerRadius ## 70a5050 com.google.android.permissioncontroller/com.android.permissioncontroller.permission.ui.GrantPermissionsActivity#124962 cornerRadius=0.000000
03-25 10:20:03.598  3255  8369 D SurfaceComposerClient: setCornerRadius ## 3d64f66 com.payment.app/com.payment.app.MainActivity#124961 cornerRadius=0.000000
03-25 10:20:03.598  3255  8369 W PhoneWindowManager: lockNow pending, ignore updating lockscreen timeout
03-25 10:20:03.598  3255  8369 D SurfaceComposerClient: setCornerRadius ## 70a5050 com.google.android.permissioncontroller/com.android.permissioncontroller.permission.ui.GrantPermissionsActivity#124962 cornerRadius=0.000000
03-25 10:20:03.598  3255  8369 D SurfaceComposerClient: setCornerRadius ## 3d64f66 com.payment.app/com.payment.app.MainActivity#124961 cornerRadius=0.000000
03-25 10:20:03.599 19720 19720 D InputTransport: Input channel destroyed: '9ad111b', fd=276
03-25 10:20:03.600 19720 19720 W WindowOnBackDispatcher: sendCancelIfRunning: isInProgress=false callback=android.view.ViewRootImpl$$ExternalSyntheticLambda16@ea084c2
03-25 10:20:03.600 11270 15757 I Routine@Core[4.9.04.13]: TASKD/ActionTaskAdapterFactoryImpl: getAdapter - metaId=appfunction://com.sec.android.app.clockpackage.crossappactions#AlarmCrossAppActions_createAlarm(id=403)
03-25 10:20:03.600 19720 20031 D HWUI    : CacheManager::trimMemory(20)
03-25 10:20:03.600 19720 19720 I VRI[DialogHostActivity]@dc5042d: dispatchDetachedFromWindow
03-25 10:20:03.600  3255  8381 D InputTransport: Input channel destroyed: '13cfd88', fd=1510
03-25 10:20:03.601  3255  8381 W PhoneWindowManager: lockNow pending, ignore updating lockscreen timeout
03-25 10:20:03.601  3255  8381 D SurfaceComposerClient: setCornerRadius ## b6d62e9 com.android.systemui/com.android.systemui.cover.CoverHomeActivity#122251 cornerRadius=0.000000
03-25 10:20:03.601  3255  8381 D SurfaceComposerClient: setCornerRadius ## 70a5050 com.google.android.permissioncontroller/com.android.permissioncontroller.permission.ui.GrantPermissionsActivity#124962 cornerRadius=0.000000
03-25 10:20:03.601  3255  8381 D SurfaceComposerClient: setCornerRadius ## 3d64f66 com.payment.app/com.payment.app.MainActivity#124961 cornerRadius=0.000000
03-25 10:20:03.601  3255  8381 W PhoneWindowManager: lockNow pending, ignore updating lockscreen timeout
03-25 10:20:03.601  3255  8381 D SurfaceComposerClient: setCornerRadius ## 70a5050 com.google.android.permissioncontroller/com.android.permissioncontroller.permission.ui.GrantPermissionsActivity#124962 cornerRadius=0.000000
03-25 10:20:03.601  3255  8381 D SurfaceComposerClient: setCornerRadius ## 3d64f66 com.payment.app/com.payment.app.MainActivity#124961 cornerRadius=0.000000
03-25 10:20:03.601 19720 19720 D InputTransport: Input channel destroyed: '13cfd88', fd=278
03-25 10:20:03.602  2193  2553 I SurfaceFlinger: id=124947 Removed 63401d2 ActivityRecordInputSink com.domobile.applockwatcher/.ui.common.controller.DialogHostActivity#124947 (215)
03-25 10:20:03.602  2193  2553 I SurfaceFlinger: id=124974 createSurf, flag=24004, Task=15127#124974
03-25 10:20:03.603  2193  2193 I SurfaceFlinger: [Task=15127#124974] attach to parent Root
03-25 10:20:03.606  5198  5198 I HoneySpace.TaskStackChangeRepositoryImpl: onTaskRemoved : 15127
03-25 10:20:03.606  5198  7460 I HoneySpace.RecentTasks: onRunningTaskVanished
03-25 10:20:03.606  5198  7460 I HoneySpace.RecentTasks: onRecentTasksChanged
03-25 10:20:03.606  5198  5198 I HoneySpace.TaskListViewModel[231755430]: taskRemoveId, 15127
03-25 10:20:03.606  5198  5198 W HoneySpace.TaskListViewModel[231755430]: task is already removed: 15127
03-25 10:20:03.606  5198  5312 I HoneySpace.TopTaskSource: onTaskRemoved: 15127
03-25 10:20:03.606  5198  5198 I HoneySpace.TaskStackChangeRepositoryImpl: onTaskRemoved : 15127
03-25 10:20:03.607  5198  5198 I HoneySpace.TaskListViewModel[231755430]: taskRemoveId, 15127
03-25 10:20:03.607  5198  5198 W HoneySpace.TaskListViewModel[231755430]: task is already removed: 15127
03-25 10:20:03.607  5198  5312 I HoneySpace.TopTaskSource: onTaskRemoved: 15127
03-25 10:20:03.612  2193  2193 I SurfaceFlinger: [LayerHierarchy{RequestedLayerState{9ad111b com.domobile.applockwatcher/com.domobile.applockwatcher.ui.common.controller.DialogHostActivity#124939 z=1} no children}] reparent to OffscreenRoot
03-25 10:20:03.612  2193  2193 I SurfaceFlinger: [LayerHierarchy{RequestedLayerState{9ad111b com.domobile.applockwatcher/com.domobile.applockwatcher.ui.common.controller.DialogHostActivity#124939 z=1} no children}] RelativeParent to null
03-25 10:20:03.612  2193  2193 I SurfaceFlinger: [LayerHierarchy{RequestedLayerState{Task=15127#124937 z=8} 1 children}] reparent to OffscreenRoot
03-25 10:20:03.612  2193  2193 I SurfaceFlinger: [LayerHierarchy{RequestedLayerState{Task=15127#124937 z=8} 1 children}] RelativeParent to null
03-25 10:20:03.612  2193  2193 I SurfaceFlinger: [LayerHierarchy{RequestedLayerState{ActivityRecord{157951069 u0 com.domobile.applockwatcher/.ui.common.controller.DialogHostActivity t15127}#124938} 2 children}] reparent to OffscreenRoot
03-25 10:20:03.612  2193  2193 I SurfaceFlinger: [LayerHierarchy{RequestedLayerState{ActivityRecord{157951069 u0 com.domobile.applockwatcher/.ui.common.controller.DialogHostActivity t15127}#124938} 2 children}] RelativeParent to null
03-25 10:20:03.612  2193  2193 I SurfaceFlinger: [LayerHierarchy{RequestedLayerState{13cfd88 com.domobile.applockwatcher/com.domobile.applockwatcher.ui.common.controller.DialogHostActivity#124942} no children}] reparent to OffscreenRoot
03-25 10:20:03.612  2193  2193 I SurfaceFlinger: [LayerHierarchy{RequestedLayerState{13cfd88 com.domobile.applockwatcher/com.domobile.applockwatcher.ui.common.controller.DialogHostActivity#124942} no children}] RelativeParent to null
03-25 10:20:03.612  2193  2193 I SurfaceFlinger: [LayerHierarchy{RequestedLayerState{Task=15127#124974 z=8} no children}] reparent to OffscreenRoot
03-25 10:20:03.612  2193  2193 I SurfaceFlinger: [LayerHierarchy{RequestedLayerState{Task=15127#124974 z=8} no children}] RelativeParent to null
03-25 10:20:03.612  2193  2193 I SurfaceFlinger: id=124974 Removed Task=15127#124974 (216)
03-25 10:20:03.612  2193  2193 I SurfaceFlinger: id=124938 Removed ActivityRecord{157951069 u0 com.domobile.applockwatcher/.ui.common.controller.DialogHostActivity t15127}#124938 (216)
03-25 10:20:03.612  2193  2193 I SurfaceFlinger: id=124942 Removed 13cfd88 com.domobile.applockwatcher/com.domobile.applockwatcher.ui.common.controller.DialogHostActivity#124942 (216)
03-25 10:20:03.612  2193  2193 I SurfaceFlinger: id=124939 Removed 9ad111b com.domobile.applockwatcher/com.domobile.applockwatcher.ui.common.controller.DialogHostActivity#124939 (216)
03-25 10:20:03.620  2193  2193 I SurfaceFlinger: destroyed 9ad111b com.domobile.applockwatcher/com.domobile.applockwatcher.ui.common.controller.DialogHostActivity#124939 form LifecycleManager
03-25 10:20:03.620  2193  2193 I SurfaceFlinger: destroyed Task=15127#124974 form LifecycleManager
03-25 10:20:03.620  2193  2193 I SurfaceFlinger: destroyed ActivityRecord{157951069 u0 com.domobile.applockwatcher/.ui.common.controller.DialogHostActivity t15127}#124938 form LifecycleManager
03-25 10:20:03.620  2193  2193 I SurfaceFlinger: destroyed 13cfd88 com.domobile.applockwatcher/com.domobile.applockwatcher.ui.common.controller.DialogHostActivity#124942 form LifecycleManager
03-25 10:20:03.620  2193  2193 I SurfaceFlinger: destroyed 63401d2 ActivityRecordInputSink com.domobile.applockwatcher/.ui.common.controller.DialogHostActivity#124947 form LifecycleManager
03-25 10:20:03.620  2193  2193 I SurfaceFlinger: id=124939 onLayerDestroyed from LayerHierarchyBuilder(RequestedLayerState{9ad111b com.domobile.applockwatcher/com.domobile.applockwatcher.ui.common.controller.DialogHostActivity#124939 !handle z=1})
03-25 10:20:03.620  2193  2193 I SurfaceFlinger: id=124974 onLayerDestroyed from LayerHierarchyBuilder(RequestedLayerState{Task=15127#124974 !handle z=8})
03-25 10:20:03.620  2193  2193 I SurfaceFlinger: id=124938 onLayerDestroyed from LayerHierarchyBuilder(RequestedLayerState{ActivityRecord{157951069 u0 com.domobile.applockwatcher/.ui.common.controller.DialogHostActivity t15127}#124938 !handle})
03-25 10:20:03.620  2193  2193 I SurfaceFlinger: id=124942 onLayerDestroyed from LayerHierarchyBuilder(RequestedLayerState{13cfd88 com.domobile.applockwatcher/com.domobile.applockwatcher.ui.common.controller.DialogHostActivity#124942 !handle})
03-25 10:20:03.620  2193  2193 I SurfaceFlinger: id=124947 onLayerDestroyed from LayerHierarchyBuilder(RequestedLayerState{63401d2 ActivityRecordInputSink com.domobile.applockwatcher/.ui.common.controller.DialogHostActivity#124947 !handle z=-2147483648})
03-25 10:20:03.620  2193  2193 I Layer   : id=124939 Destroyed 9ad111b com.domobile.applockwatcher/com.domobile.applockwatcher.ui.common.controller.DialogHostActivity#124939
03-25 10:20:03.621  2193  2193 I Layer   : id=124974 Destroyed Task=15127#124974
03-25 10:20:03.621  2193  2193 I Layer   : id=124938 Destroyed ActivityRecord{157951069 u0 com.domobile.applockwatcher/.ui.common.controller.DialogHostActivity t15127}#124938
03-25 10:20:03.621  2193  2193 I Layer   : id=124942 Destroyed 13cfd88 com.domobile.applockwatcher/com.domobile.applockwatcher.ui.common.controller.DialogHostActivity#124942
03-25 10:20:03.621  2193  2193 I Layer   : id=124947 Destroyed 63401d2 ActivityRecordInputSink com.domobile.applockwatcher/.ui.common.controller.DialogHostActivity#124947
03-25 10:20:03.633  3255  3392 I SemExecuteManagerService: onPackageModified
03-25 10:20:03.633  3255  3392 D LauncherApps: onPackageChanged 0,com.payment.app
03-25 10:20:03.633  4709  4736 D LauncherApps: onPackageChanged 0,com.payment.app
03-25 10:20:03.633  5198  5198 I HoneySpace.PackageOperationTracker: onPackageChanged - com.payment.app UserHandle{0}
03-25 10:20:03.633  5198  5198 I HoneySpace.PackageChangedCallbackImpl: onPackageChanged: com.payment.app / UserHandle{0}
03-25 10:20:03.634 19730 20403 I SAMSUNGWALLET: [Hint_SimpleHintProcessMonitor] package changed : com.payment.app , execute : true
03-25 10:20:03.634 19730 20403 I SAMSUNGWALLET: [Hint_SimpleHintProcessMonitor] ensureHomePackagesLoaded - already update, isHomePackageEmpty : false, isKnoxRunning : false
03-25 10:20:03.633  7800 18080 D LauncherApps: onPackageChanged 0,com.payment.app
03-25 10:20:03.635  3255  4523 I AppWidgetServiceImpl: Received broadcast: android.intent.action.PACKAGE_CHANGED, Updates all providers with com.payment.app, userId: 0
03-25 10:20:03.635  3255  4523 D AppWidgetServiceImpl: Template widget preview's records are cleared because of package com.payment.app changed
03-25 10:20:03.636  3255  4255 D SEP_UNION_SemDeviceInfoManagerService: onReceive : android.intent.action.PACKAGE_CHANGED, userId = 0
03-25 10:20:03.636 17894 17894 I [MCFDs]_AppStatusHelper: updateStatus - packageName:app, isAvailable:false
03-25 10:20:03.637  5198 26724 I HoneySpace.FilteredItemProvider[ArchivedApps]: updateArchivedApps: []
