03-25 11:21:06.094 11270 15757 I Routine@Core[4.9.04.13]: RoutineDataMigrator: isAvailableToMigrate() newPackageName:com.samsung.android.waterplugin, newTag:watch_theater_mode, isAvailableToMigrate:false
03-25 11:21:06.094 11270 15757 I Routine@Core[4.9.04.13]: RoutineDataMigrator: isAvailableToMigrate() newPackageName:com.samsung.android.heartplugin, newTag:watch_theater_mode, isAvailableToMigrate:false
03-25 11:21:06.094 11270 15757 I Routine@Core[4.9.04.13]: RoutineDataMigrator: isAvailableToMigrate() newPackageName:com.samsung.android.lool, newTag:dc_enhanced_processing, isAvailableToMigrate:false
03-25 11:21:06.094 11270 15757 I Routine@Core[4.9.04.13]: RoutineDataMigrator: isAvailableToMigrate() newPackageName:com.samsung.android.lool, newTag:dc_fast_cable_charging, isAvailableToMigrate:true
03-25 11:21:06.094 11270 15757 I Routine@Core[4.9.04.13]: RoutineDataMigrator: isAvailableToMigrate() newPackageName:com.samsung.android.lool, newTag:dc_fast_wireless_charging, isAvailableToMigrate:true
03-25 11:21:06.095 11270 15757 I Routine@Core[4.9.04.13]: RoutineDataMigrator: isAvailableToMigrate() newPackageName:com.samsung.android.lool, newTag:dc_processing_speed, isAvailableToMigrate:false
03-25 11:21:06.095 11270 15757 I Routine@Core[4.9.04.13]: RoutineDataMigrator: isAvailableToMigrate() newPackageName:com.samsung.android.lool, newTag:dc_protect_battery, isAvailableToMigrate:true
03-25 11:21:06.095 11270 15757 I Routine@Core[4.9.04.13]: RoutineDataMigrator: isAvailableToMigrate() newPackageName:com.samsung.android.lool, newTag:dc_super_fast_cable_charging, isAvailableToMigrate:false
03-25 11:21:06.095 11270 15757 I Routine@Core[4.9.04.13]: RoutineDataMigrator: isAvailableToMigrate() newPackageName:com.samsung.android.sm_cn, newTag:dc_enhanced_processing, isAvailableToMigrate:false
03-25 11:21:06.095 11270 15757 I Routine@Core[4.9.04.13]: RoutineDataMigrator: isAvailableToMigrate() newPackageName:com.samsung.android.sm_cn, newTag:dc_fast_cable_charging, isAvailableToMigrate:false
03-25 11:21:06.095 11270 15757 I Routine@Core[4.9.04.13]: RoutineDataMigrator: isAvailableToMigrate() newPackageName:com.samsung.android.sm_cn, newTag:dc_fast_wireless_charging, isAvailableToMigrate:false
03-25 11:21:06.095 11270 15757 I Routine@Core[4.9.04.13]: RoutineDataMigrator: isAvailableToMigrate() newPackageName:com.samsung.android.sm_cn, newTag:dc_power_mode_action, isAvailableToMigrate:false
03-25 11:21:06.095 11270 15757 I Routine@Core[4.9.04.13]: RoutineDataMigrator: isAvailableToMigrate() newPackageName:com.samsung.android.sm_cn, newTag:dc_processing_speed, isAvailableToMigrate:false
03-25 11:21:06.095 11270 15757 I Routine@Core[4.9.04.13]: RoutineDataMigrator: isAvailableToMigrate() newPackageName:com.samsung.android.sm_cn, newTag:dc_protect_battery, isAvailableToMigrate:false
03-25 11:21:06.095 11270 15757 I Routine@Core[4.9.04.13]: RoutineDataMigrator: isAvailableToMigrate() newPackageName:com.samsung.android.sm_cn, newTag:dc_super_fast_cable_charging, isAvailableToMigrate:false
03-25 11:21:06.095 11270 15757 I Routine@Core[4.9.04.13]: RoutineDataMigrator: isAvailableToMigrate() newPackageName:com.samsung.android.app.dressroom, newTag:change_lock_screen_wallpaper_profile, isAvailableToMigrate:true
03-25 11:21:06.095 11270 15757 I Routine@Core[4.9.04.13]: RoutineDataMigrator: deprecateOldTag() should not deprecate oldTag(lockscreen_shortcut
03-25 11:21:06.095 11270 15757 I Routine@Core[4.9.04.13]: RoutineDataMigrator: isAvailableToMigrate() newPackageName:com.samsung.android.app.routines, newTag:nfc_on_off, isAvailableToMigrate:true
03-25 11:21:06.095 11270 15757 I Routine@Core[4.9.04.13]: RoutineDataMigrator: isAvailableToMigrate() newPackageName:com.sec.android.app.launcher, newTag:edge_panel, isAvailableToMigrate:false
03-25 11:21:06.095 11270 15757 I Routine@Core[4.9.04.13]: RoutineDataMigrator: isAvailableToMigrate() newPackageName:com.android.settings, newTag:as_dialing_keypad_tones, isAvailableToMigrate:true
03-25 11:21:06.095 11270 15757 I Routine@Core[4.9.04.13]: RoutineDataMigrator: isAvailableToMigrate() newPackageName:com.android.settings, newTag:as_keyboard_sound, isAvailableToMigrate:true
03-25 11:21:06.095 11270 15757 I Routine@Core[4.9.04.13]: RoutineDataMigrator: isAvailableToMigrate() newPackageName:com.android.settings, newTag:as_keyboard_vibration, isAvailableToMigrate:true
03-25 11:21:06.095 11270 15757 I Routine@Core[4.9.04.13]: RoutineDataMigrator: isAvailableToMigrate() newPackageName:com.android.settings, newTag:as_media_volume, isAvailableToMigrate:true
03-25 11:21:06.095 11270 15757 I Routine@Core[4.9.04.13]: RoutineDataMigrator: isAvailableToMigrate() newPackageName:com.android.settings, newTag:as_volume, isAvailableToMigrate:true
03-25 11:21:06.095 11270 15757 I Routine@Core[4.9.04.13]: RoutineDataMigrator: isAvailableToMigrate() newPackageName:com.sec.android.app.clockpackage, newTag:appfunction://com.sec.android.app.clockpackage.crossappactions#StopwatchCrossAppFunctions_startStopwatch, isAvailableToMigrate:true
03-25 11:21:06.096 11270 15757 I Routine@Core[4.9.04.13]: RoutineDataMigrator: isAvailableToMigrate() newPackageName:com.sec.android.app.launcher, newTag:samsung_dex, isAvailableToMigrate:true
03-25 11:21:06.096 11270 15757 I Routine@Core[4.9.04.13]: RoutineDataMigrator: isAvailableToMigrate() newPackageName:com.samsung.android.secondscreen, newTag:second_screen_condition_tag, isAvailableToMigrate:false
03-25 11:21:06.096 11270 15757 I Routine@Core[4.9.04.13]: RoutineDataMigrator: isAvailableToMigrate() newPackageName:com.samsung.android.app.routines, newTag:vibrate_once, isAvailableToMigrate:true
03-25 11:21:06.096 11270 15757 I Routine@Core[4.9.04.13]: RoutineDataMigrator: isAvailableToMigrate() newPackageName:com.samsung.android.app.routineplus, newTag:custom_key_v3, isAvailableToMigrate:true
03-25 11:21:06.096 11270 15757 I Routine@Core[4.9.04.13]: RoutineDataMigrator: isAvailableToMigrate() newPackageName:com.samsung.android.service.aircommand, newTag:aircommand_open_with_pen, isAvailableToMigrate:true
03-25 11:21:06.096 11270 15757 I Routine@Core[4.9.04.13]: RoutineDataMigrator: deprecateOldTag() should not deprecate oldTag(aircommand_open_with_pen
03-25 11:21:06.096 11270 15757 I Routine@Core[4.9.04.13]: RoutineDataMigrator: isAvailableToMigrate() newPackageName:com.samsung.android.app.routines, newTag:text_to_speech, isAvailableToMigrate:true
03-25 11:21:06.096 11270 15757 I Routine@Core[4.9.04.13]: RoutineDataMigrator: isAvailableToMigrate() newPackageName:com.samsung.android.app.routines, newTag:unlock_with_finger_print, isAvailableToMigrate:true
03-25 11:21:06.096 11270 15757 I Routine@Core[4.9.04.13]: RoutineDataMigrator: isAvailableToMigrate() newPackageName:com.sec.android.app.launcher, newTag:edge_panel_routine_v3, isAvailableToMigrate:true
03-25 11:21:06.096 11270 15757 I Routine@Core[4.9.04.13]: RoutineDataMigrator: isAvailableToMigrate() newPackageName:com.sec.android.app.launcher, newTag:edge_panel_routine_v3, isAvailableToMigrate:true
03-25 11:21:06.096 11270 15757 I Routine@Core[4.9.04.13]: RoutineDataMigrator: isAvailableToMigrate() newPackageName:com.android.settings, newTag:data_saver_routine, isAvailableToMigrate:true
03-25 11:21:06.096 11270 15757 I Routine@Core[4.9.04.13]: RoutineDataMigrator: isAvailableToMigrate() newPackageName:com.samsung.android.app.routines, newTag:motion_smoothness_v3, isAvailableToMigrate:true
03-25 11:21:06.096 11270 15757 I Routine@Core[4.9.04.13]: RoutineDataMigrator: isAvailableToMigrate() newPackageName:com.samsung.android.app.routines, newTag:motion_smoothness_and_screen_resolution_v3, isAvailableToMigrate:false
03-25 11:21:06.096 11270 15757 I Routine@Core[4.9.04.13]: RoutineDataMigrator: isAvailableToMigrate() newPackageName:com.samsung.android.app.routines, newTag:cover_screen_motion_smoothness_v3, isAvailableToMigrate:false
03-25 11:21:06.096 11270 15757 I Routine@Core[4.9.04.13]: RoutineDataMigrator: isAvailableToMigrate() newPackageName:com.samsung.android.app.routines, newTag:brightness_v3, isAvailableToMigrate:true
03-25 11:21:06.096 11270 15757 I Routine@Core[4.9.04.13]: RoutineDataMigrator: isAvailableToMigrate() newPackageName:com.samsung.android.app.routines, newTag:font_size_v3, isAvailableToMigrate:true
03-25 11:21:06.096 11270 15757 I Routine@Core[4.9.04.13]: RoutineDataMigrator: isAvailableToMigrate() newPackageName:com.samsung.android.app.routines, newTag:screen_zoom_v3, isAvailableToMigrate:true
03-25 11:21:06.096 11270 15757 I Routine@Core[4.9.04.13]: RoutineDataMigrator: isAvailableToMigrate() newPackageName:com.samsung.android.app.routines, newTag:screen_layout_and_zoom_v3, isAvailableToMigrate:false
03-25 11:21:06.096 11270 15757 I Routine@Core[4.9.04.13]: RoutineDataMigrator: isAvailableToMigrate() newPackageName:com.samsung.android.app.routines, newTag:screen_resolution_v3, isAvailableToMigrate:true
03-25 11:21:06.096 11270 15757 I Routine@Core[4.9.04.13]: RoutineDataMigrator: isAvailableToMigrate() newPackageName:com.samsung.android.app.routines, newTag:screen_timeout_v3, isAvailableToMigrate:true
03-25 11:21:06.096 11270 15757 I Routine@Core[4.9.04.13]: RoutineDataMigrator: isAvailableToMigrate() newPackageName:com.samsung.android.app.routines, newTag:rotation_screen_v3, isAvailableToMigrate:true
03-25 11:21:06.096 11270 15757 I Routine@Core[4.9.04.13]: RoutineDataMigrator: isAvailableToMigrate() newPackageName:com.samsung.android.app.routines, newTag:multi_window_tray_v3, isAvailableToMigrate:false
03-25 11:21:06.096 11270 15757 I Routine@Core[4.9.04.13]: RoutineDataMigrator: isAvailableToMigrate() newPackageName:com.samsung.android.app.routines, newTag:dark_mode_v3, isAvailableToMigrate:true
03-25 11:21:06.096 11270 15757 I Routine@Core[4.9.04.13]: RoutineDataMigrator: isAvailableToMigrate() newPackageName:com.samsung.android.app.routines, newTag:bixby_text_command_v3, isAvailableToMigrate:false
03-25 11:21:06.097 11270 15757 I Routine@Core[4.9.04.13]: RoutineDataMigrator: isAvailableToMigrate() newPackageName:com.samsung.android.app.routines, newTag:bixby_quick_command_v3, isAvailableToMigrate:false
03-25 11:21:06.097 11270 15757 I Routine@Core[4.9.04.13]: RoutineDataMigrator: isAvailableToMigrate() newPackageName:com.samsung.android.app.routines, newTag:bixby_voice_wake_up_v3, isAvailableToMigrate:false
03-25 11:21:06.097 11270 15757 I Routine@Core[4.9.04.13]: RoutineDataMigrator: isAvailableToMigrate() newPackageName:com.samsung.android.app.routines, newTag:spotify_playlist_v3, isAvailableToMigrate:true
03-25 11:21:06.097 11270 15757 I Routine@Core[4.9.04.13]: RoutineDataMigrator: isAvailableToMigrate() newPackageName:com.samsung.android.app.routines, newTag:play_media_v3, isAvailableToMigrate:true
03-25 11:21:06.097 11270 15757 I Routine@Core[4.9.04.13]: RoutineDataMigrator: isAvailableToMigrate() newPackageName:com.samsung.android.app.routines, newTag:launch_app_v3, isAvailableToMigrate:true
03-25 11:21:06.097 11270 15757 I Routine@Core[4.9.04.13]: RoutineDataMigrator: isAvailableToMigrate() newPackageName:com.samsung.android.app.routines, newTag:close_app_v3, isAvailableToMigrate:true
03-25 11:21:06.097 11270 15757 I Routine@Core[4.9.04.13]: RoutineDataMigrator: isAvailableToMigrate() newPackageName:com.samsung.android.app.routines, newTag:separate_app_sound_v3, isAvailableToMigrate:true
03-25 11:21:06.097 11270 15757 I Routine@Core[4.9.04.13]: RoutineDataMigrator: isAvailableToMigrate() newPackageName:com.samsung.android.app.routines, newTag:dnd_mode_on_v3, isAvailableToMigrate:true
03-25 11:21:06.097 11270 15757 I Routine@Core[4.9.04.13]: RoutineDataMigrator: isAvailableToMigrate() newPackageName:com.samsung.android.app.routines, newTag:custom_notification_v3, isAvailableToMigrate:true
03-25 11:21:06.097 11270 15757 I Routine@Core[4.9.04.13]: RoutineDataMigrator: isAvailableToMigrate() newPackageName:com.samsung.android.app.routines, newTag:hard_key_v3, isAvailableToMigrate:true
03-25 11:21:06.097 11270 15757 I Routine@Core[4.9.04.13]: RoutineDataMigrator: isAvailableToMigrate() newPackageName:com.samsung.android.app.routines, newTag:quick_decline_message_v3, isAvailableToMigrate:true
03-25 11:21:06.097 11270 15757 I Routine@Core[4.9.04.13]: RoutineDataMigrator: isAvailableToMigrate() newPackageName:com.samsung.android.app.routines, newTag:quick_decline_message_v3, isAvailableToMigrate:true
03-25 11:21:06.097 11270 15757 I Routine@Core[4.9.04.13]: RoutineDataMigrator: isAvailableToMigrate() newPackageName:com.samsung.android.app.routines, newTag:video_enhancer_v3, isAvailableToMigrate:true
03-25 11:21:06.097 11270 15757 I Routine@Core[4.9.04.13]: RoutineDataMigrator: isAvailableToMigrate() newPackageName:com.samsung.android.app.routines, newTag:bluetooth_on_v3, isAvailableToMigrate:true
03-25 11:21:06.097 11270 15757 I Routine@Core[4.9.04.13]: RoutineDataMigrator: isAvailableToMigrate() newPackageName:com.samsung.android.app.routines, newTag:instant_session_v3, isAvailableToMigrate:true
03-25 11:21:06.097 11270 15757 I Routine@Core[4.9.04.13]: RoutineDataMigrator: isAvailableToMigrate() newPackageName:com.samsung.android.app.routines, newTag:airplane_mode_on_v3, isAvailableToMigrate:true
03-25 11:21:06.097 11270 15757 I Routine@Core[4.9.04.13]: RoutineDataMigrator: isAvailableToMigrate() newPackageName:com.samsung.android.app.routines, newTag:mobile_network_mode_setting_v3, isAvailableToMigrate:true
03-25 11:21:06.097 11270 15757 I Routine@Core[4.9.04.13]: RoutineDataMigrator: isAvailableToMigrate() newPackageName:com.samsung.android.app.routines, newTag:mobile_data_on_v3, isAvailableToMigrate:true
03-25 11:21:06.097 11270 15757 I Routine@Core[4.9.04.13]: RoutineDataMigrator: isAvailableToMigrate() newPackageName:com.samsung.android.app.routines, newTag:hotspot_on_v3, isAvailableToMigrate:true
03-25 11:21:06.097 11270 15757 I Routine@Core[4.9.04.13]: RoutineDataMigrator: isAvailableToMigrate() newPackageName:com.samsung.android.app.routines, newTag:gps_on_v3, isAvailableToMigrate:true
03-25 11:21:06.097 11270 15757 I Routine@Core[4.9.04.13]: RoutineDataMigrator: isAvailableToMigrate() newPackageName:com.samsung.android.app.routines, newTag:auto_data_sync_v3, isAvailableToMigrate:true
03-25 11:21:06.097 11270 15757 I Routine@Core[4.9.04.13]: RoutineDataMigrator: isAvailableToMigrate() newPackageName:com.samsung.android.app.routines, newTag:sound_sdk3, isAvailableToMigrate:true
03-25 11:21:06.098 11270 15757 I Routine@Core[4.9.04.13]: RoutineDataMigrator: isAvailableToMigrate() newPackageName:com.samsung.android.app.routines, newTag:vibrate_once, isAvailableToMigrate:true
03-25 11:21:06.098 11270 15757 I Routine@Core[4.9.04.13]: RoutineDataMigrator: isAvailableToMigrate() newPackageName:com.samsung.android.app.routines, newTag:connect_url_sdk3, isAvailableToMigrate:true
03-25 11:21:06.098 11270 15757 I Routine@Core[4.9.04.13]: RoutineDataMigrator: isAvailableToMigrate() newPackageName:com.samsung.android.app.routines, newTag:wifi_on_sdk3, isAvailableToMigrate:true
03-25 11:21:06.098 11270 15757 I Routine@Core[4.9.04.13]: RoutineDataMigrator: isAvailableToMigrate() newPackageName:com.samsung.android.app.routines, newTag:lockscreen_shortcut_v3, isAvailableToMigrate:true
03-25 11:21:06.098 11270 15757 I Routine@Core[4.9.04.13]: RoutineDataMigrator: isAvailableToMigrate() newPackageName:com.samsung.android.app.routines, newTag:launch_app_v3, isAvailableToMigrate:true
03-25 11:21:06.098 11270 15757 I Routine@Core[4.9.04.13]: RoutineDataMigrator: isAvailableToMigrate() newPackageName:com.samsung.android.app.routines, newTag:launch_game_v3, isAvailableToMigrate:true
03-25 11:21:06.098 11270 15757 I Routine@Core[4.9.04.13]: RoutineDataMigrator: isAvailableToMigrate() newPackageName:com.samsung.android.app.routines, newTag:samsung_health_during_exercise_v3, isAvailableToMigrate:false
03-25 11:21:06.098 11270 15757 I Routine@Core[4.9.04.13]: RoutineDataMigrator: isAvailableToMigrate() newPackageName:com.samsung.android.app.routines, newTag:samsung_health_during_exercise_when_starting_v3, isAvailableToMigrate:false
03-25 11:21:06.098 11270 15757 I Routine@Core[4.9.04.13]: RoutineDataMigrator: isAvailableToMigrate() newPackageName:com.samsung.android.app.routines, newTag:notification_with_keyword_v3, isAvailableToMigrate:true
03-25 11:21:06.098 11270 15757 I Routine@Core[4.9.04.13]: RoutineDataMigrator: isAvailableToMigrate() newPackageName:com.samsung.android.app.routines, newTag:specify_wifi_v3, isAvailableToMigrate:true
03-25 11:21:06.098 11270 15757 I Routine@Core[4.9.04.13]: RoutineDataMigrator: isAvailableToMigrate() newPackageName:com.samsung.android.app.routines, newTag:wifi_rssi_v3, isAvailableToMigrate:true
03-25 11:21:06.098 11270 15757 I Routine@Core[4.9.04.13]: RoutineDataMigrator: isAvailableToMigrate() newPackageName:com.samsung.android.app.routines, newTag:specify_bluetooth_v3, isAvailableToMigrate:true
03-25 11:21:06.098 11270 15757 I Routine@Core[4.9.04.13]: RoutineDataMigrator: isAvailableToMigrate() newPackageName:com.samsung.android.app.routines, newTag:specify_bluetooth_only_connected_v3, isAvailableToMigrate:true
03-25 11:21:06.098 11270 15757 I Routine@Core[4.9.04.13]: RoutineDataMigrator: isAvailableToMigrate() newPackageName:com.samsung.android.app.routines, newTag:nfc_tagged_v3, isAvailableToMigrate:true
03-25 11:21:06.098 11270 15757 I Routine@Core[4.9.04.13]: RoutineDataMigrator: isAvailableToMigrate() newPackageName:com.samsung.android.app.routines, newTag:airplane_mode_v3, isAvailableToMigrate:true
03-25 11:21:06.098 11270 15757 I Routine@Core[4.9.04.13]: RoutineDataMigrator: isAvailableToMigrate() newPackageName:com.samsung.android.app.routines, newTag:specific_time_v3, isAvailableToMigrate:true
03-25 11:21:06.098 11270 15757 I Routine@Core[4.9.04.13]: RoutineDataMigrator: isAvailableToMigrate() newPackageName:com.samsung.android.app.routines, newTag:time_v3, isAvailableToMigrate:true
03-25 11:21:06.098 11270 15757 I Routine@Core[4.9.04.13]: RoutineDataMigrator: isAvailableToMigrate() newPackageName:com.samsung.android.app.routines, newTag:plugin_gps_location_v3, isAvailableToMigrate:true
03-25 11:21:06.098 11270 15757 I Routine@Core[4.9.04.13]: RoutineDataMigrator: isAvailableToMigrate() newPackageName:com.samsung.android.app.routines, newTag:plugin_gps_location_only_arrived_v3, isAvailableToMigrate:false
03-25 11:21:06.098 11270 15757 I Routine@Core[4.9.04.13]: RoutineDataMigrator: isAvailableToMigrate() newPackageName:com.samsung.android.app.routines, newTag:calling_v3, isAvailableToMigrate:true
03-25 11:21:06.098 11270 15757 I Routine@Core[4.9.04.13]: RoutineDataMigrator: isAvailableToMigrate() newPackageName:com.samsung.android.app.routines, newTag:during_call_v3, isAvailableToMigrate:true
03-25 11:21:06.098 11270 15757 I Routine@Core[4.9.04.13]: RoutineDataMigrator: isAvailableToMigrate() newPackageName:com.samsung.android.app.routines, newTag:connected_headset_v3, isAvailableToMigrate:true
03-25 11:21:06.098 11270 15757 I Routine@Core[4.9.04.13]: RoutineDataMigrator: isAvailableToMigrate() newPackageName:com.samsung.android.app.routines, newTag:plugged_battery_v3, isAvailableToMigrate:true
03-25 11:21:06.098 11270 15757 I Routine@Core[4.9.04.13]: RoutineDataMigrator: isAvailableToMigrate() newPackageName:com.samsung.android.app.routines, newTag:battery_condition_v3, isAvailableToMigrate:true
03-25 11:21:06.098 11270 15757 I Routine@Core[4.9.04.13]: RoutineDataMigrator: isAvailableToMigrate() newPackageName:com.samsung.android.app.routines, newTag:dex_mode_on_v3, isAvailableToMigrate:true
03-25 11:21:06.098 11270 15757 I Routine@Core[4.9.04.13]: RoutineDataMigrator: isAvailableToMigrate() newPackageName:com.samsung.android.app.routines, newTag:fold_state_v3, isAvailableToMigrate:false
03-25 11:21:06.098 11270 15757 I Routine@Core[4.9.04.13]: RoutineDataMigrator: isAvailableToMigrate() newPackageName:com.samsung.android.app.routines, newTag:ringer_mode_v3, isAvailableToMigrate:true
03-25 11:21:06.098 11270 15757 I Routine@Core[4.9.04.13]: RoutineDataMigrator: isAvailableToMigrate() newPackageName:com.samsung.android.app.routines, newTag:night_mode_v3, isAvailableToMigrate:true
03-25 11:21:06.098 11270 15757 I Routine@Core[4.9.04.13]: RoutineDataMigrator: isAvailableToMigrate() newPackageName:com.samsung.android.app.routines, newTag:wifi_on_sdk3, isAvailableToMigrate:true
03-25 11:21:06.098 11270 15757 I Routine@Core[4.9.04.13]: RoutineDataMigrator: isAvailableToMigrate() newPackageName:com.samsung.android.app.routines, newTag:show_action_list, isAvailableToMigrate:true
03-25 11:21:06.098 11270 15757 I Routine@Core[4.9.04.13]: RoutineDataMigrator: deprecateOldTag() should not deprecate oldTag(show_action_list
03-25 11:21:06.098 11270 15757 I Routine@Core[4.9.04.13]: RoutineDataMigrator: migration - end, results = []
03-25 11:21:06.100 11270 11353 I Routine@Core[4.9.04.13]: WatchMetaUpdateRequester: asyncRequestUpdateMetaToWatch
03-25 11:21:06.101 11270 11353 I Routine@Core[4.9.04.13]: GooglePlayServiceChecker: isPackageEnabled: com.google.android.gms - result(true)
03-25 11:21:06.106 11270 11353 I Routine@Core[4.9.04.13]: GooglePlayServiceChecker: isPackageEnabled: com.google.android.gms - result(true)
03-25 11:21:06.109 11270 11353 I Routine@Core[4.9.04.13]: WearNodeManagerImpl: getConnectedNodeIdByCapability nodeId:null
03-25 11:21:06.109 11270 11353 I Routine@Core[4.9.04.13]: WearCommonDataStore: getLastConnectedNodeId: c26175dd
03-25 11:21:06.114 11270 15757 I Routine@Core[4.9.04.13]: MetadataLoadManager: refreshRegisterPackageChangeIntentFilter
03-25 11:21:06.114  2185  2200 E HeatmapThread: ECT Thread time in milliseconds: 1774405266
03-25 11:21:06.114 11270 15757 I Routine@Core[4.9.04.13]: MetadataPackageUtil: getMetaLoadedPackageMonitoringList - packages size : 52, targetPackages : [com.samsung.android.app.aodservice, com.samsung.accessory.atticmgr, com.samsung.accessory.berrymgr, com.samsung.android.spay, com.android.systemui, com.samsung.android.honeyboard, com.samsung.android.app.dressroom, com.samsung.android.lool, com.sec.android.app.launcher, com.samsung.android.sidegesturepad, com.samsung.android.smartmirroring, com.samsung.android.app.routineplus, com.samsung.android.app.reminder, com.samsung.android.mdecservice, com.samsung.android.app.routines, com.samsung.android.game.gametools, com.samsung.android.calendar, com.sec.android.app.soundalive, com.samsung.android.mdx, com.samsung.android.app.galaxyregistry, com.samsung.android.app.smartcapture, com.samsung.android.inputshare, com.sec.android.app.clockpackage, com.sec.android.gallery3d, com.samsung.accessibility, com.samsung.android.service.aircommand, com.android.settings, com.samsung.android.app.notes, com.samsung.android.soundassistant, com.samsung.android.app.telephonyui, com.samsung.android.app.sharelive, com.samsung.accessory.budsunitemgr, com.samsung.android.game.gos, com.samsung.android.app.clockpack, com.samsung.android.app.cocktailbarservice, com.samsung.android.app.smartwidget, com.samsung.android.fast, com.samsung.android.routinesdkv3, com.samsung.android.secondscreen, com.samsung.android.sm_cn, com.sec.android.desktopmode.uiservice, com.samsung.android.waterplugin, com.samsung.android.heartplugin, com.samsung.wearable.watch6plugin, com.samsung.wearable.watch7plugin, com.samsung.wearable.watchuniteplugin, com.samsung.accessory.popcornmgr, com.samsung.accessory.jellymgr, com.samsung.accessory.neobeanmgr, com.samsung.accessory.zenithmgr, com.samsung.accessory.paranmgr, com.samsung.accessory.pearlmgr]
03-25 11:21:06.114 11270 15757 I Routine@Core[4.9.04.13]: BroadcastRegister: refreshRegisterPackageChangeIntentFilter - packages size: 52
03-25 11:21:06.114 11270 15757 I Routine@Core[4.9.04.13]: BroadcastRegister: unregisterPackageChangeIntentFilter
03-25 11:21:06.115 11270 15757 I SEP_UNION_SemUnionManager: getUnionService(semeventdelegator)
03-25 11:21:06.115 11270 15757 I SEP_UNION_SemUnionManager: getUnionService(semeventdelegator)
03-25 11:21:06.115  3255  8135 D SEP_UNION_SemDeviceInfoManagerService: Unregister intent = android.intent.action.PACKAGE_ADDED, , package = com.samsung.android.app.routines, userId = 0
03-25 11:21:06.115  3255  8135 D SEP_UNION_SemDeviceInfoManagerService: Unregister intent = android.intent.action.PACKAGE_REPLACED, android.intent.action.PACKAGE_CHANGED, android.intent.action.PACKAGE_REMOVED, android.intent.action.PACKAGE_FULLY_REMOVED, android.intent.action.MY_PACKAGE_REPLACED, , package = com.samsung.android.app.routines, userId = 0
03-25 11:21:06.116  2185  2200 D HeatmapThread: !@ batteryplugType : 2
03-25 11:21:06.116  2185  2200 D HeatmapThread: !@ batteryLevel : 100  batteryTemperature : 343
03-25 11:21:06.116  2185  2200 D HeatmapThread: !@ Heatmap currtime: 29573421
03-25 11:21:06.116  2185  2200 D HeatmapThread: !@ Heatmap prevtime: 29573419
03-25 11:21:06.116  2185  2200 D HeatmapThread: !@ Heatmap plugstarttime: 29573185
03-25 11:21:06.116  2185  2200 D HeatmapThread: !@ Heatmap prevv_dsoh_update_time: 29573402
03-25 11:21:06.116  2185  2200 E HeatmapThread: !@ CAM New BSOH: 100
03-25 11:21:06.116  2185  2200 E HeatmapThread: !@ CAM is Working
03-25 11:21:06.116 11270 15757 I Routine@Core[4.9.04.13]: BroadcastRegister: registerPackageAddedIntentFilterInternal
03-25 11:21:06.116 11270 15757 I SEP_UNION_SemUnionManager: getUnionService(semeventdelegator)
03-25 11:21:06.116 11270 15757 I Routine@Core[4.9.04.13]: BroadcastRegister: registerPackageMonitoringIntentFilterInternal
03-25 11:21:06.116  3255  8135 D SEP_UNION_SemDeviceInfoManagerService: Register intent = android.intent.action.PACKAGE_ADDED,  package = com.samsung.android.app.routines, userId = 0, flag = 0, conditions = null
03-25 11:21:06.116 11270 15757 I SEP_UNION_SemUnionManager: getUnionService(semeventdelegator)
03-25 11:21:06.116  3255  8135 D SEP_UNION_SemDeviceInfoManagerService: PendingIntentWithConditions added f=0
03-25 11:21:06.116  3255  8135 D SEP_UNION_SemDeviceInfoManagerService: Register intent = android.intent.action.PACKAGE_REPLACED, android.intent.action.PACKAGE_CHANGED, android.intent.action.PACKAGE_REMOVED, android.intent.action.PACKAGE_FULLY_REMOVED, android.intent.action.MY_PACKAGE_REPLACED,  package = com.samsung.android.app.routines, userId = 0, flag = 1, conditions = [com.samsung.android.app.aodservice, com.samsung.accessory.atticmgr, com.samsung.accessory.berrymgr, com.samsung.android.spay, com.android.systemui, com.samsung.android.honeyboard, com.samsung.android.app.dressroom, com.samsung.android.lool, com.sec.android.app.launcher, com.samsung.android.sidegesturepad, com.samsung.android.smartmirroring, com.samsung.android.app.routineplus, com.samsung.android.app.reminder, com.samsung.android.mdecservice, com.samsung.android.app.routines, com.samsung.android.game.gametools, com.samsung.android.calendar, com.sec.android.app.soundalive, com.samsung.android.mdx, com.samsung.android.app.galaxyregistry, com.samsung.android.app.smartcapture, com.samsung.android.inputshare, com.sec.android.app.clockpackage, com.sec.android.gallery3d, com.samsung.accessibility, com.samsung.android.service.aircommand, com.android.settings, com.samsung.android.app.notes, com.samsung.android.soundassistant, com.samsung.android.app.telephonyui, com.samsung.android.app.sharelive, com.samsung.accessory.budsunitemgr, com.samsung.android.game.gos, com.samsung.android.app.clockpack, com.samsung.android.app.cocktailbarservice, com.samsung.android.app.smartwidget, com.samsung.android.fast, com.samsung.android.routinesdkv3, com.samsung.android.secondscreen, com.samsung.android.sm_cn, com.sec.android.desktopmode.uiservice, com.samsung.android.waterplugin, com.samsung.android.heartplugin, com.samsung.wearable.watch6plugin, com.samsung.wearable.watch7plugin, com.samsung.wearable.watchuniteplugin, com.samsung.accessory.popcornmgr, com.samsung.accessory.jellymgr, com.samsung.accessory.neobeanmgr, com.samsung.accessory.zenithmgr, com.samsung.accessory.paranmgr, com.samsung.accessory.pearlmgr]
03-25 11:21:06.117  3255  8135 D SEP_UNION_SemDeviceInfoManagerService: PendingIntentWithConditions added f=1
03-25 11:21:06.117  3255  8135 D SEP_UNION_SemDeviceInfoManagerService: PendingIntentWithConditions added f=1
03-25 11:21:06.117  3255  8135 D SEP_UNION_SemDeviceInfoManagerService: Adding new UnionBroadcastReceiver for the action: android.intent.action.PACKAGE_CHANGED in User 0
03-25 11:21:06.117  3255  8135 D SEP_UNION_SemDeviceInfoManagerService: PendingIntentWithConditions added f=1
03-25 11:21:06.117  3255  8135 D SEP_UNION_SemDeviceInfoManagerService: PendingIntentWithConditions added f=1
03-25 11:21:06.117  3255  8135 D SEP_UNION_SemDeviceInfoManagerService: PendingIntentWithConditions added f=1
03-25 11:21:06.117  3255  8135 D SEP_UNION_SemDeviceInfoManagerService: Adding new UnionBroadcastReceiver for the action: android.intent.action.MY_PACKAGE_REPLACED in User 0
03-25 11:21:06.117 11270 15757 I Routine@Core[4.9.04.13]: Pref: removeSharedPrefsData() key=meta_loading_target_package_name
03-25 11:21:06.119 11270 16628 I Routine@Core[4.9.04.13]: ModeOrderObserver: ModeOrderObserver:onChange: uri content://com.samsung.android.app.routines.routineprovider/preference
03-25 11:21:06.119 11270 15757 I Routine@Core[4.9.04.13]: MetadataLoadManager: enableAllConditions
03-25 11:21:06.119 11270 15757 I Routine@Core[4.9.04.13]: ProcessUtils: setProcessImportant: needForeground=true, reason=ENGINE_COORDINATOR
03-25 11:21:06.121 11270 17824 I Routine@Core[4.9.04.13]: MetadataSyncHistory: isMetaDataSyncedWithVersion: latest=9c17a0ca7155acc4a4ec81aebd062cfa44e6880f, currentVersion=9c17a0ca7155acc4a4ec81aebd062cfa44e6880f
03-25 11:21:06.121 11270 15757 I Routine@Core[4.9.04.13]: COORD/CoordinatorRequestHandler: onCallReceive: method=enable_all_conditions
03-25 11:21:06.121 11270 15757 I Routine@Core[4.9.04.13]: ProcessUtils: setProcessImportant: needForeground=false, reason=ENGINE_COORDINATOR
03-25 11:21:06.125 11270 11270 I Routine@Core[4.9.04.13]: MetadataLoaderJobService: metadataLoadingCompleted: collectPackageInBG - com.payment.app
03-25 11:21:06.125 11270 11358 I Routine@Core[4.9.04.13]: COORD/CoordinatorRequestHandler: messageHandler.handleMessage: message=ENABLE_ALL_CONDITIONS
03-25 11:21:06.125 11270 11270 I Routine@Core[4.9.04.13]: MetadataSyncHistory: isMetaDataSyncedWithVersion: latest=9c17a0ca7155acc4a4ec81aebd062cfa44e6880f, currentVersion=9c17a0ca7155acc4a4ec81aebd062cfa44e6880f
03-25 11:21:06.126 11270 11297 I Routine@Core[4.9.04.13]: COORD/ConditionStateHandlerImpl: enableAllConditions
03-25 11:21:06.131 11270 11353 I Routine@Core[4.9.04.13]: WEAR/WearRoutineHostSenderImpl: requestToUpdateMetas: savedMetasHashCode : 0, nodeId : c26175dd
03-25 11:21:06.131 11270 11270 I Routine@Core[4.9.04.13]: RoutineService: onCreate
03-25 11:21:06.133 11270 11270 I Routine@Core[4.9.04.13]: RoutineService: onStartCommand: com.samsung.android.app.routine.ACTION_METADATA_LOADING_COMPLETE
03-25 11:21:06.133 11270 11270 I Routine@Core[4.9.04.13]: RoutineService: onMetadataLoadingCompleted
03-25 11:21:06.134 11270 11270 I Routine@Core[4.9.04.13]: Pref: putSharedPrefsData: key=routine_meta_data_loading_statue, data.size=8
03-25 11:21:06.135  2071  2071 D vendor.qti.bluetooth@1.1-ibs_handler: SerialClockVote: vote for UART CLK ON
03-25 11:21:06.135  2071  2071 I vendor.qti.bluetooth@1.1-ibs_handler: DeviceWakeUp: Writing IBS_WAKE_IND
03-25 11:21:06.136  2071  6073 I vendor.qti.bluetooth@1.1-ibs_handler: ProcessIbsCmd: Received IBS_WAKE_ACK: 0xFC
03-25 11:21:06.136  2071  6073 I vendor.qti.bluetooth@1.1-ibs_handler: ProcessIbsCmd: Signal wack_cond_
03-25 11:21:06.137  2071  2071 D vendor.qti.bluetooth@1.1-ibs_handler: DeviceWakeUp: Unblocked from waiting for FC, pthread_cond_timedwait ret = 0
03-25 11:21:06.138 11270 17824 I Routine@Core[4.9.04.13]: MetadataSyncHistory: isMetaDataSyncedWithVersion: latest=9c17a0ca7155acc4a4ec81aebd062cfa44e6880f, currentVersion=9c17a0ca7155acc4a4ec81aebd062cfa44e6880f
03-25 11:21:06.139 11270 11270 I Routine@Core[4.9.04.13]: DatabaseJobIntentService: Stop no more task
03-25 11:21:06.139 11270  2812 I Routine@Core[4.9.04.13]: InstanceCleaner: clean() - begin
03-25 11:21:06.140 11270 11270 I Routine@Core[4.9.04.13]: MetadataLoaderJobService: onDestroy
03-25 11:21:06.140 11270 11270 I RoutineTransimissionLib@WearMessageHelper: sendMessage.onSuccess: result=25073
03-25 11:21:06.142  2071  6073 I vendor.qti.bluetooth@1.1-ibs_handler: ProcessIbsCmd: Received IBS_WAKE_IND: 0xFD
03-25 11:21:06.142  2071  6073 I vendor.qti.bluetooth@1.1-ibs_handler: ProcessIbsCmd: Writing IBS_WAKE_ACK
03-25 11:21:06.147 11270 11270 I Routine@Core[4.9.04.13]: MetadataSyncHistory: isMetaDataSyncedWithVersion: latest=9c17a0ca7155acc4a4ec81aebd062cfa44e6880f, currentVersion=9c17a0ca7155acc4a4ec81aebd062cfa44e6880f
03-25 11:21:06.149 11270 11297 I Routine@Core[4.9.04.13]: COORD/ConditionStateHandlerImpl: enableRoutineConditions: routineId=4(uuid=000100, name=睡眠)[READY]
03-25 11:21:06.149 11270 11297 I Routine@Core[4.9.04.13]: COORD/ConditionStateHandlerImpl: enableCondition: conditionId=manual_execute(id=4, uuid=582412, routineId=4)
03-25 11:21:06.149 11270 11297 I Routine@Core[4.9.04.13]: TASKD/ConditionTaskAdapterFactoryImpl: getAdapter - metaId=manual_execute(id=38)
03-25 11:21:06.155 11270 11297 I Routine@Core[4.9.04.13]: ManualExecutionConditionHandler: onEnabled: tag=manual_execute, instanceId=582412745169061311
03-25 11:21:06.155 11270 11297 I Routine@Core[4.9.04.13]: COORD/ConditionStateHandlerCallbackImpl: unregisterConditionObserver: conditionId=manual_execute(id=4, uuid=582412, routineId=4), targetUri=content://com.samsung.android.app.routines.provider.routines.v3/manual_execute
03-25 11:21:06.156 11270 11297 I SEP_UNION_SemUnionManager: getUnionService(semeventdelegator)
03-25 11:21:06.156 11270 11297 I Routine@Core[4.9.04.13]: COORD/ConditionStateHandlerCallbackImpl: registerConditionObserver: conditionId=manual_execute(id=4, uuid=582412, routineId=4), targetUri=content://com.samsung.android.app.routines.provider.routines.v3/manual_execute
03-25 11:21:06.156  3255  8135 D SEP_UNION_SemDeviceInfoManagerService: Unregister uri = content://com.samsung.android.app.routines.provider.routines.v3/manual_execute, package = com.samsung.android.app.routines, userId = 0
03-25 11:21:06.156 11270 11297 I SEP_UNION_SemUnionManager: getUnionService(semeventdelegator)
03-25 11:21:06.157  3255  8135 D SEP_UNION_SemDeviceInfoManagerService: Register uri = content://com.samsung.android.app.routines.provider.routines.v3/manual_execute, package = com.samsung.android.app.routines, userId = 0
03-25 11:21:06.157  3255  8135 D SEP_UNION_SemDeviceInfoManagerService: PendingIntentWithConditions added f=0
03-25 11:21:06.157  3255  8135 D SEP_UNION_SemDeviceInfoManagerService: Creating new UnionContentObserver for the uri:content://com.samsung.android.app.routines.provider.routines.v3/manual_execute
03-25 11:21:06.160 11270 11270 I Routine@Core[4.9.04.13]: RoutineEngineService: onCreate
03-25 11:21:06.160 11270 11270 I Routine@Core[4.9.04.13]: RoutineEngineService: onSpecificConditionStateChanged: instancedId=582412745169061311
03-25 11:21:06.161 11270 16628 I Routine@Core[4.9.04.13]: ModesOrderManager: getOrderOrDefault: uuid(100)
03-25 11:21:06.163 11270 16628 I Routine@Core[4.9.04.13]: ModesOrderManager: getOrder: uuid(100) -> order(999)
03-25 11:21:06.164 11270 16628 I Routine@Core[4.9.04.13]: ModesOrderManager: getOrderOrDefault: uuid(105)
03-25 11:21:06.165 11270 16628 I Routine@Core[4.9.04.13]: ModesOrderManager: getOrder: uuid(105) -> order(1000)
03-25 11:21:06.166 11270 16628 I Routine@Core[4.9.04.13]: ModeListHolder: update: size(2) updated(2026/03/25 11:21:06) [ModeMeta(id=4, uuid=100, iconResourceId=2131231140, iconStatusResourceId=2131231637, displayName=睡眠, isRunning=false, runningReason=, runningReasonCondition=, isSet=true, isDeleted=false, detailRunningReason=null, order=999, toggleTime=0), ModeMeta(id=5, uuid=105, iconResourceId=2131231573, iconStatusResourceId=2131231695, displayName=シアター, isRunning=false, runningReason=, runningReasonCondition=, isSet=true, isDeleted=false, detailRunningReason=null, order=1000, toggleTime=0)]
03-25 11:21:06.166 11270  2814 I Routine@Core[4.9.04.13]: ProcessUtils: setProcessImportant: needForeground=true, reason=ENGINE_COORDINATOR
03-25 11:21:06.167 11270  2814 I Routine@Core[4.9.04.13]: COORD/CoordinatorRequestHandler: onCallReceive: method=specific_condition_state_changed
03-25 11:21:06.167 11270  2814 W Routine@Core[4.9.04.13]: COORD/CoordinatorRequestHandler: onCallReceive - handlerThread is not in runnable state=TIMED_WAITING
03-25 11:21:06.167 11270  2814 I Routine@Core[4.9.04.13]: COORD/CoordinatorRequestHandler: [messageHandler.dump] Handler (z8.a) {63855cb} @ 633715849
03-25 11:21:06.167 11270  2814 I Routine@Core[4.9.04.13]: COORD/CoordinatorRequestHandler: [messageHandler.dump]   Looper (CoordinatorHandlerThread, tid 691) {62291a8}
03-25 11:21:06.167 11270  2814 I Routine@Core[4.9.04.13]: COORD/CoordinatorRequestHandler: [messageHandler.dump]     (MessageQueue is using Legacy implementation)
03-25 11:21:06.167 11270  2814 I Routine@Core[4.9.04.13]: COORD/CoordinatorRequestHandler: [messageHandler.dump]     (Total messages: 0, polling=false, quitting=false)
03-25 11:21:06.168 11270  2814 I Routine@Core[4.9.04.13]: COORD/CoordinatorRequestHandler: onCallReceive: wait until notify... method=specific_condition_state_changed
03-25 11:21:06.171 11270 11297 I Routine@Core[4.9.04.13]: COORD/ConditionStateHandlerImpl: enableRoutineConditions: routineId=5(uuid=000105, name=シアター)[READY]
03-25 11:21:06.171 11270 11297 I Routine@Core[4.9.04.13]: COORD/ConditionStateHandlerImpl: enableCondition: conditionId=manual_execute(id=6, uuid=594547, routineId=5)
03-25 11:21:06.172 11270 11297 I Routine@Core[4.9.04.13]: TASKD/ConditionTaskAdapterFactoryImpl: getAdapter - metaId=manual_execute(id=38)
03-25 11:21:06.172 11270 11297 I Routine@Core[4.9.04.13]: ManualExecutionConditionHandler: onEnabled: tag=manual_execute, instanceId=5945472890563544792
03-25 11:21:06.172 11270 11297 I Routine@Core[4.9.04.13]: COORD/ConditionStateHandlerCallbackImpl: unregisterConditionObserver: conditionId=manual_execute(id=6, uuid=594547, routineId=5), targetUri=content://com.samsung.android.app.routines.provider.routines.v3/manual_execute
03-25 11:21:06.173 11270 11297 I SEP_UNION_SemUnionManager: getUnionService(semeventdelegator)
03-25 11:21:06.173 11270 11297 I Routine@Core[4.9.04.13]: COORD/ConditionStateHandlerCallbackImpl: registerConditionObserver: conditionId=manual_execute(id=6, uuid=594547, routineId=5), targetUri=content://com.samsung.android.app.routines.provider.routines.v3/manual_execute
03-25 11:21:06.173  3255  8135 D SEP_UNION_SemDeviceInfoManagerService: Unregister uri = content://com.samsung.android.app.routines.provider.routines.v3/manual_execute, package = com.samsung.android.app.routines, userId = 0
03-25 11:21:06.173 11270 11297 I SEP_UNION_SemUnionManager: getUnionService(semeventdelegator)
03-25 11:21:06.173  3255  8135 D SEP_UNION_SemDeviceInfoManagerService: Register uri = content://com.samsung.android.app.routines.provider.routines.v3/manual_execute, package = com.samsung.android.app.routines, userId = 0
03-25 11:21:06.173  3255  8135 D SEP_UNION_SemDeviceInfoManagerService: PendingIntentWithConditions added f=0
03-25 11:21:06.173  3255  8135 D SEP_UNION_SemDeviceInfoManagerService: Creating new UnionContentObserver for the uri:content://com.samsung.android.app.routines.provider.routines.v3/manual_execute
03-25 11:21:06.178 11270 11270 I Routine@Core[4.9.04.13]: RoutineEngineService: onSpecificConditionStateChanged: instancedId=5945472890563544792
03-25 11:21:06.180 11270 11297 I Routine@Core[4.9.04.13]: COORD/ConditionStateHandlerImpl: enableRoutineConditions: routineId=6(uuid=879460, name=バッテリー残量アラートをオン)[READY]
03-25 11:21:06.181 11270 11297 I Routine@Core[4.9.04.13]: COORD/ConditionStateHandlerImpl: enableCondition: conditionId=battery_condition_v3(id=8, uuid=679602, routineId=6)
03-25 11:21:06.181 11270 11297 I Routine@Core[4.9.04.13]: TASKD/ConditionTaskAdapterFactoryImpl: getAdapter - metaId=battery_condition_v3(id=63)
03-25 11:21:06.181 11270 11297 I Routine@Sdk[3.1.20]: ParameterValues: fromJsonString: jsonString={"TYPE":"STRING","VALUE":"10"}
03-25 11:21:06.181 11270 11297 I Routine@Sdk[3.1.20]: ParameterValues: fromJsonString: jsonString={"TYPE":"STRING","VALUE":"0"}
03-25 11:21:06.182 11270 11297 I Routine@Core[4.9.04.13]: BatteryLevelConditionHandler: onEnabled: tag(battery_condition_v3)
03-25 11:21:06.183 11270 11297 I SEP_UNION_SemUnionManager: getUnionService(semeventdelegator)
03-25 11:21:06.183 11270 11297 I Routine@Core[4.9.04.13]: COORD/ConditionStateHandlerCallbackImpl: unregisterConditionObserver: conditionId=battery_condition_v3(id=8, uuid=679602, routineId=6), targetUri=content://com.samsung.android.app.routines.provider.routines.v3/battery_condition_v3
03-25 11:21:06.183  3255  6886 D SEP_UNION_SemDeviceInfoManagerService: Register intent = android.intent.action.BATTERY_CHANGED,  package = com.samsung.android.app.routines, userId = 0, flag = 0, conditions = null
03-25 11:21:06.184  3255  6886 D SEP_UNION_SemDeviceInfoManagerService: Same PendingIntent is in com.samsung.android.app.routines
03-25 11:21:06.184 11270 11297 I SEP_UNION_SemUnionManager: getUnionService(semeventdelegator)
03-25 11:21:06.184 11270  2817 I Routine@Core[4.9.04.13]: ProcessUtils: setProcessImportant: needForeground=true, reason=ENGINE_COORDINATOR
03-25 11:21:06.184  3255  6886 D SEP_UNION_SemDeviceInfoManagerService: Unregister uri = content://com.samsung.android.app.routines.provider.routines.v3/battery_condition_v3, package = com.samsung.android.app.routines, userId = 0
03-25 11:21:06.185 11270  2817 I Routine@Core[4.9.04.13]: COORD/CoordinatorRequestHandler: onCallReceive: method=specific_condition_state_changed
03-25 11:21:06.185 11270  2817 W Routine@Core[4.9.04.13]: COORD/CoordinatorRequestHandler: onCallReceive - handlerThread is not in runnable state=TIMED_WAITING
03-25 11:21:06.185 11270  2817 I Routine@Core[4.9.04.13]: COORD/CoordinatorRequestHandler: [messageHandler.dump] Handler (z8.a) {63855cb} @ 633715867
03-25 11:21:06.185 11270  2817 I Routine@Core[4.9.04.13]: COORD/CoordinatorRequestHandler: [messageHandler.dump]   Looper (CoordinatorHandlerThread, tid 691) {62291a8}
03-25 11:21:06.185 11270  2817 I Routine@Core[4.9.04.13]: COORD/CoordinatorRequestHandler: [messageHandler.dump]     (MessageQueue is using Legacy implementation)
03-25 11:21:06.185 11270  2817 I Routine@Core[4.9.04.13]: COORD/CoordinatorRequestHandler: [messageHandler.dump]     Message 0: { when=-18ms what=0 obj=MessageData(executionLock=java.lang.Object@23cf49f, operation=SPECIFIC_CONDITION_STATE_CHANGED, extras=Bundle[{condition_instance_uuid=582412745169061311}]) target=z8.a }
03-25 11:21:06.185 11270  2817 I Routine@Core[4.9.04.13]: COORD/CoordinatorRequestHandler: [messageHandler.dump]     (Total messages: 1, polling=false, quitting=false)
03-25 11:21:06.185 11270  2817 I Routine@Core[4.9.04.13]: COORD/CoordinatorRequestHandler: onCallReceive: wait until notify... method=specific_condition_state_changed
03-25 11:21:06.186 11270 11297 I Routine@Core[4.9.04.13]: COORD/ConditionStateHandlerCallbackImpl: registerConditionObserver: conditionId=battery_condition_v3(id=8, uuid=679602, routineId=6), targetUri=content://com.samsung.android.app.routines.provider.routines.v3/battery_condition_v3
03-25 11:21:06.187 11270 11297 I SEP_UNION_SemUnionManager: getUnionService(semeventdelegator)
03-25 11:21:06.187  3255  8135 D SEP_UNION_SemDeviceInfoManagerService: Register uri = content://com.samsung.android.app.routines.provider.routines.v3/battery_condition_v3, package = com.samsung.android.app.routines, userId = 0
03-25 11:21:06.187  3255  8135 D SEP_UNION_SemDeviceInfoManagerService: PendingIntentWithConditions added f=0
03-25 11:21:06.188  3255  8135 D SEP_UNION_SemDeviceInfoManagerService: Creating new UnionContentObserver for the uri:content://com.samsung.android.app.routines.provider.routines.v3/battery_condition_v3
03-25 11:21:06.189 11270 11270 I Routine@Core[4.9.04.13]: RoutineEngineService: onSpecificConditionStateChanged: instancedId=6796026569086092671
03-25 11:21:06.189 11270 11358 I Routine@Core[4.9.04.13]: COORD/CoordinatorRequestHandler: messageHandler.handleMessage: message=SPECIFIC_CONDITION_STATE_CHANGED
03-25 11:21:06.193  2086  2247 I sensors-hal: handle_sns_client_event:689, [0][14] gyro_sample_cal(3) [-0.000, 0.000,-0.001] bias[-0.002, 0.004, 0.005] 675317238147293
03-25 11:21:06.194 11270  2818 I Routine@Core[4.9.04.13]: ProcessUtils: setProcessImportant: needForeground=true, reason=ENGINE_COORDINATOR
03-25 11:21:06.195 11270 11353 I Routine@Core[4.9.04.13]: COORD/BasicConditionController: evaluateTriggerStatus: conditions.size=1
03-25 11:21:06.195 11270 11353 I Routine@Core[4.9.04.13]: COORD/BasicConditionController: evaluateTriggerStatus: condition=RoutineCondition(meta=ConditionMeta(id=38, tag=manual_execute, packageName=com.samsung.android.app.routines, componentName=null, componentType=v3, labelResourceId=2131887315, subLabelResourceId=-1, enabledLabelResourceId=0, negativeEnabledLabelResourceId=0, _isSupportNegative=0, descriptionResourceId=0, iconResourceId=2131231565, configActivity=null, category=null, defaultParameter=null, defaultParameterLabel=null, uri=null, correctParam=null, parameterSpecSet=null, supportState=1, attributes=display_description, version=1, defaultLabel=手動で開始), _instance=ConditionInstance(id=4, uuid=582412745169061311, routineId=4, parameterRepresentation=スタートボタンまたはウィジェットをタップしたときに手動で開始, param={}, isNegative=0, timestamp=1739036120924, validState=1, extra=, _triggerStatus=0))
03-25 11:21:06.198 11270  2818 I Routine@Core[4.9.04.13]: COORD/CoordinatorRequestHandler: onCallReceive: method=specific_condition_state_changed
03-25 11:21:06.198 11270  2818 W Routine@Core[4.9.04.13]: COORD/CoordinatorRequestHandler: onCallReceive - handlerThread is not in runnable state=TIMED_WAITING
03-25 11:21:06.198 11270  2818 I Routine@Core[4.9.04.13]: COORD/CoordinatorRequestHandler: [messageHandler.dump] Handler (z8.a) {63855cb} @ 633715880
03-25 11:21:06.198 11270  2818 I Routine@Core[4.9.04.13]: COORD/CoordinatorRequestHandler: [messageHandler.dump]   Looper (CoordinatorHandlerThread, tid 691) {62291a8}
03-25 11:21:06.198 11270  2818 I Routine@Core[4.9.04.13]: COORD/CoordinatorRequestHandler: [messageHandler.dump]     (MessageQueue is using Legacy implementation)
03-25 11:21:06.198 11270  2818 I Routine@Core[4.9.04.13]: COORD/CoordinatorRequestHandler: [messageHandler.dump]     Message 0: { when=-13ms what=0 obj=MessageData(executionLock=java.lang.Object@718b716, operation=SPECIFIC_CONDITION_STATE_CHANGED, extras=Bundle[{condition_instance_uuid=5945472890563544792}]) target=z8.a }
03-25 11:21:06.198 11270  2818 I Routine@Core[4.9.04.13]: COORD/CoordinatorRequestHandler: [messageHandler.dump]     (Total messages: 1, polling=false, quitting=false)
03-25 11:21:06.198 11270  2818 I Routine@Core[4.9.04.13]: COORD/CoordinatorRequestHandler: onCallReceive: wait until notify... method=specific_condition_state_changed
03-25 11:21:06.201  5198  7461 I SearchEngineAppSuggestion: packageUpdateEvent: com.honeyspace.sdk.source.entity.PackageOperation$Changed@9798100
03-25 11:21:06.201  5198  7461 I SearchEngineAppSuggestion: package changed: com.payment.app
03-25 11:21:06.203  5198  7461 I SearchEngine: isComponentInApps() packageName : jp.hyoromo.VideoSwing / className : jp.hyoromo.VideoSwing.MainActivity / userId : 0 / enable true / enabledSetting 4
03-25 11:21:06.203  2071  6073 I vendor.qti.bluetooth@1.1-ibs_handler: ProcessIbsCmd: Received IBS_SLEEP_IND: 0xFE
03-25 11:21:06.204  5198  7461 I SearchEngine: isComponentInApps() packageName : com.Slack / className : slack.features.home.HomeActivity / userId : 0 / enable true / enabledSetting 0
03-25 11:21:06.204 11270 11353 I Routine@Core[4.9.04.13]: TASKD/ConditionTaskAdapterFactoryImpl: getAdapter - metaId=manual_execute(id=38)
03-25 11:21:06.205 11270 11353 E Routine@Core[4.9.04.13]: ResultCode.FailCustomCode: fromValidState: failed to parse. validState=0x1
03-25 11:21:06.205 11270 11353 I Routine@Core[4.9.04.13]: TASKD/ConditionTaskAdapterFactoryImpl: getAdapter - metaId=manual_execute(id=38)
03-25 11:21:06.205  5198  7461 I SearchEngine: isComponentInApps() packageName : com.dropbox.android / className : com.dropbox.android.activity.DropboxBrowser / userId : 0 / enable true / enabledSetting 4
03-25 11:21:06.205  5198  7461 I SearchEngine: isComponentInApps() packageName : jp.go.cas.mpa / className : jp.go.cas.mpa.presentation.view.eventcontrol.EventControlActivity / userId : 0 / enable true / enabledSetting 4
03-25 11:21:06.206  5198  7461 I HoneySpace.SuggestAppDecor: cellX : 4
03-25 11:21:06.206 11270 11353 I Routine@Core[4.9.04.13]: ManualExecutionConditionHandler: isSatisfied: tag=manual_execute, result=NOT_SATISFIED
03-25 11:21:06.206 11270 11353 I Routine@Core[4.9.04.13]: COORD/BasicConditionController: evaluateTriggerStatus: isSatisfied=false (conditionId=manual_execute(id=4, uuid=582412, routineId=4))
03-25 11:21:06.208  5198  7461 I HoneySpace.SuggestAppDecor: getInstaller: com.payment.app [null]
03-25 11:21:06.209  5198  7461 I HoneySpace.SuggestAppDecor: getInstaller: jp.naver.line.android [com.android.vending]
03-25 11:21:06.210  5198  7461 I HoneySpace.SuggestAppDecor: getInstaller: com.twitter.android [com.android.vending]
03-25 11:21:06.211  5198  7461 I HoneySpace.SuggestAppDecor: getInstaller: com.sec.android.gallery3d [null]
03-25 11:21:06.211  5198  7461 I ResultDataManager: Results: keys=SUGGESTED_APPS, SUGGESTED_TAG, SUGGESTED_DIRECTORY, HISTORY_KEYWORD
03-25 11:21:06.211  5198  7461 I SearchEngine: query: reTriggered: [emit] 992 SUGGESTED_APPS takes 9 contents=[8]
