03-25 10:20:03.159  2193  2549 I SurfaceFlinger: id=124967 createSurf, flag=84004, Transition Root: ActivityRecord{75713718 u0 com.google.android.permissioncontroller/com.android.permissioncontroller.permission.ui.GrantPermissionsActivity t15128}#124967
03-25 10:20:03.160  3255  3366 I SurfaceControlRegistry: show, t=StartTransaction_SyncId<8727> sc=ActivityRecord{75713718 u0 com.google.android.permissioncontroller/com.android.permissioncontroller.permission.ui.GrantPermissionsActivity t15128}, caller=android.view.SurfaceControl$Transaction.show:3557 com.android.server.wm.Transition.onTransactionReady:2048 com.android.server.wm.BLASTSyncEngine$SyncGroup.finishNow:240 com.android.server.wm.BLASTSyncEngine.onSurfacePlacement:263 com.android.server.wm.RootWindowContainer.performSurfacePlacementNoTrace:1083 com.android.server.wm.WindowSurfacePlacer.performSurfacePlacement:166
03-25 10:20:03.160  3255  3366 D SurfaceComposerClient: setCornerRadius ## ActivityRecord{75713718 u0 com.google.android.permissioncontroller/com.android.permissioncontroller.permission.ui.GrantPermissionsActivity t15128}#124960 cornerRadius=0.000000
03-25 10:20:03.160 16394 16394 D BoundBrokerSvc: onBind: Intent { act=com.google.android.gms.semanticlocationhistory.zeroparty.service.START dat=chimera-action:/... xflg=0x4 cmp=com.google.android.gms/.chimera.GmsApiService }
03-25 10:20:03.160 16394 16394 D BoundBrokerSvc: Loading bound service for intent: Intent { act=com.google.android.gms.semanticlocationhistory.zeroparty.service.START dat=chimera-action:/... xflg=0x4 cmp=com.google.android.gms/.chimera.GmsApiService }
03-25 10:20:03.161  3255  3366 W PhoneWindowManager: lockNow pending, ignore updating lockscreen timeout
03-25 10:20:03.161  3255  3366 D SurfaceComposerClient: setCornerRadius ## b6d62e9 com.android.systemui/com.android.systemui.cover.CoverHomeActivity#122251 cornerRadius=0.000000
03-25 10:20:03.161  3255  3366 D SurfaceComposerClient: setCornerRadius ## 70a5050 com.google.android.permissioncontroller/com.android.permissioncontroller.permission.ui.GrantPermissionsActivity#124962 cornerRadius=0.000000
03-25 10:20:03.161  3255  3366 D SurfaceComposerClient: setCornerRadius ## a175a10 Splash Screen com.payment.app#124952 cornerRadius=0.000000
03-25 10:20:03.161  3255  3366 W PhoneWindowManager: lockNow pending, ignore updating lockscreen timeout
03-25 10:20:03.161  3255  3366 D SurfaceComposerClient: setCornerRadius ## 70a5050 com.google.android.permissioncontroller/com.android.permissioncontroller.permission.ui.GrantPermissionsActivity#124962 cornerRadius=0.000000
03-25 10:20:03.161  3255  3366 D SurfaceComposerClient: setCornerRadius ## a175a10 Splash Screen com.payment.app#124952 cornerRadius=0.000000
03-25 10:20:03.161  3255  3366 D SurfaceComposerClient: setCornerRadius ## 3d64f66 com.payment.app/com.payment.app.MainActivity#124961 cornerRadius=0.000000
03-25 10:20:03.161  3255  3366 D SurfaceControl: restrictHighRefreshRate, enabled=false
03-25 10:20:03.161  2193  2549 I SurfaceFlinger: HRR : 0
03-25 10:20:03.162  2193  2193 I SurfaceFlinger: [Surface(name=ef42f62 jp.naver.line.android)/@0xe8e28e5 - animation-leash of window_animation#124966] attach to parent LayerHierarchy{RequestedLayerState{WindowToken{41f4e2d type=2038 android.os.BinderProxy@e19cd44}#124502 parentId=13 z=2} 2 children}
03-25 10:20:03.162  2193  2193 I SurfaceFlinger: [Transition Root: ActivityRecord{75713718 u0 com.google.android.permissioncontroller/com.android.permissioncontroller.permission.ui.GrantPermissionsActivity t15128}#124967] attach to parent LayerHierarchy{RequestedLayerState{Task=15128#124950 parentId=124956 z=9} 3 children}
03-25 10:20:03.162  3255  3367 D SurfaceComposerClient: [SEC_SF_EFFECTS] setBackgroundBlurRadius ## Dim Layer for - Task=15127#124948 backgroundBlurRadius=0
03-25 10:20:03.162  2193  2321 I SurfaceFlinger: id=124968 createSurf, flag=84000, 80b4db7 ActivityRecordInputSink com.google.android.permissioncontroller/com.android.permissioncontroller.permission.ui.GrantPermissionsActivity#124968
03-25 10:20:03.164  4709  4796 I SurfaceControlRegistry: show, t=StartTransaction_SyncId<8727> sc=ActivityRecord{75713718 u0 com.google.android.permissioncontroller/com.android.permissioncontroller.permission.ui.GrantPermissionsActivity t15128}, caller=android.view.SurfaceControl$Transaction.show:3557 com.android.wm.shell.transition.Transitions.dispatchReady:1279 com.android.wm.shell.transition.Transitions.onTransitionReady:251 com.android.wm.shell.transition.Transitions$TransitionPlayerImpl$$ExternalSyntheticLambda0.run:13 android.os.Handler.handleCallback:995 android.os.Handler.dispatchMessage:103
03-25 10:20:03.164  4709  4796 I SurfaceControlRegistry: show, t=FinishTransaction_SyncId<8727> sc=ActivityRecord{75713718 u0 com.google.android.permissioncontroller/com.android.permissioncontroller.permission.ui.GrantPermissionsActivity t15128}, caller=android.view.SurfaceControl$Transaction.show:3557 com.android.wm.shell.transition.Transitions.dispatchReady:1330 com.android.wm.shell.transition.Transitions.onTransitionReady:251 com.android.wm.shell.transition.Transitions$TransitionPlayerImpl$$ExternalSyntheticLambda0.run:13 android.os.Handler.handleCallback:995 android.os.Handler.dispatchMessage:103
03-25 10:20:03.165  4709  4816 D SurfaceComposerClient: setCornerRadius ## Task=15128#124950 cornerRadius=9.000000
03-25 10:20:03.167  4709  4816 D SurfaceComposerClient: setCornerRadius ## Task=15128#124950 cornerRadius=9.000000
03-25 10:20:03.169  3255  3362 I PkgPredictorService-SecIpmManagerServiceImpl: reportToNAP uid:10305 com.google.android.permissioncontroller/com.android.permissioncontroller.permission.ui.GrantPermissionsActivity thisTime:284
03-25 10:20:03.169  3255  3362 D PkgPredictorService-SecIpmManagerServiceImpl: reportToNAP: mHeavyLaunchCounter is false
03-25 10:20:03.169  3255  5318 D PkgPredictorService-SecIpmManagerServiceImpl: ACTION_FOREGROUND_FINISH_EVENT sCurForegroundApp :com.google.android.permissioncontroller
03-25 10:20:03.170  3255  3362 I ActivityTaskManager: Displayed com.google.android.permissioncontroller/com.android.permissioncontroller.permission.ui.GrantPermissionsActivity for user 0: +284ms
03-25 10:20:03.170  2193  2193 I SurfaceFlinger: [LayerHierarchy{RequestedLayerState{ef42f62 jp.naver.line.android#124503 parentId=124966} 1 children}] reparent to LayerHierarchy{RequestedLayerState{Surface(name=ef42f62 jp.naver.line.android)/@0xe8e28e5 - animation-leash of window_animation#124966 parentId=124502} 1 children}
03-25 10:20:03.170  3255  3367 D SurfaceComposerClient: [SEC_SF_EFFECTS] setBackgroundBlurRadius ## Dim Layer for - Task=15127#124948 backgroundBlurRadius=0
03-25 10:20:03.170  2193  2193 I SurfaceFlinger: [80b4db7 ActivityRecordInputSink com.google.android.permissioncontroller/com.android.permissioncontroller.permission.ui.GrantPermissionsActivity#124968] attach to parent LayerHierarchy{RequestedLayerState{ActivityRecord{75713718 u0 com.google.android.permissioncontroller/com.android.permissioncontroller.permission.ui.GrantPermissionsActivity t15128}#124960 parentId=124950} 2 children}
03-25 10:20:03.170  3255  3366 D SurfaceComposerClient: [SEC_SF_EFFECTS] setBackgroundBlurRadius ## Dim Layer for - Task=15127#124948 backgroundBlurRadius=0
03-25 10:20:03.171  3255  6890 I WindowManager: Relayout Window{70a5050 u0 com.google.android.permissioncontroller/com.android.permissioncontroller.permission.ui.GrantPermissionsActivity}: viewVisibility=0 req=1080x740 ty=1 d0
03-25 10:20:03.171  3255  6890 W PhoneWindowManager: lockNow pending, ignore updating lockscreen timeout
03-25 10:20:03.171  3255  6890 D SurfaceComposerClient: setCornerRadius ## b6d62e9 com.android.systemui/com.android.systemui.cover.CoverHomeActivity#122251 cornerRadius=0.000000
03-25 10:20:03.172  4709  4796 I SurfaceControlRegistry: apply, t=FinishTransaction_SyncId<8726>, caller=android.view.SurfaceControl$Transaction.apply:3459 android.view.SurfaceControl$Transaction.apply:3447 android.view.SurfaceControl$Transaction.apply:3397 com.android.wm.shell.transition.Transitions.onFinish:315 com.android.wm.shell.transition.Transitions$$ExternalSyntheticLambda7.onTransitionFinished:12 com.android.wm.shell.transition.DefaultTransitionHandler$$ExternalSyntheticLambda2.run:36
03-25 10:20:03.172  3255  6890 D SurfaceComposerClient: setCornerRadius ## 70a5050 com.google.android.permissioncontroller/com.android.permissioncontroller.permission.ui.GrantPermissionsActivity#124962 cornerRadius=0.000000
03-25 10:20:03.172  3255  6890 D SurfaceComposerClient: setCornerRadius ## a175a10 Splash Screen com.payment.app#124952 cornerRadius=0.000000
03-25 10:20:03.173  3255  6890 W PhoneWindowManager: lockNow pending, ignore updating lockscreen timeout
03-25 10:20:03.174  2193  2321 I SurfaceFlinger: id=124969 createSurf, flag=24000, Surface(name=70a5050 com.google.android.permissioncontroller/com.android.permissioncontroller.permission.ui.GrantPermissionsActivity)/@0xf705b86 - animation-leash of window_animation#124969
03-25 10:20:03.175  3255  6890 D SurfaceComposerClient: setCornerRadius ## 70a5050 com.google.android.permissioncontroller/com.android.permissioncontroller.permission.ui.GrantPermissionsActivity#124962 cornerRadius=0.000000
03-25 10:20:03.175  3255  6890 D SurfaceComposerClient: setCornerRadius ## a175a10 Splash Screen com.payment.app#124952 cornerRadius=0.000000
03-25 10:20:03.175  3255  6890 D SurfaceComposerClient: setCornerRadius ## 3d64f66 com.payment.app/com.payment.app.MainActivity#124961 cornerRadius=0.000000
03-25 10:20:03.175 10718 11941 I cn_CronetUrlRequestContext: destroyNativeStreamLocked org.chromium.net.impl.CronetBidirectionalStream@de2f0a4
03-25 10:20:03.177  3255  6890 I WindowManager: Relayout hash=70a5050, pid=7676, syncId=-1: mAttrs={(0,0)(wrapxwrap) gr=BOTTOM CENTER sim={state=always_hidden adjust=nothing forwardNavigation} ty=BASE_APPLICATION fmt=TRANSLUCENT wanim=0x1030309 surfaceInsets=Rect(6, 6 - 6, 6)
03-25 10:20:03.177  3255  6890 I WindowManager:   fl=1800002
03-25 10:20:03.177  3255  6890 I WindowManager:   pfl=40080800
03-25 10:20:03.177  3255  6890 I WindowManager:   bhv=1
03-25 10:20:03.177  3255  6890 I WindowManager:   fitTypes=207
03-25 10:20:03.177  3255  6890 I WindowManager:   frameRateBoostOnTouch=true
03-25 10:20:03.177  3255  6890 I WindowManager:   dvrrWindowFrameRateHint=true
03-25 10:20:03.177  3255  6890 I WindowManager:  dimAmount=0.65 naviIconColor=0}
03-25 10:20:03.177  4709  4709 D SamsungLightBarControlHelper: updateStatusBar (WHITE icon) numStacks:1, StatusBarMode:MODE_TRANSPARENT, lightBarBounds:[], StatusBarState:SHADE, packageName:, isWhiteKeyguardStatusBar:false
03-25 10:20:03.177  4709  4709 D SamsungLightBarControlHelper: onStatusBarAppearanceChanged() -  sbModeChanged:false, statusBarMode:0, barState:MODE_TRANSPARENT, isKeyguardShowing:false, navbarColorManagedByIme:false, (AppearanceRegion{ bounds=[0,0][1080,2316]}, )
03-25 10:20:03.178  4709  4709 D NavigationBar: onSystemBarAttributesChanged() -  displayId:0, appearance:0, packageName: com.google.android.permissioncontroller, navbarColorManagedByIme:false
03-25 10:20:03.178  4709  4709 D SamsungLightBarControlHelper: updateNavigationBar (WHITE button) isLightOpaque:false, hasLightNavigationBarFlag:false, packageName:com.google.android.permissioncontroller, DirectReplying:false, NavBarColorMangedByIme:false, ForceDarkForScrim:false, ForceLightForScrim:false, QsCustomizing:false, QsExpanded:false
03-25 10:20:03.178  2193  2193 E SurfaceFlinger: alpha changed 0.027 -> 0.000 - Dim Layer for - Task=15127#124948
03-25 10:20:03.178  2193  2193 E SurfaceFlinger: alpha changed 0.000 -> 0.000 - Dim Layer for - Task=15127#124948
03-25 10:20:03.178  2193  2193 I SurfaceFlinger: RequestedLayer [Task=1#53] hidden!! flag  from(0) --> to(1)
03-25 10:20:03.178  2193  2193 I SurfaceFlinger: RequestedLayer [Task=15127#124937] hidden!! flag  from(0) --> to(1)
03-25 10:20:03.178  2193  2193 I SurfaceFlinger: [LayerHierarchy{RequestedLayerState{Task=1#53 parentId=10} 1 children}] reparent to LayerHierarchy{RequestedLayerState{DefaultTaskDisplayArea_d0#10 parentId=9} 11 children}
03-25 10:20:03.178  2193  2193 I SurfaceFlinger: [LayerHierarchy{RequestedLayerState{WallpaperWindowToken{32922bb showWhenLocked=false}#103836 parentId=8 z=1} 1 children}] reparent to LayerHierarchy{RequestedLayerState{Leaf:1:1#8 parentId=7} 2 children}
03-25 10:20:03.178  2193  2193 I SurfaceFlinger: [LayerHierarchy{RequestedLayerState{Task=15127#124937 parentId=10 z=8} 1 children}] reparent to LayerHierarchy{RequestedLayerState{DefaultTaskDisplayArea_d0#10 parentId=9} 12 children}
03-25 10:20:03.178  2193  2193 I SurfaceFlinger: [LayerHierarchy{RequestedLayerState{Dim Layer for - Task=15127#124948 z=-1} no children}] reparent to OffscreenRoot
03-25 10:20:03.178  2193  2193 I SurfaceFlinger: [LayerHierarchy{RequestedLayerState{Dim Layer for - Task=15127#124948 z=-1} no children}] RelativeParent to null
03-25 10:20:03.178  2193  2193 I SurfaceFlinger: [LayerHierarchy{RequestedLayerState{Task=15128#124950 parentId=10 z=9} 3 children}] reparent to LayerHierarchy{RequestedLayerState{DefaultTaskDisplayArea_d0#10 parentId=9} 13 children}
03-25 10:20:03.178  2193  2193 I SurfaceFlinger: [LayerHierarchy{RequestedLayerState{Transition Root: Task=15128#124956 z=9} no children}] reparent to OffscreenRoot
03-25 10:20:03.178  2193  2193 I SurfaceFlinger: [LayerHierarchy{RequestedLayerState{Transition Root: Task=15128#124956 z=9} no children}] RelativeParent to null
03-25 10:20:03.178  2193  2193 I SurfaceFlinger: [Surface(name=70a5050 com.google.android.permissioncontroller/com.android.permissioncontroller.permission.ui.GrantPermissionsActivity)/@0xf705b86 - animation-leash of window_animation#124969] attach to parent LayerHierarchy{RequestedLayerState{ActivityRecord{75713718 u0 com.google.android.permissioncontroller/com.android.permissioncontroller.permission.ui.GrantPermissionsActivity t15128}#124960 parentId=124950} 3 children}
03-25 10:20:03.178 19730 31773 I SAMSUNGWALLET: [Hint_ProcessStatusChange] fg Change, pid : 15732 , isNotify : false , isForeground : true , fg list : [15732, 19720, 5198]
03-25 10:20:03.179 19730 31773 I SAMSUNGWALLET: [Hint_ProcessStatusChange] fg Change, pid : 7676 , isNotify : true , isForeground : true , fg list : [15732, 19720, 7676, 5198]
03-25 10:20:03.179  2193  2193 I SurfaceFlinger: id=124948 Removed Dim Layer for - Task=15127#124948 (223)
03-25 10:20:03.179 19730 19777 I SAMSUNGWALLET: [Hint_ProcessStatusChange] fg Change, pid : 15732 , isNotify : true , isForeground : true , fg list : [15732, 19720, 7676, 5198]
03-25 10:20:03.179 19730 19777 I SAMSUNGWALLET: [Hint_ProcessStatusChange] fg Change, pid : 7676 , isNotify : false , isForeground : true , fg list : [15732, 19720, 7676, 5198]
03-25 10:20:03.180  2193  2549 I SurfaceFlinger: id=124970 createSurf, flag=20004, Dim Layer for - Task=15128#124970
03-25 10:20:03.181  5685  5685 E pageboostd: Received HALT command code 2
03-25 10:20:03.181  2193  2193 D SurfaceFlinger: Display 4630947093241269891 HWC layers:
03-25 10:20:03.181  2193  2193 D SurfaceFlinger:        DEVICE |           39917426049056 | 00000100 | RGBA_8888    |    0.0    0.0 1080.0 2316.0 |    0    0 1080 2316 | Wallpaper BBQ wrapper 5_system#103839 (1194)
03-25 10:20:03.181  2193  2193 D SurfaceFlinger:        DEVICE |           20225001073110 | 00002100 | RGBA_8888    |    0.0    0.0 1080.0 2316.0 |    0    0 1080 2316 | Splash Screen com.payment.app$_4709#124955 (1)
03-25 10:20:03.181  2193  2193 D SurfaceFlinger:        DEVICE |          117402931036402 | 00002100 | RGBA_8888    |    0.0    0.0  226.0  210.0 |  854 1661 1080 1871 | $_27335#124504 (163)
03-25 10:20:03.181  2193  2193 D SurfaceFlinger:        DEVICE |           20225001072407 | 00002100 | RGBA_8888    |    0.0    0.0 1080.0   75.0 |    0    0 1080   75 | StatusBar$_4709#110 (376509)
03-25 10:20:03.181  2193  2193 D SurfaceFlinger:        DEVICE |           22325240023386 | 00002100 | RGBA_8888    |    0.0    0.0   67.0  297.0 | 1013  517 1080  814 | com.sec.android.app.launcher/com.sam[...].app.CocktailBarService$_5198#124868 (1)
03-25 10:20:03.181  2193  2193 D SurfaceFlinger:        DEVICE |           20225001072413 | 00002100 | RGBA_8888    |    0.0    0.0 1080.0  144.0 |    0 2172 1080 2316 | NavigationBar0$_4709#106 (160411)
03-25 10:20:03.181  2193  2193 D SurfaceFlinger:
03-25 10:20:03.181  2193  2193 D SurfaceFlinger:
03-25 10:20:03.182  7676  7676 I BLASTBufferQueue_Java: update, w= 1092 h= 752 mName = VRI[GrantPermissionsActivity]@ff941e5 mNativeObject= 0xb4000077f97c4000 sc.mNativeObject= 0xb4000078317a8d40 format= -3 caller= android.view.ViewRootImpl.updateBlastSurfaceIfNeeded:3574 android.view.ViewRootImpl.relayoutWindow:11685 android.view.ViewRootImpl.performTraversals:4804 android.view.ViewRootImpl.doTraversal:3924 android.view.ViewRootImpl$TraversalRunnable.run:12903 android.view.Choreographer$CallbackRecord.run:1901
03-25 10:20:03.182  7676  7676 I VRI[GrantPermissionsActivity]@ff941e5: Relayout returned: old=(0,2076,1080,2172) new=(0,1432,1080,2172) relayoutAsync=false req=(1080,740)0 dur=11 res=0x0 s={true 0xb40000783171c200} ch=false seqId=0
03-25 10:20:03.183  7676  7676 D VRI[GrantPermissionsActivity]@ff941e5: mThreadedRenderer.updateSurface() mSurface={isValid=true 0xb40000783171c200}
03-25 10:20:03.183  7676  7676 D ScrollView:  onsize change changed
03-25 10:20:03.184  7676  7676 I VRI[GrantPermissionsActivity]@ff941e5: registerCallbackForPendingTransactions
03-25 10:20:03.185  7676 28840 I VRI[GrantPermissionsActivity]@ff941e5: mWNT: t=0xb4000077f9a0c780 mBlastBufferQueue=0xb4000077f97c4000 fn= 2 HdrRenderState mRenderHdrSdrRatio=1.0 caller= android.view.ViewRootImpl$10.onFrameDraw:6536 android.view.ViewRootImpl$4.onFrameDraw:2489 android.view.ThreadedRenderer$1.onFrameDraw:718
03-25 10:20:03.185  7676  7676 I VRI[GrantPermissionsActivity]@ff941e5: handleResized, frames=ClientWindowFrames{frame=[0,1432][1080,2172] display=[0,75][1080,2172] parentFrame=[0,0][0,0]} displayId=0 dragResizing=false compatScale=1.0 frameChanged=false attachedFrameChanged=false configChanged=false displayChanged=false compatScaleChanged=false dragResizingChanged=false
03-25 10:20:03.185  3255  3255 D AODManagerService: requestReCalToTSP IsSingleTouchMode = falserequestedReCalToTSP = false / previousDisplayState = ON
03-25 10:20:03.186  3255  5801 D LiftUpHandler: [LTW] Stopped already.
03-25 10:20:03.186  2182  2313 D AudioFlinger: setParameters: filtered dev setParameters keyvalue screen_state=on
03-25 10:20:03.186  2070  2138 D AHAL: AudioDevice: SetParameters: 1799: enter
03-25 10:20:03.186  2070  2138 D AHAL: AudioVoice: VoiceSetParameters: 171: Enter
03-25 10:20:03.186  2070  2138 D AHAL: AudioVoice: VoiceSetParameters: 416: Exit ret: 0
03-25 10:20:03.186  2070  2138 D AHAL: hfp: hfp_set_parameters: 447: enter
03-25 10:20:03.186  2070  2138 D AHAL: AudioDevice: SetParameters: 1879:  - screen = on
03-25 10:20:03.186  2070  2138 I PAL: ResourceManager: setParameter: 9278: Screen State:1
03-25 10:20:03.186  2070  2138 D AHAL: AudioDevice: SetParameters: 2521: exit: screen_state=on
03-25 10:20:03.186 11270 11353 I Routine@Core[4.9.04.13]: WEAR/WearRoutineHostSenderImpl: requestToUpdateMetas: savedMetasHashCode : 0, nodeId : c26175dd
03-25 10:20:03.187  2193  2193 I SurfaceFlinger: RequestedLayer [Dim Layer for - Task=15128#124970] hidden!! flag  from(1) --> to(0)
03-25 10:20:03.187  2193  2193 E SurfaceFlinger: alpha changed 1.000 -> 0.000 - Dim Layer for - Task=15128#124970
03-25 10:20:03.187  2193  2193 I SurfaceFlinger: destroyed Dim Layer for - Task=15127#124948 form LifecycleManager
03-25 10:20:03.187  2193  2193 I SurfaceFlinger: [Dim Layer for - Task=15128#124970] attach to parent LayerHierarchy{RequestedLayerState{Task=15128#124950 parentId=10 z=9} 4 children}
03-25 10:20:03.187  2193  2193 I SurfaceFlinger: [LayerHierarchy{RequestedLayerState{70a5050 com.google.android.permissioncontroller/com.android.permissioncontroller.permission.ui.GrantPermissionsActivity#124962 parentId=124969} 2 children}] reparent to LayerHierarchy{RequestedLayerState{Surface(name=70a5050 com.google.android.permissioncontroller/com.android.permissioncontroller.permission.ui.GrantPermissionsActivity)/@0xf705b86 - animation-leash of window_animation#124969 parentId=124960} 1 children}
03-25 10:20:03.187  2193  2193 I SurfaceFlinger: id=124948 onLayerDestroyed from LayerHierarchyBuilder(RequestedLayerState{Dim Layer for - Task=15127#124948 !handle z=-1})
03-25 10:20:03.187  2070  2138 I Audio_a2dpsink_hw: adev_set_parameters: kevpairs=[screen_state=on]
03-25 10:20:03.187  3255  4502 D AS.DesktopModeHelper: onDisplayChanged: #Id=0
03-25 10:20:03.187  2193  2193 I Layer   : id=124948 Destroyed Dim Layer for - Task=15127#124948
03-25 10:20:03.187  3255  3367 D SurfaceComposerClient: [SEC_SF_EFFECTS] setBackgroundBlurRadius ## Dim Layer for - Task=15128#124970 backgroundBlurRadius=0
03-25 10:20:03.187  3255  3367 D SurfaceComposerClient: [SEC_SF_EFFECTS] setBackgroundBlurRadius ## Dim Layer for - Task=15128#124970 backgroundBlurRadius=0
03-25 10:20:03.190  5198  5198 I VRI[LauncherActivity]@573f08a: handleAppVisibility mAppVisible = true visible = false
03-25 10:20:03.190 19720 19720 I VRI[DialogHostActivity]@831c367: handleAppVisibility mAppVisible = true visible = false
03-25 10:20:03.190 19720 19720 D VRI[DialogHostActivity]@831c367: visibilityChanged oldVisibility=true newVisibility=false
03-25 10:20:03.190  7115  7115 I VRI[LauncherActivity]@434ac8d: handleAppVisibility mAppVisible = true visible = false
03-25 10:20:03.190  7115  7115 D VRI[LauncherActivity]@434ac8d: visibilityChanged oldVisibility=true newVisibility=false
03-25 10:20:03.190  3255  3295 D PersonaActivityHelper: token.toString()  Token{56b905 ActivityRecord{22401143 u0 com.sec.android.app.launcher/.activities.LauncherActivity t14309}}
03-25 10:20:03.191  3255  3295 D PersonaActivityHelper: mLastResumedSFActivity getPackageName  com.google.android.permissioncontroller
03-25 10:20:03.191  3255  3295 D PersonaActivityHelper: mLastResumedSFActivity getShortClassName  com.android.permissioncontroller.permission.ui.GrantPermissionsActivity
03-25 10:20:03.191  3255  3295 D PersonaActivityHelper: token.toString()  Token{613ea5e ActivityRecord{35911904 u0 com.payment.app/.MainActivity t15128}}
03-25 10:20:03.191  3255  3295 D PersonaActivityHelper: mLastResumedSFActivity getPackageName  com.google.android.permissioncontroller
03-25 10:20:03.191  3255  3295 D PersonaActivityHelper: mLastResumedSFActivity getShortClassName  com.android.permissioncontroller.permission.ui.GrantPermissionsActivity
03-25 10:20:03.191  3255  3295 D PersonaActivityHelper: token.toString()  Token{d747cef ActivityRecord{157951069 u0 com.domobile.applockwatcher/.ui.common.controller.DialogHostActivity t15127}}
03-25 10:20:03.191  3255  3295 D PersonaActivityHelper: mLastResumedSFActivity getPackageName  com.google.android.permissioncontroller
03-25 10:20:03.191  3255  3295 D PersonaActivityHelper: mLastResumedSFActivity getShortClassName  com.android.permissioncontroller.permission.ui.GrantPermissionsActivity
03-25 10:20:03.191  9294 26880 I WallpaperService: dispatchAppVisibility: system, visible=false , mLidState = -1
03-25 10:20:03.191  4709  4796 I SurfaceControlRegistry: show, t=StartTransaction_SyncId<8727> sc=Transition Root: ActivityRecord{75713718 u0 com.google.android.permissioncontroller/com.android.permissioncontroller.permission.ui.GrantPermissionsActivity t15128}, caller=android.view.SurfaceControl$Transaction.show:3557 com.android.wm.shell.transition.Transitions.playTransition:79 com.android.wm.shell.transition.Transitions.processReadyQueue:239 com.android.wm.shell.transition.Transitions.onFinish:528 com.android.wm.shell.transition.Transitions$$ExternalSyntheticLambda7.onTransitionFinished:12 com.android.wm.shell.transition.DefaultTransitionHandler$$ExternalSyntheticLambda2.run:36
03-25 10:20:03.192  4709  4796 I SurfaceControlRegistry: apply, t=StartTransaction_SyncId<8727>, caller=android.view.SurfaceControl$Transaction.apply:3459 android.view.SurfaceControl$Transaction.apply:3447 android.view.SurfaceControl$Transaction.apply:3397 com.android.wm.shell.transition.DefaultTransitionHandler.startAnimation:3387 com.android.wm.shell.transition.Transitions.dispatchTransition:90 com.android.wm.shell.transition.Transitions.playTransition:774
03-25 10:20:03.193 19730 20306 I SAMSUNGWALLET: [Hint_SimpleHintProcessMonitor] isHomePackageRunning topPkgName = com.google.android.permissioncontroller, topClsName = com.android.permissioncontroller.permission.ui.GrantPermissionsActivity, return false , se : false
03-25 10:20:03.193 19730 19730 I SAMSUNGWALLET: [Hint_PayHintService] Hint Status - already invisible, skip hide : Home Package Not Running
03-25 10:20:03.194  2071  2071 D vendor.qti.bluetooth@1.1-ibs_handler: SerialClockVote: vote for UART CLK ON
03-25 10:20:03.195  2193  2193 I SurfaceFlinger: RequestedLayer [70a5050 com.google.android.permissio[...]n.ui.GrantPermissionsActivity#124962] hidden!! flag  from(1) --> to(0)
03-25 10:20:03.195  2193  2193 I SurfaceFlinger: RequestedLayer [com.google.android.permissioncontrol[...]rantPermissionsActivity$_7676#124963] hidden!! flag  from(1) --> to(0)
03-25 10:20:03.195  2193  2193 I SurfaceFlinger: RequestedLayer [ActivityRecord{75713718 u0 com.googl[...]ntPermissionsActivity t15128}#124960] hidden!! flag  from(1) --> to(0)
03-25 10:20:03.195  2193  2193 E SurfaceFlinger: alpha changed 1.000 -> 0.000 - ActivityRecord{75713718 u0 com.google.android.permissioncontroller/com.android.permissioncontroller.permission.ui.GrantPermissionsActivity t15128}#124960
03-25 10:20:03.195  2193  2193 I SurfaceFlinger: RequestedLayer [Transition Root: ActivityRecord{7571[...]ntPermissionsActivity t15128}#124967] hidden!! flag  from(1) --> to(0)
03-25 10:20:03.195  2193  2193 I SurfaceFlinger: [LayerHierarchy{RequestedLayerState{ActivityRecord{75713718 u0 com.google.android.permissioncontroller/com.android.permissioncontroller.permission.ui.GrantPermissionsActivity t15128}#124960 parentId=124967 z=3} 2 children}] reparent to LayerHierarchy{RequestedLayerState{Transition Root: ActivityRecord{75713718 u0 com.google.android.permissioncontroller/com.android.permissioncontroller.permission.ui.GrantPermissionsActivity t15128}#124967 parentId=124950 z=1} 1 children}
03-25 10:20:03.195  2193  2193 I SurfaceFlinger: [LayerHierarchy{RequestedLayerState{Transition Root: Task=15128#124956 z=9} no children}] reparent to OffscreenRoot
03-25 10:20:03.195  2193  2193 I SurfaceFlinger: [LayerHierarchy{RequestedLayerState{Transition Root: Task=15128#124956 z=9} no children}] RelativeParent to null
03-25 10:20:03.195  3255  3367 D SurfaceComposerClient: [SEC_SF_EFFECTS] setBackgroundBlurRadius ## Dim Layer for - Task=15128#124970 backgroundBlurRadius=0
03-25 10:20:03.196  2193  2193 I SurfaceFlinger: id=124956 Removed Transition Root: Task=15128#124956 (223)
03-25 10:20:03.196 11270 11270 I RoutineTransimissionLib@WearMessageHelper: sendMessage.onSuccess: result=25068
03-25 10:20:03.196  4709  4796 I SurfaceControlRegistry: apply, t=FinishTransaction_SyncId<8727>, caller=android.view.SurfaceControl$Transaction.apply:3459 android.view.SurfaceControl$Transaction.apply:3447 android.view.SurfaceControl$Transaction.apply:3397 com.android.wm.shell.transition.Transitions.onFinish:315 com.android.wm.shell.transition.Transitions$$ExternalSyntheticLambda7.onTransitionFinished:12 com.android.wm.shell.transition.DefaultTransitionHandler$$ExternalSyntheticLambda2.run:36
03-25 10:20:03.197 11270 15757 W AppFunctions: Unknown schema [category=files, name=getFileContentUris, version=1]
03-25 10:20:03.198  2071  2071 D vendor.qti.bluetooth@1.1-wake_lock: Acquire wakelock is acquired
03-25 10:20:03.198  2071  2071 I vendor.qti.bluetooth@1.1-ibs_handler: DeviceWakeUp: Writing IBS_WAKE_IND
03-25 10:20:03.198  2071  6073 I vendor.qti.bluetooth@1.1-ibs_handler: ProcessIbsCmd: Received IBS_WAKE_ACK: 0xFC
03-25 10:20:03.198  2071  6073 I vendor.qti.bluetooth@1.1-ibs_handler: ProcessIbsCmd: Signal wack_cond_
03-25 10:20:03.198  2071  2071 D vendor.qti.bluetooth@1.1-ibs_handler: DeviceWakeUp: Unblocked from waiting for FC, pthread_cond_timedwait ret = 0
03-25 10:20:03.199  9294  9294 I WallpaperService: reportVisibility: visibility changed. visible=false
03-25 10:20:03.200  3255  6889 D PersonaActivityHelper: token.toString()  Token{90d0c8d ActivityRecord{75713718 u0 com.google.android.permissioncontroller/com.android.permissioncontroller.permission.ui.GrantPermissionsActivity t15128}}
03-25 10:20:03.200  3255  6889 D PersonaActivityHelper: mLastResumedSFActivity getPackageName  com.google.android.permissioncontroller
03-25 10:20:03.200  3255  6889 D PersonaActivityHelper: mLastResumedSFActivity getShortClassName  com.android.permissioncontroller.permission.ui.GrantPermissionsActivity
03-25 10:20:03.200  7115  7157 D HWUI    : CacheManager::trimMemory(20)
03-25 10:20:03.201  3255  3366 W PhoneWindowManager: lockNow pending, ignore updating lockscreen timeout
03-25 10:20:03.203  3255  3366 D SurfaceComposerClient: setCornerRadius ## b6d62e9 com.android.systemui/com.android.systemui.cover.CoverHomeActivity#122251 cornerRadius=0.000000
03-25 10:20:03.203  2193  2193 E SurfaceFlinger: alpha changed 0.000 -> 0.029 - Dim Layer for - Task=15128#124970
03-25 10:20:03.203  2193  2193 E SurfaceFlinger: alpha changed 0.000 -> 1.000 - ActivityRecord{75713718 u0 com.google.android.permissioncontroller/com.android.permissioncontroller.permission.ui.GrantPermissionsActivity t15128}#124960
03-25 10:20:03.203  2193  2193 I SurfaceFlinger: destroyed Transition Root: Task=15128#124956 form LifecycleManager
03-25 10:20:03.203  2193  2193 I SurfaceFlinger: [LayerHierarchy{RequestedLayerState{ActivityRecord{75713718 u0 com.google.android.permissioncontroller/com.android.permissioncontroller.permission.ui.GrantPermissionsActivity t15128}#124960 parentId=124950 z=1} 2 children}] reparent to LayerHierarchy{RequestedLayerState{Task=15128#124950 parentId=10 z=9} 4 children}
03-25 10:20:03.203  2193  2193 I SurfaceFlinger: [LayerHierarchy{RequestedLayerState{Transition Root: ActivityRecord{75713718 u0 com.google.android.permissioncontroller/com.android.permissioncontroller.permission.ui.GrantPermissionsActivity t15128}#124967 z=1} no children}] reparent to OffscreenRoot
03-25 10:20:03.203  2193  2193 I SurfaceFlinger: [LayerHierarchy{RequestedLayerState{Transition Root: ActivityRecord{75713718 u0 com.google.android.permissioncontroller/com.android.permissioncontroller.permission.ui.GrantPermissionsActivity t15128}#124967 z=1} no children}] RelativeParent to null
03-25 10:20:03.203  2193  2193 I SurfaceFlinger: id=124956 onLayerDestroyed from LayerHierarchyBuilder(RequestedLayerState{Transition Root: Task=15128#124956 !handle z=9})
03-25 10:20:03.204  3255  3367 D SurfaceComposerClient: [SEC_SF_EFFECTS] setBackgroundBlurRadius ## Dim Layer for - Task=15128#124970 backgroundBlurRadius=0
03-25 10:20:03.204  2193  2193 I Layer   : id=124956 Destroyed Transition Root: Task=15128#124956
03-25 10:20:03.204  2193  2193 I SurfaceFlinger: id=124967 Removed Transition Root: ActivityRecord{75713718 u0 com.google.android.permissioncontroller/com.android.permissioncontroller.permission.ui.GrantPermissionsActivity t15128}#124967 (222)
03-25 10:20:03.206  2193  2193 D SurfaceFlinger: Display 4630947093241269891 HWC layers:
03-25 10:20:03.206  2193  2193 D SurfaceFlinger:        DEVICE |           39917426049056 | 00000100 | RGBA_8888    |    0.0    0.0 1080.0 2316.0 |    0    0 1080 2316 | Wallpaper BBQ wrapper 5_system#103839 (1194)
03-25 10:20:03.206  2193  2193 D SurfaceFlinger:        DEVICE |           20225001073110 | 00002100 | RGBA_8888    |    0.0    0.0 1080.0 2316.0 |    0    0 1080 2316 | Splash Screen com.payment.app$_4709#124955 (1)
03-25 10:20:03.206  2193  2193 D SurfaceFlinger:   SOLID_COLOR |                        0 | 00000000 | N/A          |    0.0    0.0    0.0    0.0 |    0    0 1080 2316 | Dim Layer for - Task=15128#124970 (0)
03-25 10:20:03.206  2193  2193 D SurfaceFlinger:        DEVICE |           32968168964128 | 00002100 | RGBA_8888    |    6.0    0.0 1086.0  360.0 |    0 1956 1080 2316 | com.google.android.permissioncontrol[...]rantPermissionsActivity$_7676#124963 (3)
03-25 10:20:03.206  2193  2193 D SurfaceFlinger:        DEVICE |          117402931036402 | 00002100 | RGBA_8888    |    0.0    0.0  226.0  210.0 |  854 1661 1080 1871 | $_27335#124504 (163)
03-25 10:20:03.206  2193  2193 D SurfaceFlinger:        DEVICE |           20225001072408 | 00002100 | RGBA_8888    |    0.0    0.0 1080.0   75.0 |    0    0 1080   75 | StatusBar$_4709#110 (376
03-25 10:20:03.206  2193  2193 D SurfaceFlinger: 511)
03-25 10:20:03.206  2193  2193 D SurfaceFlinger:        DEVICE |           22325240023386 | 00002100 | RGBA_8888    |    0.0    0.0   67.0  297.0 | 1013  517 1080  814 | com.sec.android.app.launcher/com.sam[...].app.CocktailBarService$_5198#124868 (1)
03-25 10:20:03.206  2193  2193 D SurfaceFlinger:        DEVICE |           20225001072433 | 00002100 | RGBA_8888    |    0.0    0.0 1080.0  144.0 |    0 2172 1080 2316 | NavigationBar0$_4709#106 (160413)
03-25 10:20:03.206  2193  2193 D SurfaceFlinger:
03-25 10:20:03.206  3255  4328 D InputDispatcher: Focus entered window (0): 70a5050 com.google.android.permissioncontroller/com.android.permissioncontroller.permission.ui.GrantPermissionsActivity
03-25 10:20:03.207  7676  7676 D VRI[GrantPermissionsActivity]@ff941e5: mThreadedRenderer.initializeIfNeeded()#2 mSurface={isValid=true 0xb40000783171c200}
03-25 10:20:03.207  2182  2313 D AudioFlinger: setParameters: filtered dev setParameters keyvalue screen_state=on
03-25 10:20:03.207  7676  7676 D InputMethodManagerUtils: startInputInner - Id : 0
03-25 10:20:03.207  2070  2138 D AHAL: AudioDevice: SetParameters: 1799: enter
03-25 10:20:03.207  7676  7676 I InputMethodManager: startInputInner - IInputMethodManagerGlobalInvoker.startInputOrWindowGainedFocus
03-25 10:20:03.207  2070  2138 D AHAL: AudioVoice: VoiceSetParameters: 171: Enter
03-25 10:20:03.207  2070  2138 D AHAL: AudioVoice: VoiceSetParameters: 416: Exit ret: 0
03-25 10:20:03.207  2070  2138 D AHAL: hfp: hfp_set_parameters: 447: enter
03-25 10:20:03.207  2070  2138 D AHAL: AudioDevice: SetParameters: 1879:  - screen = on
03-25 10:20:03.207  2070  2138 I PAL: ResourceManager: setParameter: 9278: Screen State:1
03-25 10:20:03.207  2070  2138 D AHAL: AudioDevice: SetParameters: 2521: exit: screen_state=on
03-25 10:20:03.207  2070  2138 I Audio_a2dpsink_hw: adev_set_parameters: kevpairs=[screen_state=on]
03-25 10:20:03.208  3255  4502 D AS.DesktopModeHelper: onDisplayChanged: #Id=0
03-25 10:20:03.208  2583 12693 I CameraService: onUidStateChanged: uid=10354, procState is changed. (2 -> 5)
03-25 10:20:03.208  3255  5801 D LiftUpHandler: [LTW] Stopped already.
03-25 10:20:03.209  2583 17555 I CameraService: onUidStateChanged: uid=10260, procState is changed. (3 -> 5)
03-25 10:20:03.209  2583 17555 I CameraService: onUidStateChanged: uid=10259, procState is changed. (3 -> 4)
03-25 10:20:03.209  2182  2313 V APM_AudioPolicyManager: setAppState(portId:8180, state:1)
03-25 10:20:03.209  2182  2313 V APM_AudioPolicyManager: setAppState(portId:8180, state:1)
03-25 10:20:03.209  2182  2313 V APM_AudioPolicyManager: setAppState(portId:8180, state:1)
03-25 10:20:03.209  2182  2313 V APM_AudioPolicyManager: setAppState(portId:8180, state:1)
03-25 10:20:03.209  2182  2313 V APM_AudioPolicyManager: setAppState(portId:8180, state:1)
03-25 10:20:03.209  2182  2313 V APM_AudioPolicyManager: setAppState(portId:8180, state:1)
03-25 10:20:03.209  2182  2313 V APM_AudioPolicyManager: setAppState(portId:8180, state:1)
03-25 10:20:03.209  2182 24613 V APM_AudioPolicyManager: setAppState(portId:8180, state:1)
03-25 10:20:03.209  2182 24613 V APM_AudioPolicyManager: setAppState(portId:8180, state:1)
03-25 10:20:03.209  3255  3255 D AODManagerService: requestReCalToTSP IsSingleTouchMode = falserequestedReCalToTSP = false / previousDisplayState = ON
03-25 10:20:03.210  6543  6570 V OsAgent : broadcastSystemEvent - 7
03-25 10:20:03.210  6543  6570 V OsAgent : broadcastSystemEvent - 7
03-25 10:20:03.210  6543  6570 V OsAgent : broadcastSystemEvent - 7
03-25 10:20:03.210  6543  6570 V OsAgent : broadcastSystemEvent - 7
03-25 10:20:03.210  6543  6570 V OsAgent : broadcastSystemEvent - 7
03-25 10:20:03.210  2071  6073 I vendor.qti.bluetooth@1.1-ibs_handler: ProcessIbsCmd: Received IBS_WAKE_IND: 0xFD
03-25 10:20:03.210  2071  6073 I vendor.qti.bluetooth@1.1-ibs_handler: ProcessIbsCmd: Writing IBS_WAKE_ACK
03-25 10:20:03.212  2193  2193 I SurfaceFlinger: destroyed Transition Root: ActivityRecord{75713718 u0 com.google.android.permissioncontroller/com.android.permissioncontroller.permission.ui.GrantPermissionsActivity t15128}#124967 form LifecycleManager
03-25 10:20:03.212  2193  2193 I SurfaceFlinger: id=124967 onLayerDestroyed from LayerHierarchyBuilder(RequestedLayerState{Transition Root: ActivityRecord{75713718 u0 com.google.android.permissioncontroller/com.android.permissioncontroller.permission.ui.GrantPermissionsActivity t15128}#124967 !handle z=1})
03-25 10:20:03.212  3255  3367 D SurfaceComposerClient: [SEC_SF_EFFECTS] setBackgroundBlurRadius ## Dim Layer for - Task=15128#124970 backgroundBlurRadius=0
03-25 10:20:03.212  2193  2193 I Layer   : id=124967 Destroyed Transition Root: ActivityRecord{75713718 u0 com.google.android.permissioncontroller/com.android.permissioncontroller.permission.ui.GrantPermissionsActivity t15128}#124967
03-25 10:20:03.213  5198 15749 I SearchableManager: invalidate: com.payment.app
03-25 10:20:03.216  3255  3366 W PhoneWindowManager: lockNow pending, ignore updating lockscreen timeout
03-25 10:20:03.217 15732 15732 W com.payment.app: Method boolean androidx.compose.runtime.snapshots.SnapshotStateList.conditionalUpdate(boolean, kotlin.jvm.functions.Function1) failed lock verification and will run slower.
03-25 10:20:03.217 15732 15732 W com.payment.app: Common causes for lock verification issues are non-optimized dex code
03-25 10:20:03.217 15732 15732 W com.payment.app: and incorrect proguard optimizations.
03-25 10:20:03.217 15732 15732 W com.payment.app: Method boolean androidx.compose.runtime.snapshots.SnapshotStateList.conditionalUpdate$default(androidx.compose.runtime.snapshots.SnapshotStateList, boolean, kotlin.jvm.functions.Function1, int, java.lang.Object) failed lock verification and will run slower.
03-25 10:20:03.217 15732 15732 W com.payment.app: Method java.lang.Object androidx.compose.runtime.snapshots.SnapshotStateList.mutate(kotlin.jvm.functions.Function1) failed lock verification and will run slower.
03-25 10:20:03.217 15732 15732 W com.payment.app: Method void androidx.compose.runtime.snapshots.SnapshotStateList.update(boolean, kotlin.jvm.functions.Function1) failed lock verification and will run slower.
03-25 10:20:03.217 15732 15732 W com.payment.app: Method void androidx.compose.runtime.snapshots.SnapshotStateList.update$default(androidx.compose.runtime.snapshots.SnapshotStateList, boolean, kotlin.jvm.functions.Function1, int, java.lang.Object) failed lock verification and will run slower.
03-25 10:20:03.218  3255  3366 D SurfaceComposerClient: setCornerRadius ## 70a5050 com.google.android.permissioncontroller/com.android.permissioncontroller.permission.ui.GrantPermissionsActivity#124962 cornerRadius=0.000000
03-25 10:20:03.218  3255  3366 D SurfaceComposerClient: setCornerRadius ## a175a10 Splash Screen com.payment.app#124952 cornerRadius=0.000000
03-25 10:20:03.218  3255  3366 D SurfaceComposerClient: setCornerRadius ## 3d64f66 com.payment.app/com.payment.app.MainActivity#124961 cornerRadius=0.000000
03-25 10:20:03.220  3255  3367 D SurfaceComposerClient: [SEC_SF_EFFECTS] setBackgroundBlurRadius ## Dim Layer for - Task=15128#124970 backgroundBlurRadius=0
03-25 10:20:03.222 11270 15757 I Routine@Core[4.9.04.13]: AppFunctionsMetadataCollector: collect: result.size=75
03-25 10:20:03.223 11270 15757 I Routine@Core[4.9.04.13]: AppFunctionsMetadataCollector: collect: incoming metadata={"displayNameRes":0,"functionId":"com.sec.android.app.clockpackage.crossappactions#TimerCrossAppFunctions_showTimer","isEffectivelyEnabled":true,"packageName":"com.sec.android.app.clockpackage","parameters":[{"description":"SHOWTIMER_PARAMETER_DESCRIPTION_TEMPLATE","id":"timerId","name":"timerId","namespace":"androidx.appsearch.functions","parameterType":{"dataType":8,"id":"com.google.android.appfunctions.schema.common.v1.clock#showTimer#PARAMETER_TYPE","isList":false,"isNullable":false,"namespace":"androidx.appsearch.functions"}}],"returnType":{"dataType":9,"id":"com.google.android.appfunctions.schema.common.v1.clock#showTimer#RETURN_TYPE","isList":false,"isNullable":false,"namespace":"androidx.appsearch.functions"},"schemaMetadata":{"schemaCategory":"clock","schemaName":"showTimer","schemaVersion":1},"shouldRestrictCallersWithExecuteAppFunctions":false}
03-25 10:20:03.223 11270 15757 E Routine@Core[4.9.04.13]: AppFunctionsSchemaMetadataConverter: isSupportedMetadata: not supported schema. name=showTimer
03-25 10:20:03.223 11270 15757 W Routine@Core[4.9.04.13]: AppFunctionsMetadataCollector: collect: isSupportedMetaData = false, schemaCategory/schemaName=clock/showTimer
03-25 10:20:03.224 11270 15757 I Routine@Core[4.9.04.13]: AppFunctionsMetadataCollector: collect: incoming metadata={"displayNameRes":0,"functionId":"com.sec.android.app.clockpackage.crossappactions#TimerCrossAppFunctions_createTimers","isEffectivelyEnabled":true,"packageName":"com.sec.android.app.clockpackage","parameters":[{"description":"CREATETIMERS_PARAMETER_DESCRIPTION_TEMPLATE","id":"createTimerParamsList","name":"createTimerParamsList","namespace":"androidx.appsearch.functions","parameterType":{"dataType":3,"documentType":"com.google.android.appfunctions.schema.common.v1.clock.CreateTimerParams","id":"com.google.android.appfunctions.schema.common.v1.clock#createTimers#PARAMETER_TYPE","isList":true,"isNullable":false,"namespace":"androidx.appsearch.functions"}}],"returnType":{"dataType":3,"documentType":"com.google.android.appfunctions.schema.common.v1.clock.Timer","id":"com.google.android.appfunctions.schema.common.v1.clock#createTimers#RETURN_TYPE","isList":true,"isNullable":false,"namespace":"androidx.appsearch.functions"},"schemaMetadata":{"schemaCategory":"clock","schemaName":"createTimers","schemaVersion":1},"shouldRestrictCallersWithExecuteAppFunctions":false}
03-25 10:20:03.224 11270 15757 E Routine@Core[4.9.04.13]: AppFunctionsSchemaMetadataConverter: isSupportedMetadata: not supported schema. name=createTimers
03-25 10:20:03.224 11270 15757 W Routine@Core[4.9.04.13]: AppFunctionsMetadataCollector: collect: isSupportedMetaData = false, schemaCategory/schemaName=clock/createTimers
03-25 10:20:03.224  3255  5332 I WindowManager: Relayout Window{96c0f61 u0 com.sec.android.app.launcher/com.sec.android.app.launcher.activities.LauncherActivity}: viewVisibility=8 req=1080x2316 ty=1 d0
03-25 10:20:03.224  3255  5332 W PhoneWindowManager: lockNow pending, ignore updating lockscreen timeout
03-25 10:20:03.224  3255  5332 D SurfaceComposerClient: setCornerRadius ## b6d62e9 com.android.systemui/com.android.systemui.cover.CoverHomeActivity#122251 cornerRadius=0.000000
03-25 10:20:03.225  3255  5332 D SurfaceComposerClient: setCornerRadius ## 70a5050 com.google.android.permissioncontroller/com.android.permissioncontroller.permission.ui.GrantPermissionsActivity#124962 cornerRadius=0.000000
03-25 10:20:03.225  3255  5332 D SurfaceComposerClient: setCornerRadius ## a175a10 Splash Screen com.payment.app#124952 cornerRadius=0.000000
03-25 10:20:03.225  3255  5332 W PhoneWindowManager: lockNow pending, ignore updating lockscreen timeout
03-25 10:20:03.225  3255  5332 D SurfaceComposerClient: setCornerRadius ## 70a5050 com.google.android.permissioncontroller/com.android.permissioncontroller.permission.ui.GrantPermissionsActivity#124962 cornerRadius=0.000000
03-25 10:20:03.225  3255  5332 D SurfaceComposerClient: setCornerRadius ## a175a10 Splash Screen com.payment.app#124952 cornerRadius=0.000000
03-25 10:20:03.225  3255  5332 D SurfaceComposerClient: setCornerRadius ## 3d64f66 com.payment.app/com.payment.app.MainActivity#124961 cornerRadius=0.000000
03-25 10:20:03.225 11270 15757 I Routine@Core[4.9.04.13]: AppFunctionsMetadataCollector: collect: incoming metadata={"displayNameRes":0,"functionId":"com.samsung.android.app.reminder.data.crossappactions#TaskFunctions_showTask","isEffectivelyEnabled":true,"packageName":"com.samsung.android.app.reminder","parameters":[{"description":"SHOWTASK_PARAMETER_DESCRIPTION_TEMPLATE","id":"taskId","name":"taskId","namespace":"androidx.appsearch.functions","parameterType":{"dataType":8,"id":"com.google.android.appfunctions.schema.common.v1.tasks#showTask#PARAMETER_TYPE","isList":false,"isNullable":false,"namespace":"androidx.appsearch.functions"}}],"returnType":{"dataType":9,"id":"com.google.android.appfunctions.schema.common.v1.tasks#showTask#RETURN_TYPE","isList":false,"isNullable":false,"namespace":"androidx.appsearch.functions"},"schemaMetadata":{"schemaCategory":"tasks","schemaName":"showTask","schemaVersion":1},"shouldRestrictCallersWithExecuteAppFunctions":false}
03-25 10:20:03.225 11270 15757 I Routine@Core[4.9.04.13]: AppFunctionsMetadataCollector: collect: supportState : schemaCategory/schemaName=tasks/showTask
03-25 10:20:03.225 11270 15757 I Routine@Core[4.9.04.13]: AppFunctionsMetadataCollector: collect: converted meta=RawActionMeta(id=-1, tag=appfunction://com.samsung.android.app.reminder.data.crossappactions#TaskFunctions_showTask, packageName=com.samsung.android.app.reminder, componentName=tasks|showTask, componentType=v3, labelResourceId=2131888046, subLabelResourceId=0, descriptionResourceId=0, enabledLabelResourceId=0, negativeEnabledLabelResourceId=0, supportNegative=0, iconResourceId=2131232030, category=reminder, configActivity=@template/VARIABLE, defaultParameter=null, defaultParameterLabel=null, uri=null, correctParam=null, parameterSpecSet={"inputParameterSpecs":[{"isPrimary":true,"key":"task","name":-1,"structure":"PLAIN_OBJECT","type":"TASK"}],"outputParameterSpecs":[]}, supportState=0, attributes=irreversible|programmable|representation_supported|show, version=1, defaultLabel=null)
03-25 10:20:03.226 11270 15757 I Routine@Core[4.9.04.13]: AppFunctionsMetadataCollector: collect: incoming metadata={"displayNameRes":0,"functionId":"com.sec.android.app.clockpackage.crossappactions#StopwatchCrossAppFunctions_stopStopwatch","isEffectivelyEnabled":true,"packageName":"com.sec.android.app.clockpackage","parameters":[],"returnType":{"dataType":0,"id":"com.google.android.appfunctions.schema.common.v1.clock#stopStopwatch#RETURN_TYPE","isList":false,"isNullable":false,"namespace":"androidx.appsearch.functions"},"schemaMetadata":{"schemaCategory":"clock","schemaName":"stopStopwatch","schemaVersion":1},"shouldRestrictCallersWithExecuteAppFunctions":false}
03-25 10:20:03.226 11270 15757 I Routine@Core[4.9.04.13]: AppFunctionsMetadataCollector: collect: supportState : schemaCategory/schemaName=clock/stopStopwatch
03-25 10:20:03.226 11270 15757 W Routine@Core[4.9.04.13]: AppFunctionsSchemaMetadataConverter: getConfigActivity: input parameters are empty. return just null.
03-25 10:20:03.226 11270 15757 W Routine@Core[4.9.04.13]: AppFunctionsMetadataCollector: collect: set config activity as null. schemaCategory=clock, schemaName=stopStopwatch
03-25 10:20:03.226  3255  5332 I WindowManager: Relayout hash=96c0f61, pid=5198, syncId=-1: mAttrs={(0,0)(fillxfill) sim={adjust=nothing forwardNavigation} layoutInDisplayCutoutMode=always ty=BASE_APPLICATION fmt=TRANSPARENT wanim=0x1030306
03-25 10:20:03.226  3255  5332 I WindowManager:   fl=81910100
03-25 10:20:03.226  3255  5332 I WindowManager:   pfl=10008840
03-25 10:20:03.226  3255  5332 I WindowManager:   bhv=2
03-25 10:20:03.226  3255  5332 I WindowManager:   fitSides=0
03-25 10:20:03.226  3255  5332 I WindowManager:   frameRateBoostOnTouch=true
03-25 10:20:03.226  3255  5332 I WindowManager:   dvrrWindowFrameRateHint=true screenDimDuration=200000 naviIconColor=0}
03-25 10:20:03.227 11270 15757 I Routine@Core[4.9.04.13]: AppFunctionsMetadataCollector: collect: converted meta=RawActionMeta(id=-1, tag=appfunction://com.sec.android.app.clockpackage.crossappactions#StopwatchCrossAppFunctions_stopStopwatch, packageName=com.sec.android.app.clockpackage, componentName=clock|stopStopwatch, componentType=v3, labelResourceId=2131886397, subLabelResourceId=0, descriptionResourceId=0, enabledLabelResourceId=0, negativeEnabledLabelResourceId=0, supportNegative=0, iconResourceId=2131232038, category=clock, configActivity=null, defaultParameter=null, defaultParameterLabel=null, uri=null, correctParam=null, parameterSpecSet={"inputParameterSpecs":[],"outputParameterSpecs":[]}, supportState=0, attributes=irreversible|programmable|representation_supported, version=1, defaultLabel=null)
