03-25 10:20:02.971  2193  2193 I SurfaceFlinger: RequestedLayer [Task=15128#124950] hidden!! flag  from(1) --> to(0)
03-25 10:20:02.971  2193  2193 E SurfaceFlinger: alpha changed 1.000 -> 0.000 - Task=15128#124950
03-25 10:20:02.971  2193  2193 I SurfaceFlinger: RequestedLayer [Transition Root: Task=15128#124956] hidden!! flag  from(1) --> to(0)
03-25 10:20:02.971  2193  2193 I SurfaceFlinger: RequestedLayer [ActivityRecord{35911904 u0 com.payment.app/.MainActivity t15128}#124951] hidden!! flag  from(1) --> to(0)
03-25 10:20:02.971  2193  2193 E SurfaceFlinger: alpha changed 0.000 -> 0.000 - Task=15128#124950
03-25 10:20:02.971  2193  2193 I SurfaceFlinger: [LayerHierarchy{RequestedLayerState{ImeContainer#15 parentId=124938 relativeParentId=124938 z=1} 1 children}] RelativeParent to null
03-25 10:20:02.971  2193  2193 I SurfaceFlinger: [LayerHierarchy{RequestedLayerState{Task=1#53 parentId=124956 z=3} 1 children}] reparent to LayerHierarchy{RequestedLayerState{Transition Root: Task=15128#124956 parentId=10 z=9} 1 children}
03-25 10:20:02.971  2193  2193 I SurfaceFlinger: [LayerHierarchy{RequestedLayerState{Surface(name=ec3cec0 NavigationBar0)/@0x7cffa34 - animation-leash of insets_animation#124941} 1 children}] reparent to OffscreenRoot
03-25 10:20:02.971  2193  2193 I SurfaceFlinger: [LayerHierarchy{RequestedLayerState{Surface(name=ec3cec0 NavigationBar0)/@0x7cffa34 - animation-leash of insets_animation#124941} 1 children}] RelativeParent to null
03-25 10:20:02.971  2193  2193 I SurfaceFlinger: [LayerHierarchy{RequestedLayerState{ec3cec0 NavigationBar0#99 parentId=124954} 1 children}] reparent to LayerHierarchy{RequestedLayerState{Surface(name=ec3cec0 NavigationBar0)/@0x7cffa34 - animation-leash of insets_animation#124954 parentId=98} 1 children}
03-25 10:20:02.971  2193  2193 I SurfaceFlinger: [LayerHierarchy{RequestedLayerState{e0e4ad7 StatusBar#103 parentId=124953} 1 children}] reparent to LayerHierarchy{RequestedLayerState{Surface(name=e0e4ad7 StatusBar)/@0x47ae321 - animation-leash of insets_animation#124953 parentId=102} 1 children}
03-25 10:20:02.971  2193  2193 I SurfaceFlinger: [LayerHierarchy{RequestedLayerState{Surface(name=e0e4ad7 StatusBar)/@0x47ae321 - animation-leash of insets_animation#124940} no children}] reparent to OffscreenRoot
03-25 10:20:02.971  2193  2193 I SurfaceFlinger: [LayerHierarchy{RequestedLayerState{Surface(name=e0e4ad7 StatusBar)/@0x47ae321 - animation-leash of insets_animation#124940} no children}] RelativeParent to null
03-25 10:20:02.971  2193  2193 I SurfaceFlinger: [LayerHierarchy{RequestedLayerState{Task=15127#124937 parentId=124956 z=4} 1 children}] reparent to LayerHierarchy{RequestedLayerState{Transition Root: Task=15128#124956 parentId=10 z=9} 2 children}
03-25 10:20:02.971  2193  2193 I SurfaceFlinger: [LayerHierarchy{RequestedLayerState{Task=15128#124950 parentId=124956 z=9} 1 children}] reparent to LayerHierarchy{RequestedLayerState{Transition Root: Task=15128#124956 parentId=10 z=9} 3 children}
03-25 10:20:02.971  2193  2193 I SurfaceFlinger: [Surface(name=e0e4ad7 StatusBar)/@0x47ae321 - animation-leash of insets_animation#124953] attach to parent LayerHierarchy{RequestedLayerState{WindowToken{e2d8a56 type=2000 android.os.BinderProxy@697ea18}#102 parentId=17} 1 children}
03-25 10:20:02.971  2193  2193 I SurfaceFlinger: [Surface(name=ec3cec0 NavigationBar0)/@0x7cffa34 - animation-leash of insets_animation#124954] attach to parent LayerHierarchy{RequestedLayerState{WindowToken{2bef154 type=2019 android.os.BinderProxy@f7d7724}#98 parentId=34} 1 children}
03-25 10:20:02.971  2193  2193 I SurfaceFlinger: [Splash Screen com.payment.app$_4709#124955] attach to parent LayerHierarchy{RequestedLayerState{a175a10 Splash Screen com.payment.app#124952 parentId=124951 z=2147483647} 1 children}
03-25 10:20:02.971  2193  2321 I SurfaceFlinger: id=124959 createSurf, flag=84000, b09ef12 ActivityRecordInputSink com.payment.app/.MainActivity#124959
03-25 10:20:02.971  2193  2193 I SurfaceFlinger: [Transition Root: Task=15128#124956] attach to parent LayerHierarchy{RequestedLayerState{DefaultTaskDisplayArea_d0#10 parentId=9} 10 children}
03-25 10:20:02.971  2193  2193 I SurfaceFlinger: [Surface(name=e0e4ad7 StatusBar)/@0x47ae321 - animation-leash of insets_animation#124957] attach to parent LayerHierarchy{RequestedLayerState{WindowToken{e2d8a56 type=2000 android.os.BinderProxy@697ea18}#102 parentId=17} 2 children}
03-25 10:20:02.971  2193  2193 I SurfaceFlinger: [Surface(name=ec3cec0 NavigationBar0)/@0x7cffa34 - animation-leash of insets_animation#124958] attach to parent LayerHierarchy{RequestedLayerState{WindowToken{2bef154 type=2019 android.os.BinderProxy@f7d7724}#98 parentId=34} 2 children}
03-25 10:20:02.972  2182  5516 D AudioFlinger: setParameters: filtered dev setParameters keyvalue screen_state=on
03-25 10:20:02.972  2070  2138 D AHAL: AudioDevice: SetParameters: 1799: enter
03-25 10:20:02.972  2070  2138 D AHAL: AudioVoice: VoiceSetParameters: 171: Enter
03-25 10:20:02.972  2070  2138 D AHAL: AudioVoice: VoiceSetParameters: 416: Exit ret: 0
03-25 10:20:02.972  2070  2138 D AHAL: hfp: hfp_set_parameters: 447: enter
03-25 10:20:02.972  2070  2138 D AHAL: AudioDevice: SetParameters: 1879:  - screen = on
03-25 10:20:02.972  2070  2138 I PAL: ResourceManager: setParameter: 9278: Screen State:1
03-25 10:20:02.972  2070  2138 D AHAL: AudioDevice: SetParameters: 2521: exit: screen_state=on
03-25 10:20:02.972  2070  2138 I Audio_a2dpsink_hw: adev_set_parameters: kevpairs=[screen_state=on]
03-25 10:20:02.973  3255  4502 D AS.DesktopModeHelper: onDisplayChanged: #Id=0
03-25 10:20:02.973  4709  4864 D StackScroller: onDisplayChanged for predraw skip to 2
03-25 10:20:02.973  3255  5801 D LiftUpHandler: [LTW] Stopped already.
03-25 10:20:02.973  3255  3255 D AODManagerService: requestReCalToTSP IsSingleTouchMode = falserequestedReCalToTSP = false / previousDisplayState = ON
03-25 10:20:02.974  5198 32283 I HoneySpace.Memory-Monitor: current state = 2, didTrim = false
03-25 10:20:02.974  5198 32283 I HoneySpace.RefreshRateSource: singleFrameMs 8
03-25 10:20:02.975 15732 15810 W Adreno-AppProfiles: Could not find QSPM HAL service. Skipping adreno profile processing.
03-25 10:20:02.975  3255  3363 W PhoneWindowManager: lockNow pending, ignore updating lockscreen timeout
03-25 10:20:02.975  3255  3363 D SurfaceComposerClient: setCornerRadius ## b6d62e9 com.android.systemui/com.android.systemui.cover.CoverHomeActivity#122251 cornerRadius=0.000000
03-25 10:20:02.975  3255  3363 W PhoneWindowManager: lockNow pending, ignore updating lockscreen timeout
03-25 10:20:02.975  3255  3363 D SurfaceComposerClient: setCornerRadius ## a175a10 Splash Screen com.payment.app#124952 cornerRadius=0.000000
03-25 10:20:02.977  2193  2321 I SurfaceFlinger: id=124940 Removed Surface(name=e0e4ad7 StatusBar)/@0x47ae321 - animation-leash of insets_animation#124940 (219)
03-25 10:20:02.977  2193  2321 I SurfaceFlinger: id=124941 Removed Surface(name=ec3cec0 NavigationBar0)/@0x7cffa34 - animation-leash of insets_animation#124941 (219)
03-25 10:20:02.978  2193  2405 I VSyncReactor: Current= 120, Period= 120, Distance= 1
03-25 10:20:02.978  2193  2193 I SurfaceFlinger: destroyed Surface(name=ec3cec0 NavigationBar0)/@0x7cffa34 - animation-leash of insets_animation#124941 form LifecycleManager
03-25 10:20:02.979  2193  2193 I SurfaceFlinger: destroyed Surface(name=e0e4ad7 StatusBar)/@0x47ae321 - animation-leash of insets_animation#124940 form LifecycleManager
03-25 10:20:02.979  2193  2193 I SurfaceFlinger: [b09ef12 ActivityRecordInputSink com.payment.app/.MainActivity#124959] attach to parent LayerHierarchy{RequestedLayerState{ActivityRecord{35911904 u0 com.payment.app/.MainActivity t15128}#124951 parentId=124950} 2 children}
03-25 10:20:02.979  2193  2193 I SurfaceFlinger: id=124941 onLayerDestroyed from LayerHierarchyBuilder(RequestedLayerState{Surface(name=ec3cec0 NavigationBar0)/@0x7cffa34 - animation-leash of insets_animation#124941 !handle})
03-25 10:20:02.979  4709  4816 D SurfaceComposerClient: setCornerRadius ## Task=15128#124950 cornerRadius=9.000000
03-25 10:20:02.979  2193  2193 I SurfaceFlinger: id=124940 onLayerDestroyed from LayerHierarchyBuilder(RequestedLayerState{Surface(name=e0e4ad7 StatusBar)/@0x47ae321 - animation-leash of insets_animation#124940 !handle})
03-25 10:20:02.979 15732 15810 I AdrenoUtils: <ReadGpuID:407>: Reading chip ID through GSL
03-25 10:20:02.980  2193  2193 I Layer   : id=124941 Destroyed Surface(name=ec3cec0 NavigationBar0)/@0x7cffa34 - animation-leash of insets_animation#124941
03-25 10:20:02.980  2193  2193 I Layer   : id=124940 Destroyed Surface(name=e0e4ad7 StatusBar)/@0x47ae321 - animation-leash of insets_animation#124940
03-25 10:20:02.984  2193  2320 I SurfaceFlinger: id=124960 createSurf, flag=84004, ActivityRecord{75713718 u0 com.google.android.permissioncontroller/com.android.permissioncontroller.permission.ui.GrantPermissionsActivity t15128}#124960
03-25 10:20:02.984  3255  5551 I SemDvfsHyPerManager: acquire hyper - AMS_APP_SWITCH/3255@24, type = -999
03-25 10:20:02.984  2112  2197 I HYPER-HAL: [RequestManager.cpp]acquire(): Acquired ID : 5377584  [3255 / 24]    HINT : AMS_APP_SWITCH    list :
03-25 10:20:02.987  2193  2405 I VSyncReactor: Current= 120, Period= 120, Distance= 120
03-25 10:20:02.987  7914  7914 I SemDvfsHyPerManager: acquire hyper - APP_START_SHORT/7914@22, type = -999
03-25 10:20:02.988  2193  2193 I SurfaceFlinger: [ActivityRecord{75713718 u0 com.google.android.permissioncontroller/com.android.permissioncontroller.permission.ui.GrantPermissionsActivity t15128}#124960] attach to parent LayerHierarchy{RequestedLayerState{Task=15128#124950 parentId=124956 z=9} 2 children}
03-25 10:20:02.988  4709  4709 D DisplayLifecycle: updateDisplay id = 0
03-25 10:20:02.988  2112  2197 I HYPER-HAL: [RequestManager.cpp]acquire(): Acquired ID : 31494038  [7914 / 22]    HINT : APP_START    list : [TIMEOUT / 1500]
03-25 10:20:02.989  4709  4816 D SurfaceComposerClient: setCornerRadius ## Task=15128#124950 cornerRadius=9.000000
03-25 10:20:02.992  1035  1035 I lmkd    : 1(delay), 0(swap), 0(freelimit), 0(reentrymode) memory pressure events were skipped after a kill!
03-25 10:20:02.993  5685  5685 E pageboostd: Received HALT command code 2
03-25 10:20:02.993  4709  4796 D ShellDesktopMode: handleRequest: TransitionRequestInfo {type=1, tid=15128, debugId=8727}
03-25 10:20:02.997  4709  4816 D SurfaceComposerClient: setCornerRadius ## Task=15128#124950 cornerRadius=9.000000
03-25 10:20:03.000  3255  4456 D WifiStaIfaceHidlImpl: getCachedScanData is not implemented by HIDL
03-25 10:20:03.000 15732 15732 D LifecycleMonitor: Lifecycle status change: com.payment.app.MainActivity@147692 in: CREATED
03-25 10:20:03.000 15732 15732 V ActivityScenario: Update currentActivityStage to CREATED, currentActivity=com.payment.app.MainActivity@147692
03-25 10:20:03.001 15732 15732 D LifecycleMonitor: Lifecycle status change: com.payment.app.MainActivity@147692 in: STARTED
03-25 10:20:03.001 15732 15732 V ActivityScenario: Update currentActivityStage to STARTED, currentActivity=com.payment.app.MainActivity@147692
03-25 10:20:03.001  3255  6282 D SemWifiUsabilityStatsMonitor: onWifiUsabilityStats - seqNum 133736, isSameBssidAndFreq true
03-25 10:20:03.002  3255  4562 I SemWifiLinkQualityMonitor: Link stat: 301 / 7 / 1.02 (126) / 866 / -38.0 || 100.0 : 866.00 / 0.5 : 0.98 / 0.55 : 0.02 / G (G) || 18bd1db65200: 0.083 / 96.441 / N || N V / 0 0 / N 2.0 / N X 0 / 630052684 0 || 2026-03-25 10:20:02  / 0: 0 0 0 0 0 0 / 0: 0 0 0 0 0 0 / 0: 0 0 0 0 0 0
03-25 10:20:03.004  4709  4816 D SurfaceComposerClient: setCornerRadius ## Task=15128#124950 cornerRadius=9.000000
03-25 10:20:03.006 15732 15732 D LifecycleMonitor: Lifecycle status change: com.payment.app.MainActivity@147692 in: RESUMED
03-25 10:20:03.006 15732 15732 V ActivityScenario: Update currentActivityStage to RESUMED, currentActivity=com.payment.app.MainActivity@147692
03-25 10:20:03.012 15732 15732 D ViewRootImpl: desktopMode is false
03-25 10:20:03.012  3255  3367 D SurfaceComposerClient: [SEC_SF_EFFECTS] setBackgroundBlurRadius ## Dim Layer for - Task=15127#124948 backgroundBlurRadius=0
03-25 10:20:03.012  2193  2193 E SurfaceFlinger: alpha changed 0.000 -> 0.080 - Task=15128#124950
03-25 10:20:03.012  2193  2193 I SurfaceFlinger: [LayerHierarchy{RequestedLayerState{ec3cec0 NavigationBar0#99 parentId=124958} 1 children}] reparent to LayerHierarchy{RequestedLayerState{Surface(name=ec3cec0 NavigationBar0)/@0x7cffa34 - animation-leash of insets_animation#124958 parentId=98} 1 children}
03-25 10:20:03.012  2193  2193 I SurfaceFlinger: [LayerHierarchy{RequestedLayerState{e0e4ad7 StatusBar#103 parentId=124957} 1 children}] reparent to LayerHierarchy{RequestedLayerState{Surface(name=e0e4ad7 StatusBar)/@0x47ae321 - animation-leash of insets_animation#124957 parentId=102} 1 children}
03-25 10:20:03.012  2193  2193 I SurfaceFlinger: [LayerHierarchy{RequestedLayerState{Surface(name=e0e4ad7 StatusBar)/@0x47ae321 - animation-leash of insets_animation#124953} no children}] reparent to OffscreenRoot
03-25 10:20:03.012  2193  2193 I SurfaceFlinger: [LayerHierarchy{RequestedLayerState{Surface(name=e0e4ad7 StatusBar)/@0x47ae321 - animation-leash of insets_animation#124953} no children}] RelativeParent to null
03-25 10:20:03.012  2193  2193 I SurfaceFlinger: [LayerHierarchy{RequestedLayerState{Surface(name=ec3cec0 NavigationBar0)/@0x7cffa34 - animation-leash of insets_animation#124954} no children}] reparent to OffscreenRoot
03-25 10:20:03.012  2193  2193 I SurfaceFlinger: [LayerHierarchy{RequestedLayerState{Surface(name=ec3cec0 NavigationBar0)/@0x7cffa34 - animation-leash of insets_animation#124954} no children}] RelativeParent to null
03-25 10:20:03.014  2193  2320 I SurfaceFlinger: id=124953 Removed Surface(name=e0e4ad7 StatusBar)/@0x47ae321 - animation-leash of insets_animation#124953 (218)
03-25 10:20:03.014  2193  2320 I SurfaceFlinger: id=124954 Removed Surface(name=ec3cec0 NavigationBar0)/@0x7cffa34 - animation-leash of insets_animation#124954 (218)
03-25 10:20:03.015  7850  7894 I [AirCmd]_ActivitySwitchDetector: onTaskStackChanged : componentName - ComponentInfo{com.google.android.permissioncontroller/com.android.permissioncontroller.permission.ui.GrantPermissionsActivity}
03-25 10:20:03.015  7850  7894 I [AirCmd]_ActivitySwitchDetector: onTaskStackChanged :top mTopMostActivity - ComponentInfo{com.payment.app/com.payment.app.MainActivity}
03-25 10:20:03.015  7850  7894 I [AirCmd]_CallbackRepeater: stopRepeat : isWorking=false
03-25 10:20:03.015  4709  4816 D SurfaceComposerClient: setCornerRadius ## Task=15128#124950 cornerRadius=9.000000
03-25 10:20:03.015  7850  7894 I [AirCmd]_MediaControlStateMonitor: isForegroundAppSupportsMediaButton : mediaSession is empty
03-25 10:20:03.015  5198  7460 I HoneySpace.RecentTasks: onRecentTasksChanged
03-25 10:20:03.016 15732 15732 I ViewRootImpl: dVRR is disabled
03-25 10:20:03.017  7914  8352 I SemDvfsHyPerManager: acquire hyper - TABaseBoost/7914@28, type = -999
03-25 10:20:03.017  2112  2197 I HYPER-HAL: [RequestManager.cpp]acquire(): Acquired ID : 31541681  [7914 / 28]    HINT :      list : [TABoost / 1]
03-25 10:20:03.017 15732 15732 D HardwareRenderer: onDisplayChanged. displayId=0 current wxh=1080x2316 mLargest wxh=0x0
03-25 10:20:03.017  7850  7894 E [AirCmd]_MediaControlStateMonitor: getActiveNotificationPackageName : notification service monitor is null
03-25 10:20:03.017  7850  7894 I [AirCmd]_ButtonEventDetectionThread: enableDoubleClickDetection: enabled= true, doubleClickWaitInterval=300
03-25 10:20:03.017 15732 15732 D HardwareRenderer: Set largestWidth and largestHeight as logical resolution. (1080x2316)
03-25 10:20:03.017 15732 15810 D HWUI    : setMaxSurfaceArea requested wxh=(1080,2316) requestedSurfaceArea(2501280) mMaxSurfaceArea(2073600)
03-25 10:20:03.019 15732 15810 D NativeCustomFrequencyManager: [NativeCFMS] BpCustomFrequencyManager::BpCustomFrequencyManager()
03-25 10:20:03.019  4709  4847 I VRI[app]@cad1902: onActiveControlsChanged, removed=false, mAdded=true, caller=android.view.ViewRootImpl.handleInsetsControlChanged:3002 android.view.ViewRootImpl$ViewRootHandler.handleMessageImpl:8352 android.view.ViewRootImpl$ViewRootHandler.handleMessage:8301 android.os.Handler.dispatchMessage:110 android.os.Looper.loopOnce:273
03-25 10:20:03.019  4709  4847 I InsetsSourceConsumer: applyRequestedVisibilityToControl: visible=true, type=statusBars, host=Splash Screen com.payment.app
03-25 10:20:03.019  4709  4847 I InsetsSourceConsumer: applyRequestedVisibilityToControl: visible=true, type=navigationBars, host=Splash Screen com.payment.app
03-25 10:20:03.020  4709  4816 D SurfaceComposerClient: setCornerRadius ## Task=15128#124950 cornerRadius=9.000000
03-25 10:20:03.020  3255  3367 D SurfaceComposerClient: [SEC_SF_EFFECTS] setBackgroundBlurRadius ## Dim Layer for - Task=15127#124948 backgroundBlurRadius=0
03-25 10:20:03.023  2193  2193 D SurfaceFlinger: Display 4630947093241269891 HWC layers:
03-25 10:20:03.023  2193  2193 D SurfaceFlinger:        DEVICE |           39917426049056 | 00000100 | RGBA_8888    |    0.0    0.0 1080.0 2316.0 |    0    0 1080 2316 | Wallpaper BBQ wrapper 5_system#103839 (1194)
03-25 10:20:03.023  2193  2193 D SurfaceFlinger:        DEVICE |           22325240023391 | 00002100 | RGBA_8888    |    0.0    0.0 1080.0 2316.0 |    0    0 1080 2316 | com.sec.android.app.launcher/com.sec[...]vities.LauncherActivity$_5198#124926 (343)
03-25 10:20:03.023  2193  2193 D SurfaceFlinger:        DEVICE |           84696755077228 | 00002100 | RGBA_8888    |    0.0    0.0 1080.0 2316.0 |    0    0 1080 2316 | com.domobile.applockwatcher/com.domo[...]ler.DialogHostActivity$_19720#124944 (1)
03-25 10:20:03.023  2193  2193 D SurfaceFlinger:   SOLID_COLOR |                        0 | 00000000 | N/A          |    0.0    0.0    0.0    0.0 |    0    0 1080 2316 | Dim Layer for - Task=15127#124948 (0)
03-25 10:20:03.023  2193  2193 D SurfaceFlinger:        DEVICE |           84696755077226 | 00002100 | RGBA_8888    |   48.0    0.0 1128.0 1053.0 |    0  597 1080 1650 | com.domobile.applockwatcher/com.domo[...]ler.DialogHostActivity$_19720#124943 (2)
03-25 10:20:03.023  2193  2193 D SurfaceFlinger:        CLIENT |           20225001073110 | 0000
03-25 10:20:03.023  2193  2193 D SurfaceFlinger: 2100 | RGBA_8888    |    0.0    0.0 1080.0 2316.0 |   71  153 1009 2163 | Splash Screen com.payment.app$_4709#124955 (1)
03-25 10:20:03.023  2193  2193 D SurfaceFlinger:        DEVICE |          117402931036402 | 00002100 | RGBA_8888    |    0.0    0.0  226.0  210.0 |  854 1661 1080 1871 | $_27335#124504 (163)
03-25 10:20:03.023  2193  2193 D SurfaceFlinger:        DEVICE |           20225001072405 | 00002100 | RGBA_8888    |    0.0    0.0 1080.0   75.0 |    0    0 1080   75 | StatusBar$_4709#110 (376496)
03-25 10:20:03.023  2193  2193 D SurfaceFlinger:        DEVICE |           22325240023386 | 00002100 | RGBA_8888    |    0.0    0.0   67.0  297.0 | 1013  517 1080  814 | com.sec.android.app.launcher/com.sam[...].app.CocktailBarService$_5198#124868 (1)
03-25 10:20:03.023  2193  2193 D SurfaceFlinger:        DEVICE |           20225001072404 | 00002100 | RGBA_8888    |    0.0    0.0 1080.0  144.0 |    0 2172 1080 2316 | NavigationBar0$_4709#106 (160398)
03-25 10:20:03.023  2193  2193 D SurfaceFlinger:
03-25 10:20:03.024  2193  2193 I SurfaceFlinger: destroyed Surface(name=e0e4ad7 StatusBar)/@0x47ae321 - animation-leash of insets_animation#124953 form LifecycleManager
03-25 10:20:03.024  2193  2193 I SurfaceFlinger: destroyed Surface(name=ec3cec0 NavigationBar0)/@0x7cffa34 - animation-leash of insets_animation#124954 form LifecycleManager
03-25 10:20:03.024  2193  2193 I SurfaceFlinger: id=124953 onLayerDestroyed from LayerHierarchyBuilder(RequestedLayerState{Surface(name=e0e4ad7 StatusBar)/@0x47ae321 - animation-leash of insets_animation#124953 !handle})
03-25 10:20:03.024  2193  2193 I SurfaceFlinger: id=124954 onLayerDestroyed from LayerHierarchyBuilder(RequestedLayerState{Surface(name=ec3cec0 NavigationBar0)/@0x7cffa34 - animation-leash of insets_animation#124954 !handle})
03-25 10:20:03.024  2193  2507 D SurfaceFlinger: [input] setFocusedWindow: <null>
03-25 10:20:03.024  2193  4335 D NativeSemDvfsManager: acquire:: timeout = 2000 mIsAcquired = 1  mTagName : SurfaceFlinger
03-25 10:20:03.024  2193  4335 E NativeCustomFrequencyManager: [NativeCFMS] BpCustomFrequencyManager::acquire()
03-25 10:20:03.024  2112  2197 I HYPER-HAL: [RequestManager.cpp]acquire(): Acquired ID : 5100221  [2193 / 1000]    HINT : SF_GPU_MINLOCK    list : [TIMEOUT / 2000]
03-25 10:20:03.024  3255  5396 D InputDispatcher: Focus left window (0): 9ad111b com.domobile.applockwatcher/com.domobile.applockwatcher.ui.common.controller.DialogHostActivity
03-25 10:20:03.025  3255  6889 D InputDispatcher: Once focus requested (0): <null>
03-25 10:20:03.025  3255  4328 D InputTransport: Input channel constructed: '3d64f66', fd=1571
03-25 10:20:03.025  3255  4328 D InputTransport: Input channel constructed: '3d64f66', fd=1576
03-25 10:20:03.025  3255  4328 D InputTransport: Input channel constructed: '3d64f66', fd=1578
03-25 10:20:03.025  3255  4328 D InputTransport: Input channel destroyed: '3d64f66', fd=1576
03-25 10:20:03.025  2193  2193 I Layer   : id=124953 Destroyed Surface(name=e0e4ad7 StatusBar)/@0x47ae321 - animation-leash of insets_animation#124953
03-25 10:20:03.025  2193  2193 I Layer   : id=124954 Destroyed Surface(name=ec3cec0 NavigationBar0)/@0x7cffa34 - animation-leash of insets_animation#124954
03-25 10:20:03.025  2193  2549 I SurfaceFlinger: id=124961 createSurf, flag=84004, 3d64f66 com.payment.app/com.payment.app.MainActivity#124961
03-25 10:20:03.025 19720 19720 I ImeFocusController: onPreWindowFocus: skipped hasWindowFocus=false mHasImeFocus=true
03-25 10:20:03.026 19720 19720 I ImeFocusController: onPostWindowFocus: skipped hasWindowFocus=false mHasImeFocus=true
03-25 10:20:03.026  2193  2193 D SurfaceFlinger: GPIS:: requestGPISForClientComposition
03-25 10:20:03.026  3255  4328 D InputTransport: Input channel destroyed: '3d64f66', fd=1578
03-25 10:20:03.027 15732 15732 D InputTransport: Input channel constructed: '3d64f66', fd=141
03-25 10:20:03.028  3255  3367 D SurfaceComposerClient: [SEC_SF_EFFECTS] setBackgroundBlurRadius ## Dim Layer for - Task=15127#124948 backgroundBlurRadius=0
03-25 10:20:03.029  4709  4816 D SurfaceComposerClient: setCornerRadius ## Task=15128#124950 cornerRadius=9.000000
03-25 10:20:03.030 15732 15732 I InsetsController: onStateChanged: host=com.payment.app/com.payment.app.MainActivity, from=android.view.ViewRootImpl.onInsetsStateChanged:3026, state=InsetsState: {mDisplayFrame=Rect(0, 0 - 1080, 2316), mDisplayCutout=DisplayCutout{insets=Rect(0, 75 - 0, 0) waterfall=Insets{left=0, top=0, right=0, bottom=0} boundingRect={Bounds=[Rect(0, 0 - 0, 0), Rect(513, 0 - 567, 75), Rect(0, 0 - 0, 0), Rect(0, 0 - 0, 0)]} cutoutPathParserInfo={CutoutPathParserInfo{displayWidth=1080 displayHeight=2316 physicalDisplayWidth=1080 physicalDisplayHeight=2316 density={2.8125} cutoutSpec={M 0,0 H -9.466666666666667 V 26.66666666666667‬ H 9.466666666666667 V 0 H 0 Z @dp} rotation={0} scale={1.0} physicalPixelDisplaySizeRatio={1.0}}} sideOverrides={}}, mRoundedCorners=RoundedCorners{[RoundedCorner{position=TopLeft, radius=12, center=Point(12, 12)}, RoundedCorner{position=TopRight, radius=12, center=Point(1068, 12)}, RoundedCorner{position=BottomRight, radius=12, center=Point(1068, 2304)}, RoundedCorner{position=BottomLeft, radius=12, center=Point(12, 2304)}]}  mRoundedCornerFrame=Rect(0, 0 - 1080, 2316), mPrivacyIndicatorBounds=PrivacyIndicatorBounds {static bounds=Rect(948, 0 - 1080, 75) rotation=0}, mDisplayShape=DisplayShape{ spec=-311912193 displayWidth=1080 displayHeight=2316 physicalPixelDisplaySizeRatio=0.75 rotation=0 offsetX=0 offsetY=0 scale=1.0}, mSources= { InsetsSource: {b32e0001 mType=navigationBars mFrame=[0,2172][1080,2316] mVisible=true mFlags= mSideHint=BOTTOM mBoundingRects=null}, InsetsSource: {b32e0004 mType=systemGestures mFrame=[0,0][0,0] mVisible=true mFlags= mSideHint=NONE mBoundingRects=null}, InsetsSource: {b32e0005 mType=mandatorySystemGestures mFrame=[0,2172][1080,2316] mVisible=true mFlags= mSideHint=BOTTOM mBoundingRects=null}, InsetsSource: {b32e0006 mType=tappableElement mFrame=[0,2172][1080,2316] mVisible=true mFlags= mSideHint=BOTTOM mBoundingRects=null}, InsetsSource: {b32e0024 mType=systemGestures mFrame=[0,0][0,0] mVisible=true mFlags= mSideHint=NONE mBoundingRects=null}, InsetsSource: {bd7f0000 mType=statusBars mFrame=[0,0][1080,75] mVisible=true mFlags= mSideHint=TOP mBoundingRects=null}, InsetsSource: {bd7f0005 mType=mandatorySystemGestures mFrame=[0,0][1080,111] mVisible=true mFlags= mSideHint=TOP mBoundingRects=null}, InsetsSource: {bd7f0006 mType=tappableElement mFrame=[0,0][1080,75] mVisible=true mFlags= mSideHint=TOP mBoundingRects=null}, InsetsSource: {3 mType=ime mFrame=[0,0][0,0] mVisible=false mFlags= mSideHint=NONE mBoundingRects=null}, InsetsSource: {27 mType=displayCutout mFrame=[0,0][1080,75] mVisible=true mFlags= mSideHint=TOP mBoundingRects=null} }
03-25 10:20:03.030  2193  2193 I SurfaceFlinger: [3d64f66 com.payment.app/com.payment.app.MainActivity#124961] attach to parent LayerHierarchy{RequestedLayerState{ActivityRecord{35911904 u0 com.payment.app/.MainActivity t15128}#124951 parentId=124950} 3 children}
03-25 10:20:03.031 15732 15732 I VRI[MainActivity]@79f1725: synced displayState. AttachInfo displayState=2
03-25 10:20:03.033 15732 15732 I VRI[MainActivity]@79f1725: setView = com.android.internal.policy.DecorView@54f00a1 IsHRR=false mFlingFrameRateChange=0 TM=true
03-25 10:20:03.033 15732 15732 I IDS_TAG : Starting IDS observe window
03-25 10:20:03.033 15732 15732 I IDS_TAG : Getting Shared Preference for com.payment.app.PaymentApp@b60f730 uid = 11023
03-25 10:20:03.035 15732 15732 I IDS_TAG : App com.payment.app.PaymentApp@b60f730 has not finished training
03-25 10:20:03.035  2086 25543 I sensors-hal: handle_sns_client_event:689, [0][10601] gyro_sample_cal(3) [ 0.000, 0.000,-0.001] bias[-0.002, 0.004, 0.004] 671654103642239
03-25 10:20:03.036 15732 15732 D LifecycleMonitor: Lifecycle status change: com.payment.app.MainActivity@147692 in: PAUSED
03-25 10:20:03.036 15732 15732 V ActivityScenario: Update currentActivityStage to PAUSED, currentActivity=com.payment.app.MainActivity@147692
03-25 10:20:03.037  2193  2193 I SurfaceFlinger: RequestedLayer [3d64f66 com.payment.app/com.payment.app.MainActivity#124961] hidden!! flag  from(1) --> to(0)
03-25 10:20:03.037  3255  3367 D SurfaceComposerClient: [SEC_SF_EFFECTS] setBackgroundBlurRadius ## Dim Layer for - Task=15127#124948 backgroundBlurRadius=0
03-25 10:20:03.038  3255  4841 D InputDispatcher: Focused application(0): ActivityRecord{75713718 u0 com.google.android.permissioncontroller/com.android.permissioncontroller.permission.ui.GrantPermissionsActivity t15128}
03-25 10:20:03.039  3255  4841 W PhoneWindowManager: lockNow pending, ignore updating lockscreen timeout
03-25 10:20:03.039  3255  4841 D SurfaceComposerClient: setCornerRadius ## b6d62e9 com.android.systemui/com.android.systemui.cover.CoverHomeActivity#122251 cornerRadius=0.000000
03-25 10:20:03.039  2147  2147 E ANDR-PERF-MPCTL: ANDR-PERF-MPCTL: internal_perf_lock_acq_verification() 385: Perflock Submit request limit reached.
03-25 10:20:03.040  3255  4841 W PhoneWindowManager: lockNow pending, ignore updating lockscreen timeout
03-25 10:20:03.040  3255  4841 D SurfaceComposerClient: setCornerRadius ## a175a10 Splash Screen com.payment.app#124952 cornerRadius=0.000000
03-25 10:20:03.040  3255  4841 D SurfaceComposerClient: setCornerRadius ## 3d64f66 com.payment.app/com.payment.app.MainActivity#124961 cornerRadius=0.000000
03-25 10:20:03.040  3255  4328 D GraphicsStatsService: requestRenderEngineFor(com.google.android.permissioncontroller)
03-25 10:20:03.041  4709  4816 D SurfaceComposerClient: setCornerRadius ## Task=15128#124950 cornerRadius=9.000000
03-25 10:20:03.042  3255  3363 D PkgPredictorService-SecIpmManagerServiceImpl: onForegroundActivitiesChanged pid:7676 uid:10305
03-25 10:20:03.042  3255  3363 D NetworkPolicy: already checked 10305
03-25 10:20:03.042  7676 28833 I AdrenoGLES-0: QUALCOMM build                   : dc3d4da3a2, Idd45c2c082
03-25 10:20:03.042  7676 28833 I AdrenoGLES-0: Build Date                       : 05/30/25
03-25 10:20:03.042  7676 28833 I AdrenoGLES-0: OpenGL ES Shader Compiler Version: E031.41.03.62
03-25 10:20:03.042  7676 28833 I AdrenoGLES-0: Local Branch                     :
03-25 10:20:03.042  7676 28833 I AdrenoGLES-0: Remote Branch                    : refs/tags/AU_LINUX_ANDROID_LA.VENDOR.13.2.0.11.00.00.856.062
03-25 10:20:03.042  7676 28833 I AdrenoGLES-0: Remote Branch                    : NONE
03-25 10:20:03.042  7676 28833 I AdrenoGLES-0: Reconstruct Branch               : NOTHING
03-25 10:20:03.042  7676 28833 I AdrenoGLES-0: Build Config                     : S P 14.1.4 AArch64
03-25 10:20:03.043  3255  3363 D NetworkPolicy: already checked 10305
03-25 10:20:03.043  3255  5318 V PkgPredictorService-SecIpmManagerServiceImpl: discard foreground app:com.google.android.permissioncontroller 1|true
03-25 10:20:03.043  7676 28833 I AdrenoGLES-0: Driver Path                      : /vendor/lib64/egl/libGLESv2_adreno.so
03-25 10:20:03.043  7676 28833 I AdrenoGLES-0: Driver Version                   : 0676.73
03-25 10:20:03.044 15732 15810 D HWUI    : HWUI - treat SMPTE_170M as sRGB
03-25 10:20:03.044 27962 28049 I Rubin   : [699] A8.b.A(Unknown Source) : Notify com.samsung.android.rubin.inferenceengine.contextanalytics.engine.loggers.AppUsageLogger's database is updated.
03-25 10:20:03.044 15732 15732 I IDS_TAG : Closing IDS observe window
03-25 10:20:03.044 15732 15732 I IDS_TAG : Getting Shared Preference for com.payment.app.PaymentApp@b60f730 uid = 11023
03-25 10:20:03.044  2182  5516 V APM_AudioPolicyManager: setAppState(portId:8180, state:1)
03-25 10:20:03.045  3255  3367 D SurfaceComposerClient: [SEC_SF_EFFECTS] setBackgroundBlurRadius ## Dim Layer for - Task=15127#124948 backgroundBlurRadius=0
03-25 10:20:03.046  4709  4816 D SurfaceComposerClient: setCornerRadius ## Task=15128#124950 cornerRadius=9.000000
03-25 10:20:03.051  6543  6570 V OsAgent : broadcastSystemEvent - 7
03-25 10:20:03.052 27962 28049 I Rubin   : [699] com.samsung.android.rubin.inferenceengine.contextanalytics.engine.monitors.moment.exercise.ExercisingWithCmhMonitor.isSatisfiedByCmh(Unknown Source) : isSatisfiedByCmh is false
03-25 10:20:03.053 15732 15732 I IDS_TAG : IDS count updated to 1 for com.payment.app.PaymentApp@b60f730
03-25 10:20:03.053  3255  3367 D SurfaceComposerClient: [SEC_SF_EFFECTS] setBackgroundBlurRadius ## Dim Layer for - Task=15127#124948 backgroundBlurRadius=0
03-25 10:20:03.054  4709  4816 D SurfaceComposerClient: setCornerRadius ## Task=15128#124950 cornerRadius=9.000000
03-25 10:20:03.055  3255  3365 D EnterpriseDeviceManagerService: isMdmAdminPresentInternal() : MDM Admin Found - com.samsung.knox.securefolder
03-25 10:20:03.061  5198  5198 I HoneySpace.EdgePanel.CocktailHostRepositoryImpl: onNoteResume
03-25 10:20:03.061  5198  5198 I HoneySpace.EdgePanel.EdgePanelContainerViewModel: cocktailHostRepository.edgePanelOperation NoteResumeComponent(componentName=ComponentInfo{com.google.android.permissioncontroller/com.android.permissioncontroller.permission.ui.GrantPermissionsActivity})
03-25 10:20:03.061  5198  5198 I HoneySpace.EdgePanel.ActivityUtils: HomePackage : com.sec.android.app.launcher, resumePackageName : com.google.android.permissioncontroller, className : com.android.permissioncontroller.permission.ui.GrantPermissionsActivity
03-25 10:20:03.062  4709  4816 D SurfaceComposerClient: setCornerRadius ## Task=15128#124950 cornerRadius=9.000000
03-25 10:20:03.062  3255  3367 D SurfaceComposerClient: [SEC_SF_EFFECTS] setBackgroundBlurRadius ## Dim Layer for - Task=15127#124948 backgroundBlurRadius=0
03-25 10:20:03.062 11270 15757 I Routine@Core[4.9.04.13]: MigrationParser: getMigrationData rawMigrationData : [vibrate_once, custom_key_v3, aircommand_open_with_pen, text_to_speech, unlock_with_finger_print, edge_panel_routine_v3, edge_panel_routine_v3, data_saver_routine]
03-25 10:20:03.063 11270 15757 I Routine@Core[4.9.04.13]: MigrationParser: getMemoryMigrationData rawMemoryMigrationData : [motion_smoothness_v3, motion_smoothness_and_screen_resolution_v3, cover_screen_motion_smoothness_v3, brightness_v3, font_size_v3, screen_zoom_v3, screen_layout_and_zoom_v3, screen_resolution_v3, screen_timeout_v3, rotation_screen_v3, multi_window_tray_v3, dark_mode_v3, bixby_text_command_v3, bixby_quick_command_v3, bixby_voice_wake_up_v3, spotify_playlist_v3, play_media_v3, launch_app_v3, close_app_v3, separate_app_sound_v3, dnd_mode_on_v3, custom_notification_v3, hard_key_v3, quick_decline_message_v3, quick_decline_message_v3, video_enhancer_v3, bluetooth_on_v3, instant_session_v3, airplane_mode_on_v3, mobile_network_mode_setting_v3, mobile_data_on_v3, hotspot_on_v3, gps_on_v3, auto_data_sync_v3, sound_sdk3, vibrate_once, connect_url_sdk3, wifi_on_sdk3, lockscreen_shortcut_v3, launch_app_v3, launch_game_v3, samsung_health_during_exercise_v3, samsung_health_during_exercise_when_starting_v3, notification_with_keyword_v3, specify_wifi_v3, wifi_rssi_v3, specify_bluetooth_v3, specify_bluetooth_only_connected_v3, nfc_tagged_v3, airplane_mode_v3, specific_time_v3, time_v3, plugin_gps_location_v3, plugin_gps_location_only_arrived_v3, calling_v3, during_call_v3, connected_headset_v3, plugged_battery_v3, battery_condition_v3, dex_mode_on_v3, fold_state_v3, ringer_mode_v3, night_mode_v3, wifi_on_sdk3]
03-25 10:20:03.068 11270 15757 I Routine@Core[4.9.04.13]: RoutineDataMigrator: isAvailableToMigrate() newPackageName:com.samsung.android.app.routines, newTag:read_notifications, isAvailableToMigrate:true
03-25 10:20:03.068 11270 15757 I Routine@Core[4.9.04.13]: RoutineDataMigrator: isAvailableToMigrate() newPackageName:com.samsung.android.app.routines, newTag:flashlight, isAvailableToMigrate:true
03-25 10:20:03.068 11270 15757 I Routine@Core[4.9.04.13]: RoutineDataMigrator: isAvailableToMigrate() newPackageName:com.samsung.android.app.routines, newTag:message_received, isAvailableToMigrate:false
03-25 10:20:03.068 11270 15757 I Routine@Core[4.9.04.13]: RoutineDataMigrator: isAvailableToMigrate() newPackageName:com.samsung.android.app.routines, newTag:message_received, isAvailableToMigrate:false
03-25 10:20:03.068 11270 15757 I Routine@Core[4.9.04.13]: RoutineDataMigrator: isAvailableToMigrate() newPackageName:com.samsung.android.app.aodservice, newTag:aod_main_setting, isAvailableToMigrate:true
03-25 10:20:03.068 11270 15757 I Routine@Core[4.9.04.13]: RoutineDataMigrator: isAvailableToMigrate() newPackageName:com.android.settings, newTag:sec_eye_comfort_shield_routine, isAvailableToMigrate:true
03-25 10:20:03.068 11270 15757 I Routine@Core[4.9.04.13]: RoutineDataMigrator: isAvailableToMigrate() newPackageName:com.samsung.android.app.routines, newTag:control_smartthings_not_reversible, isAvailableToMigrate:true
03-25 10:20:03.068 11270 15757 I Routine@Core[4.9.04.13]: RoutineDataMigrator: isAvailableToMigrate() newPackageName:com.samsung.android.app.routines, newTag:control_smartthings_not_reversible, isAvailableToMigrate:true
03-25 10:20:03.068 11270 15757 I Routine@Core[4.9.04.13]: RoutineDataMigrator: isAvailableToMigrate() newPackageName:com.android.settings, newTag:accessibility_color_correction, isAvailableToMigrate:true
03-25 10:20:03.068 11270 15757 I Routine@Core[4.9.04.13]: RoutineDataMigrator: isAvailableToMigrate() newPackageName:com.samsung.android.lool, newTag:dc_power_mode_action, isAvailableToMigrate:true
03-25 10:20:03.068 11270 15757 I Routine@Core[4.9.04.13]: RoutineDataMigrator: isAvailableToMigrate() newPackageName:com.samsung.accessibility, newTag:accessibility_amplify_ambient_sound, isAvailableToMigrate:true
03-25 10:20:03.068 11270 15757 I Routine@Core[4.9.04.13]: RoutineDataMigrator: isAvailableToMigrate() newPackageName:com.android.settings, newTag:accessibility_camera_flash, isAvailableToMigrate:true
03-25 10:20:03.068 11270 15757 I Routine@Core[4.9.04.13]: RoutineDataMigrator: isAvailableToMigrate() newPackageName:com.android.settings, newTag:accessibility_color_correction, isAvailableToMigrate:true
03-25 10:20:03.068 11270 15757 I Routine@Core[4.9.04.13]: RoutineDataMigrator: isAvailableToMigrate() newPackageName:com.android.settings, newTag:accessibility_color_filter, isAvailableToMigrate:true
03-25 10:20:03.068 11270 15757 I Routine@Core[4.9.04.13]: RoutineDataMigrator: isAvailableToMigrate() newPackageName:com.android.settings, newTag:accessibility_color_inversion, isAvailableToMigrate:true
03-25 10:20:03.068 11270 15757 I Routine@Core[4.9.04.13]: RoutineDataMigrator: isAvailableToMigrate() newPackageName:com.android.settings, newTag:accessibility_extra_dim, isAvailableToMigrate:true
03-25 10:20:03.068 11270 15757 I Routine@Core[4.9.04.13]: RoutineDataMigrator: isAvailableToMigrate() newPackageName:com.android.settings, newTag:accessibility_live_caption, isAvailableToMigrate:true
03-25 10:20:03.069 11270 15757 I Routine@Core[4.9.04.13]: RoutineDataMigrator: isAvailableToMigrate() newPackageName:com.android.settings, newTag:accessibility_mono_audio, isAvailableToMigrate:true
03-25 10:20:03.069 11270 15757 I Routine@Core[4.9.04.13]: RoutineDataMigrator: isAvailableToMigrate() newPackageName:com.android.settings, newTag:accessibility_mute_all_sounds, isAvailableToMigrate:true
03-25 10:20:03.069 11270 15757 I Routine@Core[4.9.04.13]: RoutineDataMigrator: isAvailableToMigrate() newPackageName:com.android.settings, newTag:accessibility_screen_flash, isAvailableToMigrate:true
03-25 10:20:03.069 11270 15757 I Routine@Core[4.9.04.13]: RoutineDataMigrator: isAvailableToMigrate() newPackageName:com.android.settings, newTag:accessibility_sound_balance, isAvailableToMigrate:true
03-25 10:20:03.069 11270 15757 I Routine@Core[4.9.04.13]: RoutineDataMigrator: isAvailableToMigrate() newPackageName:com.samsung.android.waterplugin, newTag:watch_theater_mode, isAvailableToMigrate:false
03-25 10:20:03.069 11270 15757 I Routine@Core[4.9.04.13]: RoutineDataMigrator: isAvailableToMigrate() newPackageName:com.samsung.android.heartplugin, newTag:watch_theater_mode, isAvailableToMigrate:false
03-25 10:20:03.069 11270 15757 I Routine@Core[4.9.04.13]: RoutineDataMigrator: isAvailableToMigrate() newPackageName:com.samsung.android.lool, newTag:dc_enhanced_processing, isAvailableToMigrate:false
03-25 10:20:03.069 11270 15757 I Routine@Core[4.9.04.13]: RoutineDataMigrator: isAvailableToMigrate() newPackageName:com.samsung.android.lool, newTag:dc_fast_cable_charging, isAvailableToMigrate:true
03-25 10:20:03.069 11270 15757 I Routine@Core[4.9.04.13]: RoutineDataMigrator: isAvailableToMigrate() newPackageName:com.samsung.android.lool, newTag:dc_fast_wireless_charging, isAvailableToMigrate:true
03-25 10:20:03.069 11270 15757 I Routine@Core[4.9.04.13]: RoutineDataMigrator: isAvailableToMigrate() newPackageName:com.samsung.android.lool, newTag:dc_processing_speed, isAvailableToMigrate:false
03-25 10:20:03.069 11270 15757 I Routine@Core[4.9.04.13]: RoutineDataMigrator: isAvailableToMigrate() newPackageName:com.samsung.android.lool, newTag:dc_protect_battery, isAvailableToMigrate:true
03-25 10:20:03.069 11270 15757 I Routine@Core[4.9.04.13]: RoutineDataMigrator: isAvailableToMigrate() newPackageName:com.samsung.android.lool, newTag:dc_super_fast_cable_charging, isAvailableToMigrate:false
03-25 10:20:03.069 11270 15757 I Routine@Core[4.9.04.13]: RoutineDataMigrator: isAvailableToMigrate() newPackageName:com.samsung.android.sm_cn, newTag:dc_enhanced_processing, isAvailableToMigrate:false
03-25 10:20:03.069 11270 15757 I Routine@Core[4.9.04.13]: RoutineDataMigrator: isAvailableToMigrate() newPackageName:com.samsung.android.sm_cn, newTag:dc_fast_cable_charging, isAvailableToMigrate:false
03-25 10:20:03.069 11270 15757 I Routine@Core[4.9.04.13]: RoutineDataMigrator: isAvailableToMigrate() newPackageName:com.samsung.android.sm_cn, newTag:dc_fast_wireless_charging, isAvailableToMigrate:false
03-25 10:20:03.069 11270 15757 I Routine@Core[4.9.04.13]: RoutineDataMigrator: isAvailableToMigrate() newPackageName:com.samsung.android.sm_cn, newTag:dc_power_mode_action, isAvailableToMigrate:false
03-25 10:20:03.069 11270 15757 I Routine@Core[4.9.04.13]: RoutineDataMigrator: isAvailableToMigrate() newPackageName:com.samsung.android.sm_cn, newTag:dc_processing_speed, isAvailableToMigrate:false
03-25 10:20:03.069 11270 15757 I Routine@Core[4.9.04.13]: RoutineDataMigrator: isAvailableToMigrate() newPackageName:com.samsung.android.sm_cn, newTag:dc_protect_battery, isAvailableToMigrate:false
03-25 10:20:03.069 11270 15757 I Routine@Core[4.9.04.13]: RoutineDataMigrator: isAvailableToMigrate() newPackageName:com.samsung.android.sm_cn, newTag:dc_super_fast_cable_charging, isAvailableToMigrate:false
03-25 10:20:03.069 11270 15757 I Routine@Core[4.9.04.13]: RoutineDataMigrator: isAvailableToMigrate() newPackageName:com.samsung.android.app.dressroom, newTag:change_lock_screen_wallpaper_profile, isAvailableToMigrate:true
03-25 10:20:03.069 11270 15757 I Routine@Core[4.9.04.13]: RoutineDataMigrator: deprecateOldTag() should not deprecate oldTag(lockscreen_shortcut
03-25 10:20:03.069 11270 15757 I Routine@Core[4.9.04.13]: RoutineDataMigrator: isAvailableToMigrate() newPackageName:com.samsung.android.app.routines, newTag:nfc_on_off, isAvailableToMigrate:true
03-25 10:20:03.069 11270 15757 I Routine@Core[4.9.04.13]: RoutineDataMigrator: isAvailableToMigrate() newPackageName:com.sec.android.app.launcher, newTag:edge_panel, isAvailableToMigrate:false
03-25 10:20:03.069 11270 15757 I Routine@Core[4.9.04.13]: RoutineDataMigrator: isAvailableToMigrate() newPackageName:com.android.settings, newTag:as_dialing_keypad_tones, isAvailableToMigrate:true
03-25 10:20:03.070 11270 15757 I Routine@Core[4.9.04.13]: RoutineDataMigrator: isAvailableToMigrate() newPackageName:com.android.settings, newTag:as_keyboard_sound, isAvailableToMigrate:true
03-25 10:20:03.070 11270 15757 I Routine@Core[4.9.04.13]: RoutineDataMigrator: isAvailableToMigrate() newPackageName:com.android.settings, newTag:as_keyboard_vibration, isAvailableToMigrate:true
03-25 10:20:03.070 11270 15757 I Routine@Core[4.9.04.13]: RoutineDataMigrator: isAvailableToMigrate() newPackageName:com.android.settings, newTag:as_media_volume, isAvailableToMigrate:true
03-25 10:20:03.070 11270 15757 I Routine@Core[4.9.04.13]: RoutineDataMigrator: isAvailableToMigrate() newPackageName:com.android.settings, newTag:as_volume, isAvailableToMigrate:true
03-25 10:20:03.070 11270 15757 I Routine@Core[4.9.04.13]: RoutineDataMigrator: isAvailableToMigrate() newPackageName:com.sec.android.app.clockpackage, newTag:appfunction://com.sec.android.app.clockpackage.crossappactions#StopwatchCrossAppFunctions_startStopwatch, isAvailableToMigrate:true
03-25 10:20:03.070 11270 15757 I Routine@Core[4.9.04.13]: RoutineDataMigrator: isAvailableToMigrate() newPackageName:com.sec.android.app.launcher, newTag:samsung_dex, isAvailableToMigrate:true
03-25 10:20:03.070  7676 28833 I AdrenoGLES-0: PFP: 0x01740181, ME: 0x00000000
03-25 10:20:03.070 11270 15757 I Routine@Core[4.9.04.13]: RoutineDataMigrator: isAvailableToMigrate() newPackageName:com.samsung.android.secondscreen, newTag:second_screen_condition_tag, isAvailableToMigrate:false
03-25 10:20:03.070 11270 15757 I Routine@Core[4.9.04.13]: RoutineDataMigrator: isAvailableToMigrate() newPackageName:com.samsung.android.app.routines, newTag:vibrate_once, isAvailableToMigrate:true
03-25 10:20:03.070 11270 15757 I Routine@Core[4.9.04.13]: RoutineDataMigrator: isAvailableToMigrate() newPackageName:com.samsung.android.app.routineplus, newTag:custom_key_v3, isAvailableToMigrate:true
03-25 10:20:03.070 11270 15757 I Routine@Core[4.9.04.13]: RoutineDataMigrator: isAvailableToMigrate() newPackageName:com.samsung.android.service.aircommand, newTag:aircommand_open_with_pen, isAvailableToMigrate:true
03-25 10:20:03.070 11270 15757 I Routine@Core[4.9.04.13]: RoutineDataMigrator: deprecateOldTag() should not deprecate oldTag(aircommand_open_with_pen
03-25 10:20:03.070 11270 15757 I Routine@Core[4.9.04.13]: RoutineDataMigrator: isAvailableToMigrate() newPackageName:com.samsung.android.app.routines, newTag:text_to_speech, isAvailableToMigrate:true
03-25 10:20:03.070 11270 15757 I Routine@Core[4.9.04.13]: RoutineDataMigrator: isAvailableToMigrate() newPackageName:com.samsung.android.app.routines, newTag:unlock_with_finger_print, isAvailableToMigrate:true
03-25 10:20:03.070 11270 15757 I Routine@Core[4.9.04.13]: RoutineDataMigrator: isAvailableToMigrate() newPackageName:com.sec.android.app.launcher, newTag:edge_panel_routine_v3, isAvailableToMigrate:true
03-25 10:20:03.070 11270 15757 I Routine@Core[4.9.04.13]: RoutineDataMigrator: isAvailableToMigrate() newPackageName:com.sec.android.app.launcher, newTag:edge_panel_routine_v3, isAvailableToMigrate:true
03-25 10:20:03.070 11270 15757 I Routine@Core[4.9.04.13]: RoutineDataMigrator: isAvailableToMigrate() newPackageName:com.android.settings, newTag:data_saver_routine, isAvailableToMigrate:true
03-25 10:20:03.070 11270 15757 I Routine@Core[4.9.04.13]: RoutineDataMigrator: isAvailableToMigrate() newPackageName:com.samsung.android.app.routines, newTag:motion_smoothness_v3, isAvailableToMigrate:true
03-25 10:20:03.070  4709  4816 D SurfaceComposerClient: setCornerRadius ## Task=15128#124950 cornerRadius=9.000000
03-25 10:20:03.070 11270 15757 I Routine@Core[4.9.04.13]: RoutineDataMigrator: isAvailableToMigrate() newPackageName:com.samsung.android.app.routines, newTag:motion_smoothness_and_screen_resolution_v3, isAvailableToMigrate:false
03-25 10:20:03.070  3255  3367 D SurfaceComposerClient: [SEC_SF_EFFECTS] setBackgroundBlurRadius ## Dim Layer for - Task=15127#124948 backgroundBlurRadius=0
03-25 10:20:03.070 11270 15757 I Routine@Core[4.9.04.13]: RoutineDataMigrator: isAvailableToMigrate() newPackageName:com.samsung.android.app.routines, newTag:cover_screen_motion_smoothness_v3, isAvailableToMigrate:false
03-25 10:20:03.070 11270 15757 I Routine@Core[4.9.04.13]: RoutineDataMigrator: isAvailableToMigrate() newPackageName:com.samsung.android.app.routines, newTag:brightness_v3, isAvailableToMigrate:true
03-25 10:20:03.070 11270 15757 I Routine@Core[4.9.04.13]: RoutineDataMigrator: isAvailableToMigrate() newPackageName:com.samsung.android.app.routines, newTag:font_size_v3, isAvailableToMigrate:true
03-25 10:20:03.070 11270 15757 I Routine@Core[4.9.04.13]: RoutineDataMigrator: isAvailableToMigrate() newPackageName:com.samsung.android.app.routines, newTag:screen_zoom_v3, isAvailableToMigrate:true
03-25 10:20:03.071 11270 15757 I Routine@Core[4.9.04.13]: RoutineDataMigrator: isAvailableToMigrate() newPackageName:com.samsung.android.app.routines, newTag:screen_layout_and_zoom_v3, isAvailableToMigrate:false
03-25 10:20:03.071 11270 15757 I Routine@Core[4.9.04.13]: RoutineDataMigrator: isAvailableToMigrate() newPackageName:com.samsung.android.app.routines, newTag:screen_resolution_v3, isAvailableToMigrate:true
03-25 10:20:03.071 11270 15757 I Routine@Core[4.9.04.13]: RoutineDataMigrator: isAvailableToMigrate() newPackageName:com.samsung.android.app.routines, newTag:screen_timeout_v3, isAvailableToMigrate:true
03-25 10:20:03.071 11270 15757 I Routine@Core[4.9.04.13]: RoutineDataMigrator: isAvailableToMigrate() newPackageName:com.samsung.android.app.routines, newTag:rotation_screen_v3, isAvailableToMigrate:true
03-25 10:20:03.071 11270 15757 I Routine@Core[4.9.04.13]: RoutineDataMigrator: isAvailableToMigrate() newPackageName:com.samsung.android.app.routines, newTag:multi_window_tray_v3, isAvailableToMigrate:false
03-25 10:20:03.071 11270 15757 I Routine@Core[4.9.04.13]: RoutineDataMigrator: isAvailableToMigrate() newPackageName:com.samsung.android.app.routines, newTag:dark_mode_v3, isAvailableToMigrate:true
03-25 10:20:03.071 11270 15757 I Routine@Core[4.9.04.13]: RoutineDataMigrator: isAvailableToMigrate() newPackageName:com.samsung.android.app.routines, newTag:bixby_text_command_v3, isAvailableToMigrate:false
03-25 10:20:03.071 11270 15757 I Routine@Core[4.9.04.13]: RoutineDataMigrator: isAvailableToMigrate() newPackageName:com.samsung.android.app.routines, newTag:bixby_quick_command_v3, isAvailableToMigrate:false
03-25 10:20:03.071 11270 15757 I Routine@Core[4.9.04.13]: RoutineDataMigrator: isAvailableToMigrate() newPackageName:com.samsung.android.app.routines, newTag:bixby_voice_wake_up_v3, isAvailableToMigrate:false
03-25 10:20:03.071 11270 15757 I Routine@Core[4.9.04.13]: RoutineDataMigrator: isAvailableToMigrate() newPackageName:com.samsung.android.app.routines, newTag:spotify_playlist_v3, isAvailableToMigrate:true
03-25 10:20:03.071 11270 15757 I Routine@Core[4.9.04.13]: RoutineDataMigrator: isAvailableToMigrate() newPackageName:com.samsung.android.app.routines, newTag:play_media_v3, isAvailableToMigrate:true
03-25 10:20:03.071 11270 15757 I Routine@Core[4.9.04.13]: RoutineDataMigrator: isAvailableToMigrate() newPackageName:com.samsung.android.app.routines, newTag:launch_app_v3, isAvailableToMigrate:true
03-25 10:20:03.071 11270 15757 I Routine@Core[4.9.04.13]: RoutineDataMigrator: isAvailableToMigrate() newPackageName:com.samsung.android.app.routines, newTag:close_app_v3, isAvailableToMigrate:true
03-25 10:20:03.071 11270 15757 I Routine@Core[4.9.04.13]: RoutineDataMigrator: isAvailableToMigrate() newPackageName:com.samsung.android.app.routines, newTag:separate_app_sound_v3, isAvailableToMigrate:true
03-25 10:20:03.071 11270 15757 I Routine@Core[4.9.04.13]: RoutineDataMigrator: isAvailableToMigrate() newPackageName:com.samsung.android.app.routines, newTag:dnd_mode_on_v3, isAvailableToMigrate:true
