03-25 09:44:37.404  4999  7406 E SmsApplication: com.kddi.android.cmail lost android:read_cell_broadcasts:  (fixing)
03-25 09:44:37.405  3255  3255 D ApplicationPolicy: No updatable permission to GRANT found for com.payment.app(0)
03-25 09:44:37.407  3255  4989 E RoleControllerServiceImpl: Default/fallback role holder package doesn't qualify for the role, package: com.google.android.gms.supervision, role: android.app.role.SYSTEM_SUPERVISION, user: 0
03-25 09:44:37.407  3255  3255 D ApplicationPolicy: No updatable permission to DENY found for com.payment.app(0)
03-25 09:44:37.408  3255  3255 D ApplicationPolicy: No updatable permission to GRANT found for com.payment.app(0)
03-25 09:44:37.408  4999  4999 E SmsApplication: com.kddi.android.cmail lost android:receive_wap_push:  (fixing)
03-25 09:44:37.408  4999  4999 E SmsApplication: com.kddi.android.cmail lost android:read_cell_broadcasts:  (fixing)
03-25 09:44:37.409 25125 25125 I DWBAppTimerReceiver: com.samsung.android.forest.PACKAGE_ADDED received
03-25 09:44:37.409  3255  4989 W SignedPackage: Package doesn't have required signing certificate: com.google.android.apps.work.clouddpc
03-25 09:44:37.410  5198 26373 I HoneySpace.IconCache: remove icon cache & DB : com.payment.app UserHandle{0}
03-25 09:44:37.411  5198 26373 I HoneySpace.IconCache: removeSpecificIconDb: com.payment.app UserHandle{0}
03-25 09:44:37.412  4999  4999 D SatelliteAccessController: Current default SMS app:ComponentInfo{com.kddi.android.cmail/com.wit.wcl.sdk.sms.SmsBroadcastReceiver}
03-25 09:44:37.412  4999  4999 D SatelliteAccessController: supportedMsgApps:com.google.android.apps.messaging
03-25 09:44:37.414  3255  4989 D NotificationUtils: getNotificationListenersForPackage(com.google.android.apps.wear.companion): [ComponentInfo{com.google.android.apps.wear.companion/com.google.android.libraries.wear.companion.notification.service.CompanionNotificationListenerService}]
03-25 09:44:37.417  3255  4989 D NotificationUtils: getNotificationListenersForPackage(com.samsung.android.smartmirroring): [ComponentInfo{com.samsung.android.smartmirroring/com.samsung.android.smartmirroring.controller.NotificationService}]
03-25 09:44:37.420  5198 26373 I AppIconSolution: return the original icon because tray option is set to None for com.payment.app, isNight = true
03-25 09:44:37.421  5198 26373 I AppIconSolution: skip applying night layer bitmap because of abnormal icon size = 0
03-25 09:44:37.421  5198 26373 I LauncherActivityInfo: packageName: com.payment.app, useThemeIcon: true, height: 0, width: 0, density: 640
03-25 09:44:37.423 11270 15757 I Routine@Core[4.9.04.13]: AppFunctionsActionHandler: isSupported: supportStatus = SUPPORTED, tag = appfunction://com.sec.android.app.clockpackage.crossappactions#StopwatchCrossAppFunctions_resetStopwatch
03-25 09:44:37.425  3255  4989 I Role    : com.google.android.gms not qualified for android.app.role.SYSTEM_DEPENDENCY_INSTALLER due to missing RequiredComponent{mIntentFilterData=IntentFilterData{mAction='android.content.pm.action.INSTALL_DEPENDENCY', mCategories='[]', mDataScheme='null', mDataType='null'}, mMinTargetSdkVersion=1, mFlags='0', mPermission='android.permission.BIND_DEPENDENCY_INSTALLER', mQueryFlags=0, mMetaData=[]}
03-25 09:44:37.425  3255  4989 E RoleControllerServiceImpl: Default/fallback role holder package doesn't qualify for the role, package: com.google.android.gms, role: android.app.role.SYSTEM_DEPENDENCY_INSTALLER, user: 0
03-25 09:44:37.425 11270 15757 I Routine@Core[4.9.04.13]: TASKD/ActionTaskAdapterFactoryImpl: getAdapter - metaId=appfunction://com.sec.android.app.clockpackage.crossappactions#AlarmCrossAppActions_findAlarms(id=406)
03-25 09:44:37.425  5198 26373 I HoneySpace.PackageSourceImpl: package changed info list size : 1
03-25 09:44:37.425  5198  5198 I HoneySpace.HoneySpaceManagerContainer: packageUpdateEvent - com.honeyspace.sdk.source.entity.PackageOperation$Changed@ac015c5
03-25 09:44:37.425  5198  5198 I HoneySpace.HoneySpaceManagerContainer: refreshHoneyPlugin, packageName: com.payment.app
03-25 09:44:37.426  5198 29799 I HoneySpace.IconCache: add icon DB: [com.payment.app/.MainActivity#UserHandle{0}] - IconAndLabel(icon=android.graphics.Bitmap@70aac0e, label=支払い管理) | false | 640 | false |true | -1
03-25 09:44:37.426  5198 29799 I HoneySpace.HoneySpacePackageSourceImpl: Package changed : com.payment.app
03-25 09:44:37.426  5198 29799 I HoneySpace.HistoryViewModel@221155379@OneUI: handlePackageEvent
03-25 09:44:37.426  5198 29799 I HoneySpace.HistoryViewModel@221155379@OneUI: skip for alone
03-25 09:44:37.426  5198 29799 I SearchableManager: invalidate: com.payment.app
03-25 09:44:37.426  5198  5198 I HoneySpace.HoneySpacePackageSourceImpl: getHiddenItems : 18
03-25 09:44:37.426  5198  5198 I HoneySpace.HoneySpacePackageSourceImpl: getHiddenItems : 18
03-25 09:44:37.426  5198  5198 I HoneySpace.HoneySpacePackageSourceImpl: getHiddenItems : 18
03-25 09:44:37.426  5198  5198 I HoneySpace.HoneySpacePackageSourceImpl: getHiddenItems : 18
03-25 09:44:37.426  5198  5198 I HoneySpace.HoneySpacePackageSourceImpl: getHiddenItems : 18
03-25 09:44:37.426  5198  5198 I HoneySpace.HoneySpacePackageSourceImpl: getHiddenItems : 18
03-25 09:44:37.426  5198  5198 I HoneySpace.HoneySpacePackageSourceImpl: getHiddenItems : 18
03-25 09:44:37.426  5198  5198 I HoneySpace.HoneySpacePackageSourceImpl: getHiddenItems : 18
03-25 09:44:37.426  5198  5198 I HoneySpace.EventListenerRegistry: pendingPackageOperation : pending = false, com.honeyspace.sdk.source.entity.PackageOperation$Changed@ac015c5
03-25 09:44:37.427  5198  5198 I HoneySpace.HoneySpacePackageSourceImpl: getHiddenItems : 18
03-25 09:44:37.427  5198  5198 I HoneySpace.HoneySpacePackageSourceImpl: getHiddenItems : 18
03-25 09:44:37.427  5198  5198 I HoneySpace.HoneySpacePackageSourceImpl: getHiddenItems : 18
03-25 09:44:37.427  5198  5198 I HoneySpace.HoneySpacePackageSourceImpl: getHiddenItems : 18
03-25 09:44:37.427  5198  5198 I HoneySpace.HoneySpacePackageSourceImpl: getHiddenItems : 18
03-25 09:44:37.427  5198  5198 I HoneySpace.HoneySpacePackageSourceImpl: getHiddenItems : 18
03-25 09:44:37.427  5198  5198 I HoneySpace.HoneySpacePackageSourceImpl: getHiddenItems : 18
03-25 09:44:37.427  5198  5198 I HoneySpace.HoneySpacePackageSourceImpl: getHiddenItems : 18
03-25 09:44:37.427  3255  8286 D ApplicationPolicy: getApplicationUninstallationEnabled
03-25 09:44:37.427  5198  5198 I HoneySpace.HoneySpacePackageSourceImpl: getHiddenItems : 18
03-25 09:44:37.427  5198  5198 I HoneySpace.HoneySpacePackageSourceImpl: getHiddenItems : 18
03-25 09:44:37.427  5198  5198 I HoneySpace.HoneySpacePackageSourceImpl: getHiddenItems : 18
03-25 09:44:37.427  5198  5198 I HoneySpace.HoneySpacePackageSourceImpl: getHiddenItems : 18
03-25 09:44:37.427  3255  8286 D ApplicationPolicy: getApplicationUninstallationEnabled :  enabled true
03-25 09:44:37.427  5198  5198 I HoneySpace.HoneySpacePackageSourceImpl: getHiddenItems : 18
03-25 09:44:37.427  5198  5198 I HoneySpace.HoneySpacePackageSourceImpl: getHiddenItems : 18
03-25 09:44:37.427  5198  5198 I HoneySpace.HoneySpacePackageSourceImpl: getHiddenItems : 18
03-25 09:44:37.427  5198  5198 I HoneySpace.HoneySpacePackageSourceImpl: getHiddenItems : 18
03-25 09:44:37.427  5198  5198 I HoneySpace.HoneySpacePackageSourceImpl: getHiddenItems : 18
03-25 09:44:37.427  5198  5198 I HoneySpace.HoneySpacePackageSourceImpl: getHiddenItems : 18
03-25 09:44:37.427  5198  5198 I HoneySpace.HoneySpacePackageSourceImpl: getHiddenItems : 18
03-25 09:44:37.427  5198  5198 I HoneySpace.HoneySpacePackageSourceImpl: getHiddenItems : 18
03-25 09:44:37.427  5198  5198 I HoneySpace.HoneySpacePackageSourceImpl: getHiddenItems : 18
03-25 09:44:37.427  5198  5198 I HoneySpace.HoneySpacePackageSourceImpl: getHiddenItems : 18
03-25 09:44:37.427  5198  5198 I HoneySpace.HoneySpacePackageSourceImpl: getHiddenItems : 18
03-25 09:44:37.427  5198  5198 I HoneySpace.HoneySpacePackageSourceImpl: getHiddenItems : 18
03-25 09:44:37.427  5198  5198 I HoneySpace.HoneySpacePackageSourceImpl: getHiddenItems : 18
03-25 09:44:37.427  5198  5198 I HoneySpace.HoneySpacePackageSourceImpl: getHiddenItems : 18
03-25 09:44:37.427  5198  5198 I HoneySpace.HoneySpacePackageSourceImpl: getHiddenItems : 18
03-25 09:44:37.427  5198  5198 I HoneySpace.HoneySpacePackageSourceImpl: getHiddenItems : 18
03-25 09:44:37.427  5198  5198 I HoneySpace.HoneySpacePackageSourceImpl: getHiddenItems : 18
03-25 09:44:37.427  5198  5198 I HoneySpace.HoneySpacePackageSourceImpl: getHiddenItems : 18
03-25 09:44:37.427  5198  5198 I HoneySpace.HoneySpacePackageSourceImpl: getHiddenItems : 18
03-25 09:44:37.427  3255  8303 D ApplicationPolicy: getApplicationUninstallationEnabled
03-25 09:44:37.427  5198  5198 I HoneySpace.HoneySpacePackageSourceImpl: getHiddenItems : 18
03-25 09:44:37.427  5198  5198 I HoneySpace.HoneySpacePackageSourceImpl: getHiddenItems : 18
03-25 09:44:37.428  5198  5198 I HoneySpace.HoneySpacePackageSourceImpl: getHiddenItems : 18
03-25 09:44:37.428  3255  8303 D ApplicationPolicy: getApplicationUninstallationEnabled :  enabled true
03-25 09:44:37.428  5198  5198 I HoneySpace.HoneySpacePackageSourceImpl: getHiddenItems : 18
03-25 09:44:37.428  5198  5198 I HoneySpace.HoneySpacePackageSourceImpl: getHiddenItems : 18
03-25 09:44:37.428  5198  5198 I HoneySpace.HoneySpacePackageSourceImpl: getHiddenItems : 18
03-25 09:44:37.428  5198  5198 I HoneySpace.HoneySpacePackageSourceImpl: getHiddenItems : 18
03-25 09:44:37.428  5198  5198 I HoneySpace.HoneySpacePackageSourceImpl: getHiddenItems : 18
03-25 09:44:37.428  5198  5198 I HoneySpace.HoneySpacePackageSourceImpl: getHiddenItems : 18
03-25 09:44:37.428  5198  5198 I HoneySpace.HoneySpacePackageSourceImpl: getHiddenItems : 18
03-25 09:44:37.428  5198  5198 I HoneySpace.HoneySpacePackageSourceImpl: getHiddenItems : 18
03-25 09:44:37.428  5198  5198 I HoneySpace.HoneySpacePackageSourceImpl: getHiddenItems : 18
03-25 09:44:37.428  5198  5198 I HoneySpace.HoneySpacePackageSourceImpl: getHiddenItems : 18
03-25 09:44:37.428  5198  5198 I HoneySpace.HoneySpacePackageSourceImpl: getHiddenItems : 18
03-25 09:44:37.428  5198  5198 I HoneySpace.HoneySpacePackageSourceImpl: getHiddenItems : 18
03-25 09:44:37.428  5198  5198 I HoneySpace.HoneySpacePackageSourceImpl: getHiddenItems : 18
03-25 09:44:37.428  5198  5198 I HoneySpace.HoneySpacePackageSourceImpl: getHiddenItems : 18
03-25 09:44:37.428  5198  5198 I HoneySpace.HoneySpacePackageSourceImpl: getHiddenItems : 18
03-25 09:44:37.428  5198  5198 I HoneySpace.HoneySpacePackageSourceImpl: getHiddenItems : 18
03-25 09:44:37.428  5198  5198 I HoneySpace.AppsEdgePanel.ViewModel: packageChanged : com.payment.app
03-25 09:44:37.428  5198  5198 I HoneySpace.HoneySpacePackageSourceImpl: getHiddenItems : 18
03-25 09:44:37.429  5198 26725 E HoneySpace.MinusOnePageUtils: com.samsung.android.app.spage is not installed
03-25 09:44:37.431 25125 25125 I DWBContentProvider: update (content://com.samsung.android.forest.db/persistenceParentalcontrol)
03-25 09:44:37.432 25125 25125 I DWBd    : isChild ? false
03-25 09:44:37.434 25125 25125 I DWBh    : onPackageAdded : com.payment.app
03-25 09:44:37.439 25125 25125 I DWBr    : onTrimMemory(40)
03-25 09:44:37.439 25125 25125 E DWBg    : LocalPkgManager MemoryTrimmable
03-25 09:44:37.439 25125 25125 E DWBn    : UsageDataManager MemoryTrimmable
03-25 09:44:37.439 25125 25125 I DWBn    : Retrieve CLEAR_CACHED_DATA
03-25 09:44:37.439 25125 25125 I DWBn    : No Request Data
03-25 09:44:37.451  3255  4989 W SignedPackage: Cannot get ApplicationInfo for package: com.android.devicelockcontroller
03-25 09:44:37.453  3255  8381 D ApplicationPolicy: getAppName for com.samsung.knox.securefolder
03-25 09:44:37.467 11270 15757 I Routine@Core[4.9.04.13]: AppFunctionsActionHandler: isSupported: supportStatus = SUPPORTED, tag = appfunction://com.sec.android.app.clockpackage.crossappactions#AlarmCrossAppActions_findAlarms
03-25 09:44:37.470 11270 15757 I Routine@Core[4.9.04.13]: TASKD/ActionTaskAdapterFactoryImpl: getAdapter - metaId=appfunction://com.sec.android.app.clockpackage.crossappactions#StopwatchCrossAppFunctions_startStopwatch(id=407)
03-25 09:44:37.479  7773  7773 I InputMethodService: removeImeSurface
03-25 09:44:37.479  7773  7773 I InputMethodService: cancelImeSurfaceRemoval: removeCallbacks
03-25 09:44:37.506 11270 15757 I Routine@Core[4.9.04.13]: AppFunctionsActionHandler: isSupported: supportStatus = SUPPORTED, tag = appfunction://com.sec.android.app.clockpackage.crossappactions#StopwatchCrossAppFunctions_startStopwatch
03-25 09:44:37.507  3255  4586 D SemWifiSwitchForIndividualAppsService: isPackageException - result:3, com.google.android.permissioncontroller
03-25 09:44:37.509 11270 15757 I Routine@Core[4.9.04.13]: TASKD/ActionTaskAdapterFactoryImpl: getAdapter - metaId=appfunction://com.samsung.android.support.senl.nt.app.main.appfunction#NoteFunctions_createNote(id=408)
03-25 09:44:37.534  1035  1035 I lmkd    : cached 0, sandbox(not0) 1
03-25 09:44:37.535  1035  1035 I lmkd    : Reclaim 'com.samsung.ipservice' (22351), uid 15005004, oom_score_adj 999, state 19 to free 73160kB rss, 51888kB swap; reason: low watermark is breached or filecache is low (2101128kB).
03-25 09:44:37.553 11270 15757 I Routine@Core[4.9.04.13]: AppFunctionsActionHandler: isSupported: supportStatus = SUPPORTED, tag = appfunction://com.samsung.android.support.senl.nt.app.main.appfunction#NoteFunctions_createNote
03-25 09:44:37.556 11270 15757 I Routine@Core[4.9.04.13]: TASKD/ActionTaskAdapterFactoryImpl: getAdapter - metaId=appfunction://com.samsung.android.support.senl.nt.app.main.appfunction#NoteFunctions_showNote(id=409)
03-25 09:44:37.562  2007  2007 I Zygote  : Process 22351 exited due to signal 9 (Killed)
03-25 09:44:37.570  3255  3397 I libprocessgroup: Removed cgroup /sys/fs/cgroup/apps/uid_15005004/pid_22351
03-25 09:44:37.582  2147  2147 E ANDR-PERF-MPCTL: ANDR-PERF-MPCTL: internal_perf_lock_acq_verification() 385: Perflock Submit request limit reached.
03-25 09:44:37.604 11270 15757 I Routine@Core[4.9.04.13]: AppFunctionsActionHandler: isSupported: supportStatus = SUPPORTED, tag = appfunction://com.samsung.android.support.senl.nt.app.main.appfunction#NoteFunctions_showNote
03-25 09:44:37.607 11270 15757 I Routine@Core[4.9.04.13]: TASKD/ActionTaskAdapterFactoryImpl: getAdapter - metaId=appfunction://com.samsung.android.support.senl.nt.app.main.appfunction#NoteFunctions_updateNote(id=410)
03-25 09:44:37.633  2112 30740 I HYPER-HAL: [RequestManager.cpp]releaseLocked(): Released ID : 5364470
03-25 09:44:37.644 11270 15757 I Routine@Core[4.9.04.13]: AppFunctionsActionHandler: isSupported: supportStatus = SUPPORTED, tag = appfunction://com.samsung.android.support.senl.nt.app.main.appfunction#NoteFunctions_updateNote
03-25 09:44:37.647  1035  1035 I lmkd    : 8(delay), 0(swap), 0(freelimit), 0(reentrymode) memory pressure events were skipped after a kill!
03-25 09:44:37.647 11270 15757 I Routine@Core[4.9.04.13]: TASKD/ActionTaskAdapterFactoryImpl: getAdapter - metaId=appfunction://com.samsung.android.support.senl.nt.app.main.appfunction#NoteFunctions_findNotes(id=411)
03-25 09:44:37.647  3028  3061 I Finsky  : [732] Installer package name of package com.android.settings is
03-25 09:44:37.647  3028  3061 I Finsky  : [732] Installer package name of package com.samsung.android.app.contacts is
03-25 09:44:37.647  3028  3061 I Finsky  : [732] Installer package name of package com.samsung.android.calendar is com.sec.android.app.samsungapps
03-25 09:44:37.647  3028  3061 I Finsky  : [732] Installer package name of package com.samsung.android.dialer is
03-25 09:44:37.647  3028  3061 I Finsky  : [732] Installer package name of package com.samsung.knox.securefolder is
03-25 09:44:37.647  3028  3061 I Finsky  : [732] Installer package name of package com.sec.android.app.camera is
03-25 09:44:37.648  3028  3061 I Finsky  : [732] Installer package name of package com.sec.android.gallery3d is
03-25 09:44:37.648  3028  3061 I Finsky  : [732] Installer package name of package com.google.android.apps.docs.editors.docs is com.sec.android.easyMover
03-25 09:44:37.648  3028  3061 I Finsky  : [732] Installer package name of package com.ican.shortalarm is com.sec.android.easyMover
03-25 09:44:37.648  3028  3061 I Finsky  : [732] Installer package name of package com.samsung.android.app.cameraassistant is com.samsung.android.goodlock
03-25 09:44:37.648  3028  3061 I Finsky  : [732] Installer package name of package com.samsung.android.sidegesturepad is com.sec.android.app.samsungapps
03-25 09:44:37.648  3028  3061 I Finsky  : [732] Installer package name of package com.sec.android.app.music is com.sec.android.app.samsungapps
03-25 09:44:37.648  3028  3061 I Finsky  : [732] Installer package name of package com.serinus42.downdetector is com.sec.android.easyMover
03-25 09:44:37.648  3028  3061 I Finsky  : [732] Installer package name of package net.dinglisch.android.taskerm is com.google.android.packageinstaller
03-25 09:44:37.648  3028  3061 I Finsky  : [732] Installer package name of package com.samsung.android.app.routines is
03-25 09:44:37.648  3028  3061 I Finsky  : [732] Installer package name of package com.samsung.android.forest is
03-25 09:44:37.648  3028  3061 I Finsky  : [732] Installer package name of package com.samsung.android.game.gamehome is com.sec.android.app.samsungapps
03-25 09:44:37.648  3028  3061 I Finsky  : [732] Installer package name of package com.sec.android.app.fm is com.sec.android.app.samsungapps
03-25 09:44:37.648  3028  3061 I Finsky  : [732] Installer package name of package com.sec.android.app.myfiles is com.sec.android.app.samsungapps
03-25 09:44:37.648  3028  3061 I Finsky  : [732] Installer package name of package com.sec.android.app.samsungapps is com.sec.android.app.samsungapps
03-25 09:44:37.648  3028  3061 I Finsky  : [732] Installer package name of package app.website.addquick.blurandmosaic is com.sec.android.easyMover
03-25 09:44:37.648  3028  3061 I Finsky  : [732] Installer package name of package audioeditor.musiceditor.soundeditor.songeditor is com.sec.android.easyMover
03-25 09:44:37.648  3028  3061 I Finsky  : [732] Installer package name of package com.adobe.reader is com.sec.android.app.samsungapps
03-25 09:44:37.649  3028  3061 I Finsky  : [732] Installer package name of package com.amazon.aa is com.sec.android.easyMover
03-25 09:44:37.649  3028  3061 I Finsky  : [732] Installer package name of package com.arlosoft.macrodroid is com.google.android.packageinstaller
03-25 09:44:37.649  3028  3061 I Finsky  : [732] Installer package name of package com.azure.authenticator is com.sec.android.app.samsungapps
03-25 09:44:37.649  3028  3061 I Finsky  : [732] Installer package name of package com.digitalchemy.currencyconverter is com.sec.android.easyMover
03-25 09:44:37.649  3028  3061 I Finsky  : [732] Installer package name of package com.diotek.diodict4.EDictionary is com.sec.android.app.samsungapps
03-25 09:44:37.649  3028  3061 I Finsky  : [732] Installer package name of package com.edgepro.controlcenter.freess is com.sec.android.app.samsungapps
03-25 09:44:37.649  3028  3061 I Finsky  : [732] Installer package name of package com.edjing.edjingdjturntable is com.sec.android.easyMover
03-25 09:44:37.649  3028  3061 I Finsky  : [732] Installer package name of package com.gamestar.pianoperfect is com.sec.android.easyMover
03-25 09:44:37.649  3028  3061 I Finsky  : [732] Installer package name of package com.ihara_product.SmartMetronome is com.sec.android.easyMover
03-25 09:44:37.649  3028  3061 I Finsky  : [732] Installer package name of package com.imagineer.edgevolume.free is com.sec.android.app.samsungapps
03-25 09:44:37.649  3028  3061 I Finsky  : [732] Installer package name of package com.jahertor.dices is com.sec.android.app.samsungapps
03-25 09:44:37.649  3028  3061 I Finsky  : [732] Installer package name of package com.jahertor.edgebrowser is com.sec.android.app.samsungapps
03-25 09:44:37.649  3028  3061 I Finsky  : [732] Installer package name of package com.jahertor.edgecointoss is com.sec.android.app.samsungapps
03-25 09:44:37.649  3028  3061 I Finsky  : [732] Installer package name of package com.jahertor.weather is com.sec.android.app.samsungapps
03-25 09:44:37.649  3028  3061 I Finsky  : [732] Installer package name of package com.kisapplication.muscletrainingcounter is com.sec.android.easyMover
03-25 09:44:37.649  3028  3061 I Finsky  : [732] Installer package name of package com.lemon.lvoverseas is com.google.android.packageinstaller
03-25 09:44:37.650  3028  3061 I Finsky  : [732] Installer package name of package com.lstapps.musiclivewallpaper is com.sec.android.easyMover
03-25 09:44:37.650  3028  3061 I Finsky  : [732] Installer package name of package com.meberty.videorecorder is ru.kjkayvqa.gawqjruyf
03-25 09:44:37.650  3028  3061 I Finsky  : [732] Installer package name of package com.netflix.mediaclient is com.sec.android.app.samsungapps
03-25 09:44:37.650  3028  3061 I Finsky  : [732] Installer package name of package com.oninou.revolution is ru.kjkayvqa.gawqjruyf
03-25 09:44:37.650  3028  3061 I Finsky  : [732] Installer package name of package com.payment.app is
03-25 09:44:37.650  3028  3061 I Finsky  : [732] Installer package name of package com.playstation.mobile2ndscreen is com.sec.android.easyMover
03-25 09:44:37.650  3028  3061 I Finsky  : [732] Installer package name of package com.samsung.android.app.goodcatch is com.samsung.android.goodlock
03-25 09:44:37.650  3028  3061 I Finsky  : [732] Installer package name of package com.samsung.android.app.notes is com.samsung.android.app.updatecenter
03-25 09:44:37.650  3028  3061 I Finsky  : [732] Installer package name of package com.samsung.android.app.routineplus is com.sec.android.app.samsungapps
03-25 09:44:37.650  3028  3061 I Finsky  : [732] Installer package name of package com.samsung.android.app.watchmanager is com.samsung.android.app.watchmanager
03-25 09:44:37.650  3028  3061 I Finsky  : [732] Installer package name of package com.samsung.android.displayassistant is com.samsung.android.goodlock
03-25 09:44:37.650  3028  3061 I Finsky  : [732] Installer package name of package com.samsung.android.galaxycontinuity is com.sec.android.app.samsungapps
03-25 09:44:37.650  3028  3061 I Finsky  : [732] Installer package name of package com.samsung.android.game.honeyplayplus is com.samsung.android.goodlock
03-25 09:44:37.650  3028  3061 I Finsky  : [732] Installer package name of package com.samsung.android.goodlock is com.sec.android.app.samsungapps
03-25 09:44:37.650  3028  3061 I Finsky  : [732] Installer package name of package com.samsung.android.pentastic is com.samsung.android.goodlock
03-25 09:44:37.650  3028  3061 I Finsky  : [732] Installer package name of package com.samsung.android.soundassistant is com.samsung.android.goodlock
03-25 09:44:37.650  3028  3061 I Finsky  : [732] Installer package name of package com.samsung.android.spay is com.sec.android.app.samsungapps
03-25 09:44:37.650  3028  3061 I Finsky  : [732] Installer package name of package com.samsung.android.themedesigner is com.samsung.android.goodlock
03-25 09:44:37.650  3028  3061 I Finsky  : [732] Installer package name of package com.samsung.android.voc is com.sec.android.app.samsungapps
03-25 09:44:37.650  3028  3061 I Finsky  : [732] Installer package name of package com.samsung.android.wonderland.wallpaper is com.sec.android.app.samsungapps
03-25 09:44:37.650  3028  3061 I Finsky  : [732] Installer package name of package com.samsung.systemui.notilus is com.samsung.android.goodlock
03-25 09:44:37.650  3028  3061 I Finsky  : [732] Installer package name of package com.sec.android.app.clockpackage is com.samsung.android.app.updatecenter
03-25 09:44:37.650  3028  3061 I Finsky  : [732] Installer package name of package com.sec.android.app.popupcalculator is com.sec.android.app.samsungapps
03-25 09:44:37.650  3028  3061 I Finsky  : [732] Installer package name of package com.sec.android.app.voicenote is com.samsung.android.app.updatecenter
03-25 09:44:37.650  3028  3061 I Finsky  : [732] Installer package name of package com.sec.penup is com.sec.android.app.samsungapps
03-25 09:44:37.650  3028  3061 I Finsky  : [732] Installer package name of package com.skt.roulette is com.sec.android.easyMover
03-25 09:44:37.651  3028  3061 I Finsky  : [732] Installer package name of package com.speed.gc.autoclicker.automatictap is com.google.android.packageinstaller
03-25 09:44:37.651  3028  3061 I Finsky  : [732] Installer package name of package com.taptap.global is com.google.android.packageinstaller
03-25 09:44:37.651  3028  3061 I Finsky  : [732] Installer package name of package com.tobila.tobilaphone.mobile.android.au is com.sec.android.easyMover
03-25 09:44:37.651  3028  3061 I Finsky  : [732] Installer package name of package com.trendmicro.tmmssuite.oemkddi.jp is com.sec.android.easyMover
03-25 09:44:37.651  3028  3061 I Finsky  : [732] Installer package name of package ee.kaader.colortouch is com.sec.android.easyMover
03-25 09:44:37.651  3028  3061 I Finsky  : [732] Installer package name of package info.selfip.ocean.pcpowercontroller is com.google.android.packageinstaller
03-25 09:44:37.651  3028  3061 I Finsky  : [732] Installer package name of package irheral.edge.nowplaying is com.sec.android.app.samsungapps
03-25 09:44:37.651  3028  3061 I Finsky  : [732] Installer package name of package jp.co.kourakuen.app.kourakuen is com.sec.android.easyMover
03-25 09:44:37.651  3028  3061 I Finsky  : [732] Installer package name of package jp.co.lawson.android is com.sec.android.easyMover
03-25 09:44:37.651  3028  3061 I Finsky  : [732] Installer package name of package jp.co.pia.ticketpia is com.sec.android.easyMover
03-25 09:44:37.651  3028  3061 I Finsky  : [732] Installer package name of package jp.co.sagawa.SagawaOfficialApp is com.sec.android.easyMover
03-25 09:44:37.651  3028  3061 I Finsky  : [732] Installer package name of package jp.co.tobuspapp is com.sec.android.easyMover
03-25 09:44:37.651  3028  3061 I Finsky  : [732] Installer package name of package jp.co.tsutaya.android.ranking is com.sec.android.easyMover
03-25 09:44:37.651  3028  3061 I Finsky  : [732] Installer package name of package jp.co.yayoiken.app is com.sec.android.easyMover
03-25 09:44:37.652  3028  3061 I Finsky  : [732] Installer package name of package jp.go.soumu.mkpf.mkpfmypage is com.sec.android.easyMover
03-25 09:44:37.652  3028  3061 I Finsky  : [732] Installer package name of package jp.gr.java.conf.createapps.musicline is com.sec.android.easyMover
03-25 09:44:37.652  3028  3061 I Finsky  : [732] Installer package name of package jp.gr.java_conf.flatone.probabilitycalculator is com.sec.android.easyMover
03-25 09:44:37.652  3028  3061 I Finsky  : [732] Installer package name of package jp.hyoromo.VideoSwing is ru.kjkayvqa.gawqjruyf
03-25 09:44:37.652  3028  3061 I Finsky  : [732] Installer package name of package jp.nanaco.android is com.sec.android.easyMover
03-25 09:44:37.652  3028  3061 I Finsky  : [732] Installer package name of package me.tsukanov.counter is com.sec.android.easyMover
03-25 09:44:37.652  3028  3061 I Finsky  : [732] Installer package name of package mega.privacy.android.app is com.sec.android.easyMover
03-25 09:44:37.652  3028  3061 I Finsky  : [732] Installer package name of package net.mediavrog.ic_card_expensetracker is com.sec.android.easyMover
03-25 09:44:37.652  3028  3061 I Finsky  : [732] Installer package name of package net.mm2d.dmsexplorer is com.google.android.packageinstaller
03-25 09:44:37.652  3028  3061 I Finsky  : [732] Installer package name of package net.sleeporbit is com.sec.android.easyMover
03-25 09:44:37.652  3028  3061 I Finsky  : [732] Installer package name of package org.chromium.webapk.a2d4fdb4eaec1fe71_v2 is com.sec.android.easyMover
03-25 09:44:37.652  3028  3061 I Finsky  : [732] Installer package name of package org.chromium.webapk.a5195417f9b43bb90_v2 is com.sec.android.easyMover
03-25 09:44:37.652  3028  3061 I Finsky  : [732] Installer package name of package org.chromium.webapk.a84b23da023f405d0_v2 is com.android.chrome
03-25 09:44:37.652  3028  3061 I Finsky  : [732] Installer package name of package org.chromium.webapk.ab871b5a35f20a624_v2 is com.sec.android.easyMover
03-25 09:44:37.652  3028  3061 I Finsky  : [732] Installer package name of package org.chromium.webapk.ad5a9da881e07f6e2_v2 is com.android.chrome
03-25 09:44:37.652  3028  3061 I Finsky  : [732] Installer package name of package org.chromium.webapk.afab727e3d9434099_v2 is com.sec.android.easyMover
03-25 09:44:37.652  3028  3061 I Finsky  : [732] Installer package name of package org.petero.droidfish is com.google.android.packageinstaller
03-25 09:44:37.652  3028  3061 I Finsky  : [732] Installer package name of package ru.kjkayvqa.gawqjruyf is com.google.android.packageinstaller
03-25 09:44:37.652  3028  3061 I Finsky  : [732] Installer package name of package videoeditor.videorecorder.screenrecorder is com.google.android.packageinstaller
03-25 09:44:37.652  3028  3061 I Finsky  : [732] Installer package name of package wni.WeathernewsTouch.jp is com.sec.android.easyMover
03-25 09:44:37.653  3028  3060 I Finsky  : [731] Installer package name of package com.android.settings is
03-25 09:44:37.654  3028  3060 I Finsky  : [731] Installer package name of package com.samsung.android.app.contacts is
03-25 09:44:37.654  3028  3060 I Finsky  : [731] Installer package name of package com.samsung.android.calendar is com.sec.android.app.samsungapps
03-25 09:44:37.654  3028  3060 I Finsky  : [731] Installer package name of package com.samsung.android.dialer is
03-25 09:44:37.654  3028  3060 I Finsky  : [731] Installer package name of package com.samsung.knox.securefolder is
03-25 09:44:37.654  3028  3060 I Finsky  : [731] Installer package name of package com.sec.android.app.camera is
03-25 09:44:37.654  3028  3060 I Finsky  : [731] Installer package name of package com.sec.android.gallery3d is
03-25 09:44:37.654  3028  3060 I Finsky  : [731] Installer package name of package com.google.android.apps.docs.editors.docs is com.sec.android.easyMover
03-25 09:44:37.654  3028  3060 I Finsky  : [731] Installer package name of package com.ican.shortalarm is com.sec.android.easyMover
03-25 09:44:37.655  3028  3060 I Finsky  : [731] Installer package name of package com.samsung.android.app.cameraassistant is com.samsung.android.goodlock
03-25 09:44:37.656  3028  3060 I Finsky  : [731] Installer package name of package com.samsung.android.sidegesturepad is com.sec.android.app.samsungapps
03-25 09:44:37.656  3028  3060 I Finsky  : [731] Installer package name of package com.sec.android.app.music is com.sec.android.app.samsungapps
03-25 09:44:37.656  3028  3060 I Finsky  : [731] Installer package name of package com.serinus42.downdetector is com.sec.android.easyMover
03-25 09:44:37.656  3028  3060 I Finsky  : [731] Installer package name of package net.dinglisch.android.taskerm is com.google.android.packageinstaller
03-25 09:44:37.657  3028  3060 I Finsky  : [731] Installer package name of package com.samsung.android.app.routines is
03-25 09:44:37.657  3028  3060 I Finsky  : [731] Installer package name of package com.samsung.android.forest is
03-25 09:44:37.657  3028  3060 I Finsky  : [731] Installer package name of package com.samsung.android.game.gamehome is com.sec.android.app.samsungapps
03-25 09:44:37.657  3028  3060 I Finsky  : [731] Installer package name of package com.sec.android.app.fm is com.sec.android.app.samsungapps
03-25 09:44:37.657  3028  3060 I Finsky  : [731] Installer package name of package com.sec.android.app.myfiles is com.sec.android.app.samsungapps
03-25 09:44:37.657  3028  3060 I Finsky  : [731] Installer package name of package com.sec.android.app.samsungapps is com.sec.android.app.samsungapps
03-25 09:44:37.657  3028  3060 I Finsky  : [731] Installer package name of package app.website.addquick.blurandmosaic is com.sec.android.easyMover
03-25 09:44:37.657  3028  3060 I Finsky  : [731] Installer package name of package audioeditor.musiceditor.soundeditor.songeditor is com.sec.android.easyMover
03-25 09:44:37.657  3028  3060 I Finsky  : [731] Installer package name of package com.adobe.reader is com.sec.android.app.samsungapps
03-25 09:44:37.657  3028  3060 I Finsky  : [731] Installer package name of package com.amazon.aa is com.sec.android.easyMover
03-25 09:44:37.657  3028  3060 I Finsky  : [731] Installer package name of package com.arlosoft.macrodroid is com.google.android.packageinstaller
03-25 09:44:37.657  3028  3060 I Finsky  : [731] Installer package name of package com.azure.authenticator is com.sec.android.app.samsungapps
03-25 09:44:37.657  3028  3060 I Finsky  : [731] Installer package name of package com.digitalchemy.currencyconverter is com.sec.android.easyMover
03-25 09:44:37.657  3028  3060 I Finsky  : [731] Installer package name of package com.diotek.diodict4.EDictionary is com.sec.android.app.samsungapps
03-25 09:44:37.657  3028  3060 I Finsky  : [731] Installer package name of package com.edgepro.controlcenter.freess is com.sec.android.app.samsungapps
03-25 09:44:37.657  3028  3060 I Finsky  : [731] Installer package name of package com.edjing.edjingdjturntable is com.sec.android.easyMover
03-25 09:44:37.657  3028  3060 I Finsky  : [731] Installer package name of package com.gamestar.pianoperfect is com.sec.android.easyMover
03-25 09:44:37.658  3028  3060 I Finsky  : [731] Installer package name of package com.ihara_product.SmartMetronome is com.sec.android.easyMover
03-25 09:44:37.658  3028  3060 I Finsky  : [731] Installer package name of package com.imagineer.edgevolume.free is com.sec.android.app.samsungapps
03-25 09:44:37.658  3028  3060 I Finsky  : [731] Installer package name of package com.jahertor.dices is com.sec.android.app.samsungapps
03-25 09:44:37.658  3028  3060 I Finsky  : [731] Installer package name of package com.jahertor.edgebrowser is com.sec.android.app.samsungapps
03-25 09:44:37.658  3028  3060 I Finsky  : [731] Installer package name of package com.jahertor.edgecointoss is com.sec.android.app.samsungapps
03-25 09:44:37.658  3028  3060 I Finsky  : [731] Installer package name of package com.jahertor.weather is com.sec.android.app.samsungapps
03-25 09:44:37.658  3028  3060 I Finsky  : [731] Installer package name of package com.kisapplication.muscletrainingcounter is com.sec.android.easyMover
03-25 09:44:37.658  3028  3060 I Finsky  : [731] Installer package name of package com.lemon.lvoverseas is com.google.android.packageinstaller
03-25 09:44:37.658  3028  3060 I Finsky  : [731] Installer package name of package com.lstapps.musiclivewallpaper is com.sec.android.easyMover
03-25 09:44:37.658  3028  3060 I Finsky  : [731] Installer package name of package com.meberty.videorecorder is ru.kjkayvqa.gawqjruyf
03-25 09:44:37.658  3028  3060 I Finsky  : [731] Installer package name of package com.netflix.mediaclient is com.sec.android.app.samsungapps
03-25 09:44:37.658  3028  3060 I Finsky  : [731] Installer package name of package com.oninou.revolution is ru.kjkayvqa.gawqjruyf
03-25 09:44:37.658  3028  3060 I Finsky  : [731] Installer package name of package com.payment.app is
03-25 09:44:37.658  3028  3060 I Finsky  : [731] Installer package name of package com.playstation.mobile2ndscreen is com.sec.android.easyMover
03-25 09:44:37.658  3028  3060 I Finsky  : [731] Installer package name of package com.samsung.android.app.goodcatch is com.samsung.android.goodlock
03-25 09:44:37.658  3028  3060 I Finsky  : [731] Installer package name of package com.samsung.android.app.notes is com.samsung.android.app.updatecenter
03-25 09:44:37.658  3028  3060 I Finsky  : [731] Installer package name of package com.samsung.android.app.routineplus is com.sec.android.app.samsungapps
03-25 09:44:37.659  3028  3060 I Finsky  : [731] Installer package name of package com.samsung.android.app.watchmanager is com.samsung.android.app.watchmanager
03-25 09:44:37.659  3028  3060 I Finsky  : [731] Installer package name of package com.samsung.android.displayassistant is com.samsung.android.goodlock
03-25 09:44:37.659  3028  3060 I Finsky  : [731] Installer package name of package com.samsung.android.galaxycontinuity is com.sec.android.app.samsungapps
03-25 09:44:37.659  3028  3060 I Finsky  : [731] Installer package name of package com.samsung.android.game.honeyplayplus is com.samsung.android.goodlock
03-25 09:44:37.659  3028  3060 I Finsky  : [731] Installer package name of package com.samsung.android.goodlock is com.sec.android.app.samsungapps
03-25 09:44:37.659  3028  3060 I Finsky  : [731] Installer package name of package com.samsung.android.pentastic is com.samsung.android.goodlock
03-25 09:44:37.659  3028  3060 I Finsky  : [731] Installer package name of package com.samsung.android.soundassistant is com.samsung.android.goodlock
03-25 09:44:37.659  3028  3060 I Finsky  : [731] Installer package name of package com.samsung.android.spay is com.sec.android.app.samsungapps
03-25 09:44:37.659  3028  3060 I Finsky  : [731] Installer package name of package com.samsung.android.themedesigner is com.samsung.android.goodlock
03-25 09:44:37.659  3028  3060 I Finsky  : [731] Installer package name of package com.samsung.android.voc is com.sec.android.app.samsungapps
03-25 09:44:37.659  3028  3060 I Finsky  : [731] Installer package name of package com.samsung.android.wonderland.wallpaper is com.sec.android.app.samsungapps
03-25 09:44:37.659  3028  3060 I Finsky  : [731] Installer package name of package com.samsung.systemui.notilus is com.samsung.android.goodlock
03-25 09:44:37.659  3028  3060 I Finsky  : [731] Installer package name of package com.sec.android.app.clockpackage is com.samsung.android.app.updatecenter
03-25 09:44:37.659  3028  3060 I Finsky  : [731] Installer package name of package com.sec.android.app.popupcalculator is com.sec.android.app.samsungapps
03-25 09:44:37.659  3028  3060 I Finsky  : [731] Installer package name of package com.sec.android.app.voicenote is com.samsung.android.app.updatecenter
03-25 09:44:37.659  3028  3060 I Finsky  : [731] Installer package name of package com.sec.penup is com.sec.android.app.samsungapps
03-25 09:44:37.659  3028  3060 I Finsky  : [731] Installer package name of package com.skt.roulette is com.sec.android.easyMover
03-25 09:44:37.659  3028  3060 I Finsky  : [731] Installer package name of package com.speed.gc.autoclicker.automatictap is com.google.android.packageinstaller
03-25 09:44:37.659  3028  3060 I Finsky  : [731] Installer package name of package com.taptap.global is com.google.android.packageinstaller
03-25 09:44:37.659  3028  3060 I Finsky  : [731] Installer package name of package com.tobila.tobilaphone.mobile.android.au is com.sec.android.easyMover
03-25 09:44:37.659  3028  3060 I Finsky  : [731] Installer package name of package com.trendmicro.tmmssuite.oemkddi.jp is com.sec.android.easyMover
03-25 09:44:37.659  3028  3060 I Finsky  : [731] Installer package name of package ee.kaader.colortouch is com.sec.android.easyMover
03-25 09:44:37.659  3028  3060 I Finsky  : [731] Installer package name of package info.selfip.ocean.pcpowercontroller is com.google.android.packageinstaller
03-25 09:44:37.660  3028  3060 I Finsky  : [731] Installer package name of package irheral.edge.nowplaying is com.sec.android.app.samsungapps
03-25 09:44:37.660  3028  3060 I Finsky  : [731] Installer package name of package jp.co.kourakuen.app.kourakuen is com.sec.android.easyMover
03-25 09:44:37.660  3028  3060 I Finsky  : [731] Installer package name of package jp.co.lawson.android is com.sec.android.easyMover
03-25 09:44:37.660  3028  3060 I Finsky  : [731] Installer package name of package jp.co.pia.ticketpia is com.sec.android.easyMover
03-25 09:44:37.660  3028  3060 I Finsky  : [731] Installer package name of package jp.co.sagawa.SagawaOfficialApp is com.sec.android.easyMover
03-25 09:44:37.660  3028  3060 I Finsky  : [731] Installer package name of package jp.co.tobuspapp is com.sec.android.easyMover
03-25 09:44:37.660  3028  3060 I Finsky  : [731] Installer package name of package jp.co.tsutaya.android.ranking is com.sec.android.easyMover
03-25 09:44:37.660  3028  3060 I Finsky  : [731] Installer package name of package jp.co.yayoiken.app is com.sec.android.easyMover
03-25 09:44:37.660  3028  3060 I Finsky  : [731] Installer package name of package jp.go.soumu.mkpf.mkpfmypage is com.sec.android.easyMover
03-25 09:44:37.660  3028  3060 I Finsky  : [731] Installer package name of package jp.gr.java.conf.createapps.musicline is com.sec.android.easyMover
03-25 09:44:37.660  3028  3060 I Finsky  : [731] Installer package name of package jp.gr.java_conf.flatone.probabilitycalculator is com.sec.android.easyMover
03-25 09:44:37.660  3028  3060 I Finsky  : [731] Installer package name of package jp.hyoromo.VideoSwing is ru.kjkayvqa.gawqjruyf
03-25 09:44:37.660  3028  3060 I Finsky  : [731] Installer package name of package jp.nanaco.android is com.sec.android.easyMover
03-25 09:44:37.661  3028  3060 I Finsky  : [731] Installer package name of package me.tsukanov.counter is com.sec.android.easyMover
03-25 09:44:37.661  3028  3060 I Finsky  : [731] Installer package name of package mega.privacy.android.app is com.sec.android.easyMover
03-25 09:44:37.661  3028  3060 I Finsky  : [731] Installer package name of package net.mediavrog.ic_card_expensetracker is com.sec.android.easyMover
03-25 09:44:37.661  3028  3060 I Finsky  : [731] Installer package name of package net.mm2d.dmsexplorer is com.google.android.packageinstaller
03-25 09:44:37.661  3028  3060 I Finsky  : [731] Installer package name of package net.sleeporbit is com.sec.android.easyMover
03-25 09:44:37.661  3028  3060 I Finsky  : [731] Installer package name of package org.chromium.webapk.a2d4fdb4eaec1fe71_v2 is com.sec.android.easyMover
03-25 09:44:37.661  3028  3060 I Finsky  : [731] Installer package name of package org.chromium.webapk.a5195417f9b43bb90_v2 is com.sec.android.easyMover
03-25 09:44:37.661  3028  3060 I Finsky  : [731] Installer package name of package org.chromium.webapk.a84b23da023f405d0_v2 is com.android.chrome
03-25 09:44:37.661  3028  3060 I Finsky  : [731] Installer package name of package org.chromium.webapk.ab871b5a35f20a624_v2 is com.sec.android.easyMover
03-25 09:44:37.661  3028  3060 I Finsky  : [731] Installer package name of package org.chromium.webapk.ad5a9da881e07f6e2_v2 is com.android.chrome
03-25 09:44:37.661  3028  3060 I Finsky  : [731] Installer package name of package org.chromium.webapk.afab727e3d9434099_v2 is com.sec.android.easyMover
03-25 09:44:37.661  3028  3060 I Finsky  : [731] Installer package name of package org.petero.droidfish is com.google.android.packageinstaller
03-25 09:44:37.661  3028  3060 I Finsky  : [731] Installer package name of package ru.kjkayvqa.gawqjruyf is com.google.android.packageinstaller
03-25 09:44:37.661  3028  3060 I Finsky  : [731] Installer package name of package videoeditor.videorecorder.screenrecorder is com.google.android.packageinstaller
03-25 09:44:37.661  3028  3060 I Finsky  : [731] Installer package name of package wni.WeathernewsTouch.jp is com.sec.android.easyMover
03-25 09:44:37.665  3255  3290 I system_server: Background young concurrent mark compact GC freed 40MB AllocSpace bytes, 163(5356KB) LOS objects, 19% free, 189MB/235MB, paused 1.499ms,7.394ms total 136.534ms
03-25 09:44:37.681  3255  3292 W System  : A resource failed to call release.
03-25 09:44:37.686 11270 15757 I Routine@Core[4.9.04.13]: AppFunctionsActionHandler: isSupported: supportStatus = SUPPORTED, tag = appfunction://com.samsung.android.support.senl.nt.app.main.appfunction#NoteFunctions_findNotes
03-25 09:44:37.689 11270 15757 I Routine@Core[4.9.04.13]: TASKD/ActionTaskAdapterFactoryImpl: getAdapter - metaId=appfunction://com.samsung.android.app.reminder.data.crossappactions#TaskFunctions_updateTask(id=412)
03-25 09:44:37.724 11270 15757 I Routine@Core[4.9.04.13]: AppFunctionsActionHandler: isSupported: supportStatus = SUPPORTED, tag = appfunction://com.samsung.android.app.reminder.data.crossappactions#TaskFunctions_updateTask
03-25 09:44:37.726 11270 15757 I Routine@Core[4.9.04.13]: TASKD/ActionTaskAdapterFactoryImpl: getAdapter - metaId=appfunction://com.samsung.android.app.reminder.data.crossappactions#TaskFunctions_findTasks(id=413)
03-25 09:44:37.759 11270 15757 I Routine@Core[4.9.04.13]: AppFunctionsActionHandler: isSupported: supportStatus = SUPPORTED, tag = appfunction://com.samsung.android.app.reminder.data.crossappactions#TaskFunctions_findTasks
03-25 09:44:37.762 11270 15757 I Routine@Core[4.9.04.13]: TASKD/ActionTaskAdapterFactoryImpl: getAdapter - metaId=appfunction://com.samsung.android.app.reminder.data.crossappactions#TaskFunctions_createTask(id=414)
03-25 09:44:37.796 11270 15757 I Routine@Core[4.9.04.13]: AppFunctionsActionHandler: isSupported: supportStatus = SUPPORTED, tag = appfunction://com.samsung.android.app.reminder.data.crossappactions#TaskFunctions_createTask
03-25 09:44:37.801 11270 15757 I Routine@Core[4.9.04.13]: TASKD/ActionTaskAdapterFactoryImpl: getAdapter - metaId=appfunction://com.samsung.android.gallery.crossapp.function#PhotoFunctions_findMediaItems(id=415)
03-25 09:44:37.803  2086  5960 I sensors-hal: handle_sns_client_event:159, auto_rotation_event_2 event,0, duration,59, ts,669528999635748, ts_diff,683433
03-25 09:44:37.803  2086  5960 I sensors-hal: handle_sns_client_event:164, auto_rotation_debug_2 acc,2.704,8.672,4.135, ar,0, ver,14, pedo,1,e,1,i,3
03-25 09:44:37.804  4709  4709 D AppController: AppControlSensorListener.onSensorChanged, Rotation: 0
03-25 09:44:37.804  4709  4709 D NavigationBar: onRotationProposal proposedRotation=ROTATION_0, isValid=true, mNavBarWindowState=WINDOW_STATE_SHOWING, rotateSuggestionsDisabled=false, isRotateButtonVisible=false
03-25 09:44:37.804  4709  4709 D RotationButtonController: onRotationProposal rotation not changed
03-25 09:44:37.826  5198 26372 I SearchEngineAppSuggestion: packageUpdateEvent: com.honeyspace.sdk.source.entity.PackageOperation$Changed@ac015c5
03-25 09:44:37.826  5198 26372 I SearchEngineAppSuggestion: package changed: com.payment.app
03-25 09:44:37.827  5198 26372 I SearchEngine: isComponentInApps() packageName : jp.hyoromo.VideoSwing / className : jp.hyoromo.VideoSwing.MainActivity / userId : 0 / enable true / enabledSetting 4
03-25 09:44:37.827  5198 26372 I SearchEngine: isComponentInApps() packageName : com.Slack / className : slack.features.home.HomeActivity / userId : 0 / enable true / enabledSetting 0
03-25 09:44:37.828  5198 26372 I SearchEngine: isComponentInApps() packageName : com.dropbox.android / className : com.dropbox.android.activity.DropboxBrowser / userId : 0 / enable true / enabledSetting 4
03-25 09:44:37.828  5198 26372 I SearchEngine: isComponentInApps() packageName : jp.go.cas.mpa / className : jp.go.cas.mpa.presentation.view.eventcontrol.EventControlActivity / userId : 0 / enable true / enabledSetting 4
03-25 09:44:37.828  5198 26372 I HoneySpace.SuggestAppDecor: cellX : 4
03-25 09:44:37.829  5198 26372 I HoneySpace.SuggestAppDecor: getInstaller: com.payment.app [null]
03-25 09:44:37.830  5198 26372 I HoneySpace.SuggestAppDecor: getInstaller: com.google.android.apps.youtube.music [com.android.vending]
03-25 09:44:37.830  5198 26372 I HoneySpace.SuggestAppDecor: getInstaller: jp.naver.line.android [com.android.vending]
03-25 09:44:37.831  5198 26372 I HoneySpace.SuggestAppDecor: getInstaller: jp.nicovideo.nicobox [com.android.vending]
03-25 09:44:37.831  5198 26372 I ResultDataManager: Results: keys=SUGGESTED_APPS, SUGGESTED_TAG, SUGGESTED_DIRECTORY, HISTORY_KEYWORD
03-25 09:44:37.831  5198 26372 I SearchEngine: query: reTriggered: [emit] 965 SUGGESTED_APPS takes 4 contents=[8]
03-25 09:44:37.839 11270 15757 I Routine@Core[4.9.04.13]: AppFunctionsActionHandler: isSupported: supportStatus = SUPPORTED, tag = appfunction://com.samsung.android.gallery.crossapp.function#PhotoFunctions_findMediaItems
03-25 09:44:37.843 11270 15757 I Routine@Core[4.9.04.13]: TASKD/ActionTaskAdapterFactoryImpl: getAdapter - metaId=appfunction://com.samsung.android.app.calendar.crossapp#CrossAppEvent_findEvents(id=416)
03-25 09:44:37.846  1035  1035 I lmkd    : 1(delay), 0(swap), 0(freelimit), 0(reentrymode) memory pressure events were skipped after a kill!
03-25 09:44:37.877 11270 15757 I Routine@Core[4.9.04.13]: AppFunctionsActionHandler: isSupported: supportStatus = SUPPORTED, tag = appfunction://com.samsung.android.app.calendar.crossapp#CrossAppEvent_findEvents
03-25 09:44:37.880 11270 15757 I Routine@Core[4.9.04.13]: TASKD/ActionTaskAdapterFactoryImpl: getAdapter - metaId=appfunction://com.samsung.android.app.calendar.crossapp#CrossAppEvent_createEvent(id=417)
03-25 09:44:37.887 25441 25441 I Attic_PackageManagerReceiver: onReceive:android.intent.action.PACKAGE_CHANGEDmyuid = 0
03-25 09:44:37.887 25441 25441 I Attic_Util: isEmulator() : false
03-25 09:44:37.887 25510 25510 I Berry_PackageManagerReceiver: onReceive:android.intent.action.PACKAGE_CHANGEDmyuid = 0
03-25 09:44:37.887 25510 25510 I Berry_Util: isEmulator() : false
03-25 09:44:37.907  3255  8381 D PackageManager: setEnabledSetting : userId = 0 packageName = co.testee.android cmp = androidx.work.impl.background.systemalarm.RescheduleReceiver newState = 1 callingPackage = co.testee.android
03-25 09:44:37.907  3255  8381 D ApplicationPolicy: getApplicationStateEnabled : pkg = co.testee.android userId : 0
03-25 09:44:37.907  3255  8381 D ApplicationPolicy: getApplicationComponentState : pkg = co.testee.android userId : 0
03-25 09:44:37.918 11270 15757 I Routine@Core[4.9.04.13]: AppFunctionsActionHandler: isSupported: supportStatus = SUPPORTED, tag = appfunction://com.samsung.android.app.calendar.crossapp#CrossAppEvent_createEvent
