03-25 11:21:04.899 11270 15757 I Routine@Core[4.9.04.13]: RoutineDataMigrator: isAvailableToMigrate() newPackageName:com.android.settings, newTag:accessibility_camera_flash, isAvailableToMigrate:true
03-25 11:21:04.899 11270 15757 I Routine@Core[4.9.04.13]: RoutineDataMigrator: isAvailableToMigrate() newPackageName:com.android.settings, newTag:accessibility_color_correction, isAvailableToMigrate:true
03-25 11:21:04.899 11270 15757 I Routine@Core[4.9.04.13]: RoutineDataMigrator: isAvailableToMigrate() newPackageName:com.android.settings, newTag:accessibility_color_filter, isAvailableToMigrate:true
03-25 11:21:04.900 11270 15757 I Routine@Core[4.9.04.13]: RoutineDataMigrator: isAvailableToMigrate() newPackageName:com.android.settings, newTag:accessibility_color_inversion, isAvailableToMigrate:true
03-25 11:21:04.900  3255  3366 W PhoneWindowManager: lockNow pending, ignore updating lockscreen timeout
03-25 11:21:04.900 11270 15757 I Routine@Core[4.9.04.13]: RoutineDataMigrator: isAvailableToMigrate() newPackageName:com.android.settings, newTag:accessibility_extra_dim, isAvailableToMigrate:true
03-25 11:21:04.900 11270 15757 I Routine@Core[4.9.04.13]: RoutineDataMigrator: isAvailableToMigrate() newPackageName:com.android.settings, newTag:accessibility_live_caption, isAvailableToMigrate:true
03-25 11:21:04.900  3255  3366 D SurfaceComposerClient: setCornerRadius ## b6d62e9 com.android.systemui/com.android.systemui.cover.CoverHomeActivity#122251 cornerRadius=0.000000
03-25 11:21:04.900 11270 15757 I Routine@Core[4.9.04.13]: RoutineDataMigrator: isAvailableToMigrate() newPackageName:com.android.settings, newTag:accessibility_mono_audio, isAvailableToMigrate:true
03-25 11:21:04.900 11270 15757 I Routine@Core[4.9.04.13]: RoutineDataMigrator: isAvailableToMigrate() newPackageName:com.android.settings, newTag:accessibility_mute_all_sounds, isAvailableToMigrate:true
03-25 11:21:04.900  3255  3366 W PhoneWindowManager: lockNow pending, ignore updating lockscreen timeout
03-25 11:21:04.900 11270 15757 I Routine@Core[4.9.04.13]: RoutineDataMigrator: isAvailableToMigrate() newPackageName:com.android.settings, newTag:accessibility_screen_flash, isAvailableToMigrate:true
03-25 11:21:04.900  2659  2659 D LifecycleMonitor: Lifecycle status change: com.payment.app.MainActivity@147692 in: RESUMED
03-25 11:21:04.900 11270 15757 I Routine@Core[4.9.04.13]: RoutineDataMigrator: isAvailableToMigrate() newPackageName:com.android.settings, newTag:accessibility_sound_balance, isAvailableToMigrate:true
03-25 11:21:04.900  2659  2659 V ActivityScenario: Update currentActivityStage to RESUMED, currentActivity=com.payment.app.MainActivity@147692
03-25 11:21:04.900 11270 15757 I Routine@Core[4.9.04.13]: RoutineDataMigrator: isAvailableToMigrate() newPackageName:com.samsung.android.waterplugin, newTag:watch_theater_mode, isAvailableToMigrate:false
03-25 11:21:04.900 11270 15757 I Routine@Core[4.9.04.13]: RoutineDataMigrator: isAvailableToMigrate() newPackageName:com.samsung.android.heartplugin, newTag:watch_theater_mode, isAvailableToMigrate:false
03-25 11:21:04.900 11270 15757 I Routine@Core[4.9.04.13]: RoutineDataMigrator: isAvailableToMigrate() newPackageName:com.samsung.android.lool, newTag:dc_enhanced_processing, isAvailableToMigrate:false
03-25 11:21:04.900 11270 15757 I Routine@Core[4.9.04.13]: RoutineDataMigrator: isAvailableToMigrate() newPackageName:com.samsung.android.lool, newTag:dc_fast_cable_charging, isAvailableToMigrate:true
03-25 11:21:04.900 11270 15757 I Routine@Core[4.9.04.13]: RoutineDataMigrator: isAvailableToMigrate() newPackageName:com.samsung.android.lool, newTag:dc_fast_wireless_charging, isAvailableToMigrate:true
03-25 11:21:04.901 11270 15757 I Routine@Core[4.9.04.13]: RoutineDataMigrator: isAvailableToMigrate() newPackageName:com.samsung.android.lool, newTag:dc_processing_speed, isAvailableToMigrate:false
03-25 11:21:04.901  4709  4864 D StackScroller: onDisplayChanged for predraw skip to 4
03-25 11:21:04.901 11270 15757 I Routine@Core[4.9.04.13]: RoutineDataMigrator: isAvailableToMigrate() newPackageName:com.samsung.android.lool, newTag:dc_protect_battery, isAvailableToMigrate:true
03-25 11:21:04.901  4709  4709 D DisplayLifecycle: updateDisplay id = 0
03-25 11:21:04.901  4709  4709 I AODTriggers: onAODEventDispatched = 4 / eventData = aod.e0@759d0a6
03-25 11:21:04.901  4709  4709 I AOD_LIVE_CLOCK@LiveClockController: updateDisplayState: DISPLAY_STATE_DOZE_SUSPEND
03-25 11:21:04.902 11270 15757 I Routine@Core[4.9.04.13]: RoutineDataMigrator: isAvailableToMigrate() newPackageName:com.samsung.android.lool, newTag:dc_super_fast_cable_charging, isAvailableToMigrate:false
03-25 11:21:04.902 11270 15757 I Routine@Core[4.9.04.13]: RoutineDataMigrator: isAvailableToMigrate() newPackageName:com.samsung.android.sm_cn, newTag:dc_enhanced_processing, isAvailableToMigrate:false
03-25 11:21:04.902 11270 15757 I Routine@Core[4.9.04.13]: RoutineDataMigrator: isAvailableToMigrate() newPackageName:com.samsung.android.sm_cn, newTag:dc_fast_cable_charging, isAvailableToMigrate:false
03-25 11:21:04.902 11270 15757 I Routine@Core[4.9.04.13]: RoutineDataMigrator: isAvailableToMigrate() newPackageName:com.samsung.android.sm_cn, newTag:dc_fast_wireless_charging, isAvailableToMigrate:false
03-25 11:21:04.902 11270 15757 I Routine@Core[4.9.04.13]: RoutineDataMigrator: isAvailableToMigrate() newPackageName:com.samsung.android.sm_cn, newTag:dc_power_mode_action, isAvailableToMigrate:false
03-25 11:21:04.902 11270 15757 I Routine@Core[4.9.04.13]: RoutineDataMigrator: isAvailableToMigrate() newPackageName:com.samsung.android.sm_cn, newTag:dc_processing_speed, isAvailableToMigrate:false
03-25 11:21:04.903 11270 15757 I Routine@Core[4.9.04.13]: RoutineDataMigrator: isAvailableToMigrate() newPackageName:com.samsung.android.sm_cn, newTag:dc_protect_battery, isAvailableToMigrate:false
03-25 11:21:04.903 11270 15757 I Routine@Core[4.9.04.13]: RoutineDataMigrator: isAvailableToMigrate() newPackageName:com.samsung.android.sm_cn, newTag:dc_super_fast_cable_charging, isAvailableToMigrate:false
03-25 11:21:04.903 11270 15757 I Routine@Core[4.9.04.13]: RoutineDataMigrator: isAvailableToMigrate() newPackageName:com.samsung.android.app.dressroom, newTag:change_lock_screen_wallpaper_profile, isAvailableToMigrate:true
03-25 11:21:04.903 11270 15757 I Routine@Core[4.9.04.13]: RoutineDataMigrator: deprecateOldTag() should not deprecate oldTag(lockscreen_shortcut
03-25 11:21:04.903 11270 15757 I Routine@Core[4.9.04.13]: RoutineDataMigrator: isAvailableToMigrate() newPackageName:com.samsung.android.app.routines, newTag:nfc_on_off, isAvailableToMigrate:true
03-25 11:21:04.903 11270 15757 I Routine@Core[4.9.04.13]: RoutineDataMigrator: isAvailableToMigrate() newPackageName:com.sec.android.app.launcher, newTag:edge_panel, isAvailableToMigrate:false
03-25 11:21:04.904 11270 15757 I Routine@Core[4.9.04.13]: RoutineDataMigrator: isAvailableToMigrate() newPackageName:com.android.settings, newTag:as_dialing_keypad_tones, isAvailableToMigrate:true
03-25 11:21:04.904 11270 15757 I Routine@Core[4.9.04.13]: RoutineDataMigrator: isAvailableToMigrate() newPackageName:com.android.settings, newTag:as_keyboard_sound, isAvailableToMigrate:true
03-25 11:21:04.904 11270 15757 I Routine@Core[4.9.04.13]: RoutineDataMigrator: isAvailableToMigrate() newPackageName:com.android.settings, newTag:as_keyboard_vibration, isAvailableToMigrate:true
03-25 11:21:04.904 11270 15757 I Routine@Core[4.9.04.13]: RoutineDataMigrator: isAvailableToMigrate() newPackageName:com.android.settings, newTag:as_media_volume, isAvailableToMigrate:true
03-25 11:21:04.904 11270 15757 I Routine@Core[4.9.04.13]: RoutineDataMigrator: isAvailableToMigrate() newPackageName:com.android.settings, newTag:as_volume, isAvailableToMigrate:true
03-25 11:21:04.905 11270 15757 I Routine@Core[4.9.04.13]: RoutineDataMigrator: isAvailableToMigrate() newPackageName:com.sec.android.app.clockpackage, newTag:appfunction://com.sec.android.app.clockpackage.crossappactions#StopwatchCrossAppFunctions_startStopwatch, isAvailableToMigrate:true
03-25 11:21:04.905 11270 15757 I Routine@Core[4.9.04.13]: RoutineDataMigrator: isAvailableToMigrate() newPackageName:com.sec.android.app.launcher, newTag:samsung_dex, isAvailableToMigrate:true
03-25 11:21:04.905 11270 15757 I Routine@Core[4.9.04.13]: RoutineDataMigrator: isAvailableToMigrate() newPackageName:com.samsung.android.secondscreen, newTag:second_screen_condition_tag, isAvailableToMigrate:false
03-25 11:21:04.905 11270 15757 I Routine@Core[4.9.04.13]: RoutineDataMigrator: isAvailableToMigrate() newPackageName:com.samsung.android.app.routines, newTag:vibrate_once, isAvailableToMigrate:true
03-25 11:21:04.905 11270 15757 I Routine@Core[4.9.04.13]: RoutineDataMigrator: isAvailableToMigrate() newPackageName:com.samsung.android.app.routineplus, newTag:custom_key_v3, isAvailableToMigrate:true
03-25 11:21:04.905 11270 15757 I Routine@Core[4.9.04.13]: RoutineDataMigrator: isAvailableToMigrate() newPackageName:com.samsung.android.service.aircommand, newTag:aircommand_open_with_pen, isAvailableToMigrate:true
03-25 11:21:04.905 11270 15757 I Routine@Core[4.9.04.13]: RoutineDataMigrator: deprecateOldTag() should not deprecate oldTag(aircommand_open_with_pen
03-25 11:21:04.905 11270 15757 I Routine@Core[4.9.04.13]: RoutineDataMigrator: isAvailableToMigrate() newPackageName:com.samsung.android.app.routines, newTag:text_to_speech, isAvailableToMigrate:true
03-25 11:21:04.905 11270 15757 I Routine@Core[4.9.04.13]: RoutineDataMigrator: isAvailableToMigrate() newPackageName:com.samsung.android.app.routines, newTag:unlock_with_finger_print, isAvailableToMigrate:true
03-25 11:21:04.905 11270 15757 I Routine@Core[4.9.04.13]: RoutineDataMigrator: isAvailableToMigrate() newPackageName:com.sec.android.app.launcher, newTag:edge_panel_routine_v3, isAvailableToMigrate:true
03-25 11:21:04.905 11270 15757 I Routine@Core[4.9.04.13]: RoutineDataMigrator: isAvailableToMigrate() newPackageName:com.sec.android.app.launcher, newTag:edge_panel_routine_v3, isAvailableToMigrate:true
03-25 11:21:04.906 11270 15757 I Routine@Core[4.9.04.13]: RoutineDataMigrator: isAvailableToMigrate() newPackageName:com.android.settings, newTag:data_saver_routine, isAvailableToMigrate:true
03-25 11:21:04.906 11270 15757 I Routine@Core[4.9.04.13]: RoutineDataMigrator: isAvailableToMigrate() newPackageName:com.samsung.android.app.routines, newTag:motion_smoothness_v3, isAvailableToMigrate:true
03-25 11:21:04.906 11270 15757 I Routine@Core[4.9.04.13]: RoutineDataMigrator: isAvailableToMigrate() newPackageName:com.samsung.android.app.routines, newTag:motion_smoothness_and_screen_resolution_v3, isAvailableToMigrate:false
03-25 11:21:04.906 11270 15757 I Routine@Core[4.9.04.13]: RoutineDataMigrator: isAvailableToMigrate() newPackageName:com.samsung.android.app.routines, newTag:cover_screen_motion_smoothness_v3, isAvailableToMigrate:false
03-25 11:21:04.906 11270 15757 I Routine@Core[4.9.04.13]: RoutineDataMigrator: isAvailableToMigrate() newPackageName:com.samsung.android.app.routines, newTag:brightness_v3, isAvailableToMigrate:true
03-25 11:21:04.906 11270 15757 I Routine@Core[4.9.04.13]: RoutineDataMigrator: isAvailableToMigrate() newPackageName:com.samsung.android.app.routines, newTag:font_size_v3, isAvailableToMigrate:true
03-25 11:21:04.906 11270 15757 I Routine@Core[4.9.04.13]: RoutineDataMigrator: isAvailableToMigrate() newPackageName:com.samsung.android.app.routines, newTag:screen_zoom_v3, isAvailableToMigrate:true
03-25 11:21:04.906 11270 15757 I Routine@Core[4.9.04.13]: RoutineDataMigrator: isAvailableToMigrate() newPackageName:com.samsung.android.app.routines, newTag:screen_layout_and_zoom_v3, isAvailableToMigrate:false
03-25 11:21:04.906 11270 15757 I Routine@Core[4.9.04.13]: RoutineDataMigrator: isAvailableToMigrate() newPackageName:com.samsung.android.app.routines, newTag:screen_resolution_v3, isAvailableToMigrate:true
03-25 11:21:04.906  2659  2659 D ViewRootImpl: desktopMode is false
03-25 11:21:04.906 11270 15757 I Routine@Core[4.9.04.13]: RoutineDataMigrator: isAvailableToMigrate() newPackageName:com.samsung.android.app.routines, newTag:screen_timeout_v3, isAvailableToMigrate:true
03-25 11:21:04.906 11270 15757 I Routine@Core[4.9.04.13]: RoutineDataMigrator: isAvailableToMigrate() newPackageName:com.samsung.android.app.routines, newTag:rotation_screen_v3, isAvailableToMigrate:true
03-25 11:21:04.907 11270 15757 I Routine@Core[4.9.04.13]: RoutineDataMigrator: isAvailableToMigrate() newPackageName:com.samsung.android.app.routines, newTag:multi_window_tray_v3, isAvailableToMigrate:false
03-25 11:21:04.907 11270 15757 I Routine@Core[4.9.04.13]: RoutineDataMigrator: isAvailableToMigrate() newPackageName:com.samsung.android.app.routines, newTag:dark_mode_v3, isAvailableToMigrate:true
03-25 11:21:04.907 11270 15757 I Routine@Core[4.9.04.13]: RoutineDataMigrator: isAvailableToMigrate() newPackageName:com.samsung.android.app.routines, newTag:bixby_text_command_v3, isAvailableToMigrate:false
03-25 11:21:04.907 11270 15757 I Routine@Core[4.9.04.13]: RoutineDataMigrator: isAvailableToMigrate() newPackageName:com.samsung.android.app.routines, newTag:bixby_quick_command_v3, isAvailableToMigrate:false
03-25 11:21:04.907 11270 15757 I Routine@Core[4.9.04.13]: RoutineDataMigrator: isAvailableToMigrate() newPackageName:com.samsung.android.app.routines, newTag:bixby_voice_wake_up_v3, isAvailableToMigrate:false
03-25 11:21:04.907 11270 15757 I Routine@Core[4.9.04.13]: RoutineDataMigrator: isAvailableToMigrate() newPackageName:com.samsung.android.app.routines, newTag:spotify_playlist_v3, isAvailableToMigrate:true
03-25 11:21:04.908 11270 15757 I Routine@Core[4.9.04.13]: RoutineDataMigrator: isAvailableToMigrate() newPackageName:com.samsung.android.app.routines, newTag:play_media_v3, isAvailableToMigrate:true
03-25 11:21:04.908 11270 15757 I Routine@Core[4.9.04.13]: RoutineDataMigrator: isAvailableToMigrate() newPackageName:com.samsung.android.app.routines, newTag:launch_app_v3, isAvailableToMigrate:true
03-25 11:21:04.908 11270 15757 I Routine@Core[4.9.04.13]: RoutineDataMigrator: isAvailableToMigrate() newPackageName:com.samsung.android.app.routines, newTag:close_app_v3, isAvailableToMigrate:true
03-25 11:21:04.908 11270 15757 I Routine@Core[4.9.04.13]: RoutineDataMigrator: isAvailableToMigrate() newPackageName:com.samsung.android.app.routines, newTag:separate_app_sound_v3, isAvailableToMigrate:true
03-25 11:21:04.908 11270 15757 I Routine@Core[4.9.04.13]: RoutineDataMigrator: isAvailableToMigrate() newPackageName:com.samsung.android.app.routines, newTag:dnd_mode_on_v3, isAvailableToMigrate:true
03-25 11:21:04.908  2659  2659 I ViewRootImpl: dVRR is disabled
03-25 11:21:04.908 11270 15757 I Routine@Core[4.9.04.13]: RoutineDataMigrator: isAvailableToMigrate() newPackageName:com.samsung.android.app.routines, newTag:custom_notification_v3, isAvailableToMigrate:true
03-25 11:21:04.908 11270 15757 I Routine@Core[4.9.04.13]: RoutineDataMigrator: isAvailableToMigrate() newPackageName:com.samsung.android.app.routines, newTag:hard_key_v3, isAvailableToMigrate:true
03-25 11:21:04.908 11270 15757 I Routine@Core[4.9.04.13]: RoutineDataMigrator: isAvailableToMigrate() newPackageName:com.samsung.android.app.routines, newTag:quick_decline_message_v3, isAvailableToMigrate:true
03-25 11:21:04.908 11270 15757 I Routine@Core[4.9.04.13]: RoutineDataMigrator: isAvailableToMigrate() newPackageName:com.samsung.android.app.routines, newTag:quick_decline_message_v3, isAvailableToMigrate:true
03-25 11:21:04.908 11270 15757 I Routine@Core[4.9.04.13]: RoutineDataMigrator: isAvailableToMigrate() newPackageName:com.samsung.android.app.routines, newTag:video_enhancer_v3, isAvailableToMigrate:true
03-25 11:21:04.908 11270 15757 I Routine@Core[4.9.04.13]: RoutineDataMigrator: isAvailableToMigrate() newPackageName:com.samsung.android.app.routines, newTag:bluetooth_on_v3, isAvailableToMigrate:true
03-25 11:21:04.908 11270 15757 I Routine@Core[4.9.04.13]: RoutineDataMigrator: isAvailableToMigrate() newPackageName:com.samsung.android.app.routines, newTag:instant_session_v3, isAvailableToMigrate:true
03-25 11:21:04.908 11270 15757 I Routine@Core[4.9.04.13]: RoutineDataMigrator: isAvailableToMigrate() newPackageName:com.samsung.android.app.routines, newTag:airplane_mode_on_v3, isAvailableToMigrate:true
03-25 11:21:04.908 11270 15757 I Routine@Core[4.9.04.13]: RoutineDataMigrator: isAvailableToMigrate() newPackageName:com.samsung.android.app.routines, newTag:mobile_network_mode_setting_v3, isAvailableToMigrate:true
03-25 11:21:04.908 11270 15757 I Routine@Core[4.9.04.13]: RoutineDataMigrator: isAvailableToMigrate() newPackageName:com.samsung.android.app.routines, newTag:mobile_data_on_v3, isAvailableToMigrate:true
03-25 11:21:04.908 11270 15757 I Routine@Core[4.9.04.13]: RoutineDataMigrator: isAvailableToMigrate() newPackageName:com.samsung.android.app.routines, newTag:hotspot_on_v3, isAvailableToMigrate:true
03-25 11:21:04.908 11270 15757 I Routine@Core[4.9.04.13]: RoutineDataMigrator: isAvailableToMigrate() newPackageName:com.samsung.android.app.routines, newTag:gps_on_v3, isAvailableToMigrate:true
03-25 11:21:04.908 11270 15757 I Routine@Core[4.9.04.13]: RoutineDataMigrator: isAvailableToMigrate() newPackageName:com.samsung.android.app.routines, newTag:auto_data_sync_v3, isAvailableToMigrate:true
03-25 11:21:04.908 11270 15757 I Routine@Core[4.9.04.13]: RoutineDataMigrator: isAvailableToMigrate() newPackageName:com.samsung.android.app.routines, newTag:sound_sdk3, isAvailableToMigrate:true
03-25 11:21:04.909 11270 15757 I Routine@Core[4.9.04.13]: RoutineDataMigrator: isAvailableToMigrate() newPackageName:com.samsung.android.app.routines, newTag:vibrate_once, isAvailableToMigrate:true
03-25 11:21:04.909  2659  2659 D HardwareRenderer: onDisplayChanged. displayId=0 current wxh=1080x2316 mLargest wxh=0x0
03-25 11:21:04.909 11270 15757 I Routine@Core[4.9.04.13]: RoutineDataMigrator: isAvailableToMigrate() newPackageName:com.samsung.android.app.routines, newTag:connect_url_sdk3, isAvailableToMigrate:true
03-25 11:21:04.909 11270 15757 I Routine@Core[4.9.04.13]: RoutineDataMigrator: isAvailableToMigrate() newPackageName:com.samsung.android.app.routines, newTag:wifi_on_sdk3, isAvailableToMigrate:true
03-25 11:21:04.909 11270 15757 I Routine@Core[4.9.04.13]: RoutineDataMigrator: isAvailableToMigrate() newPackageName:com.samsung.android.app.routines, newTag:lockscreen_shortcut_v3, isAvailableToMigrate:true
03-25 11:21:04.909  2659  2659 D HardwareRenderer: Set largestWidth and largestHeight as logical resolution. (1080x2316)
03-25 11:21:04.909  2659  2785 D HWUI    : setMaxSurfaceArea requested wxh=(1080,2316) requestedSurfaceArea(2501280) mMaxSurfaceArea(2073600)
03-25 11:21:04.909 11270 15757 I Routine@Core[4.9.04.13]: RoutineDataMigrator: isAvailableToMigrate() newPackageName:com.samsung.android.app.routines, newTag:launch_app_v3, isAvailableToMigrate:true
03-25 11:21:04.909 11270 15757 I Routine@Core[4.9.04.13]: RoutineDataMigrator: isAvailableToMigrate() newPackageName:com.samsung.android.app.routines, newTag:launch_game_v3, isAvailableToMigrate:true
03-25 11:21:04.909 11270 15757 I Routine@Core[4.9.04.13]: RoutineDataMigrator: isAvailableToMigrate() newPackageName:com.samsung.android.app.routines, newTag:samsung_health_during_exercise_v3, isAvailableToMigrate:false
03-25 11:21:04.909 11270 15757 I Routine@Core[4.9.04.13]: RoutineDataMigrator: isAvailableToMigrate() newPackageName:com.samsung.android.app.routines, newTag:samsung_health_during_exercise_when_starting_v3, isAvailableToMigrate:false
03-25 11:21:04.909 11270 15757 I Routine@Core[4.9.04.13]: RoutineDataMigrator: isAvailableToMigrate() newPackageName:com.samsung.android.app.routines, newTag:notification_with_keyword_v3, isAvailableToMigrate:true
03-25 11:21:04.909 11270 15757 I Routine@Core[4.9.04.13]: RoutineDataMigrator: isAvailableToMigrate() newPackageName:com.samsung.android.app.routines, newTag:specify_wifi_v3, isAvailableToMigrate:true
03-25 11:21:04.909 11270 15757 I Routine@Core[4.9.04.13]: RoutineDataMigrator: isAvailableToMigrate() newPackageName:com.samsung.android.app.routines, newTag:wifi_rssi_v3, isAvailableToMigrate:true
03-25 11:21:04.909 11270 15757 I Routine@Core[4.9.04.13]: RoutineDataMigrator: isAvailableToMigrate() newPackageName:com.samsung.android.app.routines, newTag:specify_bluetooth_v3, isAvailableToMigrate:true
03-25 11:21:04.909 11270 15757 I Routine@Core[4.9.04.13]: RoutineDataMigrator: isAvailableToMigrate() newPackageName:com.samsung.android.app.routines, newTag:specify_bluetooth_only_connected_v3, isAvailableToMigrate:true
03-25 11:21:04.909 11270 15757 I Routine@Core[4.9.04.13]: RoutineDataMigrator: isAvailableToMigrate() newPackageName:com.samsung.android.app.routines, newTag:nfc_tagged_v3, isAvailableToMigrate:true
03-25 11:21:04.909 11270 15757 I Routine@Core[4.9.04.13]: RoutineDataMigrator: isAvailableToMigrate() newPackageName:com.samsung.android.app.routines, newTag:airplane_mode_v3, isAvailableToMigrate:true
03-25 11:21:04.909 11270 15757 I Routine@Core[4.9.04.13]: RoutineDataMigrator: isAvailableToMigrate() newPackageName:com.samsung.android.app.routines, newTag:specific_time_v3, isAvailableToMigrate:true
03-25 11:21:04.909 11270 15757 I Routine@Core[4.9.04.13]: RoutineDataMigrator: isAvailableToMigrate() newPackageName:com.samsung.android.app.routines, newTag:time_v3, isAvailableToMigrate:true
03-25 11:21:04.909 11270 15757 I Routine@Core[4.9.04.13]: RoutineDataMigrator: isAvailableToMigrate() newPackageName:com.samsung.android.app.routines, newTag:plugin_gps_location_v3, isAvailableToMigrate:true
03-25 11:21:04.909 11270 15757 I Routine@Core[4.9.04.13]: RoutineDataMigrator: isAvailableToMigrate() newPackageName:com.samsung.android.app.routines, newTag:plugin_gps_location_only_arrived_v3, isAvailableToMigrate:false
03-25 11:21:04.909 11270 15757 I Routine@Core[4.9.04.13]: RoutineDataMigrator: isAvailableToMigrate() newPackageName:com.samsung.android.app.routines, newTag:calling_v3, isAvailableToMigrate:true
03-25 11:21:04.909 11270 15757 I Routine@Core[4.9.04.13]: RoutineDataMigrator: isAvailableToMigrate() newPackageName:com.samsung.android.app.routines, newTag:during_call_v3, isAvailableToMigrate:true
03-25 11:21:04.909  2659  2785 D NativeCustomFrequencyManager: [NativeCFMS] BpCustomFrequencyManager::BpCustomFrequencyManager()
03-25 11:21:04.909 11270 15757 I Routine@Core[4.9.04.13]: RoutineDataMigrator: isAvailableToMigrate() newPackageName:com.samsung.android.app.routines, newTag:connected_headset_v3, isAvailableToMigrate:true
03-25 11:21:04.909 11270 15757 I Routine@Core[4.9.04.13]: RoutineDataMigrator: isAvailableToMigrate() newPackageName:com.samsung.android.app.routines, newTag:plugged_battery_v3, isAvailableToMigrate:true
03-25 11:21:04.909 11270 15757 I Routine@Core[4.9.04.13]: RoutineDataMigrator: isAvailableToMigrate() newPackageName:com.samsung.android.app.routines, newTag:battery_condition_v3, isAvailableToMigrate:true
03-25 11:21:04.909 11270 15757 I Routine@Core[4.9.04.13]: RoutineDataMigrator: isAvailableToMigrate() newPackageName:com.samsung.android.app.routines, newTag:dex_mode_on_v3, isAvailableToMigrate:true
03-25 11:21:04.909 11270 15757 I Routine@Core[4.9.04.13]: RoutineDataMigrator: isAvailableToMigrate() newPackageName:com.samsung.android.app.routines, newTag:fold_state_v3, isAvailableToMigrate:false
03-25 11:21:04.909 11270 15757 I Routine@Core[4.9.04.13]: RoutineDataMigrator: isAvailableToMigrate() newPackageName:com.samsung.android.app.routines, newTag:ringer_mode_v3, isAvailableToMigrate:true
03-25 11:21:04.909 11270 15757 I Routine@Core[4.9.04.13]: RoutineDataMigrator: isAvailableToMigrate() newPackageName:com.samsung.android.app.routines, newTag:night_mode_v3, isAvailableToMigrate:true
03-25 11:21:04.909 11270 15757 I Routine@Core[4.9.04.13]: RoutineDataMigrator: isAvailableToMigrate() newPackageName:com.samsung.android.app.routines, newTag:wifi_on_sdk3, isAvailableToMigrate:true
03-25 11:21:04.909 11270 15757 I Routine@Core[4.9.04.13]: RoutineDataMigrator: isAvailableToMigrate() newPackageName:com.samsung.android.app.routines, newTag:show_action_list, isAvailableToMigrate:true
03-25 11:21:04.909 11270 15757 I Routine@Core[4.9.04.13]: RoutineDataMigrator: deprecateOldTag() should not deprecate oldTag(show_action_list
03-25 11:21:04.909 11270 15757 I Routine@Core[4.9.04.13]: RoutineDataMigrator: migration - end, results = []
03-25 11:21:04.910 11270 11353 I Routine@Core[4.9.04.13]: WatchMetaUpdateRequester: asyncRequestUpdateMetaToWatch
03-25 11:21:04.911 11270 11353 I Routine@Core[4.9.04.13]: GooglePlayServiceChecker: isPackageEnabled: com.google.android.gms - result(true)
03-25 11:21:04.912  3255  3433 I NSLocationMonitor: getGPSUsingApps() called
03-25 11:21:04.913  3255  4878 D InputTransport: Input channel constructed: '506bbdb', fd=1542
03-25 11:21:04.913  3255  4878 D InputTransport: Input channel constructed: '506bbdb', fd=1544
03-25 11:21:04.913  3255  4878 D InputTransport: Input channel constructed: '506bbdb', fd=1551
03-25 11:21:04.913  3255  4878 D InputTransport: Input channel destroyed: '506bbdb', fd=1544
03-25 11:21:04.913  2193  2552 I SurfaceFlinger: id=125460 createSurf, flag=84004, 506bbdb com.payment.app/com.payment.app.MainActivity#125460
03-25 11:21:04.914  3255  4878 D InputTransport: Input channel destroyed: '506bbdb', fd=1551
03-25 11:21:04.915  2145  2459 W SDM     : DisplayBase::CommitOrPrepare: Prepare failed: 3
03-25 11:21:04.915  2145  2459 I SDM     : DisplayBase::CommitOrPrepare: Clearing fences on input layers on display 66-0
03-25 11:21:04.915  2193  2193 E CompositionEngine: [StatusBar$_4709#110] Invalid device requested composition type change: Client (1) --> Device (2)
03-25 11:21:04.915  2193  2193 E CompositionEngine: [NotificationShade$_4709#125442] Invalid device requested composition type change: Client (1) --> Device (2)
03-25 11:21:04.915  2193  2193 E Scheduler: trackPendingFrame: Invalid present fence
03-25 11:21:04.915  2659  2659 D InputTransport: Input channel constructed: '506bbdb', fd=141
03-25 11:21:04.916  2659  2659 I InsetsController: onStateChanged: host=com.payment.app/com.payment.app.MainActivity, from=android.view.ViewRootImpl.onInsetsStateChanged:3026, state=InsetsState: {mDisplayFrame=Rect(0, 0 - 1080, 2316), mDisplayCutout=DisplayCutout{insets=Rect(0, 75 - 0, 0) waterfall=Insets{left=0, top=0, right=0, bottom=0} boundingRect={Bounds=[Rect(0, 0 - 0, 0), Rect(513, 0 - 567, 75), Rect(0, 0 - 0, 0), Rect(0, 0 - 0, 0)]} cutoutPathParserInfo={CutoutPathParserInfo{displayWidth=1080 displayHeight=2316 physicalDisplayWidth=1080 physicalDisplayHeight=2316 density={2.8125} cutoutSpec={M 0,0 H -9.466666666666667 V 26.66666666666667‬ H 9.466666666666667 V 0 H 0 Z @dp} rotation={0} scale={1.0} physicalPixelDisplaySizeRatio={1.0}}} sideOverrides={}}, mRoundedCorners=RoundedCorners{[RoundedCorner{position=TopLeft, radius=12, center=Point(12, 12)}, RoundedCorner{position=TopRight, radius=12, center=Point(1068, 12)}, RoundedCorner{position=BottomRight, radius=12, center=Point(1068, 2304)}, RoundedCorner{position=BottomLeft, radius=12, center=Point(12, 2304)}]}  mRoundedCornerFrame=Rect(0, 0 - 1080, 2316), mPrivacyIndicatorBounds=PrivacyIndicatorBounds {static bounds=Rect(948, 0 - 1080, 75) rotation=0}, mDisplayShape=DisplayShape{ spec=-311912193 displayWidth=1080 displayHeight=2316 physicalPixelDisplaySizeRatio=0.75 rotation=0 offsetX=0 offsetY=0 scale=1.0}, mSources= { InsetsSource: {b32e0001 mType=navigationBars mFrame=[0,2172][1080,2316] mVisible=false mFlags= mSideHint=BOTTOM mBoundingRects=null}, InsetsSource: {b32e0004 mType=systemGestures mFrame=[0,0][0,0] mVisible=true mFlags= mSideHint=NONE mBoundingRects=null}, InsetsSource: {b32e0005 mType=mandatorySystemGestures mFrame=[0,2172][1080,2316] mVisible=true mFlags= mSideHint=BOTTOM mBoundingRects=null}, InsetsSource: {b32e0006 mType=tappableElement mFrame=[0,2172][1080,2316] mVisible=true mFlags= mSideHint=BOTTOM mBoundingRects=null}, InsetsSource: {b32e0024 mType=systemGestures mFrame=[0,0][0,0] mVisible=true mFlags= mSideHint=NONE mBoundingRects=null}, InsetsSource: {bd7f0000 mType=statusBars mFrame=[0,0][1080,75] mVisible=true mFlags= mSideHint=TOP mBoundingRects=null}, InsetsSource: {bd7f0005 mType=mandatorySystemGestures mFrame=[0,0][1080,111] mVisible=true mFlags= mSideHint=TOP mBoundingRects=null}, InsetsSource: {bd7f0006 mType=tappableElement mFrame=[0,0][1080,75] mVisible=true mFlags= mSideHint=TOP mBoundingRects=null}, InsetsSource: {3 mType=ime mFrame=[0,0][0,0] mVisible=false mFlags= mSideHint=NONE mBoundingRects=null}, InsetsSource: {27 mType=displayCutout mFrame=[0,0][1080,75] mVisible=true mFlags= mSideHint=TOP mBoundingRects=null} }
03-25 11:21:04.917  5596 18799 I NSLocationManager_FLP: getGPSUsingApps, No change
03-25 11:21:04.918  2659  2659 I VRI[MainActivity]@79f1725: synced displayState. AttachInfo displayState=4
03-25 11:21:04.919  3255  3433 W Binder  : Outgoing transactions from this process must be FLAG_ONEWAY
03-25 11:21:04.919  3255  3433 W Binder  : java.lang.Throwable
03-25 11:21:04.919  3255  3433 W Binder  : 	at android.os.BinderProxy.transact(BinderProxy.java:566)
03-25 11:21:04.919  3255  3433 W Binder  : 	at android.bluetooth.IBluetoothGatt$Stub$Proxy.getAdvertisingSetUids(IBluetoothGatt.java:1678)
03-25 11:21:04.919  3255  3433 W Binder  : 	at android.bluetooth.BluetoothAdapter.getAdvertisingSetUids(BluetoothAdapter.java:8476)
03-25 11:21:04.919  3255  3433 W Binder  : 	at android.bluetooth.BluetoothAdapter.getHWUsingApps(BluetoothAdapter.java:1342)
03-25 11:21:04.919  3255  3433 W Binder  : 	at com.android.server.am.mars.filter.filter.BlueToothConnectedFilter.updateBTUsingPackages(qb/106594450 cc7ff7cb0407788e9e9f7a8400d677c068aae7a33f2260f7e0353c913036fd3a:22)
03-25 11:21:04.919  3255  3433 W Binder  : 	at com.android.server.am.MARsPolicyManager.triggerAction(qb/106594450 cc7ff7cb0407788e9e9f7a8400d677c068aae7a33f2260f7e0353c913036fd3a:96)
03-25 11:21:04.919  3255  3433 W Binder  : 	at com.android.server.am.MARsHandler$MainHandler.handleMessage(qb/106594450 cc7ff7cb0407788e9e9f7a8400d677c068aae7a33f2260f7e0353c913036fd3a:1830)
03-25 11:21:04.919  3255  3433 W Binder  : 	at android.os.Handler.dispatchMessage(Handler.java:110)
03-25 11:21:04.919  3255  3433 W Binder  : 	at android.os.Looper.loopOnce(Looper.java:273)
03-25 11:21:04.919  3255  3433 W Binder  : 	at android.os.Looper.loop(Looper.java:363)
03-25 11:21:04.919  3255  3433 W Binder  : 	at com.android.server.am.MARsHandler$MainThread.run(qb/106594450 cc7ff7cb0407788e9e9f7a8400d677c068aae7a33f2260f7e0353c913036fd3a:27)
03-25 11:21:04.919  2659  2659 I VRI[MainActivity]@79f1725: setView = com.android.internal.policy.DecorView@54f00a1 IsHRR=false mFlingFrameRateChange=0 TM=true
03-25 11:21:04.920  2659  2659 I IDS_TAG : Starting IDS observe window
03-25 11:21:04.920  2659  2659 I IDS_TAG : Getting Shared Preference for com.payment.app.PaymentApp@b60f730 uid = 11027
03-25 11:21:04.920  3255  3433 W Binder  : Outgoing transactions from this process must be FLAG_ONEWAY
03-25 11:21:04.920  3255  3433 W Binder  : java.lang.Throwable
03-25 11:21:04.920  3255  3433 W Binder  : 	at android.os.BinderProxy.transact(BinderProxy.java:566)
03-25 11:21:04.920  3255  3433 W Binder  : 	at android.bluetooth.IBluetoothScan$Stub$Proxy.getScannerUids(IBluetoothScan.java:666)
03-25 11:21:04.920  3255  3433 W Binder  : 	at android.bluetooth.BluetoothAdapter.getScannerUids(BluetoothAdapter.java:8522)
03-25 11:21:04.920  3255  3433 W Binder  : 	at android.bluetooth.BluetoothAdapter.getHWUsingApps(BluetoothAdapter.java:1349)
03-25 11:21:04.920  3255  3433 W Binder  : 	at com.android.server.am.mars.filter.filter.BlueToothConnectedFilter.updateBTUsingPackages(qb/106594450 cc7ff7cb0407788e9e9f7a8400d677c068aae7a33f2260f7e0353c913036fd3a:22)
03-25 11:21:04.920  3255  3433 W Binder  : 	at com.android.server.am.MARsPolicyManager.triggerAction(qb/106594450 cc7ff7cb0407788e9e9f7a8400d677c068aae7a33f2260f7e0353c913036fd3a:96)
03-25 11:21:04.920  3255  3433 W Binder  : 	at com.android.server.am.MARsHandler$MainHandler.handleMessage(qb/106594450 cc7ff7cb0407788e9e9f7a8400d677c068aae7a33f2260f7e0353c913036fd3a:1830)
03-25 11:21:04.920  3255  3433 W Binder  : 	at android.os.Handler.dispatchMessage(Handler.java:110)
03-25 11:21:04.920  3255  3433 W Binder  : 	at android.os.Looper.loopOnce(Looper.java:273)
03-25 11:21:04.920  3255  3433 W Binder  : 	at android.os.Looper.loop(Looper.java:363)
03-25 11:21:04.920  3255  3433 W Binder  : 	at com.android.server.am.MARsHandler$MainThread.run(qb/106594450 cc7ff7cb0407788e9e9f7a8400d677c068aae7a33f2260f7e0353c913036fd3a:27)
03-25 11:21:04.921  2659  2659 I IDS_TAG : App com.payment.app.PaymentApp@b60f730 has not finished training
03-25 11:21:04.923  2659  2659 D LifecycleMonitor: Lifecycle status change: com.payment.app.MainActivity@147692 in: PAUSED
03-25 11:21:04.923  2659  2659 V ActivityScenario: Update currentActivityStage to PAUSED, currentActivity=com.payment.app.MainActivity@147692
03-25 11:21:04.924 11270 15757 I Routine@Core[4.9.04.13]: MetadataLoadManager: refreshRegisterPackageChangeIntentFilter
03-25 11:21:04.924 11270 15757 I Routine@Core[4.9.04.13]: MetadataPackageUtil: getMetaLoadedPackageMonitoringList - packages size : 52, targetPackages : [com.samsung.android.app.aodservice, com.samsung.accessory.atticmgr, com.samsung.accessory.berrymgr, com.samsung.android.spay, com.android.systemui, com.samsung.android.honeyboard, com.samsung.android.app.dressroom, com.samsung.android.lool, com.sec.android.app.launcher, com.samsung.android.sidegesturepad, com.samsung.android.smartmirroring, com.samsung.android.app.routineplus, com.samsung.android.app.reminder, com.samsung.android.mdecservice, com.samsung.android.app.routines, com.samsung.android.game.gametools, com.samsung.android.calendar, com.sec.android.app.soundalive, com.samsung.android.mdx, com.samsung.android.app.galaxyregistry, com.samsung.android.app.smartcapture, com.samsung.android.inputshare, com.sec.android.app.clockpackage, com.sec.android.gallery3d, com.samsung.accessibility, com.samsung.android.service.aircommand, com.android.settings, com.samsung.android.app.notes, com.samsung.android.soundassistant, com.samsung.android.app.telephonyui, com.samsung.android.app.sharelive, com.samsung.accessory.budsunitemgr, com.samsung.android.game.gos, com.samsung.android.app.clockpack, com.samsung.android.app.cocktailbarservice, com.samsung.android.app.smartwidget, com.samsung.android.fast, com.samsung.android.routinesdkv3, com.samsung.android.secondscreen, com.samsung.android.sm_cn, com.sec.android.desktopmode.uiservice, com.samsung.android.waterplugin, com.samsung.android.heartplugin, com.samsung.wearable.watch6plugin, com.samsung.wearable.watch7plugin, com.samsung.wearable.watchuniteplugin, com.samsung.accessory.popcornmgr, com.samsung.accessory.jellymgr, com.samsung.accessory.neobeanmgr, com.samsung.accessory.zenithmgr, com.samsung.accessory.paranmgr, com.samsung.accessory.pearlmgr]
03-25 11:21:04.924 11270 15757 I Routine@Core[4.9.04.13]: BroadcastRegister: refreshRegisterPackageChangeIntentFilter - packages size: 52
03-25 11:21:04.924 11270 15757 I Routine@Core[4.9.04.13]: BroadcastRegister: unregisterPackageChangeIntentFilter
03-25 11:21:04.925  2147  2147 E ANDR-PERF-MPCTL: ANDR-PERF-MPCTL: internal_perf_lock_acq_verification() 385: Perflock Submit request limit reached.
03-25 11:21:04.925  1035  1035 I lmkd    : 1(delay), 0(swap), 0(freelimit), 0(reentrymode) memory pressure events were skipped after a kill!
03-25 11:21:04.925  3255  8135 D InputDispatcher: Focused application(0): ActivityRecord{143752216 u0 com.google.android.permissioncontroller/com.android.permissioncontroller.permission.ui.GrantPermissionsActivity t15141}
03-25 11:21:04.926  3255  8135 W PhoneWindowManager: lockNow pending, ignore updating lockscreen timeout
03-25 11:21:04.926  3255  8135 D SurfaceComposerClient: setCornerRadius ## b6d62e9 com.android.systemui/com.android.systemui.cover.CoverHomeActivity#122251 cornerRadius=0.000000
03-25 11:21:04.926  3255  8135 W PhoneWindowManager: lockNow pending, ignore updating lockscreen timeout
03-25 11:21:04.927  3255  5332 D GraphicsStatsService: requestRenderEngineFor(com.google.android.permissioncontroller)
03-25 11:21:04.927  2659  2785 D HWUI    : HWUI - treat SMPTE_170M as sRGB
03-25 11:21:04.927 11270 15757 I SEP_UNION_SemUnionManager: getUnionService(semeventdelegator)
03-25 11:21:04.927  2659  2659 I IDS_TAG : Closing IDS observe window
03-25 11:21:04.927  2659  2659 I IDS_TAG : Getting Shared Preference for com.payment.app.PaymentApp@b60f730 uid = 11027
03-25 11:21:04.928 11270 15757 I SEP_UNION_SemUnionManager: getUnionService(semeventdelegator)
03-25 11:21:04.928 11270 15757 I Routine@Core[4.9.04.13]: BroadcastRegister: registerPackageAddedIntentFilterInternal
03-25 11:21:04.928 11270 15757 I SEP_UNION_SemUnionManager: getUnionService(semeventdelegator)
03-25 11:21:04.928 11270 15757 I Routine@Core[4.9.04.13]: BroadcastRegister: registerPackageMonitoringIntentFilterInternal
03-25 11:21:04.928  2659  2659 I IDS_TAG : IDS count updated to 1 for com.payment.app.PaymentApp@b60f730
03-25 11:21:04.928 11270 15757 I SEP_UNION_SemUnionManager: getUnionService(semeventdelegator)
03-25 11:21:04.929  3255  3363 D PkgPredictorService-SecIpmManagerServiceImpl: onForegroundActivitiesChanged pid:7676 uid:10305
03-25 11:21:04.929  3255  3363 D NetworkPolicy: already checked 10305
03-25 11:21:04.929  7676 28833 I AdrenoGLES-0: QUALCOMM build                   : dc3d4da3a2, Idd45c2c082
03-25 11:21:04.929  7676 28833 I AdrenoGLES-0: Build Date                       : 05/30/25
03-25 11:21:04.929  7676 28833 I AdrenoGLES-0: OpenGL ES Shader Compiler Version: E031.41.03.62
03-25 11:21:04.929  7676 28833 I AdrenoGLES-0: Local Branch                     :
03-25 11:21:04.929  7676 28833 I AdrenoGLES-0: Remote Branch                    : refs/tags/AU_LINUX_ANDROID_LA.VENDOR.13.2.0.11.00.00.856.062
03-25 11:21:04.929  7676 28833 I AdrenoGLES-0: Remote Branch                    : NONE
03-25 11:21:04.929  7676 28833 I AdrenoGLES-0: Reconstruct Branch               : NOTHING
03-25 11:21:04.929  7676 28833 I AdrenoGLES-0: Build Config                     : S P 14.1.4 AArch64
03-25 11:21:04.929  3255  3363 D NetworkPolicy: already checked 10305
03-25 11:21:04.929  3255  3363 D NetworkPolicy: already checked 10305
03-25 11:21:04.929  7676 28833 I AdrenoGLES-0: Driver Path                      : /vendor/lib64/egl/libGLESv2_adreno.so
03-25 11:21:04.929  7676 28833 I AdrenoGLES-0: Driver Version                   : 0676.73
03-25 11:21:04.929  3255  5318 V PkgPredictorService-SecIpmManagerServiceImpl: discard foreground app:com.google.android.permissioncontroller 0|true
03-25 11:21:04.929 11270 15757 I Routine@Core[4.9.04.13]: Pref: putSharedPrefsData: key=meta_loading_target_package_name, data.size=20
03-25 11:21:04.929  3255  8135 D SEP_UNION_SemDeviceInfoManagerService: Unregister intent = android.intent.action.PACKAGE_ADDED, , package = com.samsung.android.app.routines, userId = 0
03-25 11:21:04.930 16164 16164 I BSS_SysUiManager: handleMessage = 9, 0, 0
03-25 11:21:04.930  3255  8135 D SEP_UNION_SemDeviceInfoManagerService: Unregister intent = android.intent.action.PACKAGE_REPLACED, android.intent.action.PACKAGE_CHANGED, android.intent.action.PACKAGE_REMOVED, android.intent.action.PACKAGE_FULLY_REMOVED, android.intent.action.MY_PACKAGE_REPLACED, , package = com.samsung.android.app.routines, userId = 0
03-25 11:21:04.931  3255  8135 D SEP_UNION_SemDeviceInfoManagerService: Register intent = android.intent.action.PACKAGE_ADDED,  package = com.samsung.android.app.routines, userId = 0, flag = 0, conditions = null
03-25 11:21:04.931  3255  8135 D SEP_UNION_SemDeviceInfoManagerService: PendingIntentWithConditions added f=0
03-25 11:21:04.931  3255  7910 D SEP_UNION_SemDeviceInfoManagerService: Register intent = android.intent.action.PACKAGE_REPLACED, android.intent.action.PACKAGE_CHANGED, android.intent.action.PACKAGE_REMOVED, android.intent.action.PACKAGE_FULLY_REMOVED, android.intent.action.MY_PACKAGE_REPLACED,  package = com.samsung.android.app.routines, userId = 0, flag = 1, conditions = [com.samsung.android.app.aodservice, com.samsung.accessory.atticmgr, com.samsung.accessory.berrymgr, com.samsung.android.spay, com.android.systemui, com.samsung.android.honeyboard, com.samsung.android.app.dressroom, com.samsung.android.lool, com.sec.android.app.launcher, com.samsung.android.sidegesturepad, com.samsung.android.smartmirroring, com.samsung.android.app.routineplus, com.samsung.android.app.reminder, com.samsung.android.mdecservice, com.samsung.android.app.routines, com.samsung.android.game.gametools, com.samsung.android.calendar, com.sec.android.app.soundalive, com.samsung.android.mdx, com.samsung.android.app.galaxyregistry, com.samsung.android.app.smartcapture, com.samsung.android.inputshare, com.sec.android.app.clockpackage, com.sec.android.gallery3d, com.samsung.accessibility, com.samsung.android.service.aircommand, com.android.settings, com.samsung.android.app.notes, com.samsung.android.soundassistant, com.samsung.android.app.telephonyui, com.samsung.android.app.sharelive, com.samsung.accessory.budsunitemgr, com.samsung.android.game.gos, com.samsung.android.app.clockpack, com.samsung.android.app.cocktailbarservice, com.samsung.android.app.smartwidget, com.samsung.android.fast, com.samsung.android.routinesdkv3, com.samsung.android.secondscreen, com.samsung.android.sm_cn, com.sec.android.desktopmode.uiservice, com.samsung.android.waterplugin, com.samsung.android.heartplugin, com.samsung.wearable.watch6plugin, com.samsung.wearable.watch7plugin, com.samsung.wearable.watchuniteplugin, com.samsung.accessory.popcornmgr, com.samsung.accessory.jellymgr, com.samsung.accessory.neobeanmgr, com.samsung.accessory.zenithmgr, com.samsung.accessory.paranmgr, com.samsung.accessory.pearlmgr]
03-25 11:21:04.931  3255  7910 D SEP_UNION_SemDeviceInfoManagerService: PendingIntentWithConditions added f=1
03-25 11:21:04.931  3255  7910 D SEP_UNION_SemDeviceInfoManagerService: PendingIntentWithConditions added f=1
03-25 11:21:04.931  3255  7910 D SEP_UNION_SemDeviceInfoManagerService: Adding new UnionBroadcastReceiver for the action: android.intent.action.PACKAGE_CHANGED in User 0
03-25 11:21:04.931  3255  7910 D SEP_UNION_SemDeviceInfoManagerService: PendingIntentWithConditions added f=1
03-25 11:21:04.931  3255  7910 D SEP_UNION_SemDeviceInfoManagerService: PendingIntentWithConditions added f=1
03-25 11:21:04.931  3255  7910 D SEP_UNION_SemDeviceInfoManagerService: PendingIntentWithConditions added f=1
03-25 11:21:04.931  3255  7910 D SEP_UNION_SemDeviceInfoManagerService: Adding new UnionBroadcastReceiver for the action: android.intent.action.MY_PACKAGE_REPLACED in User 0
03-25 11:21:04.931  2193  2193 I SurfaceFlinger: RequestedLayer [506bbdb com.payment.app/com.payment.app.MainActivity#125460] hidden!! flag  from(1) --> to(0)
03-25 11:21:04.931  2193  2193 I SurfaceFlinger: [506bbdb com.payment.app/com.payment.app.MainActivity#125460] attach to parent LayerHierarchy{RequestedLayerState{ActivityRecord{69071108 u0 com.payment.app/.MainActivity t15141}#125456 parentId=125455} 2 children}
03-25 11:21:04.932  2145  2459 W SDM     : DisplayBase::CommitOrPrepare: Prepare failed: 3
03-25 11:21:04.932  2145  2459 I SDM     : DisplayBase::CommitOrPrepare: Clearing fences on input layers on display 66-0
03-25 11:21:04.932  2193  2193 E CompositionEngine: [StatusBar$_4709#110] Invalid device requested composition type change: Client (1) --> Device (2)
03-25 11:21:04.932  2193  2193 E CompositionEngine: [NotificationShade$_4709#125442] Invalid device requested composition type change: Client (1) --> Device (2)
03-25 11:21:04.932  2193  2193 E Scheduler: trackPendingFrame: Invalid present fence
03-25 11:21:04.933 19730 19777 I SAMSUNGWALLET: [Hint_ProcessStatusChange] fg Change, pid : 7676 , isNotify : true , isForeground : true , fg list : [2659, 7676, 5198]
03-25 11:21:04.934 19730 10230 I SAMSUNGWALLET: [Hint_ProcessStatusChange] fg Change, pid : 7676 , isNotify : false , isForeground : true , fg list : [2659, 7676, 5198]
03-25 11:21:04.934  3255  3365 D EnterpriseDeviceManagerService: isMdmAdminPresentInternal() : MDM Admin Found - com.samsung.knox.securefolder
03-25 11:21:04.935 11270 11310 I Routine@Core[4.9.04.13]: MetadataSyncHistory: isMetaDataSyncedWithVersion: latest=9c17a0ca7155acc4a4ec81aebd062cfa44e6880f, currentVersion=9c17a0ca7155acc4a4ec81aebd062cfa44e6880f
03-25 11:21:04.936  2182  3450 V APM_AudioPolicyManager: setAppState(portId:8180, state:1)
03-25 11:21:04.937 11270 15757 I Routine@Core[4.9.04.13]: MetadataLoadManager: collect: com.payment.app.test
03-25 11:21:04.937 11270 15757 I Routine@Core[4.9.04.13]: MetadataLoadManager: collectWithCollectors - Collect Start! package = com.payment.app.test
03-25 11:21:04.937  5198  5198 I HoneySpace.EdgePanel.CocktailHostRepositoryImpl: onNoteResume
03-25 11:21:04.937  5198  5198 I HoneySpace.EdgePanel.EdgePanelContainerViewModel: cocktailHostRepository.edgePanelOperation NoteResumeComponent(componentName=ComponentInfo{com.google.android.permissioncontroller/com.android.permissioncontroller.permission.ui.GrantPermissionsActivity})
03-25 11:21:04.937  5198  5198 I HoneySpace.EdgePanel.ActivityUtils: HomePackage : com.sec.android.app.launcher, resumePackageName : com.google.android.permissioncontroller, className : com.android.permissioncontroller.permission.ui.GrantPermissionsActivity
03-25 11:21:04.939  6543  6570 V OsAgent : broadcastSystemEvent - 7
03-25 11:21:04.939 11270 15757 I Routine@Core[4.9.04.13]: WatchMetaDataCollector: collect - packageName :com.payment.app.test
03-25 11:21:04.939 11270 11297 W Routine@Core[4.9.04.13]: WatchMetaDataCollector: collect - Skip WatchMeta collect! Cannot find any watch plugin package
03-25 11:21:04.941  3255  3363 D PkgPredictorService-SecIpmManagerServiceImpl: bg information pid:5198 uid:10150 pkgName:com.sec.android.app.launcher
03-25 11:21:04.942  3255  5603 W LocationManagerService: onFreezeStateChanged, uid[10565]=true
03-25 11:21:04.946 19730 19777 I SAMSUNGWALLET: [Hint_ProcessStatusChange] fg Change, pid : 5198 , isNotify : true , isForeground : false , fg list : [2659, 7676]
03-25 11:21:04.948 19730 19777 I SAMSUNGWALLET: [Hint_ProcessStatusChange] fg Change, pid : 5198 , isNotify : false , isForeground : false , fg list : [2659, 7676]
03-25 11:21:04.949  6543  6570 V OsAgent : broadcastSystemEvent - 7
03-25 11:21:04.949  6543  6570 V OsAgent : broadcastSystemEvent - 7
03-25 11:21:04.949  2182  3450 V APM_AudioPolicyManager: setAppState(portId:8180, state:1)
03-25 11:21:04.949  7676 28833 I AdrenoGLES-0: PFP: 0x01740181, ME: 0x00000000
03-25 11:21:04.949  2182  3450 V APM_AudioPolicyManager: setAppState(portId:8180, state:1)
03-25 11:21:04.950  2182  3450 V APM_AudioPolicyManager: setAppState(portId:8180, state:1)
03-25 11:21:04.950 11270 15757 W AppFunctions: Unknown schema [category=device_state, name=setDeviceStateItem, version=1]
03-25 11:21:04.950 11270 15757 W AppFunctions: Unknown schema [category=device_state, name=getDeviceStateItem, version=1]
03-25 11:21:04.950 11270 15757 W AppFunctions: Unknown schema [category=device_state, name=getUncategorizedDeviceState, version=1]
03-25 11:21:04.950 11270 15757 W AppFunctions: Unknown schema [category=device_state, name=getPermissionsDeviceState, version=1]
03-25 11:21:04.950 11270 15757 W AppFunctions: Unknown schema [category=device_state, name=getDeviceStateMetadata, version=1]
03-25 11:21:04.953 11270 11353 I Routine@Core[4.9.04.13]: GooglePlayServiceChecker: isPackageEnabled: com.google.android.gms - result(true)
03-25 11:21:04.955 11270 15757 W AppFunctions: Unknown schema [category=photos, name=getMediaItemContentUris, version=1]
03-25 11:21:04.959 19730 19730 I SAMSUNGWALLET: [Hint_PayHintService] Hint Status - already invisible, skip hide : [3] - 3
03-25 11:21:04.959  1041  1041 I hwservicemanager: getTransport: Cannot find entry vendor.qti.qspmhal@1.0::IQspmhal/default in either framework or device VINTF manifest.
03-25 11:21:04.960  7676 28833 W Adreno-AppProfiles: Could not find QSPM HAL service. Skipping adreno profile processing.
03-25 11:21:04.967 11270 11353 I Routine@Core[4.9.04.13]: WearNodeManagerImpl: getConnectedNodeIdByCapability nodeId:null
03-25 11:21:04.968 19730 19730 I SAMSUNGWALLET: [Hint_PayHintService] Hint Status - already invisible, skip hide : [3] - 3
03-25 11:21:04.976 11270 11353 I Routine@Core[4.9.04.13]: WearCommonDataStore: getLastConnectedNodeId: c26175dd
03-25 11:21:04.981 11270 15757 W AppFunctions: Unknown schema [category=files, name=getFileContentUris, version=1]
03-25 11:21:04.988  7676  7676 D ScrollView: initGoToTop
03-25 11:21:04.994  2071  6082 I vendor.qti.bluetooth@1.1-ibs_handler: DeviceSleep: TX Awake, Sending SLEEP_IND
03-25 11:21:04.995  2071  6082 D vendor.qti.bluetooth@1.1-ibs_handler: SerialClockVote: vote for UART CLK OFF
03-25 11:21:04.998 11270 15757 I Routine@Core[4.9.04.13]: AppFunctionsMetadataCollector: collect: result.size=75
03-25 11:21:04.999 11270 11353 I Routine@Core[4.9.04.13]: WEAR/WearRoutineHostSenderImpl: requestToUpdateMetas: savedMetasHashCode : 0, nodeId : c26175dd
