03-25 09:44:36.924  8884  8884 I InsetsController: onStateChanged: host=com.sec.android.app.launcher/com.sec.android.app.launcher.activities.LauncherActivity, from=android.view.ViewRootImpl.onInsetsStateChanged:3026, state=InsetsState: {mDisplayFrame=Rect(0, 0 - 1080, 2316), mDisplayCutout=DisplayCutout{insets=Rect(0, 75 - 0, 0) waterfall=Insets{left=0, top=0, right=0, bottom=0} boundingRect={Bounds=[Rect(0, 0 - 0, 0), Rect(513, 0 - 567, 75), Rect(0, 0 - 0, 0), Rect(0, 0 - 0, 0)]} cutoutPathParserInfo={CutoutPathParserInfo{displayWidth=1080 displayHeight=2316 physicalDisplayWidth=1080 physicalDisplayHeight=2316 density={2.8125} cutoutSpec={M 0,0 H -9.466666666666667 V 26.66666666666667‬ H 9.466666666666667 V 0 H 0 Z @dp} rotation={0} scale={1.0} physicalPixelDisplaySizeRatio={1.0}}} sideOverrides={}}, mRoundedCorners=RoundedCorners{[RoundedCorner{position=TopLeft, radius=12, center=Point(12, 12)}, RoundedCorner{position=TopRight, radius=12, center=Point(1068, 12)}, RoundedCorner{position=BottomRight, radius=12, center=Point(1068, 2304)}, RoundedCorner{position=BottomLeft, radius=12, center=Point(12, 2304)}]}  mRoundedCornerFrame=Rect(0, 0 - 1080, 2316), mPrivacyIndicatorBounds=PrivacyIndicatorBounds {static bounds=Rect(948, 0 - 1080, 75) rotation=0}, mDisplayShape=DisplayShape{ spec=-311912193 displayWidth=1080 displayHeight=2316 physicalPixelDisplaySizeRatio=0.75 rotation=0 offsetX=0 offsetY=0 scale=1.0}, mSources= { InsetsSource: {b32e0001 mType=navigationBars mFrame=[0,2172][1080,2316] mVisible=true mFlags= mSideHint=BOTTOM mBoundingRects=null}, InsetsSource: {b32e0004 mType=systemGestures mFrame=[0,0][0,0] mVisible=true mFlags= mSideHint=NONE mBoundingRects=null}, InsetsSource: {b32e0005 mType=mandatorySystemGestures mFrame=[0,2172][1080,2316] mVisible=true mFlags= mSideHint=BOTTOM mBoundingRects=null}, InsetsSource: {b32e0006 mType=tappableElement mFrame=[0,2172][1080,2316] mVisible=true mFlags= mSideHint=BOTTOM mBoundingRects=null}, InsetsSource: {b32e0024 mType=systemGestures mFrame=[0,0][0,0] mVisible=true mFlags= mSideHint=NONE mBoundingRects=null}, InsetsSource: {bd7f0000 mType=statusBars mFrame=[0,0][1080,75] mVisible=true mFlags= mSideHint=TOP mBoundingRects=null}, InsetsSource: {bd7f0005 mType=mandatorySystemGestures mFrame=[0,0][1080,111] mVisible=true mFlags= mSideHint=TOP mBoundingRects=null}, InsetsSource: {bd7f0006 mType=tappableElement mFrame=[0,0][1080,75] mVisible=true mFlags= mSideHint=TOP mBoundingRects=null}, InsetsSource: {3 mType=ime mFrame=[0,0][0,0] mVisible=false mFlags= mSideHint=NONE mBoundingRects=null}, InsetsSource: {27 mType=displayCutout mFrame=[0,0][1080,75] mVisible=true mFlags= mSideHint=TOP mBoundingRects=null} }
03-25 09:44:36.925 19730 19730 I SAMSUNGWALLET: [Hint_PayHintService] Hint Status - already invisible, skip hide : Home Package Not Running
03-25 09:44:36.925  3255  4475 D ConnectivityService:  Removing from current network [165 WIFI], leaving 328 requests.
03-25 09:44:36.925  2182 18348 V APM_AudioPolicyManager: setAppState(portId:8180, state:1)
03-25 09:44:36.925  2182 18348 V APM_AudioPolicyManager: setAppState(portId:8180, state:1)
03-25 09:44:36.925  2182 18348 V APM_AudioPolicyManager: setAppState(portId:8180, state:1)
03-25 09:44:36.925  2182 18348 V APM_AudioPolicyManager: setAppState(portId:8180, state:1)
03-25 09:44:36.925  2182 10208 V APM_AudioPolicyManager: setAppState(portId:8180, state:1)
03-25 09:44:36.926  2182  2313 V APM_AudioPolicyManager: setAppState(portId:8180, state:1)
03-25 09:44:36.926  2182  2313 V APM_AudioPolicyManager: setAppState(portId:8180, state:1)
03-25 09:44:36.926  6543  6570 V OsAgent : broadcastSystemEvent - 7
03-25 09:44:36.926  6543  6570 V OsAgent : broadcastSystemEvent - 7
03-25 09:44:36.926  6543  6570 V OsAgent : broadcastSystemEvent - 7
03-25 09:44:36.926  6543  6570 V OsAgent : broadcastSystemEvent - 7
03-25 09:44:36.926  6543  6570 V OsAgent : broadcastSystemEvent - 7
03-25 09:44:36.926  2193  2320 I SurfaceFlinger: id=124410 Removed Transition Root: ActivityRecord{24686893 u0 com.google.android.permissioncontroller/com.android.permissioncontroller.permission.ui.GrantPermissionsActivity t15117}#124410 (216)
03-25 09:44:36.926  3255  8092 I WindowManager: Relayout Window{374cbc3 u0 com.google.android.permissioncontroller/com.android.permissioncontroller.permission.ui.GrantPermissionsActivity}: viewVisibility=0 req=1080x740 ty=1 d0
03-25 09:44:36.926  3255  8092 W PhoneWindowManager: lockNow pending, ignore updating lockscreen timeout
03-25 09:44:36.926  3255  8092 D SurfaceComposerClient: setCornerRadius ## b6d62e9 com.android.systemui/com.android.systemui.cover.CoverHomeActivity#122251 cornerRadius=0.000000
03-25 09:44:36.927  3255  8092 D SurfaceComposerClient: setCornerRadius ## 374cbc3 com.google.android.permissioncontroller/com.android.permissioncontroller.permission.ui.GrantPermissionsActivity#124405 cornerRadius=0.000000
03-25 09:44:36.927  3255  8092 D SurfaceComposerClient: setCornerRadius ## bead0fb Splash Screen com.payment.app#124395 cornerRadius=0.000000
03-25 09:44:36.927  3255  8092 W PhoneWindowManager: lockNow pending, ignore updating lockscreen timeout
03-25 09:44:36.927  2193  2553 I SurfaceFlinger: id=124412 createSurf, flag=24000, Surface(name=374cbc3 com.google.android.permissioncontroller/com.android.permissioncontroller.permission.ui.GrantPermissionsActivity)/@0xbaa4794 - animation-leash of window_animation#124412
03-25 09:44:36.929 19720 20031 D HWUI    : CacheManager::trimMemory(20)
03-25 09:44:36.930  8884  8884 I VRI[LauncherActivity]@434ac8d: Relayout returned: old=(0,0,1080,2316) new=(0,0,1080,2316) relayoutAsync=false req=(1080,2316)8 dur=18 res=0x2 s={false 0x0} ch=true seqId=0
03-25 09:44:36.930  2193  2193 I SurfaceFlinger: destroyed Transition Root: ActivityRecord{24686893 u0 com.google.android.permissioncontroller/com.android.permissioncontroller.permission.ui.GrantPermissionsActivity t15117}#124410 form LifecycleManager
03-25 09:44:36.930  2193  2193 I SurfaceFlinger: [Surface(name=374cbc3 com.google.android.permissioncontroller/com.android.permissioncontroller.permission.ui.GrantPermissionsActivity)/@0xbaa4794 - animation-leash of window_animation#124412] attach to parent LayerHierarchy{RequestedLayerState{ActivityRecord{24686893 u0 com.google.android.permissioncontroller/com.android.permissioncontroller.permission.ui.GrantPermissionsActivity t15117}#124403 parentId=124393 z=1} 3 children}
03-25 09:44:36.930  2193  2193 I SurfaceFlinger: id=124410 onLayerDestroyed from LayerHierarchyBuilder(RequestedLayerState{Transition Root: ActivityRecord{24686893 u0 com.google.android.permissioncontroller/com.android.permissioncontroller.permission.ui.GrantPermissionsActivity t15117}#124410 !handle z=1})
03-25 09:44:36.930  8884  8884 D VRI[LauncherActivity]@434ac8d: Not drawing due to not visible. Reason=!mAppVisible && !mForceDecorViewVisibility
03-25 09:44:36.931  2193  2193 I Layer   : id=124410 Destroyed Transition Root: ActivityRecord{24686893 u0 com.google.android.permissioncontroller/com.android.permissioncontroller.permission.ui.GrantPermissionsActivity t15117}#124410
03-25 09:44:36.931 11270 11275 I id.app.routines: Background young concurrent mark compact GC freed 23MB AllocSpace bytes, 0(0B) LOS objects, 80% free, 5960KB/29MB, paused 3.961ms,5.275ms total 97.518ms
03-25 09:44:36.931  3255  8092 D SurfaceComposerClient: setCornerRadius ## 374cbc3 com.google.android.permissioncontroller/com.android.permissioncontroller.permission.ui.GrantPermissionsActivity#124405 cornerRadius=0.000000
03-25 09:44:36.932  3255  8092 D SurfaceComposerClient: setCornerRadius ## bead0fb Splash Screen com.payment.app#124395 cornerRadius=0.000000
03-25 09:44:36.932  3255  8092 D SurfaceComposerClient: setCornerRadius ## 26a6de0 com.payment.app/com.payment.app.MainActivity#124404 cornerRadius=0.000000
03-25 09:44:36.933  3255  8092 I WindowManager: Relayout hash=374cbc3, pid=7676, syncId=-1: mAttrs={(0,0)(wrapxwrap) gr=BOTTOM CENTER sim={state=always_hidden adjust=nothing forwardNavigation} ty=BASE_APPLICATION fmt=TRANSLUCENT wanim=0x1030309 surfaceInsets=Rect(6, 6 - 6, 6)
03-25 09:44:36.933  3255  8092 I WindowManager:   fl=1800002
03-25 09:44:36.933  3255  8092 I WindowManager:   pfl=40080800
03-25 09:44:36.933  3255  8092 I WindowManager:   bhv=1
03-25 09:44:36.933  3255  8092 I WindowManager:   fitTypes=207
03-25 09:44:36.933  3255  8092 I WindowManager:   frameRateBoostOnTouch=true
03-25 09:44:36.933  3255  8092 I WindowManager:   dvrrWindowFrameRateHint=true
03-25 09:44:36.933  3255  8092 I WindowManager:  dimAmount=0.65 naviIconColor=0}
03-25 09:44:36.933  3255  4878 I WindowManager: Relayout Window{96c0f61 u0 com.sec.android.app.launcher/com.sec.android.app.launcher.activities.LauncherActivity}: viewVisibility=8 req=1080x2316 ty=1 d0
03-25 09:44:36.933  3255  4878 W PhoneWindowManager: lockNow pending, ignore updating lockscreen timeout
03-25 09:44:36.933  3255  4878 D SurfaceComposerClient: setCornerRadius ## b6d62e9 com.android.systemui/com.android.systemui.cover.CoverHomeActivity#122251 cornerRadius=0.000000
03-25 09:44:36.933  3255  4878 D SurfaceComposerClient: setCornerRadius ## 374cbc3 com.google.android.permissioncontroller/com.android.permissioncontroller.permission.ui.GrantPermissionsActivity#124405 cornerRadius=0.000000
03-25 09:44:36.933  3255  4878 D SurfaceComposerClient: setCornerRadius ## bead0fb Splash Screen com.payment.app#124395 cornerRadius=0.000000
03-25 09:44:36.933  3255  8286 D InputDispatcher: Focus entered window (0): 374cbc3 com.google.android.permissioncontroller/com.android.permissioncontroller.permission.ui.GrantPermissionsActivity
03-25 09:44:36.933  3255  4878 W PhoneWindowManager: lockNow pending, ignore updating lockscreen timeout
03-25 09:44:36.933  3255  4878 D SurfaceComposerClient: setCornerRadius ## 374cbc3 com.google.android.permissioncontroller/com.android.permissioncontroller.permission.ui.GrantPermissionsActivity#124405 cornerRadius=0.000000
03-25 09:44:36.933  3255  4878 D SurfaceComposerClient: setCornerRadius ## bead0fb Splash Screen com.payment.app#124395 cornerRadius=0.000000
03-25 09:44:36.933  7914  8352 I SemDvfsHyPerManager: acquire hyper - TABaseBoost/7914@28, type = -999
03-25 09:44:36.933  3255  4878 D SurfaceComposerClient: setCornerRadius ## 26a6de0 com.payment.app/com.payment.app.MainActivity#124404 cornerRadius=0.000000
03-25 09:44:36.933  2112  2197 I HYPER-HAL: [RequestManager.cpp]acquire(): Acquired ID : 31541681  [7914 / 28]    HINT :      list : [TABoost / 1]
03-25 09:44:36.933  7676  7676 I BLASTBufferQueue_Java: update, w= 1092 h= 752 mName = VRI[GrantPermissionsActivity]@d4571d mNativeObject= 0xb4000077f97c4000 sc.mNativeObject= 0xb4000078317a9040 format= -3 caller= android.view.ViewRootImpl.updateBlastSurfaceIfNeeded:3574 android.view.ViewRootImpl.relayoutWindow:11685 android.view.ViewRootImpl.performTraversals:4804 android.view.ViewRootImpl.doTraversal:3924 android.view.ViewRootImpl$TraversalRunnable.run:12903 android.view.Choreographer$CallbackRecord.run:1901
03-25 09:44:36.934  7676  7676 I VRI[GrantPermissionsActivity]@d4571d: Relayout returned: old=(0,2076,1080,2172) new=(0,1432,1080,2172) relayoutAsync=false req=(1080,740)0 dur=18 res=0x0 s={true 0xb40000783171c200} ch=false seqId=0
03-25 09:44:36.934  3255  4878 I WindowManager: Relayout hash=96c0f61, pid=5198, syncId=-1: mAttrs={(0,0)(fillxfill) sim={adjust=nothing forwardNavigation} layoutInDisplayCutoutMode=always ty=BASE_APPLICATION fmt=TRANSPARENT wanim=0x1030306
03-25 09:44:36.934  3255  4878 I WindowManager:   fl=81910100
03-25 09:44:36.934  3255  4878 I WindowManager:   pfl=10008840
03-25 09:44:36.934  3255  4878 I WindowManager:   bhv=2
03-25 09:44:36.934  3255  4878 I WindowManager:   fitSides=0
03-25 09:44:36.934  3255  4878 I WindowManager:   frameRateBoostOnTouch=true
03-25 09:44:36.934  3255  4878 I WindowManager:   dvrrWindowFrameRateHint=true screenDimDuration=200000 naviIconColor=0}
03-25 09:44:36.934  7676  7676 D VRI[GrantPermissionsActivity]@d4571d: mThreadedRenderer.updateSurface() mSurface={isValid=true 0xb40000783171c200}
03-25 09:44:36.935  7676  7676 D ScrollView:  onsize change changed
03-25 09:44:36.935  7676  7676 I VRI[GrantPermissionsActivity]@d4571d: registerCallbackForPendingTransactions
03-25 09:44:36.935  5198  5198 I VRI[LauncherActivity]@573f08a: Relayout returned: old=(0,0,1080,2316) new=(0,0,1080,2316) relayoutAsync=false req=(1080,2316)8 dur=5 res=0x2 s={false 0x0} ch=true seqId=0
03-25 09:44:36.935  5198  5198 I SearchHoneyPot: onViewCreated: onStop
03-25 09:44:36.935  5198  5198 I HoneySpace.ContentsAnimator: end call
03-25 09:44:36.935  5198  5198 I HoneySpace.BlurAnimator: end
03-25 09:44:36.935  5198  5198 I HoneySpace.BlurAnimator: reset
03-25 09:44:36.935  7676 28840 I VRI[GrantPermissionsActivity]@d4571d: mWNT: t=0xb4000077f9a0cf00 mBlastBufferQueue=0xb4000077f97c4000 fn= 2 HdrRenderState mRenderHdrSdrRatio=1.0 caller= android.view.ViewRootImpl$10.onFrameDraw:6536 android.view.ViewRootImpl$4.onFrameDraw:2489 android.view.ThreadedRenderer$1.onFrameDraw:718
03-25 09:44:36.935  5198  8440 I HoneySpace.HoneyAppWidgetHost: stopListening, host: @837599, hostId: 1024
03-25 09:44:36.936  7676  7676 I VRI[GrantPermissionsActivity]@d4571d: handleResized, frames=ClientWindowFrames{frame=[0,1432][1080,2172] display=[0,75][1080,2172] parentFrame=[0,0][0,0]} displayId=0 dragResizing=false compatScale=1.0 frameChanged=false attachedFrameChanged=false configChanged=false displayChanged=false compatScaleChanged=false dragResizingChanged=false
03-25 09:44:36.936  5198  5198 I VRI[LauncherActivity]@573f08a: stopped(true) old = false
03-25 09:44:36.936  3255  4878 I AppWidgetServiceImpl: stopListening callbacks : null
03-25 09:44:36.937  2193  2553 I SurfaceFlinger: id=124413 createSurf, flag=20004, Dim Layer for - Task=15117#124413
03-25 09:44:36.937  5198  5198 I HoneySpace.Launcher: !@Boot_EBS_D: Launcher.onStop()
03-25 09:44:36.937  5198  8339 I HoneySpace.Memory-Monitor: scheduleTrim delayTime=30000
03-25 09:44:36.937  5198  5198 I HoneySpace.OneUiSpace: onSaveInstanceState honeyScreen=p4.Y@323e05e
03-25 09:44:36.938  2193  2193 I SurfaceFlinger: [Dim Layer for - Task=15117#124413] attach to parent LayerHierarchy{RequestedLayerState{Task=15117#124393 parentId=10 z=10} 3 children}
03-25 09:44:36.940  8884  8884 I bsws    : onStop
03-25 09:44:36.945 11270 15757 I Routine@Core[4.9.04.13]: MigrationParser: getMigrationData rawMigrationData : [vibrate_once, custom_key_v3, aircommand_open_with_pen, text_to_speech, unlock_with_finger_print, edge_panel_routine_v3, edge_panel_routine_v3, data_saver_routine]
03-25 09:44:36.945 11270 15757 I Routine@Core[4.9.04.13]: MigrationParser: getMemoryMigrationData rawMemoryMigrationData : [motion_smoothness_v3, motion_smoothness_and_screen_resolution_v3, cover_screen_motion_smoothness_v3, brightness_v3, font_size_v3, screen_zoom_v3, screen_layout_and_zoom_v3, screen_resolution_v3, screen_timeout_v3, rotation_screen_v3, multi_window_tray_v3, dark_mode_v3, bixby_text_command_v3, bixby_quick_command_v3, bixby_voice_wake_up_v3, spotify_playlist_v3, play_media_v3, launch_app_v3, close_app_v3, separate_app_sound_v3, dnd_mode_on_v3, custom_notification_v3, hard_key_v3, quick_decline_message_v3, quick_decline_message_v3, video_enhancer_v3, bluetooth_on_v3, instant_session_v3, airplane_mode_on_v3, mobile_network_mode_setting_v3, mobile_data_on_v3, hotspot_on_v3, gps_on_v3, auto_data_sync_v3, sound_sdk3, vibrate_once, connect_url_sdk3, wifi_on_sdk3, lockscreen_shortcut_v3, launch_app_v3, launch_game_v3, samsung_health_during_exercise_v3, samsung_health_during_exercise_when_starting_v3, notification_with_keyword_v3, specify_wifi_v3, wifi_rssi_v3, specify_bluetooth_v3, specify_bluetooth_only_connected_v3, nfc_tagged_v3, airplane_mode_v3, specific_time_v3, time_v3, plugin_gps_location_v3, plugin_gps_location_only_arrived_v3, calling_v3, during_call_v3, connected_headset_v3, plugged_battery_v3, battery_condition_v3, dex_mode_on_v3, fold_state_v3, ringer_mode_v3, night_mode_v3, wifi_on_sdk3]
03-25 09:44:36.945  3255  5047 I WindowManager: Relayout Window{15b28c5 u0 com.domobile.applockwatcher/com.domobile.applockwatcher.ui.common.controller.DialogHostActivity}: viewVisibility=8 req=984x861 ty=2 d0
03-25 09:44:36.945  3255  5047 W PhoneWindowManager: lockNow pending, ignore updating lockscreen timeout
03-25 09:44:36.946  3255  5047 D SurfaceComposerClient: setCornerRadius ## b6d62e9 com.android.systemui/com.android.systemui.cover.CoverHomeActivity#122251 cornerRadius=0.000000
03-25 09:44:36.946  3255  5047 D SurfaceComposerClient: setCornerRadius ## 374cbc3 com.google.android.permissioncontroller/com.android.permissioncontroller.permission.ui.GrantPermissionsActivity#124405 cornerRadius=0.000000
03-25 09:44:36.946  7676  7676 D VRI[GrantPermissionsActivity]@d4571d: mThreadedRenderer.initializeIfNeeded()#2 mSurface={isValid=true 0xb40000783171c200}
03-25 09:44:36.946  3255  5047 D SurfaceComposerClient: setCornerRadius ## bead0fb Splash Screen com.payment.app#124395 cornerRadius=0.000000
03-25 09:44:36.946 11270 15757 I Routine@Core[4.9.04.13]: RoutineDataMigrator: isAvailableToMigrate() newPackageName:com.samsung.android.app.routines, newTag:read_notifications, isAvailableToMigrate:true
03-25 09:44:36.946  3255  5047 W PhoneWindowManager: lockNow pending, ignore updating lockscreen timeout
03-25 09:44:36.946  7676  7676 D InputMethodManagerUtils: startInputInner - Id : 0
03-25 09:44:36.946  7676  7676 I InputMethodManager: startInputInner - IInputMethodManagerGlobalInvoker.startInputOrWindowGainedFocus
03-25 09:44:36.946 11270 15757 I Routine@Core[4.9.04.13]: RoutineDataMigrator: isAvailableToMigrate() newPackageName:com.samsung.android.app.routines, newTag:flashlight, isAvailableToMigrate:true
03-25 09:44:36.946  3255  5047 D SurfaceComposerClient: setCornerRadius ## 374cbc3 com.google.android.permissioncontroller/com.android.permissioncontroller.permission.ui.GrantPermissionsActivity#124405 cornerRadius=0.000000
03-25 09:44:36.946 11270 15757 I Routine@Core[4.9.04.13]: RoutineDataMigrator: isAvailableToMigrate() newPackageName:com.samsung.android.app.routines, newTag:message_received, isAvailableToMigrate:false
03-25 09:44:36.946  3255  5047 D SurfaceComposerClient: setCornerRadius ## bead0fb Splash Screen com.payment.app#124395 cornerRadius=0.000000
03-25 09:44:36.946 11270 15757 I Routine@Core[4.9.04.13]: RoutineDataMigrator: isAvailableToMigrate() newPackageName:com.samsung.android.app.routines, newTag:message_received, isAvailableToMigrate:false
03-25 09:44:36.946  3255  5047 D SurfaceComposerClient: setCornerRadius ## 26a6de0 com.payment.app/com.payment.app.MainActivity#124404 cornerRadius=0.000000
03-25 09:44:36.946 11270 15757 I Routine@Core[4.9.04.13]: RoutineDataMigrator: isAvailableToMigrate() newPackageName:com.samsung.android.app.aodservice, newTag:aod_main_setting, isAvailableToMigrate:true
03-25 09:44:36.946 11270 15757 I Routine@Core[4.9.04.13]: RoutineDataMigrator: isAvailableToMigrate() newPackageName:com.android.settings, newTag:sec_eye_comfort_shield_routine, isAvailableToMigrate:true
03-25 09:44:36.946 11270 15757 I Routine@Core[4.9.04.13]: RoutineDataMigrator: isAvailableToMigrate() newPackageName:com.samsung.android.app.routines, newTag:control_smartthings_not_reversible, isAvailableToMigrate:true
03-25 09:44:36.946 11270 15757 I Routine@Core[4.9.04.13]: RoutineDataMigrator: isAvailableToMigrate() newPackageName:com.samsung.android.app.routines, newTag:control_smartthings_not_reversible, isAvailableToMigrate:true
03-25 09:44:36.946 11270 15757 I Routine@Core[4.9.04.13]: RoutineDataMigrator: isAvailableToMigrate() newPackageName:com.android.settings, newTag:accessibility_color_correction, isAvailableToMigrate:true
03-25 09:44:36.946 11270 15757 I Routine@Core[4.9.04.13]: RoutineDataMigrator: isAvailableToMigrate() newPackageName:com.samsung.android.lool, newTag:dc_power_mode_action, isAvailableToMigrate:true
03-25 09:44:36.946 11270 15757 I Routine@Core[4.9.04.13]: RoutineDataMigrator: isAvailableToMigrate() newPackageName:com.samsung.accessibility, newTag:accessibility_amplify_ambient_sound, isAvailableToMigrate:true
03-25 09:44:36.946 11270 15757 I Routine@Core[4.9.04.13]: RoutineDataMigrator: isAvailableToMigrate() newPackageName:com.android.settings, newTag:accessibility_camera_flash, isAvailableToMigrate:true
03-25 09:44:36.946 11270 15757 I Routine@Core[4.9.04.13]: RoutineDataMigrator: isAvailableToMigrate() newPackageName:com.android.settings, newTag:accessibility_color_correction, isAvailableToMigrate:true
03-25 09:44:36.946 11270 15757 I Routine@Core[4.9.04.13]: RoutineDataMigrator: isAvailableToMigrate() newPackageName:com.android.settings, newTag:accessibility_color_filter, isAvailableToMigrate:true
03-25 09:44:36.946 11270 15757 I Routine@Core[4.9.04.13]: RoutineDataMigrator: isAvailableToMigrate() newPackageName:com.android.settings, newTag:accessibility_color_inversion, isAvailableToMigrate:true
03-25 09:44:36.946 11270 15757 I Routine@Core[4.9.04.13]: RoutineDataMigrator: isAvailableToMigrate() newPackageName:com.android.settings, newTag:accessibility_extra_dim, isAvailableToMigrate:true
03-25 09:44:36.946 11270 15757 I Routine@Core[4.9.04.13]: RoutineDataMigrator: isAvailableToMigrate() newPackageName:com.android.settings, newTag:accessibility_live_caption, isAvailableToMigrate:true
03-25 09:44:36.946 11270 15757 I Routine@Core[4.9.04.13]: RoutineDataMigrator: isAvailableToMigrate() newPackageName:com.android.settings, newTag:accessibility_mono_audio, isAvailableToMigrate:true
03-25 09:44:36.947 11270 15757 I Routine@Core[4.9.04.13]: RoutineDataMigrator: isAvailableToMigrate() newPackageName:com.android.settings, newTag:accessibility_mute_all_sounds, isAvailableToMigrate:true
03-25 09:44:36.947 11270 15757 I Routine@Core[4.9.04.13]: RoutineDataMigrator: isAvailableToMigrate() newPackageName:com.android.settings, newTag:accessibility_screen_flash, isAvailableToMigrate:true
03-25 09:44:36.947 11270 15757 I Routine@Core[4.9.04.13]: RoutineDataMigrator: isAvailableToMigrate() newPackageName:com.android.settings, newTag:accessibility_sound_balance, isAvailableToMigrate:true
03-25 09:44:36.947 11270 15757 I Routine@Core[4.9.04.13]: RoutineDataMigrator: isAvailableToMigrate() newPackageName:com.samsung.android.waterplugin, newTag:watch_theater_mode, isAvailableToMigrate:false
03-25 09:44:36.947 11270 15757 I Routine@Core[4.9.04.13]: RoutineDataMigrator: isAvailableToMigrate() newPackageName:com.samsung.android.heartplugin, newTag:watch_theater_mode, isAvailableToMigrate:false
03-25 09:44:36.947 11270 15757 I Routine@Core[4.9.04.13]: RoutineDataMigrator: isAvailableToMigrate() newPackageName:com.samsung.android.lool, newTag:dc_enhanced_processing, isAvailableToMigrate:false
03-25 09:44:36.947 11270 15757 I Routine@Core[4.9.04.13]: RoutineDataMigrator: isAvailableToMigrate() newPackageName:com.samsung.android.lool, newTag:dc_fast_cable_charging, isAvailableToMigrate:true
03-25 09:44:36.947 11270 15757 I Routine@Core[4.9.04.13]: RoutineDataMigrator: isAvailableToMigrate() newPackageName:com.samsung.android.lool, newTag:dc_fast_wireless_charging, isAvailableToMigrate:true
03-25 09:44:36.947  2193  2193 I SurfaceFlinger: RequestedLayer [Dim Layer for - Task=15117#124413] hidden!! flag  from(1) --> to(0)
03-25 09:44:36.947 11270 15757 I Routine@Core[4.9.04.13]: RoutineDataMigrator: isAvailableToMigrate() newPackageName:com.samsung.android.lool, newTag:dc_processing_speed, isAvailableToMigrate:false
03-25 09:44:36.947  2193  2193 E SurfaceFlinger: alpha changed 1.000 -> 0.000 - Dim Layer for - Task=15117#124413
03-25 09:44:36.947 11270 15757 I Routine@Core[4.9.04.13]: RoutineDataMigrator: isAvailableToMigrate() newPackageName:com.samsung.android.lool, newTag:dc_protect_battery, isAvailableToMigrate:true
03-25 09:44:36.947  2193  2193 I SurfaceFlinger: [LayerHierarchy{RequestedLayerState{374cbc3 com.google.android.permissioncontroller/com.android.permissioncontroller.permission.ui.GrantPermissionsActivity#124405 parentId=124412} 1 children}] reparent to LayerHierarchy{RequestedLayerState{Surface(name=374cbc3 com.google.android.permissioncontroller/com.android.permissioncontroller.permission.ui.GrantPermissionsActivity)/@0xbaa4794 - animation-leash of window_animation#124412 parentId=124403} 1 children}
03-25 09:44:36.947  2193  2193 I SurfaceFlinger: [LayerHierarchy{RequestedLayerState{Dim Layer for - Task=15117#124413 parentId=124393 relativeParentId=124405 z=-1} no children}] reparent to LayerHierarchy{RequestedLayerState{Task=15117#124393 parentId=10 z=10} 3 children}
03-25 09:44:36.947  2193  2193 I SurfaceFlinger: [LayerHierarchy{RequestedLayerState{Dim Layer for - Task=15117#124413 parentId=124393 relativeParentId=124405 z=-1} no children}] RelativeParent to LayerHierarchy{RequestedLayerState{374cbc3 com.google.android.permissioncontroller/com.android.permissioncontroller.permission.ui.GrantPermissionsActivity#124405 parentId=124412} 2 children}
03-25 09:44:36.947 11270 15757 I Routine@Core[4.9.04.13]: RoutineDataMigrator: isAvailableToMigrate() newPackageName:com.samsung.android.lool, newTag:dc_super_fast_cable_charging, isAvailableToMigrate:false
03-25 09:44:36.947 11270 15757 I Routine@Core[4.9.04.13]: RoutineDataMigrator: isAvailableToMigrate() newPackageName:com.samsung.android.sm_cn, newTag:dc_enhanced_processing, isAvailableToMigrate:false
03-25 09:44:36.947 11270 15757 I Routine@Core[4.9.04.13]: RoutineDataMigrator: isAvailableToMigrate() newPackageName:com.samsung.android.sm_cn, newTag:dc_fast_cable_charging, isAvailableToMigrate:false
03-25 09:44:36.947 11270 15757 I Routine@Core[4.9.04.13]: RoutineDataMigrator: isAvailableToMigrate() newPackageName:com.samsung.android.sm_cn, newTag:dc_fast_wireless_charging, isAvailableToMigrate:false
03-25 09:44:36.947 11270 15757 I Routine@Core[4.9.04.13]: RoutineDataMigrator: isAvailableToMigrate() newPackageName:com.samsung.android.sm_cn, newTag:dc_power_mode_action, isAvailableToMigrate:false
03-25 09:44:36.947 11270 15757 I Routine@Core[4.9.04.13]: RoutineDataMigrator: isAvailableToMigrate() newPackageName:com.samsung.android.sm_cn, newTag:dc_processing_speed, isAvailableToMigrate:false
03-25 09:44:36.947 11270 15757 I Routine@Core[4.9.04.13]: RoutineDataMigrator: isAvailableToMigrate() newPackageName:com.samsung.android.sm_cn, newTag:dc_protect_battery, isAvailableToMigrate:false
03-25 09:44:36.947 11270 15757 I Routine@Core[4.9.04.13]: RoutineDataMigrator: isAvailableToMigrate() newPackageName:com.samsung.android.sm_cn, newTag:dc_super_fast_cable_charging, isAvailableToMigrate:false
03-25 09:44:36.947 11270 15757 I Routine@Core[4.9.04.13]: RoutineDataMigrator: isAvailableToMigrate() newPackageName:com.samsung.android.app.dressroom, newTag:change_lock_screen_wallpaper_profile, isAvailableToMigrate:true
03-25 09:44:36.947 11270 15757 I Routine@Core[4.9.04.13]: RoutineDataMigrator: deprecateOldTag() should not deprecate oldTag(lockscreen_shortcut
03-25 09:44:36.947 11270 15757 I Routine@Core[4.9.04.13]: RoutineDataMigrator: isAvailableToMigrate() newPackageName:com.samsung.android.app.routines, newTag:nfc_on_off, isAvailableToMigrate:true
03-25 09:44:36.947 11270 15757 I Routine@Core[4.9.04.13]: RoutineDataMigrator: isAvailableToMigrate() newPackageName:com.sec.android.app.launcher, newTag:edge_panel, isAvailableToMigrate:false
03-25 09:44:36.947 11270 15757 I Routine@Core[4.9.04.13]: RoutineDataMigrator: isAvailableToMigrate() newPackageName:com.android.settings, newTag:as_dialing_keypad_tones, isAvailableToMigrate:true
03-25 09:44:36.948 11270 15757 I Routine@Core[4.9.04.13]: RoutineDataMigrator: isAvailableToMigrate() newPackageName:com.android.settings, newTag:as_keyboard_sound, isAvailableToMigrate:true
03-25 09:44:36.948 11270 15757 I Routine@Core[4.9.04.13]: RoutineDataMigrator: isAvailableToMigrate() newPackageName:com.android.settings, newTag:as_keyboard_vibration, isAvailableToMigrate:true
03-25 09:44:36.948 11270 15757 I Routine@Core[4.9.04.13]: RoutineDataMigrator: isAvailableToMigrate() newPackageName:com.android.settings, newTag:as_media_volume, isAvailableToMigrate:true
03-25 09:44:36.948 11270 15757 I Routine@Core[4.9.04.13]: RoutineDataMigrator: isAvailableToMigrate() newPackageName:com.android.settings, newTag:as_volume, isAvailableToMigrate:true
03-25 09:44:36.948  3255  3367 D SurfaceComposerClient: [SEC_SF_EFFECTS] setBackgroundBlurRadius ## Dim Layer for - Task=15117#124413 backgroundBlurRadius=0
03-25 09:44:36.948  3255  3367 D SurfaceComposerClient: [SEC_SF_EFFECTS] setBackgroundBlurRadius ## Dim Layer for - Task=15117#124413 backgroundBlurRadius=0
03-25 09:44:36.948 11270 15757 I Routine@Core[4.9.04.13]: RoutineDataMigrator: isAvailableToMigrate() newPackageName:com.sec.android.app.clockpackage, newTag:appfunction://com.sec.android.app.clockpackage.crossappactions#StopwatchCrossAppFunctions_startStopwatch, isAvailableToMigrate:true
03-25 09:44:36.948 11270 15757 I Routine@Core[4.9.04.13]: RoutineDataMigrator: isAvailableToMigrate() newPackageName:com.sec.android.app.launcher, newTag:samsung_dex, isAvailableToMigrate:true
03-25 09:44:36.948 11270 15757 I Routine@Core[4.9.04.13]: RoutineDataMigrator: isAvailableToMigrate() newPackageName:com.samsung.android.secondscreen, newTag:second_screen_condition_tag, isAvailableToMigrate:false
03-25 09:44:36.948 11270 15757 I Routine@Core[4.9.04.13]: RoutineDataMigrator: isAvailableToMigrate() newPackageName:com.samsung.android.app.routines, newTag:vibrate_once, isAvailableToMigrate:true
03-25 09:44:36.948 11270 15757 I Routine@Core[4.9.04.13]: RoutineDataMigrator: isAvailableToMigrate() newPackageName:com.samsung.android.app.routineplus, newTag:custom_key_v3, isAvailableToMigrate:true
03-25 09:44:36.948 11270 15757 I Routine@Core[4.9.04.13]: RoutineDataMigrator: isAvailableToMigrate() newPackageName:com.samsung.android.service.aircommand, newTag:aircommand_open_with_pen, isAvailableToMigrate:true
03-25 09:44:36.948 11270 15757 I Routine@Core[4.9.04.13]: RoutineDataMigrator: deprecateOldTag() should not deprecate oldTag(aircommand_open_with_pen
03-25 09:44:36.948 11270 15757 I Routine@Core[4.9.04.13]: RoutineDataMigrator: isAvailableToMigrate() newPackageName:com.samsung.android.app.routines, newTag:text_to_speech, isAvailableToMigrate:true
03-25 09:44:36.948 11270 15757 I Routine@Core[4.9.04.13]: RoutineDataMigrator: isAvailableToMigrate() newPackageName:com.samsung.android.app.routines, newTag:unlock_with_finger_print, isAvailableToMigrate:true
03-25 09:44:36.948 11270 15757 I Routine@Core[4.9.04.13]: RoutineDataMigrator: isAvailableToMigrate() newPackageName:com.sec.android.app.launcher, newTag:edge_panel_routine_v3, isAvailableToMigrate:true
03-25 09:44:36.948 11270 15757 I Routine@Core[4.9.04.13]: RoutineDataMigrator: isAvailableToMigrate() newPackageName:com.sec.android.app.launcher, newTag:edge_panel_routine_v3, isAvailableToMigrate:true
03-25 09:44:36.948 11270 15757 I Routine@Core[4.9.04.13]: RoutineDataMigrator: isAvailableToMigrate() newPackageName:com.android.settings, newTag:data_saver_routine, isAvailableToMigrate:true
03-25 09:44:36.948 11270 15757 I Routine@Core[4.9.04.13]: RoutineDataMigrator: isAvailableToMigrate() newPackageName:com.samsung.android.app.routines, newTag:motion_smoothness_v3, isAvailableToMigrate:true
03-25 09:44:36.948 11270 15757 I Routine@Core[4.9.04.13]: RoutineDataMigrator: isAvailableToMigrate() newPackageName:com.samsung.android.app.routines, newTag:motion_smoothness_and_screen_resolution_v3, isAvailableToMigrate:false
03-25 09:44:36.948 11270 15757 I Routine@Core[4.9.04.13]: RoutineDataMigrator: isAvailableToMigrate() newPackageName:com.samsung.android.app.routines, newTag:cover_screen_motion_smoothness_v3, isAvailableToMigrate:false
03-25 09:44:36.948 11270 15757 I Routine@Core[4.9.04.13]: RoutineDataMigrator: isAvailableToMigrate() newPackageName:com.samsung.android.app.routines, newTag:brightness_v3, isAvailableToMigrate:true
03-25 09:44:36.948 11270 15757 I Routine@Core[4.9.04.13]: RoutineDataMigrator: isAvailableToMigrate() newPackageName:com.samsung.android.app.routines, newTag:font_size_v3, isAvailableToMigrate:true
03-25 09:44:36.948 11270 15757 I Routine@Core[4.9.04.13]: RoutineDataMigrator: isAvailableToMigrate() newPackageName:com.samsung.android.app.routines, newTag:screen_zoom_v3, isAvailableToMigrate:true
03-25 09:44:36.948 11270 15757 I Routine@Core[4.9.04.13]: RoutineDataMigrator: isAvailableToMigrate() newPackageName:com.samsung.android.app.routines, newTag:screen_layout_and_zoom_v3, isAvailableToMigrate:false
03-25 09:44:36.949 11270 15757 I Routine@Core[4.9.04.13]: RoutineDataMigrator: isAvailableToMigrate() newPackageName:com.samsung.android.app.routines, newTag:screen_resolution_v3, isAvailableToMigrate:true
03-25 09:44:36.949 11270 15757 I Routine@Core[4.9.04.13]: RoutineDataMigrator: isAvailableToMigrate() newPackageName:com.samsung.android.app.routines, newTag:screen_timeout_v3, isAvailableToMigrate:true
03-25 09:44:36.949 11270 15757 I Routine@Core[4.9.04.13]: RoutineDataMigrator: isAvailableToMigrate() newPackageName:com.samsung.android.app.routines, newTag:rotation_screen_v3, isAvailableToMigrate:true
03-25 09:44:36.949 11270 15757 I Routine@Core[4.9.04.13]: RoutineDataMigrator: isAvailableToMigrate() newPackageName:com.samsung.android.app.routines, newTag:multi_window_tray_v3, isAvailableToMigrate:false
03-25 09:44:36.949 11270 15757 I Routine@Core[4.9.04.13]: RoutineDataMigrator: isAvailableToMigrate() newPackageName:com.samsung.android.app.routines, newTag:dark_mode_v3, isAvailableToMigrate:true
03-25 09:44:36.949 11270 15757 I Routine@Core[4.9.04.13]: RoutineDataMigrator: isAvailableToMigrate() newPackageName:com.samsung.android.app.routines, newTag:bixby_text_command_v3, isAvailableToMigrate:false
03-25 09:44:36.949 11270 15757 I Routine@Core[4.9.04.13]: RoutineDataMigrator: isAvailableToMigrate() newPackageName:com.samsung.android.app.routines, newTag:bixby_quick_command_v3, isAvailableToMigrate:false
03-25 09:44:36.949 11270 15757 I Routine@Core[4.9.04.13]: RoutineDataMigrator: isAvailableToMigrate() newPackageName:com.samsung.android.app.routines, newTag:bixby_voice_wake_up_v3, isAvailableToMigrate:false
03-25 09:44:36.949 11270 15757 I Routine@Core[4.9.04.13]: RoutineDataMigrator: isAvailableToMigrate() newPackageName:com.samsung.android.app.routines, newTag:spotify_playlist_v3, isAvailableToMigrate:true
03-25 09:44:36.949 11270 15757 I Routine@Core[4.9.04.13]: RoutineDataMigrator: isAvailableToMigrate() newPackageName:com.samsung.android.app.routines, newTag:play_media_v3, isAvailableToMigrate:true
03-25 09:44:36.949 11270 15757 I Routine@Core[4.9.04.13]: RoutineDataMigrator: isAvailableToMigrate() newPackageName:com.samsung.android.app.routines, newTag:launch_app_v3, isAvailableToMigrate:true
03-25 09:44:36.949 11270 15757 I Routine@Core[4.9.04.13]: RoutineDataMigrator: isAvailableToMigrate() newPackageName:com.samsung.android.app.routines, newTag:close_app_v3, isAvailableToMigrate:true
03-25 09:44:36.949 11270 15757 I Routine@Core[4.9.04.13]: RoutineDataMigrator: isAvailableToMigrate() newPackageName:com.samsung.android.app.routines, newTag:separate_app_sound_v3, isAvailableToMigrate:true
03-25 09:44:36.949 11270 15757 I Routine@Core[4.9.04.13]: RoutineDataMigrator: isAvailableToMigrate() newPackageName:com.samsung.android.app.routines, newTag:dnd_mode_on_v3, isAvailableToMigrate:true
03-25 09:44:36.949 11270 15757 I Routine@Core[4.9.04.13]: RoutineDataMigrator: isAvailableToMigrate() newPackageName:com.samsung.android.app.routines, newTag:custom_notification_v3, isAvailableToMigrate:true
03-25 09:44:36.949 11270 15757 I Routine@Core[4.9.04.13]: RoutineDataMigrator: isAvailableToMigrate() newPackageName:com.samsung.android.app.routines, newTag:hard_key_v3, isAvailableToMigrate:true
03-25 09:44:36.949 11270 15757 I Routine@Core[4.9.04.13]: RoutineDataMigrator: isAvailableToMigrate() newPackageName:com.samsung.android.app.routines, newTag:quick_decline_message_v3, isAvailableToMigrate:true
03-25 09:44:36.949 11270 15757 I Routine@Core[4.9.04.13]: RoutineDataMigrator: isAvailableToMigrate() newPackageName:com.samsung.android.app.routines, newTag:quick_decline_message_v3, isAvailableToMigrate:true
03-25 09:44:36.949 11270 15757 I Routine@Core[4.9.04.13]: RoutineDataMigrator: isAvailableToMigrate() newPackageName:com.samsung.android.app.routines, newTag:video_enhancer_v3, isAvailableToMigrate:true
03-25 09:44:36.949 11270 15757 I Routine@Core[4.9.04.13]: RoutineDataMigrator: isAvailableToMigrate() newPackageName:com.samsung.android.app.routines, newTag:bluetooth_on_v3, isAvailableToMigrate:true
03-25 09:44:36.949 11270 15757 I Routine@Core[4.9.04.13]: RoutineDataMigrator: isAvailableToMigrate() newPackageName:com.samsung.android.app.routines, newTag:instant_session_v3, isAvailableToMigrate:true
03-25 09:44:36.949 11270 15757 I Routine@Core[4.9.04.13]: RoutineDataMigrator: isAvailableToMigrate() newPackageName:com.samsung.android.app.routines, newTag:airplane_mode_on_v3, isAvailableToMigrate:true
03-25 09:44:36.949 11270 15757 I Routine@Core[4.9.04.13]: RoutineDataMigrator: isAvailableToMigrate() newPackageName:com.samsung.android.app.routines, newTag:mobile_network_mode_setting_v3, isAvailableToMigrate:true
03-25 09:44:36.950 11270 15757 I Routine@Core[4.9.04.13]: RoutineDataMigrator: isAvailableToMigrate() newPackageName:com.samsung.android.app.routines, newTag:mobile_data_on_v3, isAvailableToMigrate:true
03-25 09:44:36.950 11270 15757 I Routine@Core[4.9.04.13]: RoutineDataMigrator: isAvailableToMigrate() newPackageName:com.samsung.android.app.routines, newTag:hotspot_on_v3, isAvailableToMigrate:true
03-25 09:44:36.950 11270 15757 I Routine@Core[4.9.04.13]: RoutineDataMigrator: isAvailableToMigrate() newPackageName:com.samsung.android.app.routines, newTag:gps_on_v3, isAvailableToMigrate:true
03-25 09:44:36.950 11270 15757 I Routine@Core[4.9.04.13]: RoutineDataMigrator: isAvailableToMigrate() newPackageName:com.samsung.android.app.routines, newTag:auto_data_sync_v3, isAvailableToMigrate:true
03-25 09:44:36.950 11270 15757 I Routine@Core[4.9.04.13]: RoutineDataMigrator: isAvailableToMigrate() newPackageName:com.samsung.android.app.routines, newTag:sound_sdk3, isAvailableToMigrate:true
03-25 09:44:36.950 11270 15757 I Routine@Core[4.9.04.13]: RoutineDataMigrator: isAvailableToMigrate() newPackageName:com.samsung.android.app.routines, newTag:vibrate_once, isAvailableToMigrate:true
03-25 09:44:36.950 11270 15757 I Routine@Core[4.9.04.13]: RoutineDataMigrator: isAvailableToMigrate() newPackageName:com.samsung.android.app.routines, newTag:connect_url_sdk3, isAvailableToMigrate:true
03-25 09:44:36.950 11270 15757 I Routine@Core[4.9.04.13]: RoutineDataMigrator: isAvailableToMigrate() newPackageName:com.samsung.android.app.routines, newTag:wifi_on_sdk3, isAvailableToMigrate:true
03-25 09:44:36.950 11270 15757 I Routine@Core[4.9.04.13]: RoutineDataMigrator: isAvailableToMigrate() newPackageName:com.samsung.android.app.routines, newTag:lockscreen_shortcut_v3, isAvailableToMigrate:true
03-25 09:44:36.950 11270 15757 I Routine@Core[4.9.04.13]: RoutineDataMigrator: isAvailableToMigrate() newPackageName:com.samsung.android.app.routines, newTag:launch_app_v3, isAvailableToMigrate:true
03-25 09:44:36.950 11270 15757 I Routine@Core[4.9.04.13]: RoutineDataMigrator: isAvailableToMigrate() newPackageName:com.samsung.android.app.routines, newTag:launch_game_v3, isAvailableToMigrate:true
03-25 09:44:36.950 11270 15757 I Routine@Core[4.9.04.13]: RoutineDataMigrator: isAvailableToMigrate() newPackageName:com.samsung.android.app.routines, newTag:samsung_health_during_exercise_v3, isAvailableToMigrate:false
03-25 09:44:36.950 11270 15757 I Routine@Core[4.9.04.13]: RoutineDataMigrator: isAvailableToMigrate() newPackageName:com.samsung.android.app.routines, newTag:samsung_health_during_exercise_when_starting_v3, isAvailableToMigrate:false
03-25 09:44:36.950 11270 15757 I Routine@Core[4.9.04.13]: RoutineDataMigrator: isAvailableToMigrate() newPackageName:com.samsung.android.app.routines, newTag:notification_with_keyword_v3, isAvailableToMigrate:true
03-25 09:44:36.950 11270 15757 I Routine@Core[4.9.04.13]: RoutineDataMigrator: isAvailableToMigrate() newPackageName:com.samsung.android.app.routines, newTag:specify_wifi_v3, isAvailableToMigrate:true
03-25 09:44:36.950 11270 15757 I Routine@Core[4.9.04.13]: RoutineDataMigrator: isAvailableToMigrate() newPackageName:com.samsung.android.app.routines, newTag:wifi_rssi_v3, isAvailableToMigrate:true
03-25 09:44:36.950 11270 15757 I Routine@Core[4.9.04.13]: RoutineDataMigrator: isAvailableToMigrate() newPackageName:com.samsung.android.app.routines, newTag:specify_bluetooth_v3, isAvailableToMigrate:true
03-25 09:44:36.950 11270 15757 I Routine@Core[4.9.04.13]: RoutineDataMigrator: isAvailableToMigrate() newPackageName:com.samsung.android.app.routines, newTag:specify_bluetooth_only_connected_v3, isAvailableToMigrate:true
03-25 09:44:36.950 11270 15757 I Routine@Core[4.9.04.13]: RoutineDataMigrator: isAvailableToMigrate() newPackageName:com.samsung.android.app.routines, newTag:nfc_tagged_v3, isAvailableToMigrate:true
03-25 09:44:36.950 11270 15757 I Routine@Core[4.9.04.13]: RoutineDataMigrator: isAvailableToMigrate() newPackageName:com.samsung.android.app.routines, newTag:airplane_mode_v3, isAvailableToMigrate:true
03-25 09:44:36.950 11270 15757 I Routine@Core[4.9.04.13]: RoutineDataMigrator: isAvailableToMigrate() newPackageName:com.samsung.android.app.routines, newTag:specific_time_v3, isAvailableToMigrate:true
03-25 09:44:36.950 11270 15757 I Routine@Core[4.9.04.13]: RoutineDataMigrator: isAvailableToMigrate() newPackageName:com.samsung.android.app.routines, newTag:time_v3, isAvailableToMigrate:true
03-25 09:44:36.950 11270 15757 I Routine@Core[4.9.04.13]: RoutineDataMigrator: isAvailableToMigrate() newPackageName:com.samsung.android.app.routines, newTag:plugin_gps_location_v3, isAvailableToMigrate:true
03-25 09:44:36.950 11270 15757 I Routine@Core[4.9.04.13]: RoutineDataMigrator: isAvailableToMigrate() newPackageName:com.samsung.android.app.routines, newTag:plugin_gps_location_only_arrived_v3, isAvailableToMigrate:false
03-25 09:44:36.950 11270 15757 I Routine@Core[4.9.04.13]: RoutineDataMigrator: isAvailableToMigrate() newPackageName:com.samsung.android.app.routines, newTag:calling_v3, isAvailableToMigrate:true
03-25 09:44:36.950 11270 15757 I Routine@Core[4.9.04.13]: RoutineDataMigrator: isAvailableToMigrate() newPackageName:com.samsung.android.app.routines, newTag:during_call_v3, isAvailableToMigrate:true
03-25 09:44:36.950 11270 15757 I Routine@Core[4.9.04.13]: RoutineDataMigrator: isAvailableToMigrate() newPackageName:com.samsung.android.app.routines, newTag:connected_headset_v3, isAvailableToMigrate:true
03-25 09:44:36.950 11270 15757 I Routine@Core[4.9.04.13]: RoutineDataMigrator: isAvailableToMigrate() newPackageName:com.samsung.android.app.routines, newTag:plugged_battery_v3, isAvailableToMigrate:true
03-25 09:44:36.950 11270 15757 I Routine@Core[4.9.04.13]: RoutineDataMigrator: isAvailableToMigrate() newPackageName:com.samsung.android.app.routines, newTag:battery_condition_v3, isAvailableToMigrate:true
03-25 09:44:36.950 11270 15757 I Routine@Core[4.9.04.13]: RoutineDataMigrator: isAvailableToMigrate() newPackageName:com.samsung.android.app.routines, newTag:dex_mode_on_v3, isAvailableToMigrate:true
03-25 09:44:36.950 11270 15757 I Routine@Core[4.9.04.13]: RoutineDataMigrator: isAvailableToMigrate() newPackageName:com.samsung.android.app.routines, newTag:fold_state_v3, isAvailableToMigrate:false
03-25 09:44:36.950 11270 15757 I Routine@Core[4.9.04.13]: RoutineDataMigrator: isAvailableToMigrate() newPackageName:com.samsung.android.app.routines, newTag:ringer_mode_v3, isAvailableToMigrate:true
03-25 09:44:36.950 11270 15757 I Routine@Core[4.9.04.13]: RoutineDataMigrator: isAvailableToMigrate() newPackageName:com.samsung.android.app.routines, newTag:night_mode_v3, isAvailableToMigrate:true
03-25 09:44:36.951 11270 15757 I Routine@Core[4.9.04.13]: RoutineDataMigrator: isAvailableToMigrate() newPackageName:com.samsung.android.app.routines, newTag:wifi_on_sdk3, isAvailableToMigrate:true
03-25 09:44:36.951 11270 15757 I Routine@Core[4.9.04.13]: RoutineDataMigrator: isAvailableToMigrate() newPackageName:com.samsung.android.app.routines, newTag:show_action_list, isAvailableToMigrate:true
03-25 09:44:36.951 11270 15757 I Routine@Core[4.9.04.13]: RoutineDataMigrator: deprecateOldTag() should not deprecate oldTag(show_action_list
03-25 09:44:36.951 11270 15757 I Routine@Core[4.9.04.13]: RoutineDataMigrator: migration - end, results = []
03-25 09:44:36.951 11270 11300 I Routine@Core[4.9.04.13]: WatchMetaUpdateRequester: asyncRequestUpdateMetaToWatch
03-25 09:44:36.951  3255  3363 D PkgPredictorService-SecIpmManagerServiceImpl: bg information pid:5198 uid:10150 pkgName:com.sec.android.app.launcher
03-25 09:44:36.952  3255  5047 I WindowManager: Relayout hash=15b28c5, pid=19720, syncId=-1: mAttrs={(0,0)(984xwrap) gr=CENTER sim={adjust=pan} ty=APPLICATION fmt=TRANSPARENT wanim=0x7f070008 surfaceInsets=Rect(96, 96 - 96, 96)
03-25 09:44:36.952  3255  5047 I WindowManager:   fl=1800002
03-25 09:44:36.952  3255  5047 I WindowManager:   pfl=40000800
03-25 09:44:36.952  3255  5047 I WindowManager:   bhv=1
03-25 09:44:36.952  3255  5047 I WindowManager:   fitTypes=207
03-25 09:44:36.952  3255  5047 I WindowManager:   frameRateBoostOnTouch=true
03-25 09:44:36.952  3255  5047 I WindowManager:   dvrrWindowFrameRateHint=true
03-25 09:44:36.952  3255  5047 I WindowManager:  dimAmount=0.6 naviIconColor=0}
03-25 09:44:36.952 11270 11300 I Routine@Core[4.9.04.13]: GooglePlayServiceChecker: isPackageEnabled: com.google.android.gms - result(true)
03-25 09:44:36.955  3255  4283 D InputTransport: Input channel constructed: 'ClientS', fd=1188
03-25 09:44:36.955  3255  4283 D InputTransport: Input channel destroyed: 'ClientS', fd=1188
03-25 09:44:36.955  2193  2193 I SurfaceFlinger: [LayerHierarchy{RequestedLayerState{com.sec.android.app.launcher/com.sec.android.app.launcher.activities.LauncherActivity$_8884#124365} no children}] reparent to OffscreenRoot
03-25 09:44:36.955  2193  2193 I SurfaceFlinger: [LayerHierarchy{RequestedLayerState{com.sec.android.app.launcher/com.sec.android.app.launcher.activities.LauncherActivity$_8884#124365} no children}] RelativeParent to null
03-25 09:44:36.955  2193  2193 I SurfaceFlinger: [LayerHierarchy{RequestedLayerState{com.sec.android.app.launcher/com.sec.android.app.launcher.activities.LauncherActivity$_5198#124362} no children}] reparent to OffscreenRoot
03-25 09:44:36.955  2193  2193 I SurfaceFlinger: [LayerHierarchy{RequestedLayerState{com.sec.android.app.launcher/com.sec.android.app.launcher.activities.LauncherActivity$_5198#124362} no children}] RelativeParent to null
03-25 09:44:36.955  7676  7838 D InputTransport: Input channel constructed: 'ClientS', fd=140
03-25 09:44:36.955 19730  3145 I SAMSUNGWALLET: [Hint_ProcessStatusChange] fg Change, pid : 5198 , isNotify : true , isForeground : false , fg list : [30705, 19720, 7676]
03-25 09:44:36.956  3255  3367 D SurfaceComposerClient: [SEC_SF_EFFECTS] setBackgroundBlurRadius ## Dim Layer for - Task=15117#124413 backgroundBlurRadius=0
03-25 09:44:36.956  2193  2193 I SurfaceFlinger: id=124362 Removed com.sec.android.app.launcher/com.sec.android.app.launcher.activities.LauncherActivity$_5198#124362 (217)
03-25 09:44:36.956  2193  2193 I SurfaceFlinger: id=124365 Removed com.sec.android.app.launcher/com.sec.android.app.launcher.activities.LauncherActivity$_8884#124365 (217)
03-25 09:44:36.958 19730 31773 I SAMSUNGWALLET: [Hint_ProcessStatusChange] fg Change, pid : 5198 , isNotify : false , isForeground : false , fg list : [30705, 19720, 7676]
03-25 09:44:36.958 19720 19720 I VRI[DialogHostActivity]@f2914ce: Relayout returned: old=(48,693,1032,1554) new=(48,693,1032,1554) relayoutAsync=false req=(984,861)8 dur=27 res=0x2 s={false 0x0} ch=false seqId=0
03-25 09:44:36.958 19720 19720 D VRI[DialogHostActivity]@f2914ce: Not drawing due to not visible. Reason=!mAppVisible && !mForceDecorViewVisibility
03-25 09:44:36.959  7773  7773 D InputMethodService: unregisterCompatOnBackInvokedCallback return because registered : false
03-25 09:44:36.960  7773  7773 D InputMethodService: updateClientDisplayId: displayId=0, mClientDisplayId=0
03-25 09:44:36.960  2193  2553 I SurfaceFlinger: id=124414 createSurf, flag=24004, Surface(name=f59c1f9 InputMethod)/@0xd711e16 - animation-leash of insets_animation#124414
03-25 09:44:36.961  3255  5242 I ImeTracker: system_server:ddb309dc: onRequestHide at ORIGIN_SERVER reason IME_REQUESTED_CHANGED_LISTENER fromUser false
03-25 09:44:36.961  3255  3366 W PhoneWindowManager: lockNow pending, ignore updating lockscreen timeout
03-25 09:44:36.961  3255  3366 D SurfaceComposerClient: setCornerRadius ## b6d62e9 com.android.systemui/com.android.systemui.cover.CoverHomeActivity#122251 cornerRadius=0.000000
03-25 09:44:36.961 19720 20031 D HWUI    : CacheManager::trimMemory(20)
03-25 09:44:36.961  3255  3365 I ImeTracker: system_server:ddb309dc: onCancelled at PHASE_SERVER_SHOULD_HIDE
03-25 09:44:36.961  3255  3366 D SurfaceComposerClient: setCornerRadius ## 374cbc3 com.google.android.permissioncontroller/com.android.permissioncontroller.permission.ui.GrantPermissionsActivity#124405 cornerRadius=0.000000
03-25 09:44:36.961  3255  3366 D SurfaceComposerClient: setCornerRadius ## bead0fb Splash Screen com.payment.app#124395 cornerRadius=0.000000
03-25 09:44:36.962  3255  3366 W PhoneWindowManager: lockNow pending, ignore updating lockscreen timeout
03-25 09:44:36.962  3255  3366 D SurfaceComposerClient: setCornerRadius ## 374cbc3 com.google.android.permissioncontroller/com.android.permissioncontroller.permission.ui.GrantPermissionsActivity#124405 cornerRadius=0.000000
