03-25 09:44:36.706  4709  4796 I SurfaceControlRegistry: show, t=FinishTransaction_SyncId<8674> sc=Task=15117, caller=android.view.SurfaceControl$Transaction.show:3557 com.android.wm.shell.transition.Transitions.dispatchReady:1330 com.android.wm.shell.transition.Transitions.onTransitionReady:251 com.android.wm.shell.transition.Transitions$TransitionPlayerImpl$$ExternalSyntheticLambda0.run:13 android.os.Handler.handleCallback:995 android.os.Handler.dispatchMessage:103
03-25 09:44:36.706  4709  4796 I SurfaceControlRegistry: show, t=StartTransaction_SyncId<8674> sc=Transition Root: Task=15117, caller=android.view.SurfaceControl$Transaction.show:3557 com.android.wm.shell.transition.Transitions.playTransition:79 com.android.wm.shell.transition.Transitions.processReadyQueue:239 com.android.wm.shell.transition.Transitions.dispatchReady:1352 com.android.wm.shell.transition.Transitions.onTransitionReady:251 com.android.wm.shell.transition.Transitions$TransitionPlayerImpl$$ExternalSyntheticLambda0.run:13
03-25 09:44:36.707 25125 25125 I DWBr    : onTrimMemory(40)
03-25 09:44:36.707 25125 25125 E DWBg    : LocalPkgManager MemoryTrimmable
03-25 09:44:36.708 25125 25125 E DWBn    : UsageDataManager MemoryTrimmable
03-25 09:44:36.708 25125 25125 I DWBn    : Retrieve CLEAR_CACHED_DATA
03-25 09:44:36.708 25125 25125 I DWBn    : No Request Data
03-25 09:44:36.708 25125 25125 I DWBr    : onTrimMemory(40)
03-25 09:44:36.708 25125 25125 E DWBg    : LocalPkgManager MemoryTrimmable
03-25 09:44:36.708 25125 25125 E DWBn    : UsageDataManager MemoryTrimmable
03-25 09:44:36.708 25125 25125 I DWBn    : Retrieve CLEAR_CACHED_DATA
03-25 09:44:36.708 25125 25125 I DWBn    : No Request Data
03-25 09:44:36.708  4709  4796 I SurfaceControlRegistry: apply, t=StartTransaction_SyncId<8674>, caller=android.view.SurfaceControl$Transaction.apply:3459 android.view.SurfaceControl$Transaction.apply:3447 android.view.SurfaceControl$Transaction.apply:3397 com.android.wm.shell.transition.DefaultTransitionHandler.startAnimation:3387 com.android.wm.shell.transition.Transitions.dispatchTransition:90 com.android.wm.shell.transition.Transitions.playTransition:774
03-25 09:44:36.708 25125 25125 I DWBh    : onPackageAdded : com.payment.app.test
03-25 09:44:36.709  4709  4864 D StackScroller: onDisplayChanged for predraw skip to 2
03-25 09:44:36.709  4709  4864 D StackScroller: onDisplayChanged for predraw skip to 2
03-25 09:44:36.710  4709  4709 D SamsungLightBarControlHelper: updateStatusBar (BLACK icon) numStacks:1, StatusBarMode:MODE_TRANSPARENT, lightBarBounds:[Rect(0, 0 - 1080, 2316)], StatusBarState:SHADE, packageName:, isWhiteKeyguardStatusBar:false
03-25 09:44:36.710  4709  4709 D SamsungLightBarControlHelper: onStatusBarAppearanceChanged() -  sbModeChanged:false, statusBarMode:0, barState:MODE_TRANSPARENT, isKeyguardShowing:false, navbarColorManagedByIme:false, (AppearanceRegion{LIGHT_STATUS_BARS bounds=[0,0][1080,2316]}, )
03-25 09:44:36.710  4709  4709 D NavigationBar: onSystemBarAttributesChanged() -  displayId:0, appearance:24, packageName: com.payment.app (APPEARANCE_LIGHT_STATUS_BARS APPEARANCE_LIGHT_NAVIGATION_BARS ), navbarColorManagedByIme:false
03-25 09:44:36.710  4709  4709 D SamsungLightBarControlHelper: updateNavigationBar (BLACK button) isLightOpaque:false, hasLightNavigationBarFlag:true, packageName:com.payment.app, DirectReplying:false, NavBarColorMangedByIme:false, ForceDarkForScrim:false, ForceLightForScrim:false, QsCustomizing:false, QsExpanded:false
03-25 09:44:36.710 19720 19720 I InsetsSourceConsumer: applyRequestedVisibilityToControl: visible=true, type=statusBars, host=com.domobile.applockwatcher/com.domobile.applockwatcher.ui.common.controller.DialogHostActivity
03-25 09:44:36.710  4709  4816 D SurfaceComposerClient: setCornerRadius ## Task=15117#124393 cornerRadius=9.000000
03-25 09:44:36.711 19720 19720 I InsetsSourceConsumer: applyRequestedVisibilityToControl: visible=true, type=navigationBars, host=com.domobile.applockwatcher/com.domobile.applockwatcher.ui.common.controller.DialogHostActivity
03-25 09:44:36.711  5198 26372 I HoneySpace.RecentTasks: onRunningTaskAppeared
03-25 09:44:36.711  5198 26372 I HoneySpace.RecentTasks: onRecentTasksChanged
03-25 09:44:36.711 19720 19720 I ImeFocusController: onPreWindowFocus: skipped hasWindowFocus=false mHasImeFocus=true
03-25 09:44:36.711  2193  2549 I SurfaceFlinger: id=124383 Removed Surface(name=e0e4ad7 StatusBar)/@0x47ae321 - animation-leash of insets_animation#124383 (215)
03-25 09:44:36.711  2193  2549 I SurfaceFlinger: id=124384 Removed Surface(name=ec3cec0 NavigationBar0)/@0x7cffa34 - animation-leash of insets_animation#124384 (215)
03-25 09:44:36.711 19720 19720 I ImeFocusController: onPostWindowFocus: skipped hasWindowFocus=false mHasImeFocus=true
03-25 09:44:36.711 25125 25125 I DWBAppTimerReceiver: com.samsung.android.forest.PACKAGE_ADDED received
03-25 09:44:36.711 30705 30705 D LifecycleMonitor: Lifecycle status change: com.payment.app.MainActivity@607c48 in: PRE_ON_CREATE
03-25 09:44:36.712 30705 30705 V ActivityScenario: Activity lifecycle changed event received but ignored because the reported transition was not ON_CREATE while the last known transition was PRE_ON_CREATE
03-25 09:44:36.714  3255  3367 D SurfaceComposerClient: [SEC_SF_EFFECTS] setBackgroundBlurRadius ## Dim Layer for - Task=15116#124391 backgroundBlurRadius=0
03-25 09:44:36.714  2193  2193 I SurfaceFlinger: RequestedLayer [bead0fb Splash Screen com.payment.app#124395] hidden!! flag  from(1) --> to(0)
03-25 09:44:36.714  2193  2193 I SurfaceFlinger: RequestedLayer [Splash Screen com.payment.app$_4709#124398] hidden!! flag  from(1) --> to(0)
03-25 09:44:36.714  2193  2193 I SurfaceFlinger: RequestedLayer [Task=15117#124393] hidden!! flag  from(1) --> to(0)
03-25 09:44:36.714  2193  2193 E SurfaceFlinger: alpha changed 1.000 -> 0.000 - Task=15117#124393
03-25 09:44:36.714  2193  2193 I SurfaceFlinger: RequestedLayer [Transition Root: Task=15117#124399] hidden!! flag  from(1) --> to(0)
03-25 09:44:36.714  2193  2193 I SurfaceFlinger: RequestedLayer [ActivityRecord{154722305 u0 com.payment.app/.MainActivity t15117}#124394] hidden!! flag  from(1) --> to(0)
03-25 09:44:36.714  2193  2193 E SurfaceFlinger: alpha changed 0.000 -> 0.000 - Task=15117#124393
03-25 09:44:36.714  2193  2193 I SurfaceFlinger: destroyed Surface(name=ec3cec0 NavigationBar0)/@0x7cffa34 - animation-leash of insets_animation#124384 form LifecycleManager
03-25 09:44:36.714  2193  2193 I SurfaceFlinger: destroyed Surface(name=e0e4ad7 StatusBar)/@0x47ae321 - animation-leash of insets_animation#124383 form LifecycleManager
03-25 09:44:36.714  2193  2193 I SurfaceFlinger: [LayerHierarchy{RequestedLayerState{Task=1#53 parentId=124399 z=3} 1 children}] reparent to LayerHierarchy{RequestedLayerState{Transition Root: Task=15117#124399 parentId=10 z=10} 1 children}
03-25 09:44:36.714  2193  2193 I SurfaceFlinger: [LayerHierarchy{RequestedLayerState{ec3cec0 NavigationBar0#99 parentId=124401} 1 children}] reparent to LayerHierarchy{RequestedLayerState{Surface(name=ec3cec0 NavigationBar0)/@0x7cffa34 - animation-leash of insets_animation#124401 parentId=98} 1 children}
03-25 09:44:36.714  2193  2193 I SurfaceFlinger: [LayerHierarchy{RequestedLayerState{e0e4ad7 StatusBar#103 parentId=124400} 1 children}] reparent to LayerHierarchy{RequestedLayerState{Surface(name=e0e4ad7 StatusBar)/@0x47ae321 - animation-leash of insets_animation#124400 parentId=102} 1 children}
03-25 09:44:36.714  2193  2193 I SurfaceFlinger: [LayerHierarchy{RequestedLayerState{Task=15116#124380 parentId=124399 z=4} 1 children}] reparent to LayerHierarchy{RequestedLayerState{Transition Root: Task=15117#124399 parentId=10 z=10} 2 children}
03-25 09:44:36.714  2193  2193 I SurfaceFlinger: [LayerHierarchy{RequestedLayerState{Task=15117#124393 parentId=124399 z=9} 1 children}] reparent to LayerHierarchy{RequestedLayerState{Transition Root: Task=15117#124399 parentId=10 z=10} 3 children}
03-25 09:44:36.714  2193  2193 I SurfaceFlinger: [LayerHierarchy{RequestedLayerState{Surface(name=e0e4ad7 StatusBar)/@0x47ae321 - animation-leash of insets_animation#124396} no children}] reparent to OffscreenRoot
03-25 09:44:36.714  2193  2193 I SurfaceFlinger: [LayerHierarchy{RequestedLayerState{Surface(name=e0e4ad7 StatusBar)/@0x47ae321 - animation-leash of insets_animation#124396} no children}] RelativeParent to null
03-25 09:44:36.714  2193  2193 I SurfaceFlinger: [LayerHierarchy{RequestedLayerState{Surface(name=ec3cec0 NavigationBar0)/@0x7cffa34 - animation-leash of insets_animation#124397} no children}] reparent to OffscreenRoot
03-25 09:44:36.714  2193  2193 I SurfaceFlinger: [LayerHierarchy{RequestedLayerState{Surface(name=ec3cec0 NavigationBar0)/@0x7cffa34 - animation-leash of insets_animation#124397} no children}] RelativeParent to null
03-25 09:44:36.714  2193  2193 I SurfaceFlinger: id=124384 onLayerDestroyed from LayerHierarchyBuilder(RequestedLayerState{Surface(name=ec3cec0 NavigationBar0)/@0x7cffa34 - animation-leash of insets_animation#124384 !handle})
03-25 09:44:36.714  2193  2193 I SurfaceFlinger: id=124383 onLayerDestroyed from LayerHierarchyBuilder(RequestedLayerState{Surface(name=e0e4ad7 StatusBar)/@0x47ae321 - animation-leash of insets_animation#124383 !handle})
03-25 09:44:36.714  2193  2193 I Layer   : id=124384 Destroyed Surface(name=ec3cec0 NavigationBar0)/@0x7cffa34 - animation-leash of insets_animation#124384
03-25 09:44:36.714  2193  2193 I Layer   : id=124383 Destroyed Surface(name=e0e4ad7 StatusBar)/@0x47ae321 - animation-leash of insets_animation#124383
03-25 09:44:36.715  4709  4816 D SurfaceComposerClient: setCornerRadius ## Task=15117#124393 cornerRadius=9.000000
03-25 09:44:36.715  3255  3366 W PhoneWindowManager: lockNow pending, ignore updating lockscreen timeout
03-25 09:44:36.715  3255  3366 D SurfaceComposerClient: setCornerRadius ## b6d62e9 com.android.systemui/com.android.systemui.cover.CoverHomeActivity#122251 cornerRadius=0.000000
03-25 09:44:36.716  3255  3366 W PhoneWindowManager: lockNow pending, ignore updating lockscreen timeout
03-25 09:44:36.716  3255  3366 D SurfaceComposerClient: setCornerRadius ## bead0fb Splash Screen com.payment.app#124395 cornerRadius=0.000000
03-25 09:44:36.718  4709  4709 D NavBarStateManager: NavBarStates(0) canUseNavBarBackgroundFrame: false
03-25 09:44:36.719  4709  4847 I VRI[app]@630ae83: onActiveControlsChanged, removed=false, mAdded=true, caller=android.view.ViewRootImpl.handleInsetsControlChanged:3002 android.view.ViewRootImpl$ViewRootHandler.handleMessageImpl:8352 android.view.ViewRootImpl$ViewRootHandler.handleMessage:8301 android.os.Handler.dispatchMessage:110 android.os.Looper.loopOnce:273
03-25 09:44:36.719  4709  4847 I InsetsSourceConsumer: applyRequestedVisibilityToControl: visible=true, type=statusBars, host=Splash Screen com.payment.app
03-25 09:44:36.719  4709  4847 I InsetsSourceConsumer: applyRequestedVisibilityToControl: visible=true, type=navigationBars, host=Splash Screen com.payment.app
03-25 09:44:36.722  3255  3367 D SurfaceComposerClient: [SEC_SF_EFFECTS] setBackgroundBlurRadius ## Dim Layer for - Task=15116#124391 backgroundBlurRadius=0
03-25 09:44:36.723  4709  4816 D SurfaceComposerClient: setCornerRadius ## Task=15117#124393 cornerRadius=9.000000
03-25 09:44:36.730  2193  2193 E SurfaceFlinger: alpha changed 0.000 -> 0.080 - Task=15117#124393
03-25 09:44:36.730  3255  3367 D SurfaceComposerClient: [SEC_SF_EFFECTS] setBackgroundBlurRadius ## Dim Layer for - Task=15116#124391 backgroundBlurRadius=0
03-25 09:44:36.732  4709  4816 D SurfaceComposerClient: setCornerRadius ## Task=15117#124393 cornerRadius=9.000000
03-25 09:44:36.732  1035  1035 I lmkd    : 1(delay), 0(swap), 0(freelimit), 0(reentrymode) memory pressure events were skipped after a kill!
03-25 09:44:36.734  2193  2193 D SurfaceFlinger: Display 4630947093241269891 HWC layers:
03-25 09:44:36.734  2193  2193 D SurfaceFlinger:        DEVICE |           39917426049057 | 00000100 | RGBA_8888    |    0.0    0.0 1080.0 2316.0 |    0    0 1080 2316 | Wallpaper BBQ wrapper 5_system#103839 (1123)
03-25 09:44:36.734  2193  2193 D SurfaceFlinger:        DEVICE |           22325240023303 | 00002100 | RGBA_8888    |    0.0    0.0 1080.0 2316.0 |    0    0 1080 2316 | com.sec.android.app.launcher/com.sec[...]vities.LauncherActivity$_5198#124362 (78)
03-25 09:44:36.734  2193  2193 D SurfaceFlinger:        DEVICE |           84696755077213 | 00002100 | RGBA_8888    |    0.0    0.0 1080.0 2316.0 |    0    0 1080 2316 | com.domobile.applockwatcher/com.domo[...]ler.DialogHostActivity$_19720#124387 (1)
03-25 09:44:36.734  2193  2193 D SurfaceFlinger:   SOLID_COLOR |                        0 | 00000000 | N/A          |    0.0    0.0    0.0    0.0 |    0    0 1080 2316 | Dim Layer for - Task=15116#124391 (0)
03-25 09:44:36.734  2193  2193 D SurfaceFlinger:        DEVICE |           84696755077211 | 00002100 | RGBA_8888    |   48.0    0.0 1128.0 1053.0 |    0  597 1080 1650 | com.domobile.applockwatcher/com.domo[...]ler.DialogHostActivity$_19720#124386 (2)
03-25 09:44:36.734  2193  2193 D SurfaceFlinger:        CLIENT |           20225001072834 | 00002
03-25 09:44:36.734  2193  2193 D SurfaceFlinger: 100 | RGBA_8888    |    0.0    0.0 1080.0 2316.0 |   79  169 1001 2147 | Splash Screen com.payment.app$_4709#124398 (1)
03-25 09:44:36.734  2193  2193 D SurfaceFlinger:        DEVICE |          117402931036393 | 00002100 | RGBA_8888    |    0.0    0.0  226.0  210.0 |  854 1066 1080 1276 | $_27335#123844 (32)
03-25 09:44:36.734  2193  2193 D SurfaceFlinger:        DEVICE |           20225001072408 | 00002100 | RGBA_8888    |    0.0    0.0 1080.0   75.0 |    0    0 1080   75 | StatusBar$_4709#110 (373527)
03-25 09:44:36.734  2193  2193 D SurfaceFlinger:        DEVICE |           22325240023306 | 00002100 | RGBA_8888    |    0.0    0.0   67.0  297.0 | 1013  517 1080  814 | com.sec.android.app.launcher/com.sam[...].app.CocktailBarService$_5198#124378 (1)
03-25 09:44:36.734  2193  2193 D SurfaceFlinger:        DEVICE |           20225001072414 | 00002100 | RGBA_8888    |    0.0    0.0 1080.0  144.0 |    0 2172 1080 2316 | NavigationBar0$_4709#106 (159048)
03-25 09:44:36.734  2193  2193 D SurfaceFlinger:
03-25 09:44:36.734  2193  4335 D NativeSemDvfsManager: acquire:: timeout = 2000 mIsAcquired = 1  mTagName : SurfaceFlinger
03-25 09:44:36.734  2193  4335 E NativeCustomFrequencyManager: [NativeCFMS] BpCustomFrequencyManager::acquire()
03-25 09:44:36.734  2112  2197 I HYPER-HAL: [RequestManager.cpp]acquire(): Acquired ID : 5100221  [2193 / 1000]    HINT : SF_GPU_MINLOCK    list : [TIMEOUT / 2000]
03-25 09:44:36.735 25125 25125 I DWBContentProvider: update (content://com.samsung.android.forest.db/persistenceParentalcontrol)
03-25 09:44:36.736 25125 25125 I DWBd    : isChild ? false
03-25 09:44:36.739  3255  3367 D SurfaceComposerClient: [SEC_SF_EFFECTS] setBackgroundBlurRadius ## Dim Layer for - Task=15116#124391 backgroundBlurRadius=0
03-25 09:44:36.739  2193  2193 D SurfaceFlinger: GPIS:: requestGPISForClientComposition
03-25 09:44:36.740  4709  4816 D SurfaceComposerClient: setCornerRadius ## Task=15117#124393 cornerRadius=9.000000
03-25 09:44:36.740 30705 30705 D DesktopModeFlags: Toggle override initialized to: OVERRIDE_UNSET
03-25 09:44:36.740 25125 25125 I DWBh    : onPackageAdded : com.payment.app
03-25 09:44:36.744 30705 30705 I DecorView: setWindowBackground: isPopOver=false color=fffafafa d=android.graphics.drawable.ColorDrawable@561d54
03-25 09:44:36.744 25125 25125 I DWBAppTimerReceiver: com.samsung.android.forest.PACKAGE_REMOVED received
03-25 09:44:36.747  3255  3367 D SurfaceComposerClient: [SEC_SF_EFFECTS] setBackgroundBlurRadius ## Dim Layer for - Task=15116#124391 backgroundBlurRadius=0
03-25 09:44:36.750  4709  4816 D SurfaceComposerClient: setCornerRadius ## Task=15117#124393 cornerRadius=9.000000
03-25 09:44:36.750  3255  5551 I SemDvfsHyPerManager: acquire hyper - AMS_APP_SWITCH/3255@24, type = -999
03-25 09:44:36.750  2193  2553 I SurfaceFlinger: id=124403 createSurf, flag=84004, ActivityRecord{24686893 u0 com.google.android.permissioncontroller/com.android.permissioncontroller.permission.ui.GrantPermissionsActivity t15117}#124403
03-25 09:44:36.751  7914  7914 I SemDvfsHyPerManager: acquire hyper - APP_START_SHORT/7914@22, type = -999
03-25 09:44:36.751  2112  2197 I HYPER-HAL: [RequestManager.cpp]acquire(): Acquired ID : 5377584  [3255 / 24]    HINT : AMS_APP_SWITCH    list :
03-25 09:44:36.751  2112  2197 I HYPER-HAL: [RequestManager.cpp]acquire(): Acquired ID : 31494038  [7914 / 22]    HINT : APP_START    list : [TIMEOUT / 1500]
03-25 09:44:36.754  5685  5685 E pageboostd: Received HALT command code 2
03-25 09:44:36.754  4709  4796 D ShellDesktopMode: handleRequest: TransitionRequestInfo {type=1, tid=15117, debugId=8675}
03-25 09:44:36.755  2193  2193 I SurfaceFlinger: [ActivityRecord{24686893 u0 com.google.android.permissioncontroller/com.android.permissioncontroller.permission.ui.GrantPermissionsActivity t15117}#124403] attach to parent LayerHierarchy{RequestedLayerState{Task=15117#124393 parentId=124399 z=9} 2 children}
03-25 09:44:36.755  5198 26372 I HoneySpace.RecentTasks: onRecentTasksChanged
03-25 09:44:36.756  3255  3367 D SurfaceComposerClient: [SEC_SF_EFFECTS] setBackgroundBlurRadius ## Dim Layer for - Task=15116#124391 backgroundBlurRadius=0
03-25 09:44:36.757  4709  4816 D SurfaceComposerClient: setCornerRadius ## Task=15117#124393 cornerRadius=9.000000
03-25 09:44:36.757 11270 15757 I Routine@Core[4.9.04.13]: AppFunctionsActionHandler: isSupported: supportStatus = SUPPORTED, tag = appfunction://com.samsung.android.app.calendar.crossapp#CrossAppEvent_updateEvent
03-25 09:44:36.758  7850  8615 I [AirCmd]_ActivitySwitchDetector: onTaskStackChanged : componentName - ComponentInfo{com.google.android.permissioncontroller/com.android.permissioncontroller.permission.ui.GrantPermissionsActivity}
03-25 09:44:36.758  7850  8615 I [AirCmd]_ActivitySwitchDetector: onTaskStackChanged :top mTopMostActivity - ComponentInfo{com.payment.app/com.payment.app.MainActivity}
03-25 09:44:36.761  7914  8352 I SemDvfsHyPerManager: acquire hyper - TABaseBoost/7914@28, type = -999
03-25 09:44:36.762  7850  8615 I [AirCmd]_CallbackRepeater: stopRepeat : isWorking=false
03-25 09:44:36.762  2112  2197 I HYPER-HAL: [RequestManager.cpp]acquire(): Acquired ID : 31541681  [7914 / 28]    HINT :      list : [TABoost / 1]
03-25 09:44:36.762  7850  8615 I [AirCmd]_MediaControlStateMonitor: isForegroundAppSupportsMediaButton : mediaSession is empty
03-25 09:44:36.762 30705 30705 D LifecycleMonitor: Lifecycle status change: com.payment.app.MainActivity@607c48 in: CREATED
03-25 09:44:36.762 30705 30705 V ActivityScenario: Update currentActivityStage to CREATED, currentActivity=com.payment.app.MainActivity@607c48
03-25 09:44:36.762  7850  8615 E [AirCmd]_MediaControlStateMonitor: getActiveNotificationPackageName : notification service monitor is null
03-25 09:44:36.763 30705 30705 D LifecycleMonitor: Lifecycle status change: com.payment.app.MainActivity@607c48 in: STARTED
03-25 09:44:36.763 30705 30705 V ActivityScenario: Update currentActivityStage to STARTED, currentActivity=com.payment.app.MainActivity@607c48
03-25 09:44:36.763  7850  8615 I [AirCmd]_ButtonEventDetectionThread: enableDoubleClickDetection: enabled= true, doubleClickWaitInterval=300
03-25 09:44:36.763  3255  3367 D SurfaceComposerClient: [SEC_SF_EFFECTS] setBackgroundBlurRadius ## Dim Layer for - Task=15116#124391 backgroundBlurRadius=0
03-25 09:44:36.764  4709  4816 D SurfaceComposerClient: setCornerRadius ## Task=15117#124393 cornerRadius=9.000000
03-25 09:44:36.768 30705 30705 D LifecycleMonitor: Lifecycle status change: com.payment.app.MainActivity@607c48 in: RESUMED
03-25 09:44:36.768 30705 30705 V ActivityScenario: Update currentActivityStage to RESUMED, currentActivity=com.payment.app.MainActivity@607c48
03-25 09:44:36.771 11270 15757 I Routine@Core[4.9.04.13]: TASKD/ActionTaskAdapterFactoryImpl: getAdapter - metaId=appfunction://com.samsung.android.app.calendar.crossapp#CrossAppEvent_showEvent(id=419)
03-25 09:44:36.772  3255  3367 D SurfaceComposerClient: [SEC_SF_EFFECTS] setBackgroundBlurRadius ## Dim Layer for - Task=15116#124391 backgroundBlurRadius=0
03-25 09:44:36.773  4709  4816 D SurfaceComposerClient: setCornerRadius ## Task=15117#124393 cornerRadius=9.000000
03-25 09:44:36.775 30705 30705 D ViewRootImpl: desktopMode is false
03-25 09:44:36.777 30705 30705 I ViewRootImpl: dVRR is disabled
03-25 09:44:36.778 30705 30705 D HardwareRenderer: onDisplayChanged. displayId=0 current wxh=1080x2316 mLargest wxh=0x0
03-25 09:44:36.778 30705 30705 D HardwareRenderer: Set largestWidth and largestHeight as logical resolution. (1080x2316)
03-25 09:44:36.778 30705 30741 D HWUI    : setMaxSurfaceArea requested wxh=(1080,2316) requestedSurfaceArea(2501280) mMaxSurfaceArea(2073600)
03-25 09:44:36.778 30705 30741 D NativeCustomFrequencyManager: [NativeCFMS] BpCustomFrequencyManager::BpCustomFrequencyManager()
03-25 09:44:36.778 25125 25125 I DWBContentProvider: update (content://com.samsung.android.forest.db/persistenceParentalcontrol)
03-25 09:44:36.780  3255  3367 D SurfaceComposerClient: [SEC_SF_EFFECTS] setBackgroundBlurRadius ## Dim Layer for - Task=15116#124391 backgroundBlurRadius=0
03-25 09:44:36.780 25125 25125 I DWBd    : isChild ? false
03-25 09:44:36.781  4709  4816 D SurfaceComposerClient: setCornerRadius ## Task=15117#124393 cornerRadius=9.000000
03-25 09:44:36.784  3255  7910 D InputTransport: Input channel constructed: '26a6de0', fd=1159
03-25 09:44:36.784  3255  7910 D InputTransport: Input channel constructed: '26a6de0', fd=1181
03-25 09:44:36.785  3255  7910 D InputTransport: Input channel constructed: '26a6de0', fd=1188
03-25 09:44:36.785  3255  7910 D InputTransport: Input channel destroyed: '26a6de0', fd=1181
03-25 09:44:36.785  2193  2320 I SurfaceFlinger: id=124404 createSurf, flag=84004, 26a6de0 com.payment.app/com.payment.app.MainActivity#124404
03-25 09:44:36.785 25125 25125 I DWBh    : onPackageDeleted : com.payment.app.test
03-25 09:44:36.786  3255  7910 D InputTransport: Input channel destroyed: '26a6de0', fd=1188
03-25 09:44:36.786 30705 30705 D InputTransport: Input channel constructed: '26a6de0', fd=139
03-25 09:44:36.787 30705 30705 I InsetsController: onStateChanged: host=com.payment.app/com.payment.app.MainActivity, from=android.view.ViewRootImpl.onInsetsStateChanged:3026, state=InsetsState: {mDisplayFrame=Rect(0, 0 - 1080, 2316), mDisplayCutout=DisplayCutout{insets=Rect(0, 75 - 0, 0) waterfall=Insets{left=0, top=0, right=0, bottom=0} boundingRect={Bounds=[Rect(0, 0 - 0, 0), Rect(513, 0 - 567, 75), Rect(0, 0 - 0, 0), Rect(0, 0 - 0, 0)]} cutoutPathParserInfo={CutoutPathParserInfo{displayWidth=1080 displayHeight=2316 physicalDisplayWidth=1080 physicalDisplayHeight=2316 density={2.8125} cutoutSpec={M 0,0 H -9.466666666666667 V 26.66666666666667‬ H 9.466666666666667 V 0 H 0 Z @dp} rotation={0} scale={1.0} physicalPixelDisplaySizeRatio={1.0}}} sideOverrides={}}, mRoundedCorners=RoundedCorners{[RoundedCorner{position=TopLeft, radius=12, center=Point(12, 12)}, RoundedCorner{position=TopRight, radius=12, center=Point(1068, 12)}, RoundedCorner{position=BottomRight, radius=12, center=Point(1068, 2304)}, RoundedCorner{position=BottomLeft, radius=12, center=Point(12, 2304)}]}  mRoundedCornerFrame=Rect(0, 0 - 1080, 2316), mPrivacyIndicatorBounds=PrivacyIndicatorBounds {static bounds=Rect(948, 0 - 1080, 75) rotation=0}, mDisplayShape=DisplayShape{ spec=-311912193 displayWidth=1080 displayHeight=2316 physicalPixelDisplaySizeRatio=0.75 rotation=0 offsetX=0 offsetY=0 scale=1.0}, mSources= { InsetsSource: {b32e0001 mType=navigationBars mFrame=[0,2172][1080,2316] mVisible=true mFlags= mSideHint=BOTTOM mBoundingRects=null}, InsetsSource: {b32e0004 mType=systemGestures mFrame=[0,0][0,0] mVisible=true mFlags= mSideHint=NONE mBoundingRects=null}, InsetsSource: {b32e0005 mType=mandatorySystemGestures mFrame=[0,2172][1080,2316] mVisible=true mFlags= mSideHint=BOTTOM mBoundingRects=null}, InsetsSource: {b32e0006 mType=tappableElement mFrame=[0,2172][1080,2316] mVisible=true mFlags= mSideHint=BOTTOM mBoundingRects=null}, InsetsSource: {b32e0024 mType=systemGestures mFrame=[0,0][0,0] mVisible=true mFlags= mSideHint=NONE mBoundingRects=null}, InsetsSource: {bd7f0000 mType=statusBars mFrame=[0,0][1080,75] mVisible=true mFlags= mSideHint=TOP mBoundingRects=null}, InsetsSource: {bd7f0005 mType=mandatorySystemGestures mFrame=[0,0][1080,111] mVisible=true mFlags= mSideHint=TOP mBoundingRects=null}, InsetsSource: {bd7f0006 mType=tappableElement mFrame=[0,0][1080,75] mVisible=true mFlags= mSideHint=TOP mBoundingRects=null}, InsetsSource: {3 mType=ime mFrame=[0,0][0,0] mVisible=false mFlags= mSideHint=NONE mBoundingRects=null}, InsetsSource: {27 mType=displayCutout mFrame=[0,0][1080,75] mVisible=true mFlags= mSideHint=TOP mBoundingRects=null} }
03-25 09:44:36.788  2193  2193 I SurfaceFlinger: [26a6de0 com.payment.app/com.payment.app.MainActivity#124404] attach to parent LayerHierarchy{RequestedLayerState{ActivityRecord{154722305 u0 com.payment.app/.MainActivity t15117}#124394 parentId=124393} 3 children}
03-25 09:44:36.788  3255  3367 D SurfaceComposerClient: [SEC_SF_EFFECTS] setBackgroundBlurRadius ## Dim Layer for - Task=15116#124391 backgroundBlurRadius=0
03-25 09:44:36.789 25125 25125 I DWBr    : onTrimMemory(40)
03-25 09:44:36.789 25125 25125 E DWBg    : LocalPkgManager MemoryTrimmable
03-25 09:44:36.789 25125 25125 E DWBn    : UsageDataManager MemoryTrimmable
03-25 09:44:36.789 25125 25125 I DWBn    : Retrieve CLEAR_CACHED_DATA
03-25 09:44:36.789 25125 25125 I DWBn    : No Request Data
03-25 09:44:36.789  4709  4816 D SurfaceComposerClient: setCornerRadius ## Task=15117#124393 cornerRadius=9.000000
03-25 09:44:36.789 30705 30705 I VRI[MainActivity]@4531433: synced displayState. AttachInfo displayState=2
03-25 09:44:36.792 30705 30705 I VRI[MainActivity]@4531433: setView = com.android.internal.policy.DecorView@a20c08f IsHRR=false mFlingFrameRateChange=0 TM=true
03-25 09:44:36.792 30705 30705 I IDS_TAG : Starting IDS observe window
03-25 09:44:36.793 30705 30705 I IDS_TAG : Getting Shared Preference for com.payment.app.PaymentApp@623f556 uid = 11019
03-25 09:44:36.794 30705 30705 I IDS_TAG : App com.payment.app.PaymentApp@623f556 has not finished training
03-25 09:44:36.795 30705 30705 D LifecycleMonitor: Lifecycle status change: com.payment.app.MainActivity@607c48 in: PAUSED
03-25 09:44:36.795 30705 30705 V ActivityScenario: Update currentActivityStage to PAUSED, currentActivity=com.payment.app.MainActivity@607c48
03-25 09:44:36.796  2147  2147 E ANDR-PERF-MPCTL: ANDR-PERF-MPCTL: internal_perf_lock_acq_verification() 385: Perflock Submit request limit reached.
03-25 09:44:36.797  2193  2193 I SurfaceFlinger: RequestedLayer [26a6de0 com.payment.app/com.payment.app.MainActivity#124404] hidden!! flag  from(1) --> to(0)
03-25 09:44:36.797  3255  3367 D SurfaceComposerClient: [SEC_SF_EFFECTS] setBackgroundBlurRadius ## Dim Layer for - Task=15116#124391 backgroundBlurRadius=0
03-25 09:44:36.797 25125 30753 I SEP_UNION_SemUnionManager: getUnionService(semeventdelegator)
03-25 09:44:36.798  3255  7910 D InputDispatcher: Focused application(0): ActivityRecord{24686893 u0 com.google.android.permissioncontroller/com.android.permissioncontroller.permission.ui.GrantPermissionsActivity t15117}
03-25 09:44:36.798  3255  7910 W PhoneWindowManager: lockNow pending, ignore updating lockscreen timeout
03-25 09:44:36.798  3255  7910 D SurfaceComposerClient: setCornerRadius ## b6d62e9 com.android.systemui/com.android.systemui.cover.CoverHomeActivity#122251 cornerRadius=0.000000
03-25 09:44:36.799  3255  7910 W PhoneWindowManager: lockNow pending, ignore updating lockscreen timeout
03-25 09:44:36.799  3255  7910 D SurfaceComposerClient: setCornerRadius ## bead0fb Splash Screen com.payment.app#124395 cornerRadius=0.000000
03-25 09:44:36.799  3255  7910 D SurfaceComposerClient: setCornerRadius ## 26a6de0 com.payment.app/com.payment.app.MainActivity#124404 cornerRadius=0.000000
03-25 09:44:36.799  3255  8381 D SEP_UNION_SemDeviceInfoManagerService: Unregister intent = android.intent.action.PACKAGE_FULLY_REMOVED, , package = com.samsung.android.forest, userId = 0
03-25 09:44:36.800  3255  8381 D SEP_UNION_SemDeviceInfoManagerService: Unregister intent = android.intent.action.PACKAGE_ADDED, , package = com.samsung.android.forest, userId = 0
03-25 09:44:36.800  3255  8381 D SEP_UNION_SemDeviceInfoManagerService: No item for the calling package in the component list.
03-25 09:44:36.801  4709  4816 D SurfaceComposerClient: setCornerRadius ## Task=15117#124393 cornerRadius=9.000000
03-25 09:44:36.801  3255  5242 D GraphicsStatsService: requestRenderEngineFor(com.google.android.permissioncontroller)
03-25 09:44:36.802 30705 30741 D HWUI    : HWUI - treat SMPTE_170M as sRGB
03-25 09:44:36.802 30705 30705 I IDS_TAG : Closing IDS observe window
03-25 09:44:36.802 30705 30705 I IDS_TAG : Getting Shared Preference for com.payment.app.PaymentApp@623f556 uid = 11019
03-25 09:44:36.803  3255  3363 D PkgPredictorService-SecIpmManagerServiceImpl: onForegroundActivitiesChanged pid:7676 uid:10305
03-25 09:44:36.803  7676 28833 I AdrenoGLES-0: QUALCOMM build                   : dc3d4da3a2, Idd45c2c082
03-25 09:44:36.803  7676 28833 I AdrenoGLES-0: Build Date                       : 05/30/25
03-25 09:44:36.803  7676 28833 I AdrenoGLES-0: OpenGL ES Shader Compiler Version: E031.41.03.62
03-25 09:44:36.803  7676 28833 I AdrenoGLES-0: Local Branch                     :
03-25 09:44:36.803  7676 28833 I AdrenoGLES-0: Remote Branch                    : refs/tags/AU_LINUX_ANDROID_LA.VENDOR.13.2.0.11.00.00.856.062
03-25 09:44:36.803  7676 28833 I AdrenoGLES-0: Remote Branch                    : NONE
03-25 09:44:36.803  7676 28833 I AdrenoGLES-0: Reconstruct Branch               : NOTHING
03-25 09:44:36.803  7676 28833 I AdrenoGLES-0: Build Config                     : S P 14.1.4 AArch64
03-25 09:44:36.803  7676 28833 I AdrenoGLES-0: Driver Path                      : /vendor/lib64/egl/libGLESv2_adreno.so
03-25 09:44:36.803  7676 28833 I AdrenoGLES-0: Driver Version                   : 0676.73
03-25 09:44:36.803  3255  5318 V PkgPredictorService-SecIpmManagerServiceImpl: discard foreground app:com.google.android.permissioncontroller 1|true
03-25 09:44:36.803  3255  3363 D NetworkPolicy: already checked 10305
03-25 09:44:36.803  3255  3363 D NetworkPolicy: already checked 10305
03-25 09:44:36.805  3255  3367 D SurfaceComposerClient: [SEC_SF_EFFECTS] setBackgroundBlurRadius ## Dim Layer for - Task=15116#124391 backgroundBlurRadius=0
03-25 09:44:36.807  2182  4504 V APM_AudioPolicyManager: setAppState(portId:8180, state:1)
03-25 09:44:36.807  4709  4816 D SurfaceComposerClient: setCornerRadius ## Task=15117#124393 cornerRadius=9.000000
03-25 09:44:36.808  6543  6570 V OsAgent : broadcastSystemEvent - 7
03-25 09:44:36.809 27962 28049 I Rubin   : [699] A8.b.A(Unknown Source) : Notify com.samsung.android.rubin.inferenceengine.contextanalytics.engine.loggers.AppUsageLogger's database is updated.
03-25 09:44:36.810  3255  3365 D EnterpriseDeviceManagerService: isMdmAdminPresentInternal() : MDM Admin Found - com.samsung.knox.securefolder
03-25 09:44:36.812  5198  5198 I HoneySpace.EdgePanel.CocktailHostRepositoryImpl: onNoteResume
03-25 09:44:36.812  5198  5198 I HoneySpace.EdgePanel.EdgePanelContainerViewModel: cocktailHostRepository.edgePanelOperation NoteResumeComponent(componentName=ComponentInfo{com.google.android.permissioncontroller/com.android.permissioncontroller.permission.ui.GrantPermissionsActivity})
03-25 09:44:36.812  5198  5198 I HoneySpace.EdgePanel.ActivityUtils: HomePackage : com.sec.android.app.launcher, resumePackageName : com.google.android.permissioncontroller, className : com.android.permissioncontroller.permission.ui.GrantPermissionsActivity
03-25 09:44:36.814  3255  3367 D SurfaceComposerClient: [SEC_SF_EFFECTS] setBackgroundBlurRadius ## Dim Layer for - Task=15116#124391 backgroundBlurRadius=0
03-25 09:44:36.814  4709  4816 D SurfaceComposerClient: setCornerRadius ## Task=15117#124393 cornerRadius=9.000000
03-25 09:44:36.815 27962 28049 I Rubin   : [699] com.samsung.android.rubin.inferenceengine.contextanalytics.engine.monitors.moment.exercise.ExercisingWithCmhMonitor.isSatisfiedByCmh(Unknown Source) : isSatisfiedByCmh is false
03-25 09:44:36.815  7676  7676 D ScrollView: initGoToTop
03-25 09:44:36.819 30705 30705 I IDS_TAG : IDS count updated to 1 for com.payment.app.PaymentApp@623f556
03-25 09:44:36.821 11270 15757 I Routine@Core[4.9.04.13]: AppFunctionsActionHandler: isSupported: supportStatus = SUPPORTED, tag = appfunction://com.samsung.android.app.calendar.crossapp#CrossAppEvent_showEvent
03-25 09:44:36.822  3255  3367 D SurfaceComposerClient: [SEC_SF_EFFECTS] setBackgroundBlurRadius ## Dim Layer for - Task=15116#124391 backgroundBlurRadius=0
03-25 09:44:36.823  4709  4816 D SurfaceComposerClient: setCornerRadius ## Task=15117#124393 cornerRadius=9.000000
03-25 09:44:36.823 11270 15757 I Routine@Core[4.9.04.13]: ConflictItemConverter: convertConflictActions - 19
03-25 09:44:36.823 11270 15757 I Routine@Core[4.9.04.13]: RoutineDataMigrator: migration - begin
03-25 09:44:36.825  7676 28833 I AdrenoGLES-0: PFP: 0x01740181, ME: 0x00000000
03-25 09:44:36.830  3255  3367 D SurfaceComposerClient: [SEC_SF_EFFECTS] setBackgroundBlurRadius ## Dim Layer for - Task=15116#124391 backgroundBlurRadius=0
03-25 09:44:36.831  4709  4816 D SurfaceComposerClient: setCornerRadius ## Task=15117#124393 cornerRadius=9.000000
03-25 09:44:36.832  2071  5426 D vendor.qti.bluetooth@1.1-wake_lock: Release wakelock is released
03-25 09:44:36.833  1041  1041 I hwservicemanager: getTransport: Cannot find entry vendor.qti.qspmhal@1.0::IQspmhal/default in either framework or device VINTF manifest.
03-25 09:44:36.833  7676 28833 W Adreno-AppProfiles: Could not find QSPM HAL service. Skipping adreno profile processing.
03-25 09:44:36.834  7676  7676 I DecorView: setWindowBackground: isPopOver=false color=ff010102 d=android.graphics.drawable.InsetDrawable@242b630
03-25 09:44:36.838  3255  3367 D SurfaceComposerClient: [SEC_SF_EFFECTS] setBackgroundBlurRadius ## Dim Layer for - Task=15116#124391 backgroundBlurRadius=0
03-25 09:44:36.839  4709  4816 D SurfaceComposerClient: setCornerRadius ## Task=15117#124393 cornerRadius=9.000000
03-25 09:44:36.840  7676  7676 D ViewRootImpl: desktopMode is false
03-25 09:44:36.840  7676  7676 I ViewRootImpl: dVRR is disabled
03-25 09:44:36.841  4709  4709 D QSClock : onDarkChanged tint=DARK
03-25 09:44:36.841  7676 28833 D NativeCustomFrequencyManager: [NativeCFMS] BpCustomFrequencyManager::BpCustomFrequencyManager()
03-25 09:44:36.843  3255  4878 D InputTransport: Input channel constructed: '374cbc3', fd=1181
03-25 09:44:36.843  3255  4878 D InputTransport: Input channel constructed: '374cbc3', fd=1188
03-25 09:44:36.843  3255  4878 D InputTransport: Input channel constructed: '374cbc3', fd=1189
03-25 09:44:36.843  3255  4878 D InputTransport: Input channel destroyed: '374cbc3', fd=1188
03-25 09:44:36.843  2193  2320 I SurfaceFlinger: id=124405 createSurf, flag=84004, 374cbc3 com.google.android.permissioncontroller/com.android.permissioncontroller.permission.ui.GrantPermissionsActivity#124405
03-25 09:44:36.844  3255  4878 D InputTransport: Input channel destroyed: '374cbc3', fd=1189
03-25 09:44:36.845  7676  7676 D InputTransport: Input channel constructed: '374cbc3', fd=124
03-25 09:44:36.845  7676  7676 I InsetsController: onStateChanged: host=com.google.android.permissioncontroller/com.android.permissioncontroller.permission.ui.GrantPermissionsActivity, from=android.view.ViewRootImpl.onInsetsStateChanged:3026, state=InsetsState: {mDisplayFrame=Rect(0, 0 - 1080, 2316), mDisplayCutout=DisplayCutout{insets=Rect(0, 75 - 0, 0) waterfall=Insets{left=0, top=0, right=0, bottom=0} boundingRect={Bounds=[Rect(0, 0 - 0, 0), Rect(513, 0 - 567, 75), Rect(0, 0 - 0, 0), Rect(0, 0 - 0, 0)]} cutoutPathParserInfo={CutoutPathParserInfo{displayWidth=1080 displayHeight=2316 physicalDisplayWidth=1080 physicalDisplayHeight=2316 density={2.8125} cutoutSpec={M 0,0 H -9.466666666666667 V 26.66666666666667‬ H 9.466666666666667 V 0 H 0 Z @dp} rotation={0} scale={1.0} physicalPixelDisplaySizeRatio={1.0}}} sideOverrides={}}, mRoundedCorners=RoundedCorners{[RoundedCorner{position=TopLeft, radius=12, center=Point(12, 12)}, RoundedCorner{position=TopRight, radius=12, center=Point(1068, 12)}, RoundedCorner{position=BottomRight, radius=12, center=Point(1068, 2304)}, RoundedCorner{position=BottomLeft, radius=12, center=Point(12, 2304)}]}  mRoundedCornerFrame=Rect(0, 0 - 1080, 2316), mPrivacyIndicatorBounds=PrivacyIndicatorBounds {static bounds=Rect(948, 0 - 1080, 75) rotation=0}, mDisplayShape=DisplayShape{ spec=-311912193 displayWidth=1080 displayHeight=2316 physicalPixelDisplaySizeRatio=0.75 rotation=0 offsetX=0 offsetY=0 scale=1.0}, mSources= { InsetsSource: {b32e0001 mType=navigationBars mFrame=[0,2172][1080,2316] mVisible=true mFlags= mSideHint=BOTTOM mBoundingRects=null}, InsetsSource: {b32e0004 mType=systemGestures mFrame=[0,0][0,0] mVisible=true mFlags= mSideHint=NONE mBoundingRects=null}, InsetsSource: {b32e0005 mType=mandatorySystemGestures mFrame=[0,2172][1080,2316] mVisible=true mFlags= mSideHint=BOTTOM mBoundingRects=null}, InsetsSource: {b32e0006 mType=tappableElement mFrame=[0,2172][1080,2316] mVisible=true mFlags= mSideHint=BOTTOM mBoundingRects=null}, InsetsSource: {b32e0024 mType=systemGestures mFrame=[0,0][0,0] mVisible=true mFlags= mSideHint=NONE mBoundingRects=null}, InsetsSource: {bd7f0000 mType=statusBars mFrame=[0,0][1080,75] mVisible=true mFlags= mSideHint=TOP mBoundingRects=null}, InsetsSource: {bd7f0005 mType=mandatorySystemGestures mFrame=[0,0][1080,111] mVisible=true mFlags= mSideHint=TOP mBoundingRects=null}, InsetsSource: {bd7f0006 mType=tappableElement mFrame=[0,0][1080,75] mVisible=true mFlags= mSideHint=TOP mBoundingRects=null}, InsetsSource: {27 mType=displayCutout mFrame=[0,0][1080,75] mVisible=true mFlags= mSideHint=TOP mBoundingRects=null} }
03-25 09:44:36.845  7676  7676 I VRI[GrantPermissionsActivity]@d4571d: synced displayState. AttachInfo displayState=2
03-25 09:44:36.847  2193  2193 I SurfaceFlinger: [374cbc3 com.google.android.permissioncontroller/com.android.permissioncontroller.permission.ui.GrantPermissionsActivity#124405] attach to parent LayerHierarchy{RequestedLayerState{ActivityRecord{24686893 u0 com.google.android.permissioncontroller/com.android.permissioncontroller.permission.ui.GrantPermissionsActivity t15117}#124403 parentId=124393} 1 children}
03-25 09:44:36.847  3255  3367 D SurfaceComposerClient: [SEC_SF_EFFECTS] setBackgroundBlurRadius ## Dim Layer for - Task=15116#124391 backgroundBlurRadius=0
03-25 09:44:36.847  4709  4816 D SurfaceComposerClient: setCornerRadius ## Task=15117#124393 cornerRadius=9.000000
03-25 09:44:36.848  7676  7676 I VRI[GrantPermissionsActivity]@d4571d: setView = com.android.internal.policy.DecorView@6480b60 IsHRR=false mFlingFrameRateChange=0 TM=true
03-25 09:44:36.849  7676 28833 D HWUI    : HWUI - treat SMPTE_170M as sRGB
03-25 09:44:36.850  3255  3467 D AnalyticsContainerHandler: handleMessage : { when=0 what=1 target=com.android.server.knox.KnoxAnalyticsContainer$AnalyticsHandler }
03-25 09:44:36.850  3255  3467 D AnalyticsContainerHandler: handleMessage : { when=0 what=2 target=com.android.server.knox.KnoxAnalyticsContainer$AnalyticsHandler }
03-25 09:44:36.852  3255  8381 I WindowManager: Relayout Window{374cbc3 u0 com.google.android.permissioncontroller/com.android.permissioncontroller.permission.ui.GrantPermissionsActivity}: viewVisibility=0 req=1080x96 ty=1 d0
03-25 09:44:36.852  2193  2320 I SurfaceFlinger: id=124406 createSurf, flag=44004, com.google.android.permissioncontroller/com.android.permissioncontroller.permission.ui.GrantPermissionsActivity$_7676#124406
03-25 09:44:36.853  3255  8381 W PhoneWindowManager: lockNow pending, ignore updating lockscreen timeout
03-25 09:44:36.853  3255  8381 D SurfaceComposerClient: setCornerRadius ## b6d62e9 com.android.systemui/com.android.systemui.cover.CoverHomeActivity#122251 cornerRadius=0.000000
03-25 09:44:36.853  3255  8381 D SurfaceComposerClient: setCornerRadius ## 374cbc3 com.google.android.permissioncontroller/com.android.permissioncontroller.permission.ui.GrantPermissionsActivity#124405 cornerRadius=0.000000
03-25 09:44:36.853  3255  8381 D SurfaceComposerClient: setCornerRadius ## bead0fb Splash Screen com.payment.app#124395 cornerRadius=0.000000
03-25 09:44:36.853  3255  8381 D SurfaceComposerClient: setCornerRadius ## 26a6de0 com.payment.app/com.payment.app.MainActivity#124404 cornerRadius=0.000000
03-25 09:44:36.853  3255  8381 W PhoneWindowManager: lockNow pending, ignore updating lockscreen timeout
03-25 09:44:36.853  3255  8381 D SurfaceComposerClient: setCornerRadius ## 374cbc3 com.google.android.permissioncontroller/com.android.permissioncontroller.permission.ui.GrantPermissionsActivity#124405 cornerRadius=0.000000
03-25 09:44:36.853  3255  8381 D SurfaceComposerClient: setCornerRadius ## bead0fb Splash Screen com.payment.app#124395 cornerRadius=0.000000
03-25 09:44:36.853  3255  8381 D SurfaceComposerClient: setCornerRadius ## 26a6de0 com.payment.app/com.payment.app.MainActivity#124404 cornerRadius=0.000000
03-25 09:44:36.854  2193  2320 I SurfaceFlinger: id=124407 createSurf, flag=24000, Surface(name=e0e4ad7 StatusBar)/@0x47ae321 - animation-leash of insets_animation#124407
03-25 09:44:36.855  2193  2552 I SurfaceFlinger: id=124408 createSurf, flag=24000, Surface(name=ec3cec0 NavigationBar0)/@0x7cffa34 - animation-leash of insets_animation#124408
03-25 09:44:36.855  2193  2193 I SurfaceFlinger: [com.google.android.permissioncontroller/com.android.permissioncontroller.permission.ui.GrantPermissionsActivity$_7676#124406] attach to parent LayerHierarchy{RequestedLayerState{374cbc3 com.google.android.permissioncontroller/com.android.permissioncontroller.permission.ui.GrantPermissionsActivity#124405 parentId=124403} 1 children}
03-25 09:44:36.855  2193  2193 I SurfaceFlinger: [Surface(name=e0e4ad7 StatusBar)/@0x47ae321 - animation-leash of insets_animation#124407] attach to parent LayerHierarchy{RequestedLayerState{WindowToken{e2d8a56 type=2000 android.os.BinderProxy@697ea18}#102 parentId=17} 2 children}
03-25 09:44:36.855  2193  2193 I SurfaceFlinger: [Surface(name=ec3cec0 NavigationBar0)/@0x7cffa34 - animation-leash of insets_animation#124408] attach to parent LayerHierarchy{RequestedLayerState{WindowToken{2bef154 type=2019 android.os.BinderProxy@f7d7724}#98 parentId=34} 2 children}
03-25 09:44:36.855  3255  3367 D SurfaceComposerClient: [SEC_SF_EFFECTS] setBackgroundBlurRadius ## Dim Layer for - Task=15116#124391 backgroundBlurRadius=0
03-25 09:44:36.855  4709  4816 D SurfaceComposerClient: setCornerRadius ## Task=15117#124393 cornerRadius=9.000000
03-25 09:44:36.856  3255  8381 I WindowManager: Relayout hash=374cbc3, pid=7676, syncId=-1: mAttrs={(0,0)(wrapxwrap) gr=BOTTOM CENTER sim={state=always_hidden adjust=nothing forwardNavigation} ty=BASE_APPLICATION fmt=TRANSLUCENT wanim=0x1030309 surfaceInsets=Rect(6, 6 - 6, 6)
03-25 09:44:36.856  3255  8381 I WindowManager:   fl=1800002
03-25 09:44:36.856  3255  8381 I WindowManager:   pfl=40080880
03-25 09:44:36.856  3255  8381 I WindowManager:   bhv=1
03-25 09:44:36.856  3255  8381 I WindowManager:   fitTypes=207
03-25 09:44:36.856  3255  8381 I WindowManager:   frameRateBoostOnTouch=true
03-25 09:44:36.856  3255  8381 I WindowManager:   dvrrWindowFrameRateHint=true
03-25 09:44:36.856  3255  8381 I WindowManager:  dimAmount=0.0 naviIconColor=0}
03-25 09:44:36.858  7676  7676 I InsetsController: onStateChanged: host=com.google.android.permissioncontroller/com.android.permissioncontroller.permission.ui.GrantPermissionsActivity, from=android.view.ViewRootImpl.onInsetsStateChanged:3026, state=InsetsState: {mDisplayFrame=Rect(0, 0 - 1080, 2316), mDisplayCutout=DisplayCutout{insets=Rect(0, 75 - 0, 0) waterfall=Insets{left=0, top=0, right=0, bottom=0} boundingRect={Bounds=[Rect(0, 0 - 0, 0), Rect(513, 0 - 567, 75), Rect(0, 0 - 0, 0), Rect(0, 0 - 0, 0)]} cutoutPathParserInfo={CutoutPathParserInfo{displayWidth=1080 displayHeight=2316 physicalDisplayWidth=1080 physicalDisplayHeight=2316 density={2.8125} cutoutSpec={M 0,0 H -9.466666666666667 V 26.66666666666667‬ H 9.466666666666667 V 0 H 0 Z @dp} rotation={0} scale={1.0} physicalPixelDisplaySizeRatio={1.0}}} sideOverrides={}}, mRoundedCorners=RoundedCorners{[RoundedCorner{position=TopLeft, radius=12, center=Point(12, 12)}, RoundedCorner{position=TopRight, radius=12, center=Point(1068, 12)}, RoundedCorner{position=BottomRight, radius=12, center=Point(1068, 2304)}, RoundedCorner{position=BottomLeft, radius=12, center=Point(12, 2304)}]}  mRoundedCornerFrame=Rect(0, 0 - 1080, 2316), mPrivacyIndicatorBounds=PrivacyIndicatorBounds {static bounds=Rect(948, 0 - 1080, 75) rotation=0}, mDisplayShape=DisplayShape{ spec=-311912193 displayWidth=1080 displayHeight=2316 physicalPixelDisplaySizeRatio=0.75 rotation=0 offsetX=0 offsetY=0 scale=1.0}, mSources= { InsetsSource: {b32e0001 mType=navigationBars mFrame=[0,2172][1080,2316] mVisible=true mFlags= mSideHint=BOTTOM mBoundingRects=null}, InsetsSource: {b32e0004 mType=systemGestures mFrame=[0,0][0,0] mVisible=true mFlags= mSideHint=NONE mBoundingRects=null}, InsetsSource: {b32e0005 mType=mandatorySystemGestures mFrame=[0,2172][1080,2316] mVisible=true mFlags= mSideHint=BOTTOM mBoundingRects=null}, InsetsSource: {b32e0006 mType=tappableElement mFrame=[0,2172][1080,2316] mVisible=true mFlags= mSideHint=BOTTOM mBoundingRects=null}, InsetsSource: {b32e0024 mType=systemGestures mFrame=[0,0][0,0] mVisible=true mFlags= mSideHint=NONE mBoundingRects=null}, InsetsSource: {bd7f0000 mType=statusBars mFrame=[0,0][1080,75] mVisible=true mFlags= mSideHint=TOP mBoundingRects=null}, InsetsSource: {bd7f0005 mType=mandatorySystemGestures mFrame=[0,0][1080,111] mVisible=true mFlags= mSideHint=TOP mBoundingRects=null}, InsetsSource: {bd7f0006 mType=tappableElement mFrame=[0,0][1080,75] mVisible=true mFlags= mSideHint=TOP mBoundingRects=null}, InsetsSource: {3 mType=ime mFrame=[0,0][0,0] mVisible=false mFlags= mSideHint=NONE mBoundingRects=null}, InsetsSource: {27 mType=displayCutout mFrame=[0,0][1080,75] mVisible=true mFlags= mSideHint=TOP mBoundingRects=null} }
03-25 09:44:36.858  7676  7676 W libc    : Access denied finding property "vendor.display.enable_optimal_refresh_rate"
03-25 09:44:36.858  7676  7676 I BufferQueueProducer: [](id:1dfc00000002,api:0,p:823617600,c:7676) setDequeueTimeout:2077252342
03-25 09:44:36.859  7676  7676 I BLASTBufferQueue_Java: new BLASTBufferQueue, mName= VRI[GrantPermissionsActivity]@d4571d mNativeObject= 0xb4000077f97c4000 caller= android.view.ViewRootImpl.updateBlastSurfaceIfNeeded:3585 android.view.ViewRootImpl.relayoutWindow:11685 android.view.ViewRootImpl.performTraversals:4804 android.view.ViewRootImpl.doTraversal:3924 android.view.ViewRootImpl$TraversalRunnable.run:12903 android.view.Choreographer$CallbackRecord.run:1901 android.view.Choreographer$CallbackRecord.run:1910 android.view.Choreographer.doCallbacks:1367 android.view.Choreographer.doFrame:1292 android.view.Choreographer$FrameDisplayEventReceiver.run:1870
03-25 09:44:36.859  7676  7676 I BLASTBufferQueue_Java: update, w= 1092 h= 108 mName = VRI[GrantPermissionsActivity]@d4571d mNativeObject= 0xb4000077f97c4000 sc.mNativeObject= 0xb4000077f9a47540 format= -3 caller= android.view.ViewRootImpl.updateBlastSurfaceIfNeeded:3590 android.view.ViewRootImpl.relayoutWindow:11685 android.view.ViewRootImpl.performTraversals:4804 android.view.ViewRootImpl.doTraversal:3924 android.view.ViewRootImpl$TraversalRunnable.run:12903 android.view.Choreographer$CallbackRecord.run:1901
03-25 09:44:36.859  7676  7676 W libc    : Access denied finding property "vendor.display.enable_optimal_refresh_rate"
03-25 09:44:36.860  7676  7676 I VRI[GrantPermissionsActivity]@d4571d: Relayout returned: old=(0,75,1080,2172) new=(0,2076,1080,2172) relayoutAsync=false req=(1080,96)0 dur=6 res=0x3 s={true 0xb40000783171c200} ch=true seqId=0
03-25 09:44:36.860  7676  7676 I VRI[GrantPermissionsActivity]@d4571d: performConfigurationChange setNightDimText nightDimLevel=0
03-25 09:44:36.860  4709  4709 D NavigationBar: onSystemBarAttributesChanged() -  displayId:0, appearance:16, packageName: com.google.android.permissioncontroller (APPEARANCE_LIGHT_NAVIGATION_BARS ), navbarColorManagedByIme:false
03-25 09:44:36.861  7676  7676 D VRI[GrantPermissionsActivity]@d4571d: mThreadedRenderer.initialize() mSurface={isValid=true 0xb40000783171c200} hwInitialized=true
03-25 09:44:36.861  7676  7676 D VRI[GrantPermissionsActivity]@d4571d: reportNextDraw android.view.ViewRootImpl.performTraversals:5443 android.view.ViewRootImpl.doTraversal:3924 android.view.ViewRootImpl$TraversalRunnable.run:12903 android.view.Choreographer$CallbackRecord.run:1901 android.view.Choreographer$CallbackRecord.run:1910
03-25 09:44:36.861  7676  7676 D VRI[GrantPermissionsActivity]@d4571d: Setup new sync=wmsSync-VRI[GrantPermissionsActivity]@d4571d#4
03-25 09:44:36.861  7676  7676 I VRI[GrantPermissionsActivity]@d4571d: Creating new active sync group VRI[GrantPermissionsActivity]@d4571d#5
03-25 09:44:36.861  7676  7676 D VRI[GrantPermissionsActivity]@d4571d: registerCallbacksForSync syncBuffer=false
03-25 09:44:36.862  7676 28839 D VRI[GrantPermissionsActivity]@d4571d: Received frameDrawingCallback syncResult=0 frameNum=1.
03-25 09:44:36.862  7676 28839 I VRI[GrantPermissionsActivity]@d4571d: mWNT: t=0xb400007831207680 mBlastBufferQueue=0xb4000077f97c4000 fn= 1 HdrRenderState mRenderHdrSdrRatio=1.0 caller= android.view.ViewRootImpl$12.onFrameDraw:15441 android.view.ThreadedRenderer$1.onFrameDraw:718 <bottom of call stack>
