03-25 10:20:03.071 11270 15757 I Routine@Core[4.9.04.13]: RoutineDataMigrator: isAvailableToMigrate() newPackageName:com.samsung.android.app.routines, newTag:custom_notification_v3, isAvailableToMigrate:true
03-25 10:20:03.071 11270 15757 I Routine@Core[4.9.04.13]: RoutineDataMigrator: isAvailableToMigrate() newPackageName:com.samsung.android.app.routines, newTag:hard_key_v3, isAvailableToMigrate:true
03-25 10:20:03.071 11270 15757 I Routine@Core[4.9.04.13]: RoutineDataMigrator: isAvailableToMigrate() newPackageName:com.samsung.android.app.routines, newTag:quick_decline_message_v3, isAvailableToMigrate:true
03-25 10:20:03.071 11270 15757 I Routine@Core[4.9.04.13]: RoutineDataMigrator: isAvailableToMigrate() newPackageName:com.samsung.android.app.routines, newTag:quick_decline_message_v3, isAvailableToMigrate:true
03-25 10:20:03.071 11270 15757 I Routine@Core[4.9.04.13]: RoutineDataMigrator: isAvailableToMigrate() newPackageName:com.samsung.android.app.routines, newTag:video_enhancer_v3, isAvailableToMigrate:true
03-25 10:20:03.071 11270 15757 I Routine@Core[4.9.04.13]: RoutineDataMigrator: isAvailableToMigrate() newPackageName:com.samsung.android.app.routines, newTag:bluetooth_on_v3, isAvailableToMigrate:true
03-25 10:20:03.071 11270 15757 I Routine@Core[4.9.04.13]: RoutineDataMigrator: isAvailableToMigrate() newPackageName:com.samsung.android.app.routines, newTag:instant_session_v3, isAvailableToMigrate:true
03-25 10:20:03.071 11270 15757 I Routine@Core[4.9.04.13]: RoutineDataMigrator: isAvailableToMigrate() newPackageName:com.samsung.android.app.routines, newTag:airplane_mode_on_v3, isAvailableToMigrate:true
03-25 10:20:03.071 11270 15757 I Routine@Core[4.9.04.13]: RoutineDataMigrator: isAvailableToMigrate() newPackageName:com.samsung.android.app.routines, newTag:mobile_network_mode_setting_v3, isAvailableToMigrate:true
03-25 10:20:03.071 11270 15757 I Routine@Core[4.9.04.13]: RoutineDataMigrator: isAvailableToMigrate() newPackageName:com.samsung.android.app.routines, newTag:mobile_data_on_v3, isAvailableToMigrate:true
03-25 10:20:03.072 11270 15757 I Routine@Core[4.9.04.13]: RoutineDataMigrator: isAvailableToMigrate() newPackageName:com.samsung.android.app.routines, newTag:hotspot_on_v3, isAvailableToMigrate:true
03-25 10:20:03.072 11270 15757 I Routine@Core[4.9.04.13]: RoutineDataMigrator: isAvailableToMigrate() newPackageName:com.samsung.android.app.routines, newTag:gps_on_v3, isAvailableToMigrate:true
03-25 10:20:03.072 11270 15757 I Routine@Core[4.9.04.13]: RoutineDataMigrator: isAvailableToMigrate() newPackageName:com.samsung.android.app.routines, newTag:auto_data_sync_v3, isAvailableToMigrate:true
03-25 10:20:03.072 11270 15757 I Routine@Core[4.9.04.13]: RoutineDataMigrator: isAvailableToMigrate() newPackageName:com.samsung.android.app.routines, newTag:sound_sdk3, isAvailableToMigrate:true
03-25 10:20:03.072 11270 15757 I Routine@Core[4.9.04.13]: RoutineDataMigrator: isAvailableToMigrate() newPackageName:com.samsung.android.app.routines, newTag:vibrate_once, isAvailableToMigrate:true
03-25 10:20:03.072 11270 15757 I Routine@Core[4.9.04.13]: RoutineDataMigrator: isAvailableToMigrate() newPackageName:com.samsung.android.app.routines, newTag:connect_url_sdk3, isAvailableToMigrate:true
03-25 10:20:03.072 11270 15757 I Routine@Core[4.9.04.13]: RoutineDataMigrator: isAvailableToMigrate() newPackageName:com.samsung.android.app.routines, newTag:wifi_on_sdk3, isAvailableToMigrate:true
03-25 10:20:03.072 11270 15757 I Routine@Core[4.9.04.13]: RoutineDataMigrator: isAvailableToMigrate() newPackageName:com.samsung.android.app.routines, newTag:lockscreen_shortcut_v3, isAvailableToMigrate:true
03-25 10:20:03.072 11270 15757 I Routine@Core[4.9.04.13]: RoutineDataMigrator: isAvailableToMigrate() newPackageName:com.samsung.android.app.routines, newTag:launch_app_v3, isAvailableToMigrate:true
03-25 10:20:03.072 11270 15757 I Routine@Core[4.9.04.13]: RoutineDataMigrator: isAvailableToMigrate() newPackageName:com.samsung.android.app.routines, newTag:launch_game_v3, isAvailableToMigrate:true
03-25 10:20:03.072 11270 15757 I Routine@Core[4.9.04.13]: RoutineDataMigrator: isAvailableToMigrate() newPackageName:com.samsung.android.app.routines, newTag:samsung_health_during_exercise_v3, isAvailableToMigrate:false
03-25 10:20:03.072 11270 15757 I Routine@Core[4.9.04.13]: RoutineDataMigrator: isAvailableToMigrate() newPackageName:com.samsung.android.app.routines, newTag:samsung_health_during_exercise_when_starting_v3, isAvailableToMigrate:false
03-25 10:20:03.072 11270 15757 I Routine@Core[4.9.04.13]: RoutineDataMigrator: isAvailableToMigrate() newPackageName:com.samsung.android.app.routines, newTag:notification_with_keyword_v3, isAvailableToMigrate:true
03-25 10:20:03.072 11270 15757 I Routine@Core[4.9.04.13]: RoutineDataMigrator: isAvailableToMigrate() newPackageName:com.samsung.android.app.routines, newTag:specify_wifi_v3, isAvailableToMigrate:true
03-25 10:20:03.072 11270 15757 I Routine@Core[4.9.04.13]: RoutineDataMigrator: isAvailableToMigrate() newPackageName:com.samsung.android.app.routines, newTag:wifi_rssi_v3, isAvailableToMigrate:true
03-25 10:20:03.072 11270 15757 I Routine@Core[4.9.04.13]: RoutineDataMigrator: isAvailableToMigrate() newPackageName:com.samsung.android.app.routines, newTag:specify_bluetooth_v3, isAvailableToMigrate:true
03-25 10:20:03.072 11270 15757 I Routine@Core[4.9.04.13]: RoutineDataMigrator: isAvailableToMigrate() newPackageName:com.samsung.android.app.routines, newTag:specify_bluetooth_only_connected_v3, isAvailableToMigrate:true
03-25 10:20:03.072 11270 15757 I Routine@Core[4.9.04.13]: RoutineDataMigrator: isAvailableToMigrate() newPackageName:com.samsung.android.app.routines, newTag:nfc_tagged_v3, isAvailableToMigrate:true
03-25 10:20:03.072 11270 15757 I Routine@Core[4.9.04.13]: RoutineDataMigrator: isAvailableToMigrate() newPackageName:com.samsung.android.app.routines, newTag:airplane_mode_v3, isAvailableToMigrate:true
03-25 10:20:03.072 11270 15757 I Routine@Core[4.9.04.13]: RoutineDataMigrator: isAvailableToMigrate() newPackageName:com.samsung.android.app.routines, newTag:specific_time_v3, isAvailableToMigrate:true
03-25 10:20:03.072 11270 15757 I Routine@Core[4.9.04.13]: RoutineDataMigrator: isAvailableToMigrate() newPackageName:com.samsung.android.app.routines, newTag:time_v3, isAvailableToMigrate:true
03-25 10:20:03.072 11270 15757 I Routine@Core[4.9.04.13]: RoutineDataMigrator: isAvailableToMigrate() newPackageName:com.samsung.android.app.routines, newTag:plugin_gps_location_v3, isAvailableToMigrate:true
03-25 10:20:03.072 11270 15757 I Routine@Core[4.9.04.13]: RoutineDataMigrator: isAvailableToMigrate() newPackageName:com.samsung.android.app.routines, newTag:plugin_gps_location_only_arrived_v3, isAvailableToMigrate:false
03-25 10:20:03.072 11270 15757 I Routine@Core[4.9.04.13]: RoutineDataMigrator: isAvailableToMigrate() newPackageName:com.samsung.android.app.routines, newTag:calling_v3, isAvailableToMigrate:true
03-25 10:20:03.072 11270 15757 I Routine@Core[4.9.04.13]: RoutineDataMigrator: isAvailableToMigrate() newPackageName:com.samsung.android.app.routines, newTag:during_call_v3, isAvailableToMigrate:true
03-25 10:20:03.072 11270 15757 I Routine@Core[4.9.04.13]: RoutineDataMigrator: isAvailableToMigrate() newPackageName:com.samsung.android.app.routines, newTag:connected_headset_v3, isAvailableToMigrate:true
03-25 10:20:03.072 11270 15757 I Routine@Core[4.9.04.13]: RoutineDataMigrator: isAvailableToMigrate() newPackageName:com.samsung.android.app.routines, newTag:plugged_battery_v3, isAvailableToMigrate:true
03-25 10:20:03.072 11270 15757 I Routine@Core[4.9.04.13]: RoutineDataMigrator: isAvailableToMigrate() newPackageName:com.samsung.android.app.routines, newTag:battery_condition_v3, isAvailableToMigrate:true
03-25 10:20:03.072 11270 15757 I Routine@Core[4.9.04.13]: RoutineDataMigrator: isAvailableToMigrate() newPackageName:com.samsung.android.app.routines, newTag:dex_mode_on_v3, isAvailableToMigrate:true
03-25 10:20:03.072 11270 15757 I Routine@Core[4.9.04.13]: RoutineDataMigrator: isAvailableToMigrate() newPackageName:com.samsung.android.app.routines, newTag:fold_state_v3, isAvailableToMigrate:false
03-25 10:20:03.072 11270 15757 I Routine@Core[4.9.04.13]: RoutineDataMigrator: isAvailableToMigrate() newPackageName:com.samsung.android.app.routines, newTag:ringer_mode_v3, isAvailableToMigrate:true
03-25 10:20:03.072 11270 15757 I Routine@Core[4.9.04.13]: RoutineDataMigrator: isAvailableToMigrate() newPackageName:com.samsung.android.app.routines, newTag:night_mode_v3, isAvailableToMigrate:true
03-25 10:20:03.072 11270 15757 I Routine@Core[4.9.04.13]: RoutineDataMigrator: isAvailableToMigrate() newPackageName:com.samsung.android.app.routines, newTag:wifi_on_sdk3, isAvailableToMigrate:true
03-25 10:20:03.072  7676  7676 D ScrollView: initGoToTop
03-25 10:20:03.072 11270 15757 I Routine@Core[4.9.04.13]: RoutineDataMigrator: isAvailableToMigrate() newPackageName:com.samsung.android.app.routines, newTag:show_action_list, isAvailableToMigrate:true
03-25 10:20:03.072 11270 15757 I Routine@Core[4.9.04.13]: RoutineDataMigrator: deprecateOldTag() should not deprecate oldTag(show_action_list
03-25 10:20:03.072 11270 15757 I Routine@Core[4.9.04.13]: RoutineDataMigrator: migration - end, results = []
03-25 10:20:03.075  1041  1041 I hwservicemanager: getTransport: Cannot find entry vendor.qti.qspmhal@1.0::IQspmhal/default in either framework or device VINTF manifest.
03-25 10:20:03.076  7676 28833 W Adreno-AppProfiles: Could not find QSPM HAL service. Skipping adreno profile processing.
03-25 10:20:03.076 11270 11297 I Routine@Core[4.9.04.13]: WatchMetaUpdateRequester: asyncRequestUpdateMetaToWatch
03-25 10:20:03.077 11270 11297 I Routine@Core[4.9.04.13]: GooglePlayServiceChecker: isPackageEnabled: com.google.android.gms - result(true)
03-25 10:20:03.078  3255  3367 D SurfaceComposerClient: [SEC_SF_EFFECTS] setBackgroundBlurRadius ## Dim Layer for - Task=15127#124948 backgroundBlurRadius=0
03-25 10:20:03.079  4709  4816 D SurfaceComposerClient: setCornerRadius ## Task=15128#124950 cornerRadius=9.000000
03-25 10:20:03.087  3255  3367 D SurfaceComposerClient: [SEC_SF_EFFECTS] setBackgroundBlurRadius ## Dim Layer for - Task=15127#124948 backgroundBlurRadius=0
03-25 10:20:03.087  4709  4816 D SurfaceComposerClient: setCornerRadius ## Task=15128#124950 cornerRadius=9.000000
03-25 10:20:03.092 11270 15757 I Routine@Core[4.9.04.13]: MetadataLoadManager: refreshRegisterPackageChangeIntentFilter
03-25 10:20:03.092 11270 15757 I Routine@Core[4.9.04.13]: MetadataPackageUtil: getMetaLoadedPackageMonitoringList - packages size : 52, targetPackages : [com.samsung.android.app.aodservice, com.samsung.accessory.atticmgr, com.samsung.accessory.berrymgr, com.samsung.android.spay, com.android.systemui, com.samsung.android.honeyboard, com.samsung.android.app.dressroom, com.samsung.android.lool, com.sec.android.app.launcher, com.samsung.android.sidegesturepad, com.samsung.android.smartmirroring, com.samsung.android.app.routineplus, com.samsung.android.app.reminder, com.samsung.android.mdecservice, com.samsung.android.app.routines, com.samsung.android.game.gametools, com.samsung.android.calendar, com.sec.android.app.soundalive, com.samsung.android.mdx, com.samsung.android.app.galaxyregistry, com.samsung.android.app.smartcapture, com.samsung.android.inputshare, com.sec.android.app.clockpackage, com.sec.android.gallery3d, com.samsung.accessibility, com.samsung.android.service.aircommand, com.android.settings, com.samsung.android.app.notes, com.samsung.android.soundassistant, com.samsung.android.app.telephonyui, com.samsung.android.app.sharelive, com.samsung.accessory.budsunitemgr, com.samsung.android.game.gos, com.samsung.android.app.clockpack, com.samsung.android.app.cocktailbarservice, com.samsung.android.app.smartwidget, com.samsung.android.fast, com.samsung.android.routinesdkv3, com.samsung.android.secondscreen, com.samsung.android.sm_cn, com.sec.android.desktopmode.uiservice, com.samsung.android.waterplugin, com.samsung.android.heartplugin, com.samsung.wearable.watch6plugin, com.samsung.wearable.watch7plugin, com.samsung.wearable.watchuniteplugin, com.samsung.accessory.popcornmgr, com.samsung.accessory.jellymgr, com.samsung.accessory.neobeanmgr, com.samsung.accessory.zenithmgr, com.samsung.accessory.paranmgr, com.samsung.accessory.pearlmgr]
03-25 10:20:03.092 11270 15757 I Routine@Core[4.9.04.13]: BroadcastRegister: refreshRegisterPackageChangeIntentFilter - packages size: 52
03-25 10:20:03.092 11270 15757 I Routine@Core[4.9.04.13]: BroadcastRegister: unregisterPackageChangeIntentFilter
03-25 10:20:03.095 11270 15757 I SEP_UNION_SemUnionManager: getUnionService(semeventdelegator)
03-25 10:20:03.095  3255  4328 D SEP_UNION_SemDeviceInfoManagerService: Unregister intent = android.intent.action.PACKAGE_ADDED, , package = com.samsung.android.app.routines, userId = 0
03-25 10:20:03.096 11270 15757 I SEP_UNION_SemUnionManager: getUnionService(semeventdelegator)
03-25 10:20:03.096  3255  4328 D SEP_UNION_SemDeviceInfoManagerService: Unregister intent = android.intent.action.PACKAGE_REPLACED, android.intent.action.PACKAGE_CHANGED, android.intent.action.PACKAGE_REMOVED, android.intent.action.PACKAGE_FULLY_REMOVED, android.intent.action.MY_PACKAGE_REPLACED, , package = com.samsung.android.app.routines, userId = 0
03-25 10:20:03.096  4709  4816 D SurfaceComposerClient: setCornerRadius ## Task=15128#124950 cornerRadius=9.000000
03-25 10:20:03.096 11270 15757 I Routine@Core[4.9.04.13]: BroadcastRegister: registerPackageAddedIntentFilterInternal
03-25 10:20:03.096 11270 15757 I SEP_UNION_SemUnionManager: getUnionService(semeventdelegator)
03-25 10:20:03.096 11270 15757 I Routine@Core[4.9.04.13]: BroadcastRegister: registerPackageMonitoringIntentFilterInternal
03-25 10:20:03.096 11270 15757 I SEP_UNION_SemUnionManager: getUnionService(semeventdelegator)
03-25 10:20:03.097  3255  5396 D SEP_UNION_SemDeviceInfoManagerService: Register intent = android.intent.action.PACKAGE_ADDED,  package = com.samsung.android.app.routines, userId = 0, flag = 0, conditions = null
03-25 10:20:03.097  3255  5396 D SEP_UNION_SemDeviceInfoManagerService: PendingIntentWithConditions added f=0
03-25 10:20:03.097  3255  3367 D SurfaceComposerClient: [SEC_SF_EFFECTS] setBackgroundBlurRadius ## Dim Layer for - Task=15127#124948 backgroundBlurRadius=0
03-25 10:20:03.097  3255  4328 D SEP_UNION_SemDeviceInfoManagerService: Register intent = android.intent.action.PACKAGE_REPLACED, android.intent.action.PACKAGE_CHANGED, android.intent.action.PACKAGE_REMOVED, android.intent.action.PACKAGE_FULLY_REMOVED, android.intent.action.MY_PACKAGE_REPLACED,  package = com.samsung.android.app.routines, userId = 0, flag = 1, conditions = [com.samsung.android.app.aodservice, com.samsung.accessory.atticmgr, com.samsung.accessory.berrymgr, com.samsung.android.spay, com.android.systemui, com.samsung.android.honeyboard, com.samsung.android.app.dressroom, com.samsung.android.lool, com.sec.android.app.launcher, com.samsung.android.sidegesturepad, com.samsung.android.smartmirroring, com.samsung.android.app.routineplus, com.samsung.android.app.reminder, com.samsung.android.mdecservice, com.samsung.android.app.routines, com.samsung.android.game.gametools, com.samsung.android.calendar, com.sec.android.app.soundalive, com.samsung.android.mdx, com.samsung.android.app.galaxyregistry, com.samsung.android.app.smartcapture, com.samsung.android.inputshare, com.sec.android.app.clockpackage, com.sec.android.gallery3d, com.samsung.accessibility, com.samsung.android.service.aircommand, com.android.settings, com.samsung.android.app.notes, com.samsung.android.soundassistant, com.samsung.android.app.telephonyui, com.samsung.android.app.sharelive, com.samsung.accessory.budsunitemgr, com.samsung.android.game.gos, com.samsung.android.app.clockpack, com.samsung.android.app.cocktailbarservice, com.samsung.android.app.smartwidget, com.samsung.android.fast, com.samsung.android.routinesdkv3, com.samsung.android.secondscreen, com.samsung.android.sm_cn, com.sec.android.desktopmode.uiservice, com.samsung.android.waterplugin, com.samsung.android.heartplugin, com.samsung.wearable.watch6plugin, com.samsung.wearable.watch7plugin, com.samsung.wearable.watchuniteplugin, com.samsung.accessory.popcornmgr, com.samsung.accessory.jellymgr, com.samsung.accessory.neobeanmgr, com.samsung.accessory.zenithmgr, com.samsung.accessory.paranmgr, com.samsung.accessory.pearlmgr]
03-25 10:20:03.097  3255  4328 D SEP_UNION_SemDeviceInfoManagerService: PendingIntentWithConditions added f=1
03-25 10:20:03.097  3255  4328 D SEP_UNION_SemDeviceInfoManagerService: PendingIntentWithConditions added f=1
03-25 10:20:03.097  3255  4328 D SEP_UNION_SemDeviceInfoManagerService: Adding new UnionBroadcastReceiver for the action: android.intent.action.PACKAGE_CHANGED in User 0
03-25 10:20:03.097  3255  4328 D SEP_UNION_SemDeviceInfoManagerService: PendingIntentWithConditions added f=1
03-25 10:20:03.097  3255  4328 D SEP_UNION_SemDeviceInfoManagerService: PendingIntentWithConditions added f=1
03-25 10:20:03.097  3255  4328 D SEP_UNION_SemDeviceInfoManagerService: PendingIntentWithConditions added f=1
03-25 10:20:03.097  3255  4328 D SEP_UNION_SemDeviceInfoManagerService: Adding new UnionBroadcastReceiver for the action: android.intent.action.MY_PACKAGE_REPLACED in User 0
03-25 10:20:03.098  5198  7460 I SearchEngineAppSuggestion: packageUpdateEvent: com.honeyspace.sdk.source.entity.PackageOperation$Changed@aed3e3a
03-25 10:20:03.098  5198  7460 I SearchEngineAppSuggestion: package changed: com.payment.app.test
03-25 10:20:03.098 11270 15757 I Routine@Core[4.9.04.13]: Pref: putSharedPrefsData: key=meta_loading_target_package_name, data.size=20
03-25 10:20:03.099  5198  7460 I SearchEngine: isComponentInApps() packageName : jp.hyoromo.VideoSwing / className : jp.hyoromo.VideoSwing.MainActivity / userId : 0 / enable true / enabledSetting 4
03-25 10:20:03.099  5198  7460 I SearchEngine: isComponentInApps() packageName : com.Slack / className : slack.features.home.HomeActivity / userId : 0 / enable true / enabledSetting 0
03-25 10:20:03.099  5198  7460 I SearchEngine: isComponentInApps() packageName : com.dropbox.android / className : com.dropbox.android.activity.DropboxBrowser / userId : 0 / enable true / enabledSetting 4
03-25 10:20:03.099  5198  7460 I SearchEngine: isComponentInApps() packageName : jp.go.cas.mpa / className : jp.go.cas.mpa.presentation.view.eventcontrol.EventControlActivity / userId : 0 / enable true / enabledSetting 4
03-25 10:20:03.099  5198  7460 I HoneySpace.SuggestAppDecor: cellX : 4
03-25 10:20:03.100  5198  7460 I HoneySpace.SuggestAppDecor: getInstaller: com.payment.app [null]
03-25 10:20:03.101  5198  7460 I HoneySpace.SuggestAppDecor: getInstaller: com.twitter.android [com.android.vending]
03-25 10:20:03.102 11270 19342 I Routine@Core[4.9.04.13]: MetadataSyncHistory: isMetaDataSyncedWithVersion: latest=9c17a0ca7155acc4a4ec81aebd062cfa44e6880f, currentVersion=9c17a0ca7155acc4a4ec81aebd062cfa44e6880f
03-25 10:20:03.104 11270 11297 I Routine@Core[4.9.04.13]: GooglePlayServiceChecker: isPackageEnabled: com.google.android.gms - result(true)
03-25 10:20:03.104 11270 15757 I Routine@Core[4.9.04.13]: MetadataLoadManager: collect: com.payment.app.test
03-25 10:20:03.104 11270 15757 I Routine@Core[4.9.04.13]: MetadataLoadManager: collectWithCollectors - Collect Start! package = com.payment.app.test
03-25 10:20:03.104  3255  3367 D SurfaceComposerClient: [SEC_SF_EFFECTS] setBackgroundBlurRadius ## Dim Layer for - Task=15127#124948 backgroundBlurRadius=0
03-25 10:20:03.105  4709  4816 D SurfaceComposerClient: setCornerRadius ## Task=15128#124950 cornerRadius=9.000000
03-25 10:20:03.106  5198  7460 I HoneySpace.SuggestAppDecor: getInstaller: jp.naver.line.android [com.android.vending]
03-25 10:20:03.106  4709  4709 D QSClock : onDarkChanged tint=DARK
03-25 10:20:03.106  5198  7460 I HoneySpace.SuggestAppDecor: getInstaller: com.android.chrome [com.android.vending]
03-25 10:20:03.110  7676  7676 I DecorView: setWindowBackground: isPopOver=false color=ff010102 d=android.graphics.drawable.InsetDrawable@36b98
03-25 10:20:03.111  5198  7460 I ResultDataManager: Results: keys=SUGGESTED_APPS, SUGGESTED_TAG, SUGGESTED_DIRECTORY, HISTORY_KEYWORD
03-25 10:20:03.111  5198  7460 I SearchEngine: query: reTriggered: [emit] 976 SUGGESTED_APPS takes 12 contents=[8]
03-25 10:20:03.111 11270 15757 I Routine@Core[4.9.04.13]: WatchMetaDataCollector: collect - packageName :com.payment.app.test
03-25 10:20:03.112 11270 11298 W Routine@Core[4.9.04.13]: WatchMetaDataCollector: collect - Skip WatchMeta collect! Cannot find any watch plugin package
03-25 10:20:03.112 24268 24268 D BoundBrokerSvc: onRebind: Intent { act=com.google.android.gms.auth.aang.events.services.START dat=chimera-action:/... xflg=0x4 cmp=com.google.android.gms/.chimera.PersistentApiService }
03-25 10:20:03.112  3255  3367 D SurfaceComposerClient: [SEC_SF_EFFECTS] setBackgroundBlurRadius ## Dim Layer for - Task=15127#124948 backgroundBlurRadius=0
03-25 10:20:03.114  2185  2200 E HeatmapThread: ECT Thread time in milliseconds: 1774401603
03-25 10:20:03.115  7676  7676 D ViewRootImpl: desktopMode is false
03-25 10:20:03.115  7676  7676 I ViewRootImpl: dVRR is disabled
03-25 10:20:03.115  7676 28833 D NativeCustomFrequencyManager: [NativeCFMS] BpCustomFrequencyManager::BpCustomFrequencyManager()
03-25 10:20:03.116  4709  4816 D SurfaceComposerClient: setCornerRadius ## Task=15128#124950 cornerRadius=9.000000
03-25 10:20:03.117  3255  3295 D InputTransport: Input channel constructed: '70a5050', fd=1576
03-25 10:20:03.117  3255  3295 D InputTransport: Input channel constructed: '70a5050', fd=1578
03-25 10:20:03.117  3255  3295 D InputTransport: Input channel constructed: '70a5050', fd=1582
03-25 10:20:03.117  3255  3295 D InputTransport: Input channel destroyed: '70a5050', fd=1578
03-25 10:20:03.117  2185  2200 D HeatmapThread: !@ batteryplugType : 2
03-25 10:20:03.117  2185  2200 D HeatmapThread: !@ batteryLevel : 91  batteryTemperature : 395
03-25 10:20:03.117  2185  2200 D HeatmapThread: !@ Heatmap currtime: 29573360
03-25 10:20:03.117  2185  2200 D HeatmapThread: !@ Heatmap prevtime: 29573359
03-25 10:20:03.117  2185  2200 D HeatmapThread: !@ Heatmap plugstarttime: 29573185
03-25 10:20:03.117  2185  2200 D HeatmapThread: !@ Heatmap prevv_dsoh_update_time: 29573342
03-25 10:20:03.117  2185  2200 E HeatmapThread: !@ CAM New BSOH: 100
03-25 10:20:03.117  2185  2200 E HeatmapThread: !@ CAM is Working
03-25 10:20:03.117  2193  2549 I SurfaceFlinger: id=124962 createSurf, flag=84004, 70a5050 com.google.android.permissioncontroller/com.android.permissioncontroller.permission.ui.GrantPermissionsActivity#124962
03-25 10:20:03.118  3255  3295 D InputTransport: Input channel destroyed: '70a5050', fd=1582
03-25 10:20:03.118  7676  7676 D InputTransport: Input channel constructed: '70a5050', fd=124
03-25 10:20:03.118  7676  7676 I InsetsController: onStateChanged: host=com.google.android.permissioncontroller/com.android.permissioncontroller.permission.ui.GrantPermissionsActivity, from=android.view.ViewRootImpl.onInsetsStateChanged:3026, state=InsetsState: {mDisplayFrame=Rect(0, 0 - 1080, 2316), mDisplayCutout=DisplayCutout{insets=Rect(0, 75 - 0, 0) waterfall=Insets{left=0, top=0, right=0, bottom=0} boundingRect={Bounds=[Rect(0, 0 - 0, 0), Rect(513, 0 - 567, 75), Rect(0, 0 - 0, 0), Rect(0, 0 - 0, 0)]} cutoutPathParserInfo={CutoutPathParserInfo{displayWidth=1080 displayHeight=2316 physicalDisplayWidth=1080 physicalDisplayHeight=2316 density={2.8125} cutoutSpec={M 0,0 H -9.466666666666667 V 26.66666666666667‬ H 9.466666666666667 V 0 H 0 Z @dp} rotation={0} scale={1.0} physicalPixelDisplaySizeRatio={1.0}}} sideOverrides={}}, mRoundedCorners=RoundedCorners{[RoundedCorner{position=TopLeft, radius=12, center=Point(12, 12)}, RoundedCorner{position=TopRight, radius=12, center=Point(1068, 12)}, RoundedCorner{position=BottomRight, radius=12, center=Point(1068, 2304)}, RoundedCorner{position=BottomLeft, radius=12, center=Point(12, 2304)}]}  mRoundedCornerFrame=Rect(0, 0 - 1080, 2316), mPrivacyIndicatorBounds=PrivacyIndicatorBounds {static bounds=Rect(948, 0 - 1080, 75) rotation=0}, mDisplayShape=DisplayShape{ spec=-311912193 displayWidth=1080 displayHeight=2316 physicalPixelDisplaySizeRatio=0.75 rotation=0 offsetX=0 offsetY=0 scale=1.0}, mSources= { InsetsSource: {b32e0001 mType=navigationBars mFrame=[0,2172][1080,2316] mVisible=true mFlags= mSideHint=BOTTOM mBoundingRects=null}, InsetsSource: {b32e0004 mType=systemGestures mFrame=[0,0][0,0] mVisible=true mFlags= mSideHint=NONE mBoundingRects=null}, InsetsSource: {b32e0005 mType=mandatorySystemGestures mFrame=[0,2172][1080,2316] mVisible=true mFlags= mSideHint=BOTTOM mBoundingRects=null}, InsetsSource: {b32e0006 mType=tappableElement mFrame=[0,2172][1080,2316] mVisible=true mFlags= mSideHint=BOTTOM mBoundingRects=null}, InsetsSource: {b32e0024 mType=systemGestures mFrame=[0,0][0,0] mVisible=true mFlags= mSideHint=NONE mBoundingRects=null}, InsetsSource: {bd7f0000 mType=statusBars mFrame=[0,0][1080,75] mVisible=true mFlags= mSideHint=TOP mBoundingRects=null}, InsetsSource: {bd7f0005 mType=mandatorySystemGestures mFrame=[0,0][1080,111] mVisible=true mFlags= mSideHint=TOP mBoundingRects=null}, InsetsSource: {bd7f0006 mType=tappableElement mFrame=[0,0][1080,75] mVisible=true mFlags= mSideHint=TOP mBoundingRects=null}, InsetsSource: {27 mType=displayCutout mFrame=[0,0][1080,75] mVisible=true mFlags= mSideHint=TOP mBoundingRects=null} }
03-25 10:20:03.119  7676  7676 I VRI[GrantPermissionsActivity]@ff941e5: synced displayState. AttachInfo displayState=2
03-25 10:20:03.120  7676  7676 I VRI[GrantPermissionsActivity]@ff941e5: setView = com.android.internal.policy.DecorView@b74eac8 IsHRR=false mFlingFrameRateChange=0 TM=true
03-25 10:20:03.120  2193  2193 I SurfaceFlinger: [70a5050 com.google.android.permissioncontroller/com.android.permissioncontroller.permission.ui.GrantPermissionsActivity#124962] attach to parent LayerHierarchy{RequestedLayerState{ActivityRecord{75713718 u0 com.google.android.permissioncontroller/com.android.permissioncontroller.permission.ui.GrantPermissionsActivity t15128}#124960 parentId=124950} 1 children}
03-25 10:20:03.120  3255  3367 D SurfaceComposerClient: [SEC_SF_EFFECTS] setBackgroundBlurRadius ## Dim Layer for - Task=15127#124948 backgroundBlurRadius=0
03-25 10:20:03.121  4709  4816 D SurfaceComposerClient: setCornerRadius ## Task=15128#124950 cornerRadius=9.000000
03-25 10:20:03.122 11270 11297 I Routine@Core[4.9.04.13]: WearNodeManagerImpl: getConnectedNodeIdByCapability nodeId:null
03-25 10:20:03.123  7676 28833 D HWUI    : HWUI - treat SMPTE_170M as sRGB
03-25 10:20:03.125 11270 11297 I Routine@Core[4.9.04.13]: WearCommonDataStore: getLastConnectedNodeId: c26175dd
03-25 10:20:03.126  5068  5229 D NxpGenExtn: vendor_nfc_handle_event Enter eventCode:12
03-25 10:20:03.126  5068  5229 D NxpGenExtn: handleVendorNciRspNtf Enter dataLen:4
03-25 10:20:03.126  5068  5229 D NxpPropExtn: phNxpProp_HandleVendorNciRspNtf PropExtensionController Enter dataLen:4
03-25 10:20:03.126  3255  6889 I WindowManager: Relayout Window{70a5050 u0 com.google.android.permissioncontroller/com.android.permissioncontroller.permission.ui.GrantPermissionsActivity}: viewVisibility=0 req=1080x96 ty=1 d0
03-25 10:20:03.126  5068  5229 D NxpPropExtn: handleVendorNciRspNtf Enter dataLen:4
03-25 10:20:03.126  5068  5229 D NxpGenExtn: stopWriteRspTimer Enter cmdGid:0, cmdOid:2, rspGid:0, rspOid:7,
03-25 10:20:03.126  5068  5229 D NxpGenExtn: DefaultEventHandler::handleVendorNciRspNtf Enter dataLen:4
03-25 10:20:03.126  5068  5229 D NxpGenExtn: phNxpExtn_HandleVendorNciRspNtf prop status:81
03-25 10:20:03.126  5068  5229 D NxpGenExtn: NfcExtensionController::handleVendorNciRspNtf Enter dataLen:4
03-25 10:20:03.127  5068  5229 D NxpGenExtn: DefaultEventHandler::handleVendorNciRspNtf Enter dataLen:4
03-25 10:20:03.127  5068  5229 D NxpGenExtn: phNxpExtn_HandleVendorNciRspNtf gen status:81
03-25 10:20:03.127  2193  2549 I SurfaceFlinger: id=124963 createSurf, flag=44004, com.google.android.permissioncontroller/com.android.permissioncontroller.permission.ui.GrantPermissionsActivity$_7676#124963
03-25 10:20:03.127  3255  6889 W PhoneWindowManager: lockNow pending, ignore updating lockscreen timeout
03-25 10:20:03.127  3255  6889 D SurfaceComposerClient: setCornerRadius ## b6d62e9 com.android.systemui/com.android.systemui.cover.CoverHomeActivity#122251 cornerRadius=0.000000
03-25 10:20:03.128  3255  6889 D SurfaceComposerClient: setCornerRadius ## 70a5050 com.google.android.permissioncontroller/com.android.permissioncontroller.permission.ui.GrantPermissionsActivity#124962 cornerRadius=0.000000
03-25 10:20:03.128  3255  6889 D SurfaceComposerClient: setCornerRadius ## a175a10 Splash Screen com.payment.app#124952 cornerRadius=0.000000
03-25 10:20:03.128  3255  6889 D SurfaceComposerClient: setCornerRadius ## 3d64f66 com.payment.app/com.payment.app.MainActivity#124961 cornerRadius=0.000000
03-25 10:20:03.128  3255  6889 W PhoneWindowManager: lockNow pending, ignore updating lockscreen timeout
03-25 10:20:03.128  3255  6889 D SurfaceComposerClient: setCornerRadius ## 70a5050 com.google.android.permissioncontroller/com.android.permissioncontroller.permission.ui.GrantPermissionsActivity#124962 cornerRadius=0.000000
03-25 10:20:03.128  3255  6889 D SurfaceComposerClient: setCornerRadius ## a175a10 Splash Screen com.payment.app#124952 cornerRadius=0.000000
03-25 10:20:03.128  3255  6889 D SurfaceComposerClient: setCornerRadius ## 3d64f66 com.payment.app/com.payment.app.MainActivity#124961 cornerRadius=0.000000
03-25 10:20:03.128  3255  3367 D SurfaceComposerClient: [SEC_SF_EFFECTS] setBackgroundBlurRadius ## Dim Layer for - Task=15127#124948 backgroundBlurRadius=0
03-25 10:20:03.128  2193  2193 I SurfaceFlinger: [com.google.android.permissioncontroller/com.android.permissioncontroller.permission.ui.GrantPermissionsActivity$_7676#124963] attach to parent LayerHierarchy{RequestedLayerState{70a5050 com.google.android.permissioncontroller/com.android.permissioncontroller.permission.ui.GrantPermissionsActivity#124962 parentId=124960} 1 children}
03-25 10:20:03.129  4709  4816 D SurfaceComposerClient: setCornerRadius ## Task=15128#124950 cornerRadius=9.000000
03-25 10:20:03.129  2193  2321 I SurfaceFlinger: id=124964 createSurf, flag=24000, Surface(name=e0e4ad7 StatusBar)/@0x47ae321 - animation-leash of insets_animation#124964
03-25 10:20:03.131  2193  2552 I SurfaceFlinger: id=124965 createSurf, flag=24000, Surface(name=ec3cec0 NavigationBar0)/@0x7cffa34 - animation-leash of insets_animation#124965
03-25 10:20:03.131  3255  3467 D AnalyticsContainerHandler: handleMessage : { when=0 what=1 target=com.android.server.knox.KnoxAnalyticsContainer$AnalyticsHandler }
03-25 10:20:03.132  3255  6889 I WindowManager: Relayout hash=70a5050, pid=7676, syncId=-1: mAttrs={(0,0)(wrapxwrap) gr=BOTTOM CENTER sim={state=always_hidden adjust=nothing forwardNavigation} ty=BASE_APPLICATION fmt=TRANSLUCENT wanim=0x1030309 surfaceInsets=Rect(6, 6 - 6, 6)
03-25 10:20:03.132  3255  6889 I WindowManager:   fl=1800002
03-25 10:20:03.132  3255  6889 I WindowManager:   pfl=40080880
03-25 10:20:03.132  3255  6889 I WindowManager:   bhv=1
03-25 10:20:03.132  3255  6889 I WindowManager:   fitTypes=207
03-25 10:20:03.132  3255  6889 I WindowManager:   frameRateBoostOnTouch=true
03-25 10:20:03.132  3255  6889 I WindowManager:   dvrrWindowFrameRateHint=true
03-25 10:20:03.132  3255  6889 I WindowManager:  dimAmount=0.0 naviIconColor=0}
03-25 10:20:03.133  3255  3467 D AnalyticsContainerHandler: handleMessage : { when=0 what=2 target=com.android.server.knox.KnoxAnalyticsContainer$AnalyticsHandler }
03-25 10:20:03.133  7676  7676 I InsetsController: onStateChanged: host=com.google.android.permissioncontroller/com.android.permissioncontroller.permission.ui.GrantPermissionsActivity, from=android.view.ViewRootImpl.onInsetsStateChanged:3026, state=InsetsState: {mDisplayFrame=Rect(0, 0 - 1080, 2316), mDisplayCutout=DisplayCutout{insets=Rect(0, 75 - 0, 0) waterfall=Insets{left=0, top=0, right=0, bottom=0} boundingRect={Bounds=[Rect(0, 0 - 0, 0), Rect(513, 0 - 567, 75), Rect(0, 0 - 0, 0), Rect(0, 0 - 0, 0)]} cutoutPathParserInfo={CutoutPathParserInfo{displayWidth=1080 displayHeight=2316 physicalDisplayWidth=1080 physicalDisplayHeight=2316 density={2.8125} cutoutSpec={M 0,0 H -9.466666666666667 V 26.66666666666667‬ H 9.466666666666667 V 0 H 0 Z @dp} rotation={0} scale={1.0} physicalPixelDisplaySizeRatio={1.0}}} sideOverrides={}}, mRoundedCorners=RoundedCorners{[RoundedCorner{position=TopLeft, radius=12, center=Point(12, 12)}, RoundedCorner{position=TopRight, radius=12, center=Point(1068, 12)}, RoundedCorner{position=BottomRight, radius=12, center=Point(1068, 2304)}, RoundedCorner{position=BottomLeft, radius=12, center=Point(12, 2304)}]}  mRoundedCornerFrame=Rect(0, 0 - 1080, 2316), mPrivacyIndicatorBounds=PrivacyIndicatorBounds {static bounds=Rect(948, 0 - 1080, 75) rotation=0}, mDisplayShape=DisplayShape{ spec=-311912193 displayWidth=1080 displayHeight=2316 physicalPixelDisplaySizeRatio=0.75 rotation=0 offsetX=0 offsetY=0 scale=1.0}, mSources= { InsetsSource: {b32e0001 mType=navigationBars mFrame=[0,2172][1080,2316] mVisible=true mFlags= mSideHint=BOTTOM mBoundingRects=null}, InsetsSource: {b32e0004 mType=systemGestures mFrame=[0,0][0,0] mVisible=true mFlags= mSideHint=NONE mBoundingRects=null}, InsetsSource: {b32e0005 mType=mandatorySystemGestures mFrame=[0,2172][1080,2316] mVisible=true mFlags= mSideHint=BOTTOM mBoundingRects=null}, InsetsSource: {b32e0006 mType=tappableElement mFrame=[0,2172][1080,2316] mVisible=true mFlags= mSideHint=BOTTOM mBoundingRects=null}, InsetsSource: {b32e0024 mType=systemGestures mFrame=[0,0][0,0] mVisible=true mFlags= mSideHint=NONE mBoundingRects=null}, InsetsSource: {bd7f0000 mType=statusBars mFrame=[0,0][1080,75] mVisible=true mFlags= mSideHint=TOP mBoundingRects=null}, InsetsSource: {bd7f0005 mType=mandatorySystemGestures mFrame=[0,0][1080,111] mVisible=true mFlags= mSideHint=TOP mBoundingRects=null}, InsetsSource: {bd7f0006 mType=tappableElement mFrame=[0,0][1080,75] mVisible=true mFlags= mSideHint=TOP mBoundingRects=null}, InsetsSource: {3 mType=ime mFrame=[0,0][0,0] mVisible=false mFlags= mSideHint=NONE mBoundingRects=null}, InsetsSource: {27 mType=displayCutout mFrame=[0,0][1080,75] mVisible=true mFlags= mSideHint=TOP mBoundingRects=null} }
03-25 10:20:03.134  7676  7676 W libc    : Access denied finding property "vendor.display.enable_optimal_refresh_rate"
03-25 10:20:03.134  7676  7676 I BufferQueueProducer: [](id:1dfc00000004,api:0,p:823615920,c:7676) setDequeueTimeout:2077252342
03-25 10:20:03.134 15732 15736 I com.payment.app: Compiler allocated 5066KB to compile void android.view.ViewRootImpl.performTraversals()
03-25 10:20:03.134  4709  4709 D NavigationBar: onSystemBarAttributesChanged() -  displayId:0, appearance:16, packageName: com.google.android.permissioncontroller (APPEARANCE_LIGHT_NAVIGATION_BARS ), navbarColorManagedByIme:false
03-25 10:20:03.134  7676  7676 I BLASTBufferQueue_Java: new BLASTBufferQueue, mName= VRI[GrantPermissionsActivity]@ff941e5 mNativeObject= 0xb4000077f97c4000 caller= android.view.ViewRootImpl.updateBlastSurfaceIfNeeded:3585 android.view.ViewRootImpl.relayoutWindow:11685 android.view.ViewRootImpl.performTraversals:4804 android.view.ViewRootImpl.doTraversal:3924 android.view.ViewRootImpl$TraversalRunnable.run:12903 android.view.Choreographer$CallbackRecord.run:1901 android.view.Choreographer$CallbackRecord.run:1910 android.view.Choreographer.doCallbacks:1367 android.view.Choreographer.doFrame:1292 android.view.Choreographer$FrameDisplayEventReceiver.run:1870
03-25 10:20:03.134  7676  7676 I BLASTBufferQueue_Java: update, w= 1092 h= 108 mName = VRI[GrantPermissionsActivity]@ff941e5 mNativeObject= 0xb4000077f97c4000 sc.mNativeObject= 0xb400007843fadb80 format= -3 caller= android.view.ViewRootImpl.updateBlastSurfaceIfNeeded:3590 android.view.ViewRootImpl.relayoutWindow:11685 android.view.ViewRootImpl.performTraversals:4804 android.view.ViewRootImpl.doTraversal:3924 android.view.ViewRootImpl$TraversalRunnable.run:12903 android.view.Choreographer$CallbackRecord.run:1901
03-25 10:20:03.135  7676  7676 W libc    : Access denied finding property "vendor.display.enable_optimal_refresh_rate"
03-25 10:20:03.135  7676  7676 I VRI[GrantPermissionsActivity]@ff941e5: Relayout returned: old=(0,75,1080,2172) new=(0,2076,1080,2172) relayoutAsync=false req=(1080,96)0 dur=8 res=0x3 s={true 0xb40000783171c200} ch=true seqId=0
03-25 10:20:03.135  7676  7676 I VRI[GrantPermissionsActivity]@ff941e5: performConfigurationChange setNightDimText nightDimLevel=0
03-25 10:20:03.136  7676  7676 D VRI[GrantPermissionsActivity]@ff941e5: mThreadedRenderer.initialize() mSurface={isValid=true 0xb40000783171c200} hwInitialized=true
03-25 10:20:03.136  7676  7676 D VRI[GrantPermissionsActivity]@ff941e5: reportNextDraw android.view.ViewRootImpl.performTraversals:5443 android.view.ViewRootImpl.doTraversal:3924 android.view.ViewRootImpl$TraversalRunnable.run:12903 android.view.Choreographer$CallbackRecord.run:1901 android.view.Choreographer$CallbackRecord.run:1910
03-25 10:20:03.136  7676  7676 D VRI[GrantPermissionsActivity]@ff941e5: Setup new sync=wmsSync-VRI[GrantPermissionsActivity]@ff941e5#8
03-25 10:20:03.136  7676  7676 I VRI[GrantPermissionsActivity]@ff941e5: Creating new active sync group VRI[GrantPermissionsActivity]@ff941e5#9
03-25 10:20:03.136  7676  7676 D VRI[GrantPermissionsActivity]@ff941e5: registerCallbacksForSync syncBuffer=false
03-25 10:20:03.137  2193  2193 I SurfaceFlinger: [LayerHierarchy{RequestedLayerState{ec3cec0 NavigationBar0#99 parentId=124965} 1 children}] reparent to LayerHierarchy{RequestedLayerState{Surface(name=ec3cec0 NavigationBar0)/@0x7cffa34 - animation-leash of insets_animation#124965 parentId=98} 1 children}
03-25 10:20:03.137  2193  2193 I SurfaceFlinger: [LayerHierarchy{RequestedLayerState{e0e4ad7 StatusBar#103 parentId=124964} 1 children}] reparent to LayerHierarchy{RequestedLayerState{Surface(name=e0e4ad7 StatusBar)/@0x47ae321 - animation-leash of insets_animation#124964 parentId=102} 1 children}
03-25 10:20:03.137  2193  2193 I SurfaceFlinger: [LayerHierarchy{RequestedLayerState{Surface(name=ec3cec0 NavigationBar0)/@0x7cffa34 - animation-leash of insets_animation#124958} no children}] reparent to OffscreenRoot
03-25 10:20:03.137  2193  2193 I SurfaceFlinger: [LayerHierarchy{RequestedLayerState{Surface(name=ec3cec0 NavigationBar0)/@0x7cffa34 - animation-leash of insets_animation#124958} no children}] RelativeParent to null
03-25 10:20:03.137  2193  2193 I SurfaceFlinger: [LayerHierarchy{RequestedLayerState{Surface(name=e0e4ad7 StatusBar)/@0x47ae321 - animation-leash of insets_animation#124957} no children}] reparent to OffscreenRoot
03-25 10:20:03.137  2193  2193 I SurfaceFlinger: [LayerHierarchy{RequestedLayerState{Surface(name=e0e4ad7 StatusBar)/@0x47ae321 - animation-leash of insets_animation#124957} no children}] RelativeParent to null
03-25 10:20:03.137  2193  2193 I SurfaceFlinger: [Surface(name=e0e4ad7 StatusBar)/@0x47ae321 - animation-leash of insets_animation#124964] attach to parent LayerHierarchy{RequestedLayerState{WindowToken{e2d8a56 type=2000 android.os.BinderProxy@697ea18}#102 parentId=17} 1 children}
03-25 10:20:03.137  2193  2193 I SurfaceFlinger: [Surface(name=ec3cec0 NavigationBar0)/@0x7cffa34 - animation-leash of insets_animation#124965] attach to parent LayerHierarchy{RequestedLayerState{WindowToken{2bef154 type=2019 android.os.BinderProxy@f7d7724}#98 parentId=34} 1 children}
03-25 10:20:03.137  3255  3367 D SurfaceComposerClient: [SEC_SF_EFFECTS] setBackgroundBlurRadius ## Dim Layer for - Task=15127#124948 backgroundBlurRadius=0
03-25 10:20:03.137  4709  4816 D SurfaceComposerClient: setCornerRadius ## Task=15128#124950 cornerRadius=9.000000
03-25 10:20:03.139  7676 28839 D VRI[GrantPermissionsActivity]@ff941e5: Received frameDrawingCallback syncResult=0 frameNum=1.
03-25 10:20:03.140  2193  2507 D SurfaceFlinger: [input] setFocusedWindow: 70a5050 com.google.android.permissioncontroller/com.android.permissioncontroller.permission.ui.GrantPermissionsActivity
03-25 10:20:03.140  7676 28839 I VRI[GrantPermissionsActivity]@ff941e5: mWNT: t=0xb400007831207380 mBlastBufferQueue=0xb4000077f97c4000 fn= 1 HdrRenderState mRenderHdrSdrRatio=1.0 caller= android.view.ViewRootImpl$12.onFrameDraw:15441 android.view.ThreadedRenderer$1.onFrameDraw:718 <bottom of call stack>
03-25 10:20:03.140  7676 28839 I VRI[GrantPermissionsActivity]@ff941e5: Setting up sync and frameCommitCallback
03-25 10:20:03.140  4709  4847 I VRI[app]@cad1902: onActiveControlsChanged, removed=false, mAdded=true, caller=android.view.ViewRootImpl.handleInsetsControlChanged:3002 android.view.ViewRootImpl$ViewRootHandler.handleMessageImpl:8352 android.view.ViewRootImpl$ViewRootHandler.handleMessage:8301 android.os.Handler.dispatchMessage:110 android.os.Looper.loopOnce:273
03-25 10:20:03.140  2193  2549 I SurfaceFlinger: id=124957 Removed Surface(name=e0e4ad7 StatusBar)/@0x47ae321 - animation-leash of insets_animation#124957 (221)
03-25 10:20:03.141  2193  2549 I SurfaceFlinger: id=124958 Removed Surface(name=ec3cec0 NavigationBar0)/@0x7cffa34 - animation-leash of insets_animation#124958 (221)
03-25 10:20:03.141 11270 15757 W AppFunctions: Unknown schema [category=device_state, name=setDeviceStateItem, version=1]
03-25 10:20:03.141 11270 15757 W AppFunctions: Unknown schema [category=device_state, name=getDeviceStateItem, version=1]
03-25 10:20:03.141 11270 15757 W AppFunctions: Unknown schema [category=device_state, name=getUncategorizedDeviceState, version=1]
03-25 10:20:03.141 11270 15757 W AppFunctions: Unknown schema [category=device_state, name=getPermissionsDeviceState, version=1]
03-25 10:20:03.141 11270 15757 W AppFunctions: Unknown schema [category=device_state, name=getDeviceStateMetadata, version=1]
03-25 10:20:03.141  7914  8352 I SemDvfsHyPerManager: acquire hyper - TABaseBoost/7914@28, type = -999
03-25 10:20:03.141  2112  2197 I HYPER-HAL: [RequestManager.cpp]acquire(): Acquired ID : 31541681  [7914 / 28]    HINT :      list : [TABoost / 1]
03-25 10:20:03.141  3255  4328 D InputDispatcher: Once focus requested (0): 70a5050 com.google.android.permissioncontroller/com.android.permissioncontroller.permission.ui.GrantPermissionsActivity
03-25 10:20:03.141  3255  4328 D InputDispatcher: Focus request (0): 70a5050 com.google.android.permissioncontroller/com.android.permissioncontroller.permission.ui.GrantPermissionsActivity but waiting because NOT_VISIBLE
03-25 10:20:03.143  5198  7460 I HoneySpace.RecentTasks: onRecentTasksChanged
03-25 10:20:03.145  2193  2193 I SurfaceFlinger: destroyed Surface(name=ec3cec0 NavigationBar0)/@0x7cffa34 - animation-leash of insets_animation#124958 form LifecycleManager
03-25 10:20:03.145  2193  2193 I SurfaceFlinger: destroyed Surface(name=e0e4ad7 StatusBar)/@0x47ae321 - animation-leash of insets_animation#124957 form LifecycleManager
03-25 10:20:03.145  2193  2193 I SurfaceFlinger: id=124958 onLayerDestroyed from LayerHierarchyBuilder(RequestedLayerState{Surface(name=ec3cec0 NavigationBar0)/@0x7cffa34 - animation-leash of insets_animation#124958 !handle})
03-25 10:20:03.145  2193  2193 I SurfaceFlinger: id=124957 onLayerDestroyed from LayerHierarchyBuilder(RequestedLayerState{Surface(name=e0e4ad7 StatusBar)/@0x47ae321 - animation-leash of insets_animation#124957 !handle})
03-25 10:20:03.145  3255  3367 D SurfaceComposerClient: [SEC_SF_EFFECTS] setBackgroundBlurRadius ## Dim Layer for - Task=15127#124948 backgroundBlurRadius=0
03-25 10:20:03.145  2193  2193 I Layer   : id=124958 Destroyed Surface(name=ec3cec0 NavigationBar0)/@0x7cffa34 - animation-leash of insets_animation#124958
03-25 10:20:03.145  2193  2193 I Layer   : id=124957 Destroyed Surface(name=e0e4ad7 StatusBar)/@0x47ae321 - animation-leash of insets_animation#124957
03-25 10:20:03.146  4709  4816 D SurfaceComposerClient: setCornerRadius ## Task=15128#124950 cornerRadius=9.000000
03-25 10:20:03.150  7850  7894 I [AirCmd]_ActivitySwitchDetector: onTaskStackChanged : componentName - ComponentInfo{com.google.android.permissioncontroller/com.android.permissioncontroller.permission.ui.GrantPermissionsActivity}
03-25 10:20:03.151  7676 28833 I BLASTBufferQueue: [VRI[GrantPermissionsActivity]@ff941e5#4](f:0,a:0,s:0) onFrameAvailable the first frame is available
03-25 10:20:03.151  7676 28833 I SurfaceComposerClient: apply transaction with the first frame. layerId: 124963, bufferData(ID: 32968168964123, frameNumber: 1)
03-25 10:20:03.151  2193  2549 I SurfaceFlinger: [com.google.android.permissioncontroller/com.android.permissioncontroller.permission.ui.GrantPermissionsActivity$_7676#124963] setTransactionState with the first frame. bufferData(ID: 32968168964123, frameNumber: 1)
03-25 10:20:03.152  7676 28833 I VRI[GrantPermissionsActivity]@ff941e5: Received frameCommittedCallback lastAttemptedDrawFrameNum=1 didProduceBuffer=true
03-25 10:20:03.152  7676 28833 D HWUI    : CFMS:: SetUp Pid : 7676    Tid : 28833
03-25 10:20:03.152  7676  7676 D VRI[GrantPermissionsActivity]@ff941e5: reportDrawFinished seqId=0
03-25 10:20:03.152  2182  5516 V APM_AudioPolicyManager: setAppState(portId:8180, state:1)
03-25 10:20:03.152  2182  5516 V APM_AudioPolicyManager: setAppState(portId:8180, state:1)
03-25 10:20:03.153  7676  7676 I InsetsSourceConsumer: applyRequestedVisibilityToControl: visible=true, type=statusBars, host=com.google.android.permissioncontroller/com.android.permissioncontroller.permission.ui.GrantPermissionsActivity
03-25 10:20:03.153  3255  3367 D SurfaceComposerClient: [SEC_SF_EFFECTS] setBackgroundBlurRadius ## Dim Layer for - Task=15127#124948 backgroundBlurRadius=0
03-25 10:20:03.154  4709  4816 D SurfaceComposerClient: setCornerRadius ## Task=15128#124950 cornerRadius=9.000000
03-25 10:20:03.154  7676  7676 I InsetsSourceConsumer: applyRequestedVisibilityToControl: visible=true, type=navigationBars, host=com.google.android.permissioncontroller/com.android.permissioncontroller.permission.ui.GrantPermissionsActivity
03-25 10:20:03.154  6543  6570 V OsAgent : broadcastSystemEvent - 7
03-25 10:20:03.154  6543  6570 V OsAgent : broadcastSystemEvent - 7
03-25 10:20:03.154  3255  6889 I SemDvfsHyPerManager: acquire hyper - AMS_RESUME_TAIL/3255@21, type = -999
03-25 10:20:03.154  3255  6889 I SemDvfsHyPerManager: acquire hyper - AMS_ACT_LAZY/3255@22, type = -999
03-25 10:20:03.155  2112  2197 I HYPER-HAL: [RequestManager.cpp]acquire(): Acquired ID : 5367747  [3255 / 21]    HINT : AMS_RESUME_TAIL    list :
03-25 10:20:03.156  2147  2147 E ANDR-PERF-MPCTL: ANDR-PERF-MPCTL: internal_perf_lock_acq_verification() 385: Perflock Submit request limit reached.
03-25 10:20:03.157  2147  2147 E ANDR-PERF-MPCTL: ANDR-PERF-MPCTL: internal_perf_lock_acq_verification() 385: Perflock Submit request limit reached.
03-25 10:20:03.157  3255  3366 W PhoneWindowManager: lockNow pending, ignore updating lockscreen timeout
03-25 10:20:03.157  3255  3366 D SurfaceComposerClient: setCornerRadius ## b6d62e9 com.android.systemui/com.android.systemui.cover.CoverHomeActivity#122251 cornerRadius=0.000000
03-25 10:20:03.156 11270 15757 W AppFunctions: Unknown schema [category=photos, name=getMediaItemContentUris, version=1]
03-25 10:20:03.157  2147  2147 E ANDR-PERF-MPCTL: ANDR-PERF-MPCTL: internal_perf_lock_acq_verification() 385: Perflock Submit request limit reached.
03-25 10:20:03.157  3255  3366 D SurfaceComposerClient: setCornerRadius ## 70a5050 com.google.android.permissioncontroller/com.android.permissioncontroller.permission.ui.GrantPermissionsActivity#124962 cornerRadius=0.000000
03-25 10:20:03.157  3255  3366 D SurfaceComposerClient: setCornerRadius ## a175a10 Splash Screen com.payment.app#124952 cornerRadius=0.000000
03-25 10:20:03.157  2112  2197 I HYPER-HAL: [RequestManager.cpp]acquire(): Acquired ID : 5371025  [3255 / 22]    HINT : AMS_ACT_LAZY    list :
03-25 10:20:03.157  2147  2147 E ANDR-PERF-MPCTL: ANDR-PERF-MPCTL: internal_perf_lock_acq_verification() 385: Perflock Submit request limit reached.
03-25 10:20:03.157  2147  2147 E ANDR-PERF-MPCTL: ANDR-PERF-MPCTL: internal_perf_lock_acq_verification() 385: Perflock Submit request limit reached.
03-25 10:20:03.157  2147  2147 E ANDR-PERF-MPCTL: ANDR-PERF-MPCTL: internal_perf_lock_acq_verification() 385: Perflock Submit request limit reached.
03-25 10:20:03.157  3255  3366 W PhoneWindowManager: lockNow pending, ignore updating lockscreen timeout
03-25 10:20:03.157  2147  2147 E ANDR-PERF-MPCTL: ANDR-PERF-MPCTL: internal_perf_lock_acq_verification() 385: Perflock Submit request limit reached.
03-25 10:20:03.157  3255  3366 D SurfaceComposerClient: setCornerRadius ## 70a5050 com.google.android.permissioncontroller/com.android.permissioncontroller.permission.ui.GrantPermissionsActivity#124962 cornerRadius=0.000000
03-25 10:20:03.157  2147  2147 E ANDR-PERF-MPCTL: ANDR-PERF-MPCTL: internal_perf_lock_acq_verification() 385: Perflock Submit request limit reached.
03-25 10:20:03.157  3255  3366 D SurfaceComposerClient: setCornerRadius ## a175a10 Splash Screen com.payment.app#124952 cornerRadius=0.000000
03-25 10:20:03.157  3255  3366 D SurfaceComposerClient: setCornerRadius ## 3d64f66 com.payment.app/com.payment.app.MainActivity#124961 cornerRadius=0.000000
03-25 10:20:03.157  2147  2147 E ANDR-PERF-MPCTL: ANDR-PERF-MPCTL: internal_perf_lock_acq_verification() 385: Perflock Submit request limit reached.
03-25 10:20:03.158  2112  2197 I HYPER-HAL: [RequestManager.cpp]releaseLocked(): Released ID : 5377584
03-25 10:20:03.159  2193  2549 I SurfaceFlinger: id=124966 createSurf, flag=24000, Surface(name=ef42f62 jp.naver.line.android)/@0xe8e28e5 - animation-leash of window_animation#124966
