03-25 11:21:05.548  3255  4523 I AppWidgetServiceImpl: Received broadcast: android.intent.action.PACKAGE_CHANGED, Updates all providers with com.payment.app, userId: 0
03-25 11:21:05.548 25125 25125 E DWBn    : UsageDataManager MemoryTrimmable
03-25 11:21:05.548 25125 25125 I DWBn    : Retrieve CLEAR_CACHED_DATA
03-25 11:21:05.548 25125 25125 I DWBn    : No Request Data
03-25 11:21:05.549  4709  4891 D PluginActionManager: Found 0 plugins
03-25 11:21:05.549  4709  4891 D PluginActionManager: queryPkg com.payment.app com.android.systemui.action.PLUGIN_OVERLAY
03-25 11:21:05.549  3255  4523 D AppWidgetServiceImpl: Template widget preview's records are cleared because of package com.payment.app changed
03-25 11:21:05.550 18081 18081 I SCS@AiSearch user 0: (PackageBroadcastReceiver) onReceive android.intent.action.PACKAGE_CHANGED
03-25 11:21:05.550 18081 18081 I SCS@AiSearch user 0: (PackageBroadcastReceiver) packageName: com.payment.app
03-25 11:21:05.550 18081 18081 I SCS@AiSearch user 0: (PackageBroadcastReceiver) Packages changed: com.payment.app
03-25 11:21:05.551 18081 18081 I SCS@AiSearch user 0: (AppsDataObserver) scheduling worker CMD_UPDATE_LIST
03-25 11:21:05.554  4999  4999 D CarrierSvcBindHelper: No carrier app for: 0
03-25 11:21:05.554  4999  4999 D CarrierSvcBindHelper: No carrier app for: 1
03-25 11:21:05.555  5068  5068 I RegisteredComponentCache: generateComponentsList: New Components =>
03-25 11:21:05.555  5068  5068 I RegisteredComponentCache: ComponentInfo: ResolveInfo{988da56 jp.co.rakuten.pay/r10.one.auth.ekyc.activities.EKycScanActivity m=0x108000 userHandle=UserHandle{0}}, techs: android.nfc.tech.NfcB,
03-25 11:21:05.555  5068  5068 I RegisteredComponentCache: ComponentInfo: ResolveInfo{64f5ad7 jp.co.yahoo.android.yshopping/.feature.hometowntax.HometownTaxActivity m=0x108000 userHandle=UserHandle{0}}, techs: android.nfc.tech.NfcB,
03-25 11:21:05.555  5068  5068 I RegisteredComponentCache: ComponentInfo: ResolveInfo{6c15fc4 net.mediavrog.ic_card_expensetracker/.NfcLaunchActivity m=0x108000 userHandle=UserHandle{0}}, techs: android.nfc.tech.NfcF,
03-25 11:21:05.555  5068  5068 I RegisteredComponentCache: ComponentInfo: ResolveInfo{11baead yanzm.products.suicareader/.ui.CardLaunchActivity m=0x108000 userHandle=UserHandle{0}}, techs: android.nfc.tech.NfcF,
03-25 11:21:05.555  5068  5068 I RegisteredComponentCache: ComponentInfo: ResolveInfo{ed045e2 com.android.apps.tag/.TagViewer m=0x108000 userHandle=UserHandle{0}}, techs: android.nfc.tech.Ndef,
03-25 11:21:05.555  5068  5068 I RegisteredComponentCache: ComponentInfo: ResolveInfo{2c4cd73 jp.evering.payment/com.mclearring.MainActivity m=0x108000 userHandle=UserHandle{0}}, techs: android.nfc.tech.IsoDep, android.nfc.tech.NfcA, android.nfc.tech.NfcB, android.nfc.tech.NfcF, android.nfc.tech.NfcV, android.nfc.tech.Ndef, android.nfc.tech.NdefFormatable, android.nfc.tech.MifareClassic, android.nfc.tech.MifareUltralight,
03-25 11:21:05.555  5068  5068 I RegisteredComponentCache: ComponentInfo: ResolveInfo{e56b430 jp.naver.line.android/com.linecorp.line.pay.transact.creditcard.epi.registration.CardRegistrationActivity m=0x108000 userHandle=UserHandle{0}}, techs: android.nfc.tech.IsoDep, android.nfc.tech.NfcA, android.nfc.tech.NfcB, android.nfc.tech.NfcF, android.nfc.tech.NfcV, android.nfc.tech.Ndef, android.nfc.tech.NdefFormatable, android.nfc.tech.MifareClassic, android.nfc.tech.MifareUltralight,
03-25 11:21:05.555  5068  5068 I RegisteredComponentCache: ComponentInfo: ResolveInfo{2f188a9 net.dinglisch.android.taskerm/com.joaomgcd.taskerm.nfc.ActivityNFCTag m=0x108000 userHandle=UserHandle{0}}, techs: android.nfc.tech.IsoDep, android.nfc.tech.MifareClassic, android.nfc.tech.MifareUltralight, android.nfc.tech.NfcA, android.nfc.tech.NfcB, android.nfc.tech.NfcF, android.nfc.tech.NfcV, android.nfc.tech.NdefFormatable, android.nfc.tech.Ndef, android.nfc.tech.NfcBarcode,
03-25 11:21:05.555  5068  5068 I RegisteredComponentCache: ComponentInfo: ResolveInfo{2f188a9 net.dinglisch.android.taskerm/com.joaomgcd.taskerm.nfc.ActivityNFCTag m=0x108000 userHandle=UserHandle{0}}, techs: android.nfc.tech.NfcA, android.nfc.tech.Ndef,
03-25 11:21:05.555  5068  5068 I RegisteredComponentCache: ComponentInfo: ResolveInfo{2f188a9 net.dinglisch.android.taskerm/com.joaomgcd.taskerm.nfc.ActivityNFCTag m=0x108000 userHandle=UserHandle{0}}, techs: android.nfc.tech.NfcB, android.nfc.tech.Ndef,
03-25 11:21:05.555  5068  5068 I RegisteredComponentCache: generateComponentsList: Removed Components =>
03-25 11:21:05.555  5068  5068 I RegisteredComponentCache: ComponentInfo: ResolveInfo{69f2191 jp.co.rakuten.pay/r10.one.auth.ekyc.activities.EKycScanActivity m=0x108000 userHandle=UserHandle{0}}, techs: android.nfc.tech.NfcB,
03-25 11:21:05.555  5068  5068 I RegisteredComponentCache: ComponentInfo: ResolveInfo{521a8f6 jp.co.yahoo.android.yshopping/.feature.hometowntax.HometownTaxActivity m=0x108000 userHandle=UserHandle{0}}, techs: android.nfc.tech.NfcB,
03-25 11:21:05.555  5068  5068 I RegisteredComponentCache: ComponentInfo: ResolveInfo{51414f7 net.mediavrog.ic_card_expensetracker/.NfcLaunchActivity m=0x108000 userHandle=UserHandle{0}}, techs: android.nfc.tech.NfcF,
03-25 11:21:05.555  5068  5068 I RegisteredComponentCache: ComponentInfo: ResolveInfo{5fa5f64 yanzm.products.suicareader/.ui.CardLaunchActivity m=0x108000 userHandle=UserHandle{0}}, techs: android.nfc.tech.NfcF,
03-25 11:21:05.555  5068  5068 I RegisteredComponentCache: ComponentInfo: ResolveInfo{345cd com.android.apps.tag/.TagViewer m=0x108000 userHandle=UserHandle{0}}, techs: android.nfc.tech.Ndef,
03-25 11:21:05.555  5068  5068 I RegisteredComponentCache: ComponentInfo: ResolveInfo{a375e82 jp.evering.payment/com.mclearring.MainActivity m=0x108000 userHandle=UserHandle{0}}, techs: android.nfc.tech.IsoDep, android.nfc.tech.NfcA, android.nfc.tech.NfcB, android.nfc.tech.NfcF, android.nfc.tech.NfcV, android.nfc.tech.Ndef, android.nfc.tech.NdefFormatable, android.nfc.tech.MifareClassic, android.nfc.tech.MifareUltralight,
03-25 11:21:05.556  5068  5068 I RegisteredComponentCache: ComponentInfo: ResolveInfo{2eb0993 jp.naver.line.android/com.linecorp.line.pay.transact.creditcard.epi.registration.CardRegistrationActivity m=0x108000 userHandle=UserHandle{0}}, techs: android.nfc.tech.IsoDep, android.nfc.tech.NfcA, android.nfc.tech.NfcB, android.nfc.tech.NfcF, android.nfc.tech.NfcV, android.nfc.tech.Ndef, android.nfc.tech.NdefFormatable, android.nfc.tech.MifareClassic, android.nfc.tech.MifareUltralight,
03-25 11:21:05.556  5068  5068 I RegisteredComponentCache: ComponentInfo: ResolveInfo{5b00dd0 net.dinglisch.android.taskerm/com.joaomgcd.taskerm.nfc.ActivityNFCTag m=0x108000 userHandle=UserHandle{0}}, techs: android.nfc.tech.IsoDep, android.nfc.tech.MifareClassic, android.nfc.tech.MifareUltralight, android.nfc.tech.NfcA, android.nfc.tech.NfcB, android.nfc.tech.NfcF, android.nfc.tech.NfcV, android.nfc.tech.NdefFormatable, android.nfc.tech.Ndef, android.nfc.tech.NfcBarcode,
03-25 11:21:05.556  5068  5068 I RegisteredComponentCache: ComponentInfo: ResolveInfo{5b00dd0 net.dinglisch.android.taskerm/com.joaomgcd.taskerm.nfc.ActivityNFCTag m=0x108000 userHandle=UserHandle{0}}, techs: android.nfc.tech.NfcA, android.nfc.tech.Ndef,
03-25 11:21:05.556  5068  5068 I RegisteredComponentCache: ComponentInfo: ResolveInfo{5b00dd0 net.dinglisch.android.taskerm/com.joaomgcd.taskerm.nfc.ActivityNFCTag m=0x108000 userHandle=UserHandle{0}}, techs: android.nfc.tech.NfcB, android.nfc.tech.Ndef,
03-25 11:21:05.556  7850  7850 I [AirCmd]_AirCommandApplication: onReceive : android.intent.action.PACKAGE_CHANGED
03-25 11:21:05.556  7850  7850 I [AirCmd]_ShortcutListController: onReceive : android.intent.action.PACKAGE_CHANGED pkg = com.payment.app
03-25 11:21:05.556  4999  6083 I SatelliteAppTracker: onPackageModified : com.payment.app
03-25 11:21:05.557  4709  4709 D ControlsListingControllerImpl: ServiceConfig reloaded, count: 3
03-25 11:21:05.557  4709  4709 D SPluginManagerImpl: onReceive: android.intent.action.PACKAGE_CHANGED, size:{com.android.systemui.pluginlock.PluginLockMediatorImpl@14bfc1a=SPluginInstanceManager@200079955 (action=com.samsung.systemui.action.PLUGIN_LOCK), com.samsung.android.systemui.multistar.MultiStarManager$2@398f1c9=SPluginInstanceManager@123604880 (action=com.samsung.systemui.action.PLUGIN_MULTISTAR), com.android.systemui.noticenter.NotiCenterPlugin$NotiCenterPluginListener@65bc456=SPluginInstanceManager@86683785 (action=com.samsung.systemui.action.PLUGIN_NOTICENTER), com.android.systemui.volume.VolumeStarInteractor$start$1@72934db=SPluginInstanceManager@132978830 (action=com.samsung.systemui.volume.PLUGIN), com.android.systemui.lockstar.PluginLockStarManager@7afc26d=SPluginInstanceManager@155379887 (action=com.samsung.systemui.action.PLUGIN_LOCK_STAR), com.android.systemui.slimindicator.SlimIndicatorPluginMediator@c403f02=SPluginInstanceManager@180131004 (action=com.samsung.systemui.action.SPLUGIN_SLIMINDICATOR), com.android.systemui.navigationbar.plugin.PluginBarInteractionManager$pluginListener$1@cd69cd0=SPluginInstanceManager@218418245 (action=com.samsung.systemui.navigationbar.PLUGIN)}
03-25 11:21:05.557  4709  4709 D KeyguardUpdateMonitor: received broadcast android.intent.action.PACKAGE_CHANGED
03-25 11:21:05.557  4709  4709 D SecSTQuickControlRequestReceiver: onReceiveForPackage action = android.intent.action.PACKAGE_CHANGED, pkgName = com.payment.app
03-25 11:21:05.558  3255  4255 D SEP_UNION_SemDeviceInfoManagerService: onReceive : android.intent.action.PACKAGE_CHANGED, userId = 0
03-25 11:21:05.559  3255  3255 D DualDARComnService: reConnectAgentsByPkgName:: package: com.payment.app
03-25 11:21:05.560  4999  6019 D ImsResolver: maybeAddedImsService, packageName: com.payment.app
03-25 11:21:05.560  4999  6019 V ImsResolver: searchForImsServices: package=com.payment.app, users=[UserHandle{0}]
03-25 11:21:05.560 19720 21168 I System.out: [StandaloneCoroutine{Active}@bfa3342, java.util.concurrent.Executors$AutoShutdownDelegatedExecutorService@d0515c9]
03-25 11:21:05.561  4709  4709 I GoodLockLifecycle: onPackageChanged: com.payment.app
03-25 11:21:05.561  4709  4709 I SharedAppWidgetFacade:  onPackageChanged com.payment.app
03-25 11:21:05.561  4709  4709 D LStar|PluginLockStarImpl@130903: onPackageChanged : (4002)
03-25 11:21:05.561  4709  4891 D PluginActionManager: Found 0 plugins
03-25 11:21:05.561  4709  4891 D PluginActionManager: queryPkg com.payment.app com.android.systemui.action.PLUGIN_QS
03-25 11:21:05.562  3255  4252 I RoleService: Granting default roles...
03-25 11:21:05.562 19720 21168 I System.out: [StandaloneCoroutine{Active}@bfa3342, java.util.concurrent.Executors$AutoShutdownDelegatedExecutorService@d0515c9]
03-25 11:21:05.562  4709  4891 D PluginActionManager: Found 0 plugins
03-25 11:21:05.562  4709  4891 D PluginActionManager: queryPkg com.payment.app com.android.systemui.action.PLUGIN_CLOCK_PROVIDER
03-25 11:21:05.563  4999  6019 V ImsResolver: searchForImsServices: package=com.payment.app, users=[UserHandle{0}]
03-25 11:21:05.563  3255  4615 D SemInputDeviceManagerService: setDisplayState[1] EARLY: DOZE(3) -> DOZE_SUSPEND(4)
03-25 11:21:05.563  2711  3456 I bauth_FPBAuthService: pcf : 0x1012, 0 ,1 ,0 ,1 ,0 ,0, 16.0.0.0
03-25 11:21:05.563  2711  3456 I bauth_FPBAuthService: thread id : 1, preenroll_flag : 0, nd cnt : 0, cso : 0, et : 0
03-25 11:21:05.563  2711  3456 I bauth_FPBAuthService: FPBAuthService::timerHandler complete
03-25 11:21:05.564  4709  4891 D PluginActionManager: Found 0 plugins
03-25 11:21:05.564  4709  4891 D PluginActionManager: queryPkg com.payment.app com.android.systemui.action.PLUGIN_SENSOR_MANAGER
03-25 11:21:05.564  3255  4279 D SemInputDevice:TSP: ActivateTask: 4,0 [03-25 11:21:05.563]
03-25 11:21:05.564  2193  2193 D SurfaceFlinger: Setting power mode 3 on physical display 4630947093241269891
03-25 11:21:05.564  2193  2193 D SurfaceFlinger: setPhysicalDisplayPowerMode: Optimizing thread scheduling: optimizeForPerformance
03-25 11:21:05.564  2145  2459 I SDM     : HWCDisplay::SetPowerMode: display = 0, mode = DozeSuspend
03-25 11:21:05.564  2145  2459 I SDM     : DisplayBase::SetDisplayState: Set state = 3, display 66-0, teardown = 0
03-25 11:21:05.564  2145  2459 I SDM     : HWDeviceDRM::NullCommit: Null commit succeeded crtc=174
03-25 11:21:05.564  2145  2459 I SDM     : DisplayBase::WaitForCompletion: Wait for cached retire fence to be in steady state
03-25 11:21:05.565  4709  4891 D PluginActionManager: Found 0 plugins
03-25 11:21:05.565  4709  4891 D PluginActionManager: queryPkg com.payment.app com.android.systemui.action.PLUGIN_NOTIFICATION_ASSISTANT
03-25 11:21:05.566  3255  3363 W PhoneWindowManager: lockNow pending, ignore updating lockscreen timeout
03-25 11:21:05.566  3255  3363 D SurfaceComposerClient: setCornerRadius ## b6d62e9 com.android.systemui/com.android.systemui.cover.CoverHomeActivity#122251 cornerRadius=0.000000
03-25 11:21:05.566  2161  2161 I sysinput:Touch: activate:96, 4,0 OK
03-25 11:21:05.566  3255  3363 W PhoneWindowManager: lockNow pending, ignore updating lockscreen timeout
03-25 11:21:05.566  3255  4279 D SysinputHAL_V1_3(V1_2): setTspEnable(TSP(1)),4,true ret=0
03-25 11:21:05.566  4709  4891 D PluginActionManager: Found 0 plugins
03-25 11:21:05.566  4709  4891 D PluginActionManager: queryPkg com.payment.app com.android.systemui.action.PLUGIN_GLOBAL_ACTIONS
03-25 11:21:05.566 26316 26316 I NearbyDiscovery: (REDACTED) FastPairDisplayObserver: %s -> %s
03-25 11:21:05.567  7676  7676 I VRI[GrantPermissionsActivity]@74059f9: onDisplayChanged oldDisplayState=3 newDisplayState=4
03-25 11:21:05.567  4709  4891 D PluginActionManager: Found 0 plugins
03-25 11:21:05.567  4709  4891 D PluginActionManager: queryPkg com.payment.app com.samsung.systemui.action.PLUGIN_FACE_WIDGET
03-25 11:21:05.567  4709  4891 D PluginActionManager: Too many of com.samsung.systemui.action.PLUGIN_FACE_WIDGET
03-25 11:21:05.567  4709  4891 D PluginActionManager: queryPkg com.payment.app com.android.systemui.action.PLUGIN_AOD
03-25 11:21:05.567  3255  3366 W PhoneWindowManager: lockNow pending, ignore updating lockscreen timeout
03-25 11:21:05.567  3255  3366 D SurfaceComposerClient: setCornerRadius ## b6d62e9 com.android.systemui/com.android.systemui.cover.CoverHomeActivity#122251 cornerRadius=0.000000
03-25 11:21:05.567  4709  4891 D PluginActionManager: Too many of com.android.systemui.action.PLUGIN_AOD
03-25 11:21:05.567  3255  3366 W PhoneWindowManager: lockNow pending, ignore updating lockscreen timeout
03-25 11:21:05.567  4999  4999 D SatelliteController: packageStateChanged: package:com.payment.app DefaultSmsPackageName:com.kddi.android.cmail
03-25 11:21:05.568  4999  4999 V SatelliteController: Neither SMS or SatelliteGateway package
03-25 11:21:05.568  5198  2737 I HoneySpace.Memory-Monitor: current state = 4, didTrim = true
03-25 11:21:05.568  4709  4891 D PluginActionManager: queryPkg com.payment.app com.android.systemui.action.PLUGIN_NOTIFICATION_MENU_ROW
03-25 11:21:05.568  5198  5198 I VRI[LauncherActivity]@573f08a: onDisplayChanged oldDisplayState=3 newDisplayState=4
03-25 11:21:05.568 27335 27335 I VRI[]@921612a: onDisplayChanged oldDisplayState=3 newDisplayState=4
03-25 11:21:05.568  5198  5198 I VRI[RecentsTransitionOverlay]@c5df8ed: onDisplayChanged oldDisplayState=3 newDisplayState=4
03-25 11:21:05.568  5198  5198 I VRI[RecentsActivity]@cf07ad1: onDisplayChanged oldDisplayState=3 newDisplayState=4
03-25 11:21:05.568  5198  5198 I VRI[CocktailBarService]@397cb39: onDisplayChanged oldDisplayState=3 newDisplayState=4
03-25 11:21:05.568  7773  7773 I VRI[InputMethod]@9d679b1: onDisplayChanged oldDisplayState=3 newDisplayState=4
03-25 11:21:05.568  2659  2659 I VRI[MainActivity]@79f1725: onDisplayChanged oldDisplayState=3 newDisplayState=4
03-25 11:21:05.569  4709  4891 D PluginActionManager: Found 0 plugins
03-25 11:21:05.569  4709  4891 D PluginActionManager: queryPkg com.payment.app com.android.systemui.action.PLUGIN_VOLUME
03-25 11:21:05.569  2182  2313 D AudioFlinger: setParameters: filtered dev setParameters keyvalue screen_state=off
03-25 11:21:05.569  2070  4498 D AHAL: AudioDevice: SetParameters: 1799: enter
03-25 11:21:05.569  2070  4498 D AHAL: AudioVoice: VoiceSetParameters: 171: Enter
03-25 11:21:05.569  2070  4498 D AHAL: AudioVoice: VoiceSetParameters: 416: Exit ret: 0
03-25 11:21:05.569  2070  4498 D AHAL: hfp: hfp_set_parameters: 447: enter
03-25 11:21:05.569  2070  4498 D AHAL: AudioDevice: SetParameters: 1882:  - screen = off
03-25 11:21:05.569  2070  4498 I PAL: ResourceManager: setParameter: 9278: Screen State:0
03-25 11:21:05.569  2070  4498 D AHAL: AudioDevice: SetParameters: 2521: exit: screen_state=off
03-25 11:21:05.569  4709  4891 D PluginActionManager: Found 0 plugins
03-25 11:21:05.569  4709  4891 D PluginActionManager: queryPkg com.payment.app com.android.systemui.action.PLUGIN_TOAST
03-25 11:21:05.570 21854 21854 I VRI[LauncherActivity]@d03329a: onDisplayChanged oldDisplayState=3 newDisplayState=4
03-25 11:21:05.570 16164 16164 I VRI[FP Iconview]@51154a7: onDisplayChanged oldDisplayState=3 newDisplayState=4
03-25 11:21:05.570  2070  4498 I Audio_a2dpsink_hw: adev_set_parameters: kevpairs=[screen_state=off]
03-25 11:21:05.570  3255  4502 D AS.DesktopModeHelper: onDisplayChanged: #Id=0
03-25 11:21:05.571 19720 21168 D ConnectivityManager: StackLog: [android.net.ConnectivityManager.unregisterNetworkCallback(ConnectivityManager.java:5579)] [com.inmobi.media.Lj.b(r8-map-id-f4f7bdc0b224a295a17e9494867203586fcc785a2d60c6ff02aecf74c2557d9c:13)] [com.inmobi.media.Lj.a(r8-map-id-f4f7bdc0b224a295a17e9494867203586fcc785a2d60c6ff02aecf74c2557d9c:18)] [com.inmobi.media.Yk.a(r8-map-id-f4f7bdc0b224a295a17e9494867203586fcc785a2d60c6ff02aecf74c2557d9c:58)] [com.inmobi.media.Rk.invokeSuspend(r8-map-id-f4f7bdc0b224a295a17e9494867203586fcc785a2d60c6ff02aecf74c2557d9c:48)] [com.inmobi.media.Rk.invoke(r8-map-id-f4f7bdc0b224a295a17e9494867203586fcc785a2d60c6ff02aecf74c2557d9c:12)] [com.inmobi.media.Ii.invokeSuspend(r8-map-id-f4f7bdc0b224a295a17e9494867203586fcc785a2d60c6ff02aecf74c2557d9c:33)] [kotlin.coroutines.jvm.internal.BaseContinuationImpl.resumeWith(r8-map-id-f4f7bdc0b224a295a17e9494867203586fcc785a2d60c6ff02aecf74c2557d9c:12)] [kotlinx.coroutines.DispatchedTask.run(r8-map-id-f4f7bdc0b224a295a17e9494867203586fcc785a2d60c6ff02aecf74c2557d9c:129)] [java.util.concurrent.ThreadPoolExecutor.runWorker(ThreadPoolExecutor.java:1154)] [java.util.concurrent.ThreadPoolExecutor$Worker.run(ThreadPoolExecutor.java:652)] [java.lang.Thread.run(Thread.java:1564)]
03-25 11:21:05.571  4709  4709 D DisplayLifecycle: updateDisplay id = 0
03-25 11:21:05.572   760   760 I VRI[InternalMainActivity]@f96a168: onDisplayChanged oldDisplayState=3 newDisplayState=4
03-25 11:21:05.572  4709  4891 D PluginActionManager: Found 0 plugins
03-25 11:21:05.572  4709  4891 D PluginActionManager: queryPkg com.payment.app com.samsung.systemui.action.PLUGIN_DISPLAY_COVER
03-25 11:21:05.572  4709  4891 D PluginActionManager: Too many of com.samsung.systemui.action.PLUGIN_DISPLAY_COVER
03-25 11:21:05.572  3255  4523 I AppWidgetServiceImpl: Received broadcast: android.intent.action.PACKAGE_CHANGED, Updates all providers with com.payment.app, userId: 0
03-25 11:21:05.572  3255  4523 D AppWidgetServiceImpl: Template widget preview's records are cleared because of package com.payment.app changed
03-25 11:21:05.573  4709  4709 I Keyguard.AODTouchModeManager: onDisplayChanged newDisplayState=4, currentDisplayState=3, displayId=0
03-25 11:21:05.573  4709  4796 I VRI[ShellDropTarget]@5a137a6: onDisplayChanged oldDisplayState=3 newDisplayState=4
03-25 11:21:05.573  4709  4709 I AODTriggers: onAODEventDispatched = 4 / eventData = aod.e0@5262ef5
03-25 11:21:05.573  4709  4709 I AOD_LIVE_CLOCK@LiveClockController: updateDisplayState: DISPLAY_STATE_DOZE_SUSPEND
03-25 11:21:05.573  4709  4709 I VRI[LockscreenShortcutBlur]@9b31845: onDisplayChanged oldDisplayState=3 newDisplayState=4
03-25 11:21:05.573  4709  4796 I VRI[View root of ReusableWindowDecorViewHost#0]@4958106: onDisplayChanged oldDisplayState=3 newDisplayState=4
03-25 11:21:05.573  4709  4709 I VRI[NavigationBar0]@fefcce1: onDisplayChanged oldDisplayState=3 newDisplayState=4
03-25 11:21:05.573  4709  4796 I VRI[View root of ReusableWindowDecorViewHost#1]@471338d: onDisplayChanged oldDisplayState=3 newDisplayState=4
03-25 11:21:05.573  4999  4999 E SmsApplication: com.kddi.android.cmail lost android:receive_wap_push:  (fixing)
03-25 11:21:05.574  4709  4796 I VRI[Caption of Task=14317]@f536e09: onDisplayChanged oldDisplayState=3 newDisplayState=4
03-25 11:21:05.574  4709  4709 I VRI[NotificationShade]@ce9ffb4: onDisplayChanged oldDisplayState=3 newDisplayState=4
03-25 11:21:05.574  4709  4709 I VRI[StatusBar]@f003595: onDisplayChanged oldDisplayState=3 newDisplayState=4
03-25 11:21:05.574  4709  4709 I VRI[Bouncer]@4ab9409: onDisplayChanged oldDisplayState=3 newDisplayState=4
03-25 11:21:05.574  4709  4709 I VRI[VIRTUAL-COVER]@c1cbe2f: onDisplayChanged oldDisplayState=3 newDisplayState=4
03-25 11:21:05.574  4709  4709 I VRI[VIRTUAL-COVER-BACKGROUND]@dc10e4b: onDisplayChanged oldDisplayState=3 newDisplayState=4
03-25 11:21:05.574  3255  8135 D PackageManager: setEnabledSetting : userId = 0 packageName = com.samsung.android.scs cmp = androidx.work.impl.background.systemalarm.RescheduleReceiver newState = 1 callingPackage = com.samsung.android.scs
03-25 11:21:05.574  4709  4864 D StackScroller: onDisplayChanged for predraw skip to 4
03-25 11:21:05.575  3255  3255 D DualDARComnService: reConnectAgentsByPkgName:: package: com.payment.app
03-25 11:21:05.575 19730 19730 I VRI[HintService]@452e1c3: onDisplayChanged oldDisplayState=3 newDisplayState=4
03-25 11:21:05.575  4999  7406 E SmsApplication: com.kddi.android.cmail lost android:receive_wap_push:  (fixing)
03-25 11:21:05.575 25125 25157 I DWBg    : onPackageAdded Already Exist : com.payment.app
03-25 11:21:05.576  7676 26748 I PermissionControllerServiceImpl: Updating user sensitive for uid 11027
03-25 11:21:05.578 12952 12952 I VRI[NotilusUIController]@64c93ca: onDisplayChanged oldDisplayState=3 newDisplayState=4
03-25 11:21:05.580  3255  4475 D ConnectivityService:  Removing from current network [165 WIFI], leaving 325 requests.
03-25 11:21:05.580  7676 26748 I PermissionControllerServiceImpl: Updating user sensitive for uid 11027
03-25 11:21:05.581  4999  4999 E SmsApplication: com.kddi.android.cmail lost android:read_cell_broadcasts:  (fixing)
03-25 11:21:05.581  4999  7406 E SmsApplication: com.kddi.android.cmail lost android:read_cell_broadcasts:  (fixing)
03-25 11:21:05.583  3255  8135 D ApplicationPolicy: getApplicationStateEnabled : pkg = com.samsung.android.scs userId : 0
03-25 11:21:05.585 25125 25125 I DWBAppTimerReceiver: com.samsung.android.forest.PACKAGE_ADDED received
03-25 11:21:05.586 11270 15757 I Routine@Core[4.9.04.13]: AppFunctionsActionHandler: isSupported: supportStatus = SUPPORTED, tag = appfunction://com.samsung.android.support.senl.nt.app.main.appfunction#NoteFunctions_showNote
03-25 11:21:05.588 11270 15757 I Routine@Core[4.9.04.13]: TASKD/ActionTaskAdapterFactoryImpl: getAdapter - metaId=appfunction://com.samsung.android.support.senl.nt.app.main.appfunction#NoteFunctions_updateNote(id=410)
03-25 11:21:05.588  3255  4989 E RoleControllerServiceImpl: Default/fallback role holder package doesn't qualify for the role, package: com.google.android.gms.supervision, role: android.app.role.SYSTEM_SUPERVISION, user: 0
03-25 11:21:05.588  3255  3255 D ApplicationPolicy: No updatable permission to DENY found for com.payment.app(0)
03-25 11:21:05.589  3255  3255 D ApplicationPolicy: No updatable permission to GRANT found for com.payment.app(0)
03-25 11:21:05.591  3255  8135 D ApplicationPolicy: getApplicationComponentState : pkg = com.samsung.android.scs userId : 0
03-25 11:21:05.592  3255  3255 D ApplicationPolicy: No updatable permission to DENY found for com.payment.app(0)
03-25 11:21:05.594  3255  3255 D ApplicationPolicy: No updatable permission to GRANT found for com.payment.app(0)
03-25 11:21:05.598  2145  2459 I SDM     : DisplayBase::WaitForCompletion: Cached retire fence is in ready state
03-25 11:21:05.598  2145  2459 I SDM     : DisplayBase::SetDisplayState: active 0-0 state 3-3 pending_power_state_ 0
03-25 11:21:05.598  2193  2193 D SurfaceFlinger: Finished setting power mode 3 on physical display 4630947093241269891
03-25 11:21:05.598  2147  2147 E ANDR-PERF-MPCTL: ANDR-PERF-MPCTL: internal_perf_lock_acq_verification() 385: Perflock Submit request limit reached.
03-25 11:21:05.599  3255  4615 D SemInputDeviceManagerService: setDisplayState[1] LATE: DOZE_SUSPEND(4) -> DOZE_SUSPEND(4)
03-25 11:21:05.599  2145  2459 W SDM     : DisplayBase::CommitOrPrepare: Prepare failed: 3
03-25 11:21:05.599  2145  2459 I SDM     : DisplayBase::CommitOrPrepare: Clearing fences on input layers on display 66-0
03-25 11:21:05.599  3255  4279 D SemInputDevice:TSP: ActivateTask: 4,1 [03-25 11:21:05.599]
03-25 11:21:05.599  2161  2161 I sysinput:Touch: activate:96, 4,1 OK
03-25 11:21:05.600 16164 16164 I BSS_DisplayStateManager: handleDisplayStateChanged: DOZE -> DOZE_SUSPEND
03-25 11:21:05.600  3255  4279 D SysinputHAL_V1_3(V1_2): setTspEnable(TSP(1)),4,false ret=0
03-25 11:21:05.601  3255  4989 W SignedPackage: Package doesn't have required signing certificate: com.google.android.apps.work.clouddpc
03-25 11:21:05.602  4999  4999 D SatelliteAccessController: Current default SMS app:ComponentInfo{com.kddi.android.cmail/com.wit.wcl.sdk.sms.SmsBroadcastReceiver}
03-25 11:21:05.602  4999  4999 D SatelliteAccessController: supportedMsgApps:com.google.android.apps.messaging
03-25 11:21:05.604  2193  2193 E CompositionEngine: [StatusBar$_4709#110] Invalid device requested composition type change: Client (1) --> Device (2)
03-25 11:21:05.604  2193  2193 E CompositionEngine: [NotificationShade$_4709#125442] Invalid device requested composition type change: Client (1) --> Device (2)
03-25 11:21:05.614  3255  4989 D NotificationUtils: getNotificationListenersForPackage(com.google.android.apps.wear.companion): [ComponentInfo{com.google.android.apps.wear.companion/com.google.android.libraries.wear.companion.notification.service.CompanionNotificationListenerService}]
03-25 11:21:05.626 25125 25125 I DWBContentProvider: update (content://com.samsung.android.forest.db/persistenceParentalcontrol)
03-25 11:21:05.627 25125 25125 I DWBd    : isChild ? false
03-25 11:21:05.630  3255  4989 D NotificationUtils: getNotificationListenersForPackage(com.samsung.android.smartmirroring): [ComponentInfo{com.samsung.android.smartmirroring/com.samsung.android.smartmirroring.controller.NotificationService}]
03-25 11:21:05.631  1035  1035 I lmkd    : 1(delay), 0(swap), 0(freelimit), 0(reentrymode) memory pressure events were skipped after a kill!
03-25 11:21:05.631 25125 25125 I DWBr    : onTrimMemory(40)
03-25 11:21:05.631 25125 25125 E DWBg    : LocalPkgManager MemoryTrimmable
03-25 11:21:05.631 25125 25125 E DWBn    : UsageDataManager MemoryTrimmable
03-25 11:21:05.631 25125 25125 I DWBn    : Retrieve CLEAR_CACHED_DATA
03-25 11:21:05.631 25125 25125 I DWBn    : No Request Data
03-25 11:21:05.631 25125 25125 I DWBr    : onTrimMemory(40)
03-25 11:21:05.631 25125 25125 E DWBg    : LocalPkgManager MemoryTrimmable
03-25 11:21:05.631 25125 25125 E DWBn    : UsageDataManager MemoryTrimmable
03-25 11:21:05.631 25125 25125 I DWBn    : Retrieve CLEAR_CACHED_DATA
03-25 11:21:05.631 25125 25125 I DWBn    : No Request Data
03-25 11:21:05.632 25125 25125 I DWBh    : onPackageAdded : com.payment.app
03-25 11:21:05.632 11270 15757 I Routine@Core[4.9.04.13]: AppFunctionsActionHandler: isSupported: supportStatus = SUPPORTED, tag = appfunction://com.samsung.android.support.senl.nt.app.main.appfunction#NoteFunctions_updateNote
03-25 11:21:05.634 11270 15757 I Routine@Core[4.9.04.13]: TASKD/ActionTaskAdapterFactoryImpl: getAdapter - metaId=appfunction://com.samsung.android.support.senl.nt.app.main.appfunction#NoteFunctions_findNotes(id=411)
03-25 11:21:05.645  3255  4989 I Role    : com.google.android.gms not qualified for android.app.role.SYSTEM_DEPENDENCY_INSTALLER due to missing RequiredComponent{mIntentFilterData=IntentFilterData{mAction='android.content.pm.action.INSTALL_DEPENDENCY', mCategories='[]', mDataScheme='null', mDataType='null'}, mMinTargetSdkVersion=1, mFlags='0', mPermission='android.permission.BIND_DEPENDENCY_INSTALLER', mQueryFlags=0, mMetaData=[]}
03-25 11:21:05.645  3255  4989 E RoleControllerServiceImpl: Default/fallback role holder package doesn't qualify for the role, package: com.google.android.gms, role: android.app.role.SYSTEM_DEPENDENCY_INSTALLER, user: 0
03-25 11:21:05.652 25125 25125 I DWBr    : onTrimMemory(40)
03-25 11:21:05.652 25125 25125 E DWBg    : LocalPkgManager MemoryTrimmable
03-25 11:21:05.652 25125 25125 E DWBn    : UsageDataManager MemoryTrimmable
03-25 11:21:05.652 25125 25125 I DWBn    : Retrieve CLEAR_CACHED_DATA
03-25 11:21:05.652 25125 25125 I DWBn    : No Request Data
03-25 11:21:05.675  3255  4989 W SignedPackage: Cannot get ApplicationInfo for package: com.android.devicelockcontroller
03-25 11:21:05.677 11270 15757 I Routine@Core[4.9.04.13]: AppFunctionsActionHandler: isSupported: supportStatus = SUPPORTED, tag = appfunction://com.samsung.android.support.senl.nt.app.main.appfunction#NoteFunctions_findNotes
03-25 11:21:05.680 11270 15757 I Routine@Core[4.9.04.13]: TASKD/ActionTaskAdapterFactoryImpl: getAdapter - metaId=appfunction://com.samsung.android.app.reminder.data.crossappactions#TaskFunctions_updateTask(id=412)
03-25 11:21:05.706  3255  3290 I system_server: Background young concurrent mark compact GC freed 39MB AllocSpace bytes, 59(3752KB) LOS objects, 17% free, 192MB/233MB, paused 1.406ms,9.592ms total 230.412ms
03-25 11:21:05.713  3255  3292 W System  : A resource failed to call release.
03-25 11:21:05.718 11270 15757 I Routine@Core[4.9.04.13]: AppFunctionsActionHandler: isSupported: supportStatus = SUPPORTED, tag = appfunction://com.samsung.android.app.reminder.data.crossappactions#TaskFunctions_updateTask
03-25 11:21:05.720 11270 15757 I Routine@Core[4.9.04.13]: TASKD/ActionTaskAdapterFactoryImpl: getAdapter - metaId=appfunction://com.samsung.android.app.reminder.data.crossappactions#TaskFunctions_findTasks(id=413)
03-25 11:21:05.756 11270 15757 I Routine@Core[4.9.04.13]: AppFunctionsActionHandler: isSupported: supportStatus = SUPPORTED, tag = appfunction://com.samsung.android.app.reminder.data.crossappactions#TaskFunctions_findTasks
03-25 11:21:05.758 11270 15757 I Routine@Core[4.9.04.13]: TASKD/ActionTaskAdapterFactoryImpl: getAdapter - metaId=appfunction://com.samsung.android.app.reminder.data.crossappactions#TaskFunctions_createTask(id=414)
03-25 11:21:05.774  3255  3392 I SemExecuteManagerService: onPackageModified
03-25 11:21:05.774  3255  3392 D LauncherApps: onPackageChanged 0,com.payment.app
03-25 11:21:05.774  4709  4914 D LauncherApps: onPackageChanged 0,com.payment.app
03-25 11:21:05.774  5198  5198 I HoneySpace.PackageOperationTracker: onPackageChanged - com.payment.app UserHandle{0}
03-25 11:21:05.775 17894 17894 I [MCFDs]_AppStatusHelper: updateStatus - packageName:app, isAvailable:false
03-25 11:21:05.775  5198  5198 I HoneySpace.PackageChangedCallbackImpl: onPackageChanged: com.payment.app / UserHandle{0}
03-25 11:21:05.776  5198  2736 I HoneySpace.FilteredItemProvider[ArchivedApps]: updateArchivedApps: []
03-25 11:21:05.775  7800 18080 D LauncherApps: onPackageChanged 0,com.payment.app
03-25 11:21:05.777  5198  2735 I HoneySpace.PackageSourceImpl: addWidgetToList make key:com.payment.app/.#UserHandle{0}  info:AppWidgetProviderInfo(UserHandle{0}/ComponentInfo{com.payment.app/com.payment.app.widget.PaymentSummaryWidgetReceiver})
03-25 11:21:05.777  5198  2735 I HoneySpace.IconCache: remove icon cache & DB : com.payment.app UserHandle{0}
03-25 11:21:05.778  5198  2735 I HoneySpace.IconCache: removeSpecificIconDb: com.payment.app UserHandle{0}
03-25 11:21:05.783  5198  2735 I AppIconSolution: return the original icon because tray option is set to None for com.payment.app, isNight = true
03-25 11:21:05.783  5198  2735 I AppIconSolution: skip applying night layer bitmap because of abnormal icon size = 0
03-25 11:21:05.783  5198  2735 I LauncherActivityInfo: packageName: com.payment.app, useThemeIcon: true, height: 0, width: 0, density: 640
03-25 11:21:05.786 19730 20403 I SAMSUNGWALLET: [Hint_SimpleHintProcessMonitor] package changed : com.payment.app , execute : true
03-25 11:21:05.787 19730 20403 I SAMSUNGWALLET: [Hint_SimpleHintProcessMonitor] ensureHomePackagesLoaded - already update, isHomePackageEmpty : false, isKnoxRunning : false
03-25 11:21:05.787  5198  2735 I HoneySpace.PackageSourceImpl: package changed info list size : 1
03-25 11:21:05.787  5198  5198 I HoneySpace.HoneySpaceManagerContainer: packageUpdateEvent - com.honeyspace.sdk.source.entity.PackageOperation$Changed@9798100
03-25 11:21:05.787  5198  5198 I HoneySpace.HoneySpaceManagerContainer: refreshHoneyPlugin, packageName: com.payment.app
03-25 11:21:05.787  5198  2736 I HoneySpace.IconCache: add icon DB: [com.payment.app/.MainActivity#UserHandle{0}] - IconAndLabel(icon=android.graphics.Bitmap@c211a3d, label=支払い管理) | false | 640 | false |true | -1
03-25 11:21:05.789  5198  2737 I HoneySpace.HoneySpacePackageSourceImpl: Package changed : com.payment.app
03-25 11:21:05.789  5198  5198 I HoneySpace.HoneySpacePackageSourceImpl: getHiddenItems : 18
03-25 11:21:05.790  5198  5198 I HoneySpace.HoneySpacePackageSourceImpl: getHiddenItems : 18
03-25 11:21:05.790  5198  5198 I HoneySpace.HoneySpacePackageSourceImpl: getHiddenItems : 18
03-25 11:21:05.791  3255  5396 D ApplicationPolicy: getApplicationUninstallationEnabled
03-25 11:21:05.791  5198  5198 I HoneySpace.HoneySpacePackageSourceImpl: getHiddenItems : 18
03-25 11:21:05.791  3255  5396 D ApplicationPolicy: getApplicationUninstallationEnabled :  enabled true
03-25 11:21:05.791  3255  5396 D ApplicationPolicy: getApplicationUninstallationEnabled
03-25 11:21:05.791  3255  5396 D ApplicationPolicy: getApplicationUninstallationEnabled :  enabled true
03-25 11:21:05.791  5198  5198 I HoneySpace.HoneySpacePackageSourceImpl: getHiddenItems : 18
03-25 11:21:05.794  5198  5198 I HoneySpace.HoneySpacePackageSourceImpl: getHiddenItems : 18
03-25 11:21:05.794  5198  7461 I HoneySpace.HistoryViewModel@221155379@OneUI: handlePackageEvent
03-25 11:21:05.794  5198  7461 I HoneySpace.HistoryViewModel@221155379@OneUI: skip for alone
03-25 11:21:05.794  5198  5198 I HoneySpace.HoneySpacePackageSourceImpl: getHiddenItems : 18
03-25 11:21:05.794  5198 26372 I SearchableManager: invalidate: com.payment.app
03-25 11:21:05.795  5198  5198 I HoneySpace.HoneySpacePackageSourceImpl: getHiddenItems : 18
03-25 11:21:05.795  5198  5198 I HoneySpace.EventListenerRegistry: pendingPackageOperation : pending = false, com.honeyspace.sdk.source.entity.PackageOperation$Changed@9798100
03-25 11:21:05.795  5198  2736 E HoneySpace.MinusOnePageUtils: com.samsung.android.app.spage is not installed
03-25 11:21:05.796  5198  5198 I HoneySpace.HoneySpacePackageSourceImpl: getHiddenItems : 18
03-25 11:21:05.802  5198  5198 I HoneySpace.HoneySpacePackageSourceImpl: getHiddenItems : 18
03-25 11:21:05.802  5198  5198 I HoneySpace.HoneySpacePackageSourceImpl: getHiddenItems : 18
03-25 11:21:05.803  5198  5198 I HoneySpace.HoneySpacePackageSourceImpl: getHiddenItems : 18
03-25 11:21:05.803  5198  5198 I HoneySpace.HoneySpacePackageSourceImpl: getHiddenItems : 18
03-25 11:21:05.803  5198  5198 I HoneySpace.HoneySpacePackageSourceImpl: getHiddenItems : 18
03-25 11:21:05.803  5198  5198 I HoneySpace.HoneySpacePackageSourceImpl: getHiddenItems : 18
03-25 11:21:05.803  5198  5198 I HoneySpace.HoneySpacePackageSourceImpl: getHiddenItems : 18
03-25 11:21:05.803  5198  5198 I HoneySpace.HoneySpacePackageSourceImpl: getHiddenItems : 18
03-25 11:21:05.803  5198  5198 I HoneySpace.HoneySpacePackageSourceImpl: getHiddenItems : 18
03-25 11:21:05.803  5198  5198 I HoneySpace.HoneySpacePackageSourceImpl: getHiddenItems : 18
03-25 11:21:05.803  5198  5198 I HoneySpace.HoneySpacePackageSourceImpl: getHiddenItems : 18
03-25 11:21:05.803  5198  5198 I HoneySpace.HoneySpacePackageSourceImpl: getHiddenItems : 18
03-25 11:21:05.803  5198  5198 I HoneySpace.HoneySpacePackageSourceImpl: getHiddenItems : 18
03-25 11:21:05.804  5198  5198 I HoneySpace.HoneySpacePackageSourceImpl: getHiddenItems : 18
03-25 11:21:05.804  5198  5198 I HoneySpace.HoneySpacePackageSourceImpl: getHiddenItems : 18
03-25 11:21:05.804  5198  5198 I HoneySpace.HoneySpacePackageSourceImpl: getHiddenItems : 18
03-25 11:21:05.804  5198  5198 I HoneySpace.HoneySpacePackageSourceImpl: getHiddenItems : 18
03-25 11:21:05.804  5198  5198 I HoneySpace.HoneySpacePackageSourceImpl: getHiddenItems : 18
03-25 11:21:05.804  5198  5198 I HoneySpace.HoneySpacePackageSourceImpl: getHiddenItems : 18
03-25 11:21:05.804  5198  5198 I HoneySpace.HoneySpacePackageSourceImpl: getHiddenItems : 18
03-25 11:21:05.804  5198  5198 I HoneySpace.HoneySpacePackageSourceImpl: getHiddenItems : 18
03-25 11:21:05.804  5198  5198 I HoneySpace.HoneySpacePackageSourceImpl: getHiddenItems : 18
03-25 11:21:05.804  5198  5198 I HoneySpace.HoneySpacePackageSourceImpl: getHiddenItems : 18
03-25 11:21:05.804  5198  5198 I HoneySpace.HoneySpacePackageSourceImpl: getHiddenItems : 18
03-25 11:21:05.805  5198  5198 I HoneySpace.HoneySpacePackageSourceImpl: getHiddenItems : 18
03-25 11:21:05.805  5198  5198 I HoneySpace.HoneySpacePackageSourceImpl: getHiddenItems : 18
03-25 11:21:05.805  5198  5198 I HoneySpace.HoneySpacePackageSourceImpl: getHiddenItems : 18
03-25 11:21:05.805  5198  5198 I HoneySpace.HoneySpacePackageSourceImpl: getHiddenItems : 18
03-25 11:21:05.805  5198  5198 I HoneySpace.HoneySpacePackageSourceImpl: getHiddenItems : 18
03-25 11:21:05.805  5198  5198 I HoneySpace.HoneySpacePackageSourceImpl: getHiddenItems : 18
03-25 11:21:05.805  5198  5198 I HoneySpace.HoneySpacePackageSourceImpl: getHiddenItems : 18
03-25 11:21:05.805  5198  5198 I HoneySpace.HoneySpacePackageSourceImpl: getHiddenItems : 18
03-25 11:21:05.805  5198  5198 I HoneySpace.HoneySpacePackageSourceImpl: getHiddenItems : 18
03-25 11:21:05.805  5198  5198 I HoneySpace.HoneySpacePackageSourceImpl: getHiddenItems : 18
03-25 11:21:05.805  5198  5198 I HoneySpace.HoneySpacePackageSourceImpl: getHiddenItems : 18
03-25 11:21:05.806  5198  5198 I HoneySpace.HoneySpacePackageSourceImpl: getHiddenItems : 18
03-25 11:21:05.806  5198  5198 I HoneySpace.HoneySpacePackageSourceImpl: getHiddenItems : 18
03-25 11:21:05.806  5198  5198 I HoneySpace.HoneySpacePackageSourceImpl: getHiddenItems : 18
03-25 11:21:05.806  5198  5198 I HoneySpace.HoneySpacePackageSourceImpl: getHiddenItems : 18
03-25 11:21:05.806  5198  5198 I HoneySpace.HoneySpacePackageSourceImpl: getHiddenItems : 18
03-25 11:21:05.806  5198  5198 I HoneySpace.HoneySpacePackageSourceImpl: getHiddenItems : 18
03-25 11:21:05.806  5198  5198 I HoneySpace.HoneySpacePackageSourceImpl: getHiddenItems : 18
03-25 11:21:05.806  5198  5198 I HoneySpace.HoneySpacePackageSourceImpl: getHiddenItems : 18
03-25 11:21:05.806  5198  5198 I HoneySpace.HoneySpacePackageSourceImpl: getHiddenItems : 18
03-25 11:21:05.807  5198  5198 I HoneySpace.HoneySpacePackageSourceImpl: getHiddenItems : 18
03-25 11:21:05.807  5198  5198 I HoneySpace.HoneySpacePackageSourceImpl: getHiddenItems : 18
03-25 11:21:05.807  5198  5198 I HoneySpace.HoneySpacePackageSourceImpl: getHiddenItems : 18
03-25 11:21:05.807  5198  5198 I HoneySpace.HoneySpacePackageSourceImpl: getHiddenItems : 18
03-25 11:21:05.807  5198  5198 I HoneySpace.HoneySpacePackageSourceImpl: getHiddenItems : 18
03-25 11:21:05.807  5198  5198 I HoneySpace.AppsEdgePanel.ViewModel: packageChanged : com.payment.app
03-25 11:21:05.807  5198  5198 I HoneySpace.HoneySpacePackageSourceImpl: getHiddenItems : 18
03-25 11:21:05.807 11270 15757 I Routine@Core[4.9.04.13]: AppFunctionsActionHandler: isSupported: supportStatus = SUPPORTED, tag = appfunction://com.samsung.android.app.reminder.data.crossappactions#TaskFunctions_createTask
03-25 11:21:05.810 11270 15757 I Routine@Core[4.9.04.13]: TASKD/ActionTaskAdapterFactoryImpl: getAdapter - metaId=appfunction://com.samsung.android.gallery.crossapp.function#PhotoFunctions_findMediaItems(id=415)
03-25 11:21:05.829  2112  2786 I HYPER-HAL: [RequestManager.cpp]releaseLocked(): Released ID : 5364470
03-25 11:21:05.830  1035  1035 I lmkd    : 1(delay), 0(swap), 0(freelimit), 0(reentrymode) memory pressure events were skipped after a kill!
03-25 11:21:05.848 11270 15757 I Routine@Core[4.9.04.13]: AppFunctionsActionHandler: isSupported: supportStatus = SUPPORTED, tag = appfunction://com.samsung.android.gallery.crossapp.function#PhotoFunctions_findMediaItems
03-25 11:21:05.850 11270 15757 I Routine@Core[4.9.04.13]: TASKD/ActionTaskAdapterFactoryImpl: getAdapter - metaId=appfunction://com.samsung.android.app.calendar.crossapp#CrossAppEvent_findEvents(id=416)
03-25 11:21:05.885 11270 15757 I Routine@Core[4.9.04.13]: AppFunctionsActionHandler: isSupported: supportStatus = SUPPORTED, tag = appfunction://com.samsung.android.app.calendar.crossapp#CrossAppEvent_findEvents
03-25 11:21:05.891 11270 15757 I Routine@Core[4.9.04.13]: TASKD/ActionTaskAdapterFactoryImpl: getAdapter - metaId=appfunction://com.samsung.android.app.calendar.crossapp#CrossAppEvent_createEvent(id=417)
03-25 11:21:05.927 11270 15757 I Routine@Core[4.9.04.13]: AppFunctionsActionHandler: isSupported: supportStatus = SUPPORTED, tag = appfunction://com.samsung.android.app.calendar.crossapp#CrossAppEvent_createEvent
03-25 11:21:05.930 11270 15757 I Routine@Core[4.9.04.13]: TASKD/ActionTaskAdapterFactoryImpl: getAdapter - metaId=appfunction://com.samsung.android.app.calendar.crossapp#CrossAppEvent_updateEvent(id=418)
03-25 11:21:05.938  5198  5198 I HoneySpace.EdgePanel.EdgeVisibilityRepository: getComputedTrayVisible : keyguardState = 3
03-25 11:21:05.938  5198  5198 I HoneySpace.EdgePanel.EdgeVisibilityRepository: updateTrayVisible: State = 0x3, visible = false, current containerState = 4, specificMode = 0
03-25 11:21:05.938  5198  5198 I HoneySpace.EdgePanel.DumpHelper: Tray State
03-25 11:21:05.939  5198  5198 I HoneySpace.EdgePanel.EdgeVisibilityRepository: Same container state 4
03-25 11:21:05.966 11270 15757 I Routine@Core[4.9.04.13]: AppFunctionsActionHandler: isSupported: supportStatus = SUPPORTED, tag = appfunction://com.samsung.android.app.calendar.crossapp#CrossAppEvent_updateEvent
03-25 11:21:05.971 11270 15757 I Routine@Core[4.9.04.13]: TASKD/ActionTaskAdapterFactoryImpl: getAdapter - metaId=appfunction://com.samsung.android.app.calendar.crossapp#CrossAppEvent_showEvent(id=419)
03-25 11:21:06.007  2071  6082 I vendor.qti.bluetooth@1.1-ibs_handler: DeviceSleep: TX Awake, Sending SLEEP_IND
03-25 11:21:06.007  2071  6082 D vendor.qti.bluetooth@1.1-ibs_handler: SerialClockVote: vote for UART CLK OFF
03-25 11:21:06.013 11270 15757 I Routine@Core[4.9.04.13]: AppFunctionsActionHandler: isSupported: supportStatus = SUPPORTED, tag = appfunction://com.samsung.android.app.calendar.crossapp#CrossAppEvent_showEvent
03-25 11:21:06.014 11270 15757 I Routine@Core[4.9.04.13]: ConflictItemConverter: convertConflictActions - 19
03-25 11:21:06.014 11270 15757 I Routine@Core[4.9.04.13]: RoutineDataMigrator: migration - begin
03-25 11:21:06.030  1035  1035 I lmkd    : 1(delay), 0(swap), 0(freelimit), 0(reentrymode) memory pressure events were skipped after a kill!
03-25 11:21:06.041 25441 25441 I Attic_PackageManagerReceiver: onReceive:android.intent.action.PACKAGE_CHANGEDmyuid = 0
03-25 11:21:06.041 25441 25441 I Attic_Util: isEmulator() : false
03-25 11:21:06.042 25510 25510 I Berry_PackageManagerReceiver: onReceive:android.intent.action.PACKAGE_CHANGEDmyuid = 0
03-25 11:21:06.042 25510 25510 I Berry_Util: isEmulator() : false
03-25 11:21:06.092 11270 15757 I Routine@Core[4.9.04.13]: MigrationParser: getMigrationData rawMigrationData : [vibrate_once, custom_key_v3, aircommand_open_with_pen, text_to_speech, unlock_with_finger_print, edge_panel_routine_v3, edge_panel_routine_v3, data_saver_routine]
03-25 11:21:06.093 11270 15757 I Routine@Core[4.9.04.13]: MigrationParser: getMemoryMigrationData rawMemoryMigrationData : [motion_smoothness_v3, motion_smoothness_and_screen_resolution_v3, cover_screen_motion_smoothness_v3, brightness_v3, font_size_v3, screen_zoom_v3, screen_layout_and_zoom_v3, screen_resolution_v3, screen_timeout_v3, rotation_screen_v3, multi_window_tray_v3, dark_mode_v3, bixby_text_command_v3, bixby_quick_command_v3, bixby_voice_wake_up_v3, spotify_playlist_v3, play_media_v3, launch_app_v3, close_app_v3, separate_app_sound_v3, dnd_mode_on_v3, custom_notification_v3, hard_key_v3, quick_decline_message_v3, quick_decline_message_v3, video_enhancer_v3, bluetooth_on_v3, instant_session_v3, airplane_mode_on_v3, mobile_network_mode_setting_v3, mobile_data_on_v3, hotspot_on_v3, gps_on_v3, auto_data_sync_v3, sound_sdk3, vibrate_once, connect_url_sdk3, wifi_on_sdk3, lockscreen_shortcut_v3, launch_app_v3, launch_game_v3, samsung_health_during_exercise_v3, samsung_health_during_exercise_when_starting_v3, notification_with_keyword_v3, specify_wifi_v3, wifi_rssi_v3, specify_bluetooth_v3, specify_bluetooth_only_connected_v3, nfc_tagged_v3, airplane_mode_v3, specific_time_v3, time_v3, plugin_gps_location_v3, plugin_gps_location_only_arrived_v3, calling_v3, during_call_v3, connected_headset_v3, plugged_battery_v3, battery_condition_v3, dex_mode_on_v3, fold_state_v3, ringer_mode_v3, night_mode_v3, wifi_on_sdk3]
03-25 11:21:06.093 11270 15757 I Routine@Core[4.9.04.13]: RoutineDataMigrator: isAvailableToMigrate() newPackageName:com.samsung.android.app.routines, newTag:read_notifications, isAvailableToMigrate:true
03-25 11:21:06.093 11270 15757 I Routine@Core[4.9.04.13]: RoutineDataMigrator: isAvailableToMigrate() newPackageName:com.samsung.android.app.routines, newTag:flashlight, isAvailableToMigrate:true
03-25 11:21:06.093 11270 15757 I Routine@Core[4.9.04.13]: RoutineDataMigrator: isAvailableToMigrate() newPackageName:com.samsung.android.app.routines, newTag:message_received, isAvailableToMigrate:false
03-25 11:21:06.093 11270 15757 I Routine@Core[4.9.04.13]: RoutineDataMigrator: isAvailableToMigrate() newPackageName:com.samsung.android.app.routines, newTag:message_received, isAvailableToMigrate:false
03-25 11:21:06.093 11270 15757 I Routine@Core[4.9.04.13]: RoutineDataMigrator: isAvailableToMigrate() newPackageName:com.samsung.android.app.aodservice, newTag:aod_main_setting, isAvailableToMigrate:true
03-25 11:21:06.093 11270 15757 I Routine@Core[4.9.04.13]: RoutineDataMigrator: isAvailableToMigrate() newPackageName:com.android.settings, newTag:sec_eye_comfort_shield_routine, isAvailableToMigrate:true
03-25 11:21:06.094 11270 15757 I Routine@Core[4.9.04.13]: RoutineDataMigrator: isAvailableToMigrate() newPackageName:com.samsung.android.app.routines, newTag:control_smartthings_not_reversible, isAvailableToMigrate:true
03-25 11:21:06.094 11270 15757 I Routine@Core[4.9.04.13]: RoutineDataMigrator: isAvailableToMigrate() newPackageName:com.samsung.android.app.routines, newTag:control_smartthings_not_reversible, isAvailableToMigrate:true
03-25 11:21:06.094 11270 15757 I Routine@Core[4.9.04.13]: RoutineDataMigrator: isAvailableToMigrate() newPackageName:com.android.settings, newTag:accessibility_color_correction, isAvailableToMigrate:true
03-25 11:21:06.094 11270 15757 I Routine@Core[4.9.04.13]: RoutineDataMigrator: isAvailableToMigrate() newPackageName:com.samsung.android.lool, newTag:dc_power_mode_action, isAvailableToMigrate:true
03-25 11:21:06.094 11270 15757 I Routine@Core[4.9.04.13]: RoutineDataMigrator: isAvailableToMigrate() newPackageName:com.samsung.accessibility, newTag:accessibility_amplify_ambient_sound, isAvailableToMigrate:true
03-25 11:21:06.094 11270 15757 I Routine@Core[4.9.04.13]: RoutineDataMigrator: isAvailableToMigrate() newPackageName:com.android.settings, newTag:accessibility_camera_flash, isAvailableToMigrate:true
03-25 11:21:06.094 11270 15757 I Routine@Core[4.9.04.13]: RoutineDataMigrator: isAvailableToMigrate() newPackageName:com.android.settings, newTag:accessibility_color_correction, isAvailableToMigrate:true
03-25 11:21:06.094 11270 15757 I Routine@Core[4.9.04.13]: RoutineDataMigrator: isAvailableToMigrate() newPackageName:com.android.settings, newTag:accessibility_color_filter, isAvailableToMigrate:true
03-25 11:21:06.094 11270 15757 I Routine@Core[4.9.04.13]: RoutineDataMigrator: isAvailableToMigrate() newPackageName:com.android.settings, newTag:accessibility_color_inversion, isAvailableToMigrate:true
03-25 11:21:06.094 11270 15757 I Routine@Core[4.9.04.13]: RoutineDataMigrator: isAvailableToMigrate() newPackageName:com.android.settings, newTag:accessibility_extra_dim, isAvailableToMigrate:true
03-25 11:21:06.094 11270 15757 I Routine@Core[4.9.04.13]: RoutineDataMigrator: isAvailableToMigrate() newPackageName:com.android.settings, newTag:accessibility_live_caption, isAvailableToMigrate:true
03-25 11:21:06.094 11270 15757 I Routine@Core[4.9.04.13]: RoutineDataMigrator: isAvailableToMigrate() newPackageName:com.android.settings, newTag:accessibility_mono_audio, isAvailableToMigrate:true
03-25 11:21:06.094 11270 15757 I Routine@Core[4.9.04.13]: RoutineDataMigrator: isAvailableToMigrate() newPackageName:com.android.settings, newTag:accessibility_mute_all_sounds, isAvailableToMigrate:true
03-25 11:21:06.094 11270 15757 I Routine@Core[4.9.04.13]: RoutineDataMigrator: isAvailableToMigrate() newPackageName:com.android.settings, newTag:accessibility_screen_flash, isAvailableToMigrate:true
03-25 11:21:06.094 11270 15757 I Routine@Core[4.9.04.13]: RoutineDataMigrator: isAvailableToMigrate() newPackageName:com.android.settings, newTag:accessibility_sound_balance, isAvailableToMigrate:true
