03-25 11:21:05.073 11270 15757 I Routine@Core[4.9.04.13]: MetadataPackageUtil: savePackagesHavingMetadata - saveData Size : 34, saveData : [, com.samsung.android.app.aodservice, com.samsung.accessory.atticmgr, com.samsung.accessory.berrymgr, com.samsung.android.spay, com.android.systemui, com.samsung.android.honeyboard, com.samsung.android.app.dressroom, com.samsung.android.lool, com.sec.android.app.launcher, com.samsung.android.sidegesturepad, com.samsung.android.smartmirroring, com.samsung.android.app.routineplus, com.samsung.android.app.reminder, com.samsung.android.mdecservice, com.samsung.android.app.routines, com.samsung.android.game.gametools, com.samsung.android.calendar, com.sec.android.app.soundalive, com.samsung.android.mdx, com.samsung.android.app.galaxyregistry, com.samsung.android.app.smartcapture, com.samsung.android.inputshare, com.sec.android.app.clockpackage, com.sec.android.gallery3d, com.samsung.accessibility, com.samsung.android.service.aircommand, com.android.settings, com.samsung.android.app.notes, com.samsung.android.soundassistant, com.samsung.android.app.telephonyui, com.samsung.android.app.sharelive, com.samsung.accessory.budsunitemgr, com.samsung.android.game.gos]
03-25 11:21:05.073 11270 15757 I Routine@Core[4.9.04.13]: Pref: putSharedPrefsData: key=pref_packages_for_routine, data.size=1036
03-25 11:21:05.075  3255  3362 I PkgPredictorService-SecIpmManagerServiceImpl: reportToNAP uid:10305 com.google.android.permissioncontroller/com.android.permissioncontroller.permission.ui.GrantPermissionsActivity thisTime:262
03-25 11:21:05.075  3255  3362 D PkgPredictorService-SecIpmManagerServiceImpl: reportToNAP: mHeavyLaunchCounter is false
03-25 11:21:05.075  3255  5318 D PkgPredictorService-SecIpmManagerServiceImpl: ACTION_FOREGROUND_FINISH_EVENT sCurForegroundApp :com.google.android.permissioncontroller
03-25 11:21:05.076 11270 11310 I Routine@Core[4.9.04.13]: MetadataSyncHistory: isMetaDataSyncedWithVersion: latest=9c17a0ca7155acc4a4ec81aebd062cfa44e6880f, currentVersion=9c17a0ca7155acc4a4ec81aebd062cfa44e6880f
03-25 11:21:05.076 11270 15757 I Routine@Core[4.9.04.13]: MetadataLoadManager: doPostCollectionTasks - packageName:com.payment.app.test
03-25 11:21:05.076  3255  3362 I ActivityTaskManager: Displayed com.google.android.permissioncontroller/com.android.permissioncontroller.permission.ui.GrantPermissionsActivity for user 0: +262ms
03-25 11:21:05.076  5685  5685 E pageboostd: Received HALT command code 2
03-25 11:21:05.079  5198 26372 I HoneySpace.RecentTasks: onRecentTasksChanged
03-25 11:21:05.081  2193  2193 I SurfaceFlinger: [LayerHierarchy{RequestedLayerState{com.google.android.permissioncontroller/com.android.permissioncontroller.permission.ui.GrantPermissionsActivity$_7676#125462} no children}] reparent to OffscreenRoot
03-25 11:21:05.081  2193  2193 I SurfaceFlinger: [LayerHierarchy{RequestedLayerState{com.google.android.permissioncontroller/com.android.permissioncontroller.permission.ui.GrantPermissionsActivity$_7676#125462} no children}] RelativeParent to null
03-25 11:21:05.082  2193  2193 I SurfaceFlinger: id=125462 Removed com.google.android.permissioncontroller/com.android.permissioncontroller.permission.ui.GrantPermissionsActivity$_7676#125462 (194)
03-25 11:21:05.082  2145  2459 W SDM     : DisplayBase::CommitOrPrepare: Prepare failed: 3
03-25 11:21:05.082  2145  2459 I SDM     : DisplayBase::CommitOrPrepare: Clearing fences on input layers on display 66-0
03-25 11:21:05.082  2193  2193 E CompositionEngine: [StatusBar$_4709#110] Invalid device requested composition type change: Client (1) --> Device (2)
03-25 11:21:05.082  2193  2193 E CompositionEngine: [NotificationShade$_4709#125442] Invalid device requested composition type change: Client (1) --> Device (2)
03-25 11:21:05.082  2193  2193 E Scheduler: trackPendingFrame: Invalid present fence
03-25 11:21:05.089 11270 15757 I Routine@Core[4.9.04.13]: MetaUpdater: update
03-25 11:21:05.098  2193  2193 I SurfaceFlinger: destroyed com.google.android.permissioncontroller/com.android.permissioncontroller.permission.ui.GrantPermissionsActivity$_7676#125462 form LifecycleManager
03-25 11:21:05.098  2193  2193 I SurfaceFlinger: id=125462 onLayerDestroyed from LayerHierarchyBuilder(RequestedLayerState{com.google.android.permissioncontroller/com.android.permissioncontroller.permission.ui.GrantPermissionsActivity$_7676#125462 !handle})
03-25 11:21:05.098  2193  2193 I Layer   : id=125462 Destroyed com.google.android.permissioncontroller/com.android.permissioncontroller.permission.ui.GrantPermissionsActivity$_7676#125462
03-25 11:21:05.099  2145  2459 W SDM     : DisplayBase::CommitOrPrepare: Prepare failed: 3
03-25 11:21:05.099  2145  2459 I SDM     : DisplayBase::CommitOrPrepare: Clearing fences on input layers on display 66-0
03-25 11:21:05.099  2193  2193 E CompositionEngine: [StatusBar$_4709#110] Invalid device requested composition type change: Client (1) --> Device (2)
03-25 11:21:05.099  2193  2193 E CompositionEngine: [NotificationShade$_4709#125442] Invalid device requested composition type change: Client (1) --> Device (2)
03-25 11:21:05.099  2193  2193 E Scheduler: trackPendingFrame: Invalid present fence
03-25 11:21:05.101  2071  6073 I vendor.qti.bluetooth@1.1-ibs_handler: ProcessIbsCmd: Received IBS_SLEEP_IND: 0xFE
03-25 11:21:05.114  2185  2200 E HeatmapThread: ECT Thread time in milliseconds: 1774405265
03-25 11:21:05.117  2185  2200 D HeatmapThread: !@ batteryplugType : 2
03-25 11:21:05.117  2185  2200 D HeatmapThread: !@ batteryLevel : 100  batteryTemperature : 343
03-25 11:21:05.117  2185  2200 D HeatmapThread: !@ Heatmap currtime: 29573421
03-25 11:21:05.117  2185  2200 D HeatmapThread: !@ Heatmap prevtime: 29573419
03-25 11:21:05.117  2185  2200 D HeatmapThread: !@ Heatmap plugstarttime: 29573185
03-25 11:21:05.117  2185  2200 D HeatmapThread: !@ Heatmap prevv_dsoh_update_time: 29573402
03-25 11:21:05.117  2185  2200 E HeatmapThread: !@ CAM New BSOH: 100
03-25 11:21:05.117  2185  2200 E HeatmapThread: !@ CAM is Working
03-25 11:21:05.121 11270 15757 I Routine@Core[4.9.04.13]: MetaUpdater: updateMeta: newMeta=appfunction://com.samsung.android.app.reminder.data.crossappactions#TaskFunctions_showTask(id=-1)
03-25 11:21:05.122 11270 15757 I Routine@Core[4.9.04.13]: MetaUpdater: updateMeta: newMeta=appfunction://com.sec.android.app.clockpackage.crossappactions#StopwatchCrossAppFunctions_stopStopwatch(id=-1)
03-25 11:21:05.122 11270 15757 I Routine@Core[4.9.04.13]: MetaUpdater: updateMeta: newMeta=appfunction://com.sec.android.app.clockpackage.crossappactions#AlarmCrossAppActions_createAlarm(id=-1)
03-25 11:21:05.123 11270 15757 I Routine@Core[4.9.04.13]: MetaUpdater: updateMeta: newMeta=appfunction://com.sec.android.app.clockpackage.crossappactions#AlarmCrossAppActions_updateAlarm(id=-1)
03-25 11:21:05.123 11270 15757 I Routine@Core[4.9.04.13]: MetaUpdater: updateMeta: newMeta=appfunction://com.sec.android.app.clockpackage.crossappactions#StopwatchCrossAppFunctions_resetStopwatch(id=-1)
03-25 11:21:05.124 11270 15757 I Routine@Core[4.9.04.13]: MetaUpdater: updateMeta: newMeta=appfunction://com.sec.android.app.clockpackage.crossappactions#AlarmCrossAppActions_findAlarms(id=-1)
03-25 11:21:05.124 11270 15757 I Routine@Core[4.9.04.13]: MetaUpdater: updateMeta: newMeta=appfunction://com.sec.android.app.clockpackage.crossappactions#StopwatchCrossAppFunctions_startStopwatch(id=-1)
03-25 11:21:05.125 11270 15757 I Routine@Core[4.9.04.13]: MetaUpdater: updateMeta: newMeta=appfunction://com.samsung.android.support.senl.nt.app.main.appfunction#NoteFunctions_createNote(id=-1)
03-25 11:21:05.125 11270 15757 I Routine@Core[4.9.04.13]: MetaUpdater: updateMeta: newMeta=appfunction://com.samsung.android.support.senl.nt.app.main.appfunction#NoteFunctions_showNote(id=-1)
03-25 11:21:05.126 11270 15757 I Routine@Core[4.9.04.13]: MetaUpdater: updateMeta: newMeta=appfunction://com.samsung.android.support.senl.nt.app.main.appfunction#NoteFunctions_updateNote(id=-1)
03-25 11:21:05.127 11270 15757 I Routine@Core[4.9.04.13]: MetaUpdater: updateMeta: newMeta=appfunction://com.samsung.android.support.senl.nt.app.main.appfunction#NoteFunctions_findNotes(id=-1)
03-25 11:21:05.127 11270 15757 I Routine@Core[4.9.04.13]: MetaUpdater: updateMeta: newMeta=appfunction://com.samsung.android.app.reminder.data.crossappactions#TaskFunctions_updateTask(id=-1)
03-25 11:21:05.128 11270 15757 I Routine@Core[4.9.04.13]: MetaUpdater: updateMeta: newMeta=appfunction://com.samsung.android.app.reminder.data.crossappactions#TaskFunctions_findTasks(id=-1)
03-25 11:21:05.128 11270 15757 I Routine@Core[4.9.04.13]: MetaUpdater: updateMeta: newMeta=appfunction://com.samsung.android.app.reminder.data.crossappactions#TaskFunctions_createTask(id=-1)
03-25 11:21:05.129  1035  1035 I lmkd    : cached 0, sandbox(not0) 0
03-25 11:21:05.129  1035  1035 I lmkd    : Reclaim 'com.samsung.android.samsungpositioning' (26182), uid 5017, oom_score_adj 999, state 19 to free 72748kB rss, 36708kB swap; reason: low watermark is breached or filecache is low (2332944kB).
03-25 11:21:05.129 11270 15757 I Routine@Core[4.9.04.13]: MetaUpdater: updateMeta: newMeta=appfunction://com.samsung.android.gallery.crossapp.function#PhotoFunctions_findMediaItems(id=-1)
03-25 11:21:05.131 11270 15757 I Routine@Core[4.9.04.13]: MetaUpdater: updateMeta: newMeta=appfunction://com.samsung.android.app.calendar.crossapp#CrossAppEvent_findEvents(id=-1)
03-25 11:21:05.131 11270 15757 I Routine@Core[4.9.04.13]: MetaUpdater: updateMeta: newMeta=appfunction://com.samsung.android.app.calendar.crossapp#CrossAppEvent_createEvent(id=-1)
03-25 11:21:05.131  1035  1064 E lowmemorykiller: process_mrelease 26182 failed: No such process
03-25 11:21:05.132  2193  2495 D Scheduler: displayPowerTimerCallback ExpiredDisplayPowerTimer: 1
03-25 11:21:05.132 11270 15757 I Routine@Core[4.9.04.13]: MetaUpdater: updateMeta: newMeta=appfunction://com.samsung.android.app.calendar.crossapp#CrossAppEvent_updateEvent(id=-1)
03-25 11:21:05.133 11270 15757 I Routine@Core[4.9.04.13]: MetaUpdater: updateMeta: newMeta=appfunction://com.samsung.android.app.calendar.crossapp#CrossAppEvent_showEvent(id=-1)
03-25 11:21:05.135 11270 15757 I Routine@Core[4.9.04.13]: SupportStateUpdater: update
03-25 11:21:05.137 11270 15757 I Routine@Core[4.9.04.13]: TASKD/ActionTaskAdapterFactoryImpl: getAdapter - metaId=appfunction://com.samsung.android.app.reminder.data.crossappactions#TaskFunctions_showTask(id=401)
03-25 11:21:05.148  2007  2007 I Zygote  : Process 26182 exited due to signal 9 (Killed)
03-25 11:21:05.148  3255  3397 I libprocessgroup: Removed cgroup /sys/fs/cgroup/system/uid_5017/pid_26182
03-25 11:21:05.151  6543  6570 V OsAgent : broadcastSystemEvent - 7
03-25 11:21:05.180 11270 15757 I Routine@Core[4.9.04.13]: AppFunctionsActionHandler: isSupported: supportStatus = SUPPORTED, tag = appfunction://com.samsung.android.app.reminder.data.crossappactions#TaskFunctions_showTask
03-25 11:21:05.183 11270 15757 I Routine@Core[4.9.04.13]: TASKD/ActionTaskAdapterFactoryImpl: getAdapter - metaId=appfunction://com.sec.android.app.clockpackage.crossappactions#StopwatchCrossAppFunctions_stopStopwatch(id=402)
03-25 11:21:05.187  2659  2659 W com.payment.app: Method boolean androidx.compose.runtime.snapshots.SnapshotStateList.conditionalUpdate(boolean, kotlin.jvm.functions.Function1) failed lock verification and will run slower.
03-25 11:21:05.187  2659  2659 W com.payment.app: Common causes for lock verification issues are non-optimized dex code
03-25 11:21:05.187  2659  2659 W com.payment.app: and incorrect proguard optimizations.
03-25 11:21:05.187  2659  2659 W com.payment.app: Method boolean androidx.compose.runtime.snapshots.SnapshotStateList.conditionalUpdate$default(androidx.compose.runtime.snapshots.SnapshotStateList, boolean, kotlin.jvm.functions.Function1, int, java.lang.Object) failed lock verification and will run slower.
03-25 11:21:05.187  2659  2659 W com.payment.app: Method java.lang.Object androidx.compose.runtime.snapshots.SnapshotStateList.mutate(kotlin.jvm.functions.Function1) failed lock verification and will run slower.
03-25 11:21:05.187  2659  2659 W com.payment.app: Method void androidx.compose.runtime.snapshots.SnapshotStateList.update(boolean, kotlin.jvm.functions.Function1) failed lock verification and will run slower.
03-25 11:21:05.187  2659  2659 W com.payment.app: Method void androidx.compose.runtime.snapshots.SnapshotStateList.update$default(androidx.compose.runtime.snapshots.SnapshotStateList, boolean, kotlin.jvm.functions.Function1, int, java.lang.Object) failed lock verification and will run slower.
03-25 11:21:05.223 11270 15757 I Routine@Core[4.9.04.13]: AppFunctionsActionHandler: isSupported: supportStatus = SUPPORTED, tag = appfunction://com.sec.android.app.clockpackage.crossappactions#StopwatchCrossAppFunctions_stopStopwatch
03-25 11:21:05.225 11270 15757 I Routine@Core[4.9.04.13]: TASKD/ActionTaskAdapterFactoryImpl: getAdapter - metaId=appfunction://com.sec.android.app.clockpackage.crossappactions#AlarmCrossAppActions_createAlarm(id=403)
03-25 11:21:05.230  1035  1035 I lmkd    : 8(delay), 0(swap), 0(freelimit), 0(reentrymode) memory pressure events were skipped after a kill!
03-25 11:21:05.232  3255  5332 I WindowManager: Relayout Window{506bbdb u0 com.payment.app/com.payment.app.MainActivity}: viewVisibility=0 req=1080x2316 ty=1 d0
03-25 11:21:05.233  2193  2552 I SurfaceFlinger: id=125463 createSurf, flag=44004, com.payment.app/com.payment.app.MainActivity$_2659#125463
03-25 11:21:05.233  2147  2147 E ANDR-PERF-MPCTL: ANDR-PERF-MPCTL: internal_perf_lock_acq_verification() 385: Perflock Submit request limit reached.
03-25 11:21:05.234  3255  5332 W PhoneWindowManager: lockNow pending, ignore updating lockscreen timeout
03-25 11:21:05.235  3255  5332 D SurfaceComposerClient: setCornerRadius ## b6d62e9 com.android.systemui/com.android.systemui.cover.CoverHomeActivity#122251 cornerRadius=0.000000
03-25 11:21:05.235  3255  5332 D SurfaceComposerClient: setCornerRadius ## 506bbdb com.payment.app/com.payment.app.MainActivity#125460 cornerRadius=0.000000
03-25 11:21:05.235  3255  5332 W PhoneWindowManager: lockNow pending, ignore updating lockscreen timeout
03-25 11:21:05.235  3255  5332 I WindowManager: Relayout hash=506bbdb, pid=2659, syncId=-1: mAttrs={(0,0)(fillxfill) sim={adjust=pan forwardNavigation} layoutInDisplayCutoutMode=always ty=BASE_APPLICATION wanim=0x1030317
03-25 11:21:05.235  3255  5332 I WindowManager:   fl=81810100
03-25 11:21:05.235  3255  5332 I WindowManager:   pfl=100080c0
03-25 11:21:05.235  3255  5332 I WindowManager:   bhv=1
03-25 11:21:05.235  3255  5332 I WindowManager:   fitSides=0
03-25 11:21:05.235  3255  5332 I WindowManager:   frameRateBoostOnTouch=true
03-25 11:21:05.235  3255  5332 I WindowManager:   dvrrWindowFrameRateHint=true naviIconColor=0}
03-25 11:21:05.237  2659  2659 E BufferQueueProducer: Unable to open libpenguin.so: dlopen failed: library "libpenguin.so" not found.
03-25 11:21:05.237  2659  2659 E com.payment.app: Unable to open libpenguin.so: dlopen failed: library "libpenguin.so" not found.
03-25 11:21:05.237  2659  2659 W libc    : Access denied finding property "vendor.display.enable_optimal_refresh_rate"
03-25 11:21:05.237  2659  2659 I BufferQueueProducer: [](id:a6300000000,api:0,p:127432288,c:2659) setDequeueTimeout:2077252342
03-25 11:21:05.238  2659  2659 I BLASTBufferQueue_Java: new BLASTBufferQueue, mName= VRI[MainActivity]@79f1725 mNativeObject= 0xb4000078079c4000 caller= android.view.ViewRootImpl.updateBlastSurfaceIfNeeded:3585 android.view.ViewRootImpl.relayoutWindow:11685 android.view.ViewRootImpl.performTraversals:4804 android.view.ViewRootImpl.doTraversal:3924 android.view.ViewRootImpl$TraversalRunnable.run:12903 android.view.Choreographer$CallbackRecord.run:1901 android.view.Choreographer$CallbackRecord.run:1910 android.view.Choreographer.doCallbacks:1367 android.view.Choreographer.doFrame:1292 android.view.Choreographer$FrameDisplayEventReceiver.run:1870
03-25 11:21:05.238  2659  2659 I BLASTBufferQueue_Java: update, w= 1080 h= 2316 mName = VRI[MainActivity]@79f1725 mNativeObject= 0xb4000078079c4000 sc.mNativeObject= 0xb40000780797ee80 format= -1 caller= android.view.ViewRootImpl.updateBlastSurfaceIfNeeded:3590 android.view.ViewRootImpl.relayoutWindow:11685 android.view.ViewRootImpl.performTraversals:4804 android.view.ViewRootImpl.doTraversal:3924 android.view.ViewRootImpl$TraversalRunnable.run:12903 android.view.Choreographer$CallbackRecord.run:1901
03-25 11:21:05.239  2659  2659 W libc    : Access denied finding property "vendor.display.enable_optimal_refresh_rate"
03-25 11:21:05.239  2193  2552 W ServiceManagerCppClient: Permission failure: android.permission.ACCESS_SURFACE_FLINGER from uid=11027 pid=0
03-25 11:21:05.239  2193  2552 D PermissionCache: checking android.permission.ACCESS_SURFACE_FLINGER for uid=11027 => denied (159 us)
03-25 11:21:05.239  2193  2552 W ServiceManagerCppClient: Permission failure: android.permission.ROTATE_SURFACE_FLINGER from uid=11027 pid=0
03-25 11:21:05.239  2193  2552 D PermissionCache: checking android.permission.ROTATE_SURFACE_FLINGER for uid=11027 => denied (87 us)
03-25 11:21:05.239  2193  2552 W ServiceManagerCppClient: Permission failure: android.permission.INTERNAL_SYSTEM_WINDOW from uid=11027 pid=0
03-25 11:21:05.239  2193  2552 D PermissionCache: checking android.permission.INTERNAL_SYSTEM_WINDOW for uid=11027 => denied (110 us)
03-25 11:21:05.239  2659  2659 I VRI[MainActivity]@79f1725: Relayout returned: old=(0,0,1080,2316) new=(0,0,1080,2316) relayoutAsync=false req=(1080,2316)0 dur=5 res=0x3 s={true 0xb4000077a2db0200} ch=true seqId=0
03-25 11:21:05.240  2659  2659 D VRI[MainActivity]@79f1725: mThreadedRenderer.initialize() mSurface={isValid=true 0xb4000077a2db0200} hwInitialized=true
03-25 11:21:05.248  2193  2193 I SurfaceFlinger: [com.payment.app/com.payment.app.MainActivity$_2659#125463] attach to parent LayerHierarchy{RequestedLayerState{506bbdb com.payment.app/com.payment.app.MainActivity#125460 parentId=125456} 1 children}
03-25 11:21:05.249  2145  2459 W SDM     : DisplayBase::CommitOrPrepare: Prepare failed: 3
03-25 11:21:05.249  2145  2459 I SDM     : DisplayBase::CommitOrPrepare: Clearing fences on input layers on display 66-0
03-25 11:21:05.249  2193  2193 E CompositionEngine: [StatusBar$_4709#110] Invalid device requested composition type change: Client (1) --> Device (2)
03-25 11:21:05.249  2193  2193 E CompositionEngine: [NotificationShade$_4709#125442] Invalid device requested composition type change: Client (1) --> Device (2)
03-25 11:21:05.249  2193  2193 E Scheduler: trackPendingFrame: Invalid present fence
03-25 11:21:05.253  2659  2659 D VRI[MainActivity]@79f1725: reportNextDraw android.view.ViewRootImpl.performTraversals:5443 android.view.ViewRootImpl.doTraversal:3924 android.view.ViewRootImpl$TraversalRunnable.run:12903 android.view.Choreographer$CallbackRecord.run:1901 android.view.Choreographer$CallbackRecord.run:1910
03-25 11:21:05.253  2659  2659 D VRI[MainActivity]@79f1725: Setup new sync=wmsSync-VRI[MainActivity]@79f1725#0
03-25 11:21:05.253  2659  2659 I VRI[MainActivity]@79f1725: Creating new active sync group VRI[MainActivity]@79f1725#1
03-25 11:21:05.254  2659  2659 D VRI[MainActivity]@79f1725: registerCallbacksForSync syncBuffer=false
03-25 11:21:05.264 11270 15757 I Routine@Core[4.9.04.13]: AppFunctionsActionHandler: isSupported: supportStatus = SUPPORTED, tag = appfunction://com.sec.android.app.clockpackage.crossappactions#AlarmCrossAppActions_createAlarm
03-25 11:21:05.265  5198  2739 I SearchableManager: invalidate: com.payment.app.test
03-25 11:21:05.265  2145  2459 W SDM     : DisplayBase::CommitOrPrepare: Prepare failed: 3
03-25 11:21:05.265  2145  2459 I SDM     : DisplayBase::CommitOrPrepare: Clearing fences on input layers on display 66-0
03-25 11:21:05.266  2193  2193 E CompositionEngine: [StatusBar$_4709#110] Invalid device requested composition type change: Client (1) --> Device (2)
03-25 11:21:05.266  2193  2193 E CompositionEngine: [NotificationShade$_4709#125442] Invalid device requested composition type change: Client (1) --> Device (2)
03-25 11:21:05.266  2193  2193 E Scheduler: trackPendingFrame: Invalid present fence
03-25 11:21:05.266  2659  2793 D VRI[MainActivity]@79f1725: Received frameDrawingCallback syncResult=0 frameNum=1.
03-25 11:21:05.266  2659  2793 I VRI[MainActivity]@79f1725: mWNT: t=0xb4000077a2dd6a80 mBlastBufferQueue=0xb4000078079c4000 fn= 1 HdrRenderState mRenderHdrSdrRatio=1.0 caller= android.view.ViewRootImpl$12.onFrameDraw:15441 android.view.ThreadedRenderer$1.onFrameDraw:718 <bottom of call stack>
03-25 11:21:05.266  2659  2793 I VRI[MainActivity]@79f1725: Setting up sync and frameCommitCallback
03-25 11:21:05.269 11270 15757 I Routine@Core[4.9.04.13]: TASKD/ActionTaskAdapterFactoryImpl: getAdapter - metaId=appfunction://com.sec.android.app.clockpackage.crossappactions#AlarmCrossAppActions_updateAlarm(id=404)
03-25 11:21:05.299  3255  3255 I SemExecuteManagerService: handleMessage: MSG_START_SCAN received. Start scanning.
03-25 11:21:05.307 11270 15757 I Routine@Core[4.9.04.13]: AppFunctionsActionHandler: isSupported: supportStatus = SUPPORTED, tag = appfunction://com.sec.android.app.clockpackage.crossappactions#AlarmCrossAppActions_updateAlarm
03-25 11:21:05.310 11270 15757 I Routine@Core[4.9.04.13]: TASKD/ActionTaskAdapterFactoryImpl: getAdapter - metaId=appfunction://com.sec.android.app.clockpackage.crossappactions#StopwatchCrossAppFunctions_resetStopwatch(id=405)
03-25 11:21:05.316  2659  2785 I BLASTBufferQueue: [VRI[MainActivity]@79f1725#0](f:0,a:0,s:0) onFrameAvailable the first frame is available
03-25 11:21:05.316  2659  2785 I SurfaceComposerClient: apply transaction with the first frame. layerId: 125463, bufferData(ID: 11420318040067, frameNumber: 1)
03-25 11:21:05.316  2659  2785 I VRI[MainActivity]@79f1725: Received frameCommittedCallback lastAttemptedDrawFrameNum=1 didProduceBuffer=true
03-25 11:21:05.316  2193  2552 I SurfaceFlinger: [com.payment.app/com.payment.app.MainActivity$_2659#125463] setTransactionState with the first frame. bufferData(ID: 11420318040067, frameNumber: 1)
03-25 11:21:05.317  2659  2785 D HWUI    : CFMS:: SetUp Pid : 2659    Tid : 2785
03-25 11:21:05.317  2659  2659 D VRI[MainActivity]@79f1725: reportDrawFinished seqId=0
03-25 11:21:05.318  3255  5332 W ServiceManagerCppClient: Permission failure: android.permission.ACCESS_SURFACE_FLINGER from uid=11027 pid=0
03-25 11:21:05.318  3255  5332 D PermissionCache: checking android.permission.ACCESS_SURFACE_FLINGER for uid=11027 => denied (60 us)
03-25 11:21:05.318  3255  5332 W ServiceManagerCppClient: Permission failure: android.permission.ROTATE_SURFACE_FLINGER from uid=11027 pid=0
03-25 11:21:05.318  3255  5332 D PermissionCache: checking android.permission.ROTATE_SURFACE_FLINGER for uid=11027 => denied (26 us)
03-25 11:21:05.318  3255  5332 W ServiceManagerCppClient: Permission failure: android.permission.INTERNAL_SYSTEM_WINDOW from uid=11027 pid=0
03-25 11:21:05.318  3255  5332 D PermissionCache: checking android.permission.INTERNAL_SYSTEM_WINDOW for uid=11027 => denied (143 us)
03-25 11:21:05.318  3255  3366 W PhoneWindowManager: lockNow pending, ignore updating lockscreen timeout
03-25 11:21:05.318  3255  3366 D SurfaceComposerClient: setCornerRadius ## b6d62e9 com.android.systemui/com.android.systemui.cover.CoverHomeActivity#122251 cornerRadius=0.000000
03-25 11:21:05.318  3255  3366 W PhoneWindowManager: lockNow pending, ignore updating lockscreen timeout
03-25 11:21:05.318  2659  2659 I VRI[MainActivity]@79f1725: performDraw() was skipped by AOD_SHOW_STATE... DisplayState = 4
03-25 11:21:05.319  4709  4796 D ShellTaskOrganizer: removeStartingWindow, removalInfo=StartingWindowRemovalInfo{taskId=15141 frame=null playRevealAnimation=false roundedCornerRadius=0.0 deferRemoveMode=0 windowlessSurface=false removeImmediately=false}
03-25 11:21:05.319  2659  2659 I VRI[MainActivity]@79f1725: stopped(true) old = false
03-25 11:21:05.319  2659  2659 D VRI[MainActivity]@79f1725: WindowStopped on com.payment.app/com.payment.app.MainActivity set to true
03-25 11:21:05.320  2659  2785 D HWUI    : CacheManager::trimMemory(20)
03-25 11:21:05.322  2659  2659 D LifecycleMonitor: Lifecycle status change: com.payment.app.MainActivity@147692 in: STOPPED
03-25 11:21:05.322  2659  2659 V ActivityScenario: Update currentActivityStage to STOPPED, currentActivity=com.payment.app.MainActivity@147692
03-25 11:21:05.332  2145  2459 W SDM     : DisplayBase::CommitOrPrepare: Prepare failed: 3
03-25 11:21:05.332  2145  2459 I SDM     : DisplayBase::CommitOrPrepare: Clearing fences on input layers on display 66-0
03-25 11:21:05.332  2193  2193 E CompositionEngine: [StatusBar$_4709#110] Invalid device requested composition type change: Client (1) --> Device (2)
03-25 11:21:05.332  2193  2193 E CompositionEngine: [NotificationShade$_4709#125442] Invalid device requested composition type change: Client (1) --> Device (2)
03-25 11:21:05.332  2193  2193 E Scheduler: trackPendingFrame: Invalid present fence
03-25 11:21:05.340  3255  5332 I WindowManager: Relayout Window{464a688 u0 Splash Screen com.payment.app}: viewVisibility=8 req=1080x2316 ty=3 d0
03-25 11:21:05.340  3255  5332 W PhoneWindowManager: lockNow pending, ignore updating lockscreen timeout
03-25 11:21:05.340  3255  5332 D SurfaceComposerClient: setCornerRadius ## b6d62e9 com.android.systemui/com.android.systemui.cover.CoverHomeActivity#122251 cornerRadius=0.000000
03-25 11:21:05.341  4709  4709 D SubscreenNotificationListCoordinator: onAfterRenderList() isSubScreen = false, pluginLockMode = 0, doNotShowOnCover = false
03-25 11:21:05.341  3255  5332 W PhoneWindowManager: lockNow pending, ignore updating lockscreen timeout
03-25 11:21:05.341  4709  4709 I LockscreenNotificationIconsOnlyController: onNotificationInfoUpdated 1
03-25 11:21:05.342  4709  4709 I AODNotificationManager: updateNotification()
03-25 11:21:05.342  3255  5332 I WindowManager: Relayout hash=464a688, pid=4709, syncId=-1: mAttrs={(0,0)(fillxfill) sim={adjust=pan} ty=APPLICATION_STARTING fmt=TRANSLUCENT wanim=0x1030317
03-25 11:21:05.342  3255  5332 I WindowManager:   fl=81030118
03-25 11:21:05.342  3255  5332 I WindowManager:   pfl=10000010
03-25 11:21:05.342  3255  5332 I WindowManager:   apr=18
03-25 11:21:05.342  3255  5332 I WindowManager:   bhv=1
03-25 11:21:05.342  3255  5332 I WindowManager:   fitSides=0
03-25 11:21:05.342  3255  5332 I WindowManager:   frameRateBoostOnTouch=true
03-25 11:21:05.342  3255  5332 I WindowManager:   dvrrWindowFrameRateHint=true naviIconColor=0}
03-25 11:21:05.342  4709  4847 I VRI[app]@9bf95ff: onActiveControlsChanged, removed=false, mAdded=true, caller=android.view.ViewRootImpl.handleInsetsControlChanged:3002 android.view.ViewRootImpl.relayoutWindow:11629 android.view.ViewRootImpl.performTraversals:4804 android.view.ViewRootImpl.doTraversal:3924 android.view.ViewRootImpl$TraversalRunnable.run:12903
03-25 11:21:05.343  4709  4847 I VRI[app]@9bf95ff: Relayout returned: old=(0,0,1080,2316) new=(0,0,1080,2316) relayoutAsync=false req=(1080,2316)8 dur=3 res=0x2 s={false 0x0} ch=true seqId=0
03-25 11:21:05.343  4709  4847 D VRI[app]@9bf95ff: Not drawing due to not visible. Reason=View.GONE
03-25 11:21:05.343  4709  4847 W WindowOnBackDispatcher: sendCancelIfRunning: isInProgress=false callback=android.view.ViewRootImpl$$ExternalSyntheticLambda16@9c45f7
03-25 11:21:05.345  4709  4847 I VRI[app]@9bf95ff: dispatchDetachedFromWindow
03-25 11:21:05.345  3255  5332 D InputTransport: Input channel destroyed: '464a688', fd=1528
03-25 11:21:05.346  2659  2785 D HWUI    : CacheManager::trimMemory(20)
03-25 11:21:05.346  3255  5332 W PhoneWindowManager: lockNow pending, ignore updating lockscreen timeout
03-25 11:21:05.346  3255  5332 D SurfaceComposerClient: setCornerRadius ## b6d62e9 com.android.systemui/com.android.systemui.cover.CoverHomeActivity#122251 cornerRadius=0.000000
03-25 11:21:05.347  3255  5332 W PhoneWindowManager: lockNow pending, ignore updating lockscreen timeout
03-25 11:21:05.348  4709  4847 D InputTransport: Input channel destroyed: '464a688', fd=734
03-25 11:21:05.349  2145  2459 W SDM     : DisplayBase::CommitOrPrepare: Prepare failed: 3
03-25 11:21:05.349  2145  2459 I SDM     : DisplayBase::CommitOrPrepare: Clearing fences on input layers on display 66-0
03-25 11:21:05.349  2193  2193 E CompositionEngine: [StatusBar$_4709#110] Invalid device requested composition type change: Client (1) --> Device (2)
03-25 11:21:05.349  2193  2193 E CompositionEngine: [NotificationShade$_4709#125442] Invalid device requested composition type change: Client (1) --> Device (2)
03-25 11:21:05.349  2193  2193 E Scheduler: trackPendingFrame: Invalid present fence
03-25 11:21:05.349  3255  4615 D SemInputDeviceManagerService: setDisplayState[1] EARLY: DOZE_SUSPEND(4) -> DOZE(3)
03-25 11:21:05.350  4709  4709 D PluginAODManager: onNotificationInfoUpdated() 1
03-25 11:21:05.350  4709  4709 D PluginAODManager: onNotificationInfoUpdated() 0|jp.naver.line.android|110000|null|10351
03-25 11:21:05.350  4709  4709 I AODNotificationManager: updateVisibleNotifications: 1
03-25 11:21:05.350  3255  4279 D SemInputDevice:TSP: ActivateTask: 3,0 [03-25 11:21:05.349]
03-25 11:21:05.350  2193  2193 D SurfaceFlinger: Setting power mode 1 on physical display 4630947093241269891
03-25 11:21:05.350  2193  2193 D SurfaceFlinger: setPhysicalDisplayPowerMode: Optimizing thread scheduling: optimizeForPerformance
03-25 11:21:05.350  2145  2459 I SDM     : HWCDisplay::SetPowerMode: display = 0, mode = Doze
03-25 11:21:05.350  2145  2459 I SDM     : DisplayBase::SetDisplayState: Set state = 2, display 66-0, teardown = 0
03-25 11:21:05.350  2145  2459 I SDM     : DisplayBase::SetDisplayState: active 1-0 state 2-3 pending_power_state_ 3
03-25 11:21:05.350  2193  2193 I SurfaceFlinger: Force repainting for DOZE_SUSPEND -> DOZE or ON.
03-25 11:21:05.350  2193  2193 D SurfaceFlinger: Finished setting power mode 1 on physical display 4630947093241269891
03-25 11:21:05.350  2193  2495 D Scheduler: displayPowerTimerCallback ExpiredDisplayPowerTimer: 0
03-25 11:21:05.350  2147  2147 E ANDR-PERF-MPCTL: ANDR-PERF-MPCTL: internal_perf_lock_acq_verification() 385: Perflock Submit request limit reached.
03-25 11:21:05.350  3255  4615 D SemInputDeviceManagerService: setDisplayState[1] LATE: DOZE(3) -> DOZE(3)
03-25 11:21:05.351  2161  2161 I sysinput:Touch: activate:96, 3,0 OK
03-25 11:21:05.351  3255  4279 D SysinputHAL_V1_3(V1_2): setTspEnable(TSP(1)),3,true ret=0
03-25 11:21:05.351  3255  4279 D SemInputDevice:TSP: ActivateTask: 3,1 [03-25 11:21:05.350]
03-25 11:21:05.351  2161  2161 I sysinput:Touch: activate:96, 3,1 OK
03-25 11:21:05.351  3255  4279 D SysinputHAL_V1_3(V1_2): setTspEnable(TSP(1)),3,false ret=0
03-25 11:21:05.352  3255  8135 I WindowManager: Relayout Window{506bbdb u0 com.payment.app/com.payment.app.MainActivity}: viewVisibility=4 req=1080x2316 ty=1 d0
03-25 11:21:05.352  3255  8135 W PhoneWindowManager: lockNow pending, ignore updating lockscreen timeout
03-25 11:21:05.352  3255  8135 D SurfaceComposerClient: setCornerRadius ## b6d62e9 com.android.systemui/com.android.systemui.cover.CoverHomeActivity#122251 cornerRadius=0.000000
03-25 11:21:05.352 16164 16164 I BSS_DisplayStateManager: handleDisplayStateChanged: DOZE_SUSPEND -> DOZE
03-25 11:21:05.353  3255  8135 W PhoneWindowManager: lockNow pending, ignore updating lockscreen timeout
03-25 11:21:05.353  3255  8135 I WindowManager: Relayout hash=506bbdb, pid=2659, syncId=-1: mAttrs={(0,0)(fillxfill) sim={adjust=pan forwardNavigation} layoutInDisplayCutoutMode=always ty=BASE_APPLICATION wanim=0x1030317
03-25 11:21:05.353  3255  8135 I WindowManager:   fl=81810100
03-25 11:21:05.353  3255  8135 I WindowManager:   pfl=100080c0
03-25 11:21:05.353  3255  8135 I WindowManager:   bhv=1
03-25 11:21:05.353  3255  8135 I WindowManager:   fitSides=0
03-25 11:21:05.353  3255  8135 I WindowManager:   frameRateBoostOnTouch=true
03-25 11:21:05.353  3255  8135 I WindowManager:   dvrrWindowFrameRateHint=true naviIconColor=0}
03-25 11:21:05.353  2182  3450 D AudioFlinger: setParameters: filtered dev setParameters keyvalue screen_state=off
03-25 11:21:05.354  2070  4498 D AHAL: AudioDevice: SetParameters: 1799: enter
03-25 11:21:05.354  2070  4498 D AHAL: AudioVoice: VoiceSetParameters: 171: Enter
03-25 11:21:05.354  2070  4498 D AHAL: AudioVoice: VoiceSetParameters: 416: Exit ret: 0
03-25 11:21:05.354  2070  4498 D AHAL: hfp: hfp_set_parameters: 447: enter
03-25 11:21:05.354  2070  4498 D AHAL: AudioDevice: SetParameters: 1882:  - screen = off
03-25 11:21:05.354  2070  4498 I PAL: ResourceManager: setParameter: 9278: Screen State:0
03-25 11:21:05.354  2070  4498 D AHAL: AudioDevice: SetParameters: 2521: exit: screen_state=off
03-25 11:21:05.354  3255  3363 W PhoneWindowManager: lockNow pending, ignore updating lockscreen timeout
03-25 11:21:05.354  3255  3363 D SurfaceComposerClient: setCornerRadius ## b6d62e9 com.android.systemui/com.android.systemui.cover.CoverHomeActivity#122251 cornerRadius=0.000000
03-25 11:21:05.354  2070  4498 I Audio_a2dpsink_hw: adev_set_parameters: kevpairs=[screen_state=off]
03-25 11:21:05.354  3255  3363 W PhoneWindowManager: lockNow pending, ignore updating lockscreen timeout
03-25 11:21:05.355  4709  4864 D StackScroller: onDisplayChanged for predraw skip to 3
03-25 11:21:05.355  2659  2659 I VRI[MainActivity]@79f1725: Relayout returned: old=(0,0,1080,2316) new=(0,0,1080,2316) relayoutAsync=false req=(1080,2316)4 dur=8 res=0x2 s={false 0x0} ch=false seqId=0
03-25 11:21:05.355  2659  2659 D VRI[MainActivity]@79f1725: Not drawing due to not visible. Reason=View.INVISIBLE
03-25 11:21:05.355  3255  4502 D AS.DesktopModeHelper: onDisplayChanged: #Id=0
03-25 11:21:05.356  5198  2735 I HoneySpace.Memory-Monitor: current state = 3, didTrim = true
03-25 11:21:05.357 11270 15757 I Routine@Core[4.9.04.13]: AppFunctionsActionHandler: isSupported: supportStatus = SUPPORTED, tag = appfunction://com.sec.android.app.clockpackage.crossappactions#StopwatchCrossAppFunctions_resetStopwatch
03-25 11:21:05.357  3255  3363 D PkgPredictorService-SecIpmManagerServiceImpl: bg information pid:2659 uid:11027 pkgName:com.payment.app
03-25 11:21:05.360 11270 15757 I Routine@Core[4.9.04.13]: TASKD/ActionTaskAdapterFactoryImpl: getAdapter - metaId=appfunction://com.sec.android.app.clockpackage.crossappactions#AlarmCrossAppActions_findAlarms(id=406)
03-25 11:21:05.360  3255  3366 W PhoneWindowManager: lockNow pending, ignore updating lockscreen timeout
03-25 11:21:05.360  3255  3366 D SurfaceComposerClient: setCornerRadius ## b6d62e9 com.android.systemui/com.android.systemui.cover.CoverHomeActivity#122251 cornerRadius=0.000000
03-25 11:21:05.360  7676  7676 I VRI[GrantPermissionsActivity]@74059f9: onDisplayChanged oldDisplayState=4 newDisplayState=3
03-25 11:21:05.360  3255  3366 W PhoneWindowManager: lockNow pending, ignore updating lockscreen timeout
03-25 11:21:05.360  2659  2659 I VRI[MainActivity]@79f1725: handleAppVisibility mAppVisible = true visible = false
03-25 11:21:05.360  5198  5198 I VRI[LauncherActivity]@573f08a: onDisplayChanged oldDisplayState=4 newDisplayState=3
03-25 11:21:05.361  2659  2659 D BBA2    : setIsFg isFg = false; delayValue 3999ms
03-25 11:21:05.361 26316 26316 I NearbyDiscovery: (REDACTED) FastPairDisplayObserver: %s -> %s
03-25 11:21:05.361  2659  2659 I VRI[MainActivity]@79f1725: onDisplayChanged oldDisplayState=4 newDisplayState=3
03-25 11:21:05.361  5198  5198 I VRI[RecentsTransitionOverlay]@c5df8ed: onDisplayChanged oldDisplayState=4 newDisplayState=3
03-25 11:21:05.361  7773  7773 I VRI[InputMethod]@9d679b1: onDisplayChanged oldDisplayState=4 newDisplayState=3
03-25 11:21:05.361  5198  5198 I VRI[RecentsActivity]@cf07ad1: onDisplayChanged oldDisplayState=4 newDisplayState=3
03-25 11:21:05.361  5198  5198 I VRI[CocktailBarService]@397cb39: onDisplayChanged oldDisplayState=4 newDisplayState=3
03-25 11:21:05.361   760   760 I VRI[InternalMainActivity]@f96a168: onDisplayChanged oldDisplayState=4 newDisplayState=3
03-25 11:21:05.364 19730 19777 I SAMSUNGWALLET: [Hint_ProcessStatusChange] fg Change, pid : 2659 , isNotify : true , isForeground : false , fg list : []
03-25 11:21:05.365  2193  2193 I SurfaceFlinger: [LayerHierarchy{RequestedLayerState{464a688 Splash Screen com.payment.app#125457 z=2147483647} 1 children}] reparent to OffscreenRoot
03-25 11:21:05.365  2193  2193 I SurfaceFlinger: [LayerHierarchy{RequestedLayerState{464a688 Splash Screen com.payment.app#125457 z=2147483647} 1 children}] RelativeParent to null
03-25 11:21:05.365  2193  2193 I SurfaceFlinger: [LayerHierarchy{RequestedLayerState{Splash Screen com.payment.app$_4709#125458} no children}] reparent to OffscreenRoot
03-25 11:21:05.365  2193  2193 I SurfaceFlinger: [LayerHierarchy{RequestedLayerState{Splash Screen com.payment.app$_4709#125458} no children}] RelativeParent to null
03-25 11:21:05.365  2193  2193 I SurfaceFlinger: [LayerHierarchy{RequestedLayerState{com.payment.app/com.payment.app.MainActivity$_2659#125463} no children}] reparent to OffscreenRoot
03-25 11:21:05.365  2193  2193 I SurfaceFlinger: [LayerHierarchy{RequestedLayerState{com.payment.app/com.payment.app.MainActivity$_2659#125463} no children}] RelativeParent to null
03-25 11:21:05.365  2193  2193 I SurfaceFlinger: id=125463 Removed com.payment.app/com.payment.app.MainActivity$_2659#125463 (194)
03-25 11:21:05.365  2193  2193 I SurfaceFlinger: id=125457 Removed 464a688 Splash Screen com.payment.app#125457 (194)
03-25 11:21:05.365  2193  2193 I SurfaceFlinger: id=125458 Removed Splash Screen com.payment.app$_4709#125458 (194)
03-25 11:21:05.365  4709  4709 I SecKeyguardClockPositionAlgorithm: prepareClockContainerHeightChanging:
03-25 11:21:05.365  4709  4709 V LStar:PluginLockStarImpl@130903@92130903: isPositionSynchronized: true
03-25 11:21:05.366  4709  4709 I PluginFaceWidgetManager: isEditMode = false
03-25 11:21:05.366  4709  4709 I NowBarItemManager: getVisibleList isScreenTurnedOn = false / aodShowState true shouldControlScreenOff false visibleList size = 1
03-25 11:21:05.366  4709  4709 I NowBarItemManager: visibleList idx=0, 0|jp.naver.line.android|110000|null|10351, , NOTI | -1
03-25 11:21:05.366  2145  2459 I SDM     : ToneMappingCore::set_default_vals():851 Initial enablement signals - bypass adaptive TM: 0, actual panel luma usage: 1, temporal filtering of dynamic meta data: 1, histTM enable: 1, static meta data usage: 1
03-25 11:21:05.366  2145  2459 I SDM     : HdrAlgorithm::SetXMLParameters():278 Override enablement signals - bypass adaptive TM: 0, bypass sdr dimming: 1
03-25 11:21:05.366  4709  4709 V LStar:PluginLockStarImpl@130903@92130903: isPositionSynchronized: true
03-25 11:21:05.366 16164 16164 I VRI[FP Iconview]@51154a7: onDisplayChanged oldDisplayState=4 newDisplayState=3
03-25 11:21:05.366  4709  4709 I SecKeyguardClockPositionAlgorithm: prepareClockContainerHeightChanging:
03-25 11:21:05.366  4709  4709 V LStar:PluginLockStarImpl@130903@92130903: isPositionSynchronized: true
03-25 11:21:05.366 21854 21854 I VRI[LauncherActivity]@d03329a: onDisplayChanged oldDisplayState=4 newDisplayState=3
03-25 11:21:05.366  4709  4709 I PluginFaceWidgetManager: isEditMode = false
03-25 11:21:05.366  4709  4709 I NowBarItemManager: getVisibleList isScreenTurnedOn = false / aodShowState true shouldControlScreenOff false visibleList size = 1
03-25 11:21:05.366  4709  4709 I NowBarItemManager: visibleList idx=0, 0|jp.naver.line.android|110000|null|10351, , NOTI | -1
03-25 11:21:05.366  4709  4709 V LStar:PluginLockStarImpl@130903@92130903: isPositionSynchronized: true
03-25 11:21:05.366  2145  2318 I SDM     : DisplayBase::WaitForCompletion: Wait for cached retire fence to be in steady state
03-25 11:21:05.367  2193  2193 E Scheduler: trackPendingFrame: Invalid present fence
03-25 11:21:05.368  4709  4709 D DisplayLifecycle: updateDisplay id = 0
03-25 11:21:05.368  4709  4796 I VRI[ShellDropTarget]@5a137a6: onDisplayChanged oldDisplayState=4 newDisplayState=3
03-25 11:21:05.368  4709  4796 I VRI[View root of ReusableWindowDecorViewHost#0]@4958106: onDisplayChanged oldDisplayState=4 newDisplayState=3
03-25 11:21:05.368  4709  4796 I VRI[View root of ReusableWindowDecorViewHost#1]@471338d: onDisplayChanged oldDisplayState=4 newDisplayState=3
03-25 11:21:05.368  4709  4709 I Keyguard.AODTouchModeManager: onDisplayChanged newDisplayState=3, currentDisplayState=4, displayId=0
03-25 11:21:05.367 27335 27335 I VRI[]@921612a: onDisplayChanged oldDisplayState=4 newDisplayState=3
03-25 11:21:05.369  4709  4709 I AODTriggers: onAODEventDispatched = 4 / eventData = aod.e0@9c25132
03-25 11:21:05.369  4709  4709 I AOD_LIVE_CLOCK@LiveClockController: updateDisplayState: DISPLAY_STATE_DOZE
03-25 11:21:05.369 12952 12952 I VRI[NotilusUIController]@64c93ca: onDisplayChanged oldDisplayState=4 newDisplayState=3
03-25 11:21:05.369  4709  4796 I VRI[Caption of Task=14317]@f536e09: onDisplayChanged oldDisplayState=4 newDisplayState=3
03-25 11:21:05.370  4709  4709 I VRI[LockscreenShortcutBlur]@9b31845: onDisplayChanged oldDisplayState=4 newDisplayState=3
03-25 11:21:05.370  4709  4709 I VRI[NavigationBar0]@fefcce1: onDisplayChanged oldDisplayState=4 newDisplayState=3
03-25 11:21:05.370  4709  4709 I VRI[NotificationShade]@ce9ffb4: onDisplayChanged oldDisplayState=4 newDisplayState=3
03-25 11:21:05.370  4709  4709 I VRI[StatusBar]@f003595: onDisplayChanged oldDisplayState=4 newDisplayState=3
03-25 11:21:05.370  4709  4709 I VRI[Bouncer]@4ab9409: onDisplayChanged oldDisplayState=4 newDisplayState=3
03-25 11:21:05.370  4709  4709 I VRI[VIRTUAL-COVER]@c1cbe2f: onDisplayChanged oldDisplayState=4 newDisplayState=3
03-25 11:21:05.370  4709  4709 I VRI[VIRTUAL-COVER-BACKGROUND]@dc10e4b: onDisplayChanged oldDisplayState=4 newDisplayState=3
03-25 11:21:05.370 19730 19730 I VRI[HintService]@452e1c3: onDisplayChanged oldDisplayState=4 newDisplayState=3
03-25 11:21:05.371 19730 19730 I SAMSUNGWALLET: [Hint_PayHintService] Hint Status - already invisible, skip hide : [3] - 3
03-25 11:21:05.381  2193  2193 I SurfaceFlinger: destroyed 464a688 Splash Screen com.payment.app#125457 form LifecycleManager
03-25 11:21:05.381  2193  2193 I SurfaceFlinger: destroyed com.payment.app/com.payment.app.MainActivity$_2659#125463 form LifecycleManager
03-25 11:21:05.381  2193  2193 I SurfaceFlinger: destroyed Splash Screen com.payment.app$_4709#125458 form LifecycleManager
03-25 11:21:05.382  2193  2193 I SurfaceFlinger: id=125457 onLayerDestroyed from LayerHierarchyBuilder(RequestedLayerState{464a688 Splash Screen com.payment.app#125457 !handle z=2147483647})
03-25 11:21:05.382  2193  2193 I SurfaceFlinger: id=125463 onLayerDestroyed from LayerHierarchyBuilder(RequestedLayerState{com.payment.app/com.payment.app.MainActivity$_2659#125463 !handle})
03-25 11:21:05.382  2193  2193 I SurfaceFlinger: id=125458 onLayerDestroyed from LayerHierarchyBuilder(RequestedLayerState{Splash Screen com.payment.app$_4709#125458 !handle})
03-25 11:21:05.382  2193  2193 I Layer   : id=125457 Destroyed 464a688 Splash Screen com.payment.app#125457
03-25 11:21:05.382 19730 10230 I SAMSUNGWALLET: [Hint_ProcessStatusChange] fg Change, pid : 2659 , isNotify : true , isForeground : false , fg list : []
03-25 11:21:05.382  2193  2193 I Layer   : id=125463 Destroyed com.payment.app/com.payment.app.MainActivity$_2659#125463
03-25 11:21:05.382  2193  2193 I Layer   : id=125458 Destroyed Splash Screen com.payment.app$_4709#125458
03-25 11:21:05.382  2193  2193 D SurfaceFlinger: GPIS:: requestGPISForClientComposition
03-25 11:21:05.386 19730 19730 I SAMSUNGWALLET: [Hint_PayHintService] Hint Status - already invisible, skip hide : [3] - 3
03-25 11:21:05.398  2145  2318 I SDM     : DisplayBase::WaitForCompletion: Cached retire fence is in ready state
03-25 11:21:05.398  2145  2318 I SDM     : DisplayBase::GetPendingDisplayState: pending_power_state 3 for display 66-0
03-25 11:21:05.400  2193  4335 D NativeSemDvfsManager: acquire:: timeout = 2000 mIsAcquired = 1  mTagName : SurfaceFlinger
03-25 11:21:05.401  2193  4335 E NativeCustomFrequencyManager: [NativeCFMS] BpCustomFrequencyManager::acquire()
03-25 11:21:05.401  2112  2197 I HYPER-HAL: [RequestManager.cpp]acquire(): Acquired ID : 5100221  [2193 / 1000]    HINT : SF_GPU_MINLOCK    list : [TIMEOUT / 2000]
03-25 11:21:05.403 11270 15757 I Routine@Core[4.9.04.13]: AppFunctionsActionHandler: isSupported: supportStatus = SUPPORTED, tag = appfunction://com.sec.android.app.clockpackage.crossappactions#AlarmCrossAppActions_findAlarms
03-25 11:21:05.406 11270 15757 I Routine@Core[4.9.04.13]: TASKD/ActionTaskAdapterFactoryImpl: getAdapter - metaId=appfunction://com.sec.android.app.clockpackage.crossappactions#StopwatchCrossAppFunctions_startStopwatch(id=407)
03-25 11:21:05.409 26316 26356 I FontLog : (REDACTED) Received query %s, URI %s
03-25 11:21:05.409 26316 26356 I FontLog : (REDACTED) Query [%s] resolved to %s
03-25 11:21:05.410 26316 26356 I FontLog : (REDACTED) Fetch %s end status %s
03-25 11:21:05.413 26316 26356 I FontLog : (REDACTED) Pulling font file for id = %d, cache size = %d
03-25 11:21:05.419 26316 26356 I FontLog : (REDACTED) Pulling font file for id = %d, cache size = %d
03-25 11:21:05.430  2182  3450 V APM_AudioPolicyManager: setAppState(portId:8180, state:1)
03-25 11:21:05.430  2182  3450 V APM_AudioPolicyManager: setAppState(portId:8180, state:1)
03-25 11:21:05.430  6543  6570 V OsAgent : broadcastSystemEvent - 7
03-25 11:21:05.430  6543  6570 V OsAgent : broadcastSystemEvent - 7
03-25 11:21:05.431  1035  1035 I lmkd    : 1(delay), 0(swap), 0(freelimit), 0(reentrymode) memory pressure events were skipped after a kill!
03-25 11:21:05.450 11270 15757 I Routine@Core[4.9.04.13]: AppFunctionsActionHandler: isSupported: supportStatus = SUPPORTED, tag = appfunction://com.sec.android.app.clockpackage.crossappactions#StopwatchCrossAppFunctions_startStopwatch
03-25 11:21:05.453 11270 15757 I Routine@Core[4.9.04.13]: TASKD/ActionTaskAdapterFactoryImpl: getAdapter - metaId=appfunction://com.samsung.android.support.senl.nt.app.main.appfunction#NoteFunctions_createNote(id=408)
03-25 11:21:05.515  2659  2785 D HWUI    : CacheManager::trimMemory(20)
03-25 11:21:05.516  3255  8135 I WindowManager: Relayout Window{506bbdb u0 com.payment.app/com.payment.app.MainActivity}: viewVisibility=8 req=1080x2316 ty=1 d0
03-25 11:21:05.516  3255  8135 W PhoneWindowManager: lockNow pending, ignore updating lockscreen timeout
03-25 11:21:05.516  3255  8135 D SurfaceComposerClient: setCornerRadius ## b6d62e9 com.android.systemui/com.android.systemui.cover.CoverHomeActivity#122251 cornerRadius=0.000000
03-25 11:21:05.516 11270 15757 I Routine@Core[4.9.04.13]: AppFunctionsActionHandler: isSupported: supportStatus = SUPPORTED, tag = appfunction://com.samsung.android.support.senl.nt.app.main.appfunction#NoteFunctions_createNote
03-25 11:21:05.516  3255  8135 W PhoneWindowManager: lockNow pending, ignore updating lockscreen timeout
03-25 11:21:05.517  3255  8135 I WindowManager: Relayout hash=506bbdb, pid=2659, syncId=-1: mAttrs={(0,0)(fillxfill) sim={adjust=pan forwardNavigation} layoutInDisplayCutoutMode=always ty=BASE_APPLICATION wanim=0x1030317
03-25 11:21:05.517  3255  8135 I WindowManager:   fl=81810100
03-25 11:21:05.517  3255  8135 I WindowManager:   pfl=100080c0
03-25 11:21:05.517  3255  8135 I WindowManager:   bhv=1
03-25 11:21:05.517  3255  8135 I WindowManager:   fitSides=0
03-25 11:21:05.517  3255  8135 I WindowManager:   frameRateBoostOnTouch=true
03-25 11:21:05.517  3255  8135 I WindowManager:   dvrrWindowFrameRateHint=true naviIconColor=0}
03-25 11:21:05.517  2659  2659 I VRI[MainActivity]@79f1725: Relayout returned: old=(0,0,1080,2316) new=(0,0,1080,2316) relayoutAsync=false req=(1080,2316)8 dur=2 res=0x0 s={false 0x0} ch=false seqId=0
03-25 11:21:05.520 11270 15757 I Routine@Core[4.9.04.13]: TASKD/ActionTaskAdapterFactoryImpl: getAdapter - metaId=appfunction://com.samsung.android.support.senl.nt.app.main.appfunction#NoteFunctions_showNote(id=409)
03-25 11:21:05.534  2147  2147 E ANDR-PERF-MPCTL: ANDR-PERF-MPCTL: internal_perf_lock_acq_verification() 385: Perflock Submit request limit reached.
03-25 11:21:05.544  3255  4255 D SEP_UNION_SemDeviceInfoManagerService: onReceive : android.intent.action.PACKAGE_CHANGED, userId = 0
03-25 11:21:05.545  4709  4891 D PluginActionManager: queryPkg com.payment.app com.android.systemui.action.PEOPLE_HUB_PERSON_EXTRACTOR
03-25 11:21:05.545  5018  5018 I MediaPlayerList: mPackageChangedBroadcastReceiver: action: android.intent.action.PACKAGE_CHANGED
03-25 11:21:05.545  5018  5018 I MediaPlayerList: mPackageChangedBroadcastReceiver: action: android.intent.action.PACKAGE_CHANGED
03-25 11:21:05.545  5018  5018 I MediaPlayerList: mPackageChangedBroadcastReceiver: action: android.intent.action.PACKAGE_CHANGED
03-25 11:21:05.546  4709  4864 D SecSTQuickControlRequestReceiver: onReceive intent = Intent { act=android.intent.action.PACKAGE_CHANGED dat=package: flg=0x45000010 (has extras) }
03-25 11:21:05.546  4999  4999 D CarrierSvcBindHelper: onPackageModified: com.payment.app
03-25 11:21:05.547  4999  5201 D EuiccConnector: handleMessage: E msg.what=1
03-25 11:21:05.547  4999  5201 D EuiccConnector: processMsg: ConnectedState
03-25 11:21:05.547  4999  5201 D EuiccConnector: processMsg: DisconnectedState
03-25 11:21:05.548  4999  5201 D EuiccConnector: handleMessage: X
03-25 11:21:05.548 25125 25125 I DWBr    : onTrimMemory(40)
03-25 11:21:05.548 25125 25125 E DWBg    : LocalPkgManager MemoryTrimmable
03-25 11:21:05.548 25125 25125 E DWBn    : UsageDataManager MemoryTrimmable
03-25 11:21:05.548 25125 25125 I DWBn    : Retrieve CLEAR_CACHED_DATA
03-25 11:21:05.548 25125 25125 I DWBn    : No Request Data
03-25 11:21:05.548 25125 25125 I DWBr    : onTrimMemory(40)
03-25 11:21:05.548 25125 25125 E DWBg    : LocalPkgManager MemoryTrimmable
